<testsuites id="" name="" tests="402" failures="221" skipped="0" errors="0" time="606.22171">
<testsuite name="specs/01-auth.spec.ts" timestamp="2026-02-15T05:52:32.997Z" hostname="chromium" tests="16" failures="3" skipped="0" time="65.989" errors="0">
<testcase name="Authentication Flow › User can navigate to login page" classname="specs/01-auth.spec.ts" time="4.077">
</testcase>
<testcase name="Authentication Flow › User can navigate to signup page" classname="specs/01-auth.spec.ts" time="4.088">
</testcase>
<testcase name="Authentication Flow › Login page has navigation to signup" classname="specs/01-auth.spec.ts" time="4.091">
</testcase>
<testcase name="Authentication Flow › Signup page has navigation to login" classname="specs/01-auth.spec.ts" time="4.078">
</testcase>
<testcase name="Authentication Flow › Login with valid credentials redirects to dashboard" classname="specs/01-auth.spec.ts" time="7.607">
<failure message="01-auth.spec.ts:40:7 Login with valid credentials redirects to dashboard" type="FAILURE">
<![CDATA[  [chromium] › specs/01-auth.spec.ts:40:7 › Authentication Flow › Login with valid credentials redirects to dashboard 

    Error: locator.isVisible: Error: strict mode violation: locator('text=Dashboard') resolved to 2 elements:
        1) <span>Dashboard</span> aka getByRole('link', { name: 'Dashboard' })
        2) <h1 class="text-lg font-semibold text-gray-900">Dashboard</h1> aka getByRole('heading', { name: 'Dashboard' })

    Call log:
        - checking visibility of locator('text=Dashboard')


       at pages/dashboard.page.ts:75

      73 |
      74 |   async isDashboardVisible(): Promise<boolean> {
    > 75 |     return await this.page.locator('text=Dashboard').isVisible()
         |                                                      ^
      76 |   }
      77 |
      78 |   // Stats
        at DashboardPage.isDashboardVisible (/Users/mariobustosjmz/Desktop/claude/my-saas-app/e2e/pages/dashboard.page.ts:75:54)
        at /Users/mariobustosjmz/Desktop/claude/my-saas-app/e2e/specs/01-auth.spec.ts:48:45

    attachment #1: screenshot (image/png) ──────────────────────────────────────────────────────────
    ../test-results/specs-01-auth-Authenticati-128d7-ials-redirects-to-dashboard-chromium/test-failed-1.png
    ────────────────────────────────────────────────────────────────────────────────────────────────

    attachment #2: video (video/webm) ──────────────────────────────────────────────────────────────
    ../test-results/specs-01-auth-Authenticati-128d7-ials-redirects-to-dashboard-chromium/video.webm
    ────────────────────────────────────────────────────────────────────────────────────────────────

    Error Context: ../test-results/specs-01-auth-Authenticati-128d7-ials-redirects-to-dashboard-chromium/error-context.md
]]>
</failure>
<system-out>
<![CDATA[
[[ATTACHMENT|specs-01-auth-Authenticati-128d7-ials-redirects-to-dashboard-chromium/test-failed-1.png]]

[[ATTACHMENT|specs-01-auth-Authenticati-128d7-ials-redirects-to-dashboard-chromium/video.webm]]

[[ATTACHMENT|specs-01-auth-Authenticati-128d7-ials-redirects-to-dashboard-chromium/error-context.md]]
]]>
</system-out>
</testcase>
<testcase name="Authentication Flow › Login page shows all required fields" classname="specs/01-auth.spec.ts" time="4.071">
</testcase>
<testcase name="Authentication Flow › Login with invalid email format shows validation" classname="specs/01-auth.spec.ts" time="1.809">
</testcase>
<testcase name="Authentication Flow › Forgot password page is accessible from login" classname="specs/01-auth.spec.ts" time="2.665">
</testcase>
<testcase name="Authentication Flow › User cannot access protected dashboard without login" classname="specs/01-auth.spec.ts" time="1.816">
</testcase>
<testcase name="Authentication Flow › Logout clears session and redirects to login" classname="specs/01-auth.spec.ts" time="14.888">
<failure message="01-auth.spec.ts:97:7 Logout clears session and redirects to login" type="FAILURE">
<![CDATA[  [chromium] › specs/01-auth.spec.ts:97:7 › Authentication Flow › Logout clears session and redirects to login 

    TimeoutError: locator.click: Timeout 10000ms exceeded.
    Call log:
      - waiting for locator('button:has-text("Cerrar sesión"), a:has-text("Logout")')


       at pages/dashboard.page.ts:56

      54 |
      55 |   async clickLogout() {
    > 56 |     await this.page.locator('button:has-text("Cerrar sesión"), a:has-text("Logout")').click()
         |                                                                                       ^
      57 |   }
      58 |
      59 |   async logout() {
        at DashboardPage.clickLogout (/Users/mariobustosjmz/Desktop/claude/my-saas-app/e2e/pages/dashboard.page.ts:56:87)
        at DashboardPage.logout (/Users/mariobustosjmz/Desktop/claude/my-saas-app/e2e/pages/dashboard.page.ts:61:16)
        at /Users/mariobustosjmz/Desktop/claude/my-saas-app/e2e/specs/01-auth.spec.ts:105:5

    attachment #1: screenshot (image/png) ──────────────────────────────────────────────────────────
    ../test-results/specs-01-auth-Authenticati-489fa-sion-and-redirects-to-login-chromium/test-failed-1.png
    ────────────────────────────────────────────────────────────────────────────────────────────────

    attachment #2: video (video/webm) ──────────────────────────────────────────────────────────────
    ../test-results/specs-01-auth-Authenticati-489fa-sion-and-redirects-to-login-chromium/video.webm
    ────────────────────────────────────────────────────────────────────────────────────────────────

    Error Context: ../test-results/specs-01-auth-Authenticati-489fa-sion-and-redirects-to-login-chromium/error-context.md
]]>
</failure>
<system-out>
<![CDATA[
[[ATTACHMENT|specs-01-auth-Authenticati-489fa-sion-and-redirects-to-login-chromium/test-failed-1.png]]

[[ATTACHMENT|specs-01-auth-Authenticati-489fa-sion-and-redirects-to-login-chromium/video.webm]]

[[ATTACHMENT|specs-01-auth-Authenticati-489fa-sion-and-redirects-to-login-chromium/error-context.md]]
]]>
</system-out>
</testcase>
<testcase name="Authentication Flow › Password field is masked for security" classname="specs/01-auth.spec.ts" time="1.793">
</testcase>
<testcase name="Authentication Flow › Signup form has all required fields" classname="specs/01-auth.spec.ts" time="2.474">
</testcase>
<testcase name="Authentication Flow › Signup form shows password minimum length requirement" classname="specs/01-auth.spec.ts" time="2.455">
</testcase>
<testcase name="Authentication Flow › Session persists across page reloads" classname="specs/01-auth.spec.ts" time="5.012">
<failure message="01-auth.spec.ts:147:7 Session persists across page reloads" type="FAILURE">
<![CDATA[  [chromium] › specs/01-auth.spec.ts:147:7 › Authentication Flow › Session persists across page reloads 

    Error: locator.isVisible: Error: strict mode violation: locator('text=Dashboard') resolved to 2 elements:
        1) <span>Dashboard</span> aka getByRole('link', { name: 'Dashboard' })
        2) <h1 class="text-lg font-semibold text-gray-900">Dashboard</h1> aka getByRole('heading', { name: 'Dashboard' })

    Call log:
        - checking visibility of locator('text=Dashboard')


       at pages/dashboard.page.ts:75

      73 |
      74 |   async isDashboardVisible(): Promise<boolean> {
    > 75 |     return await this.page.locator('text=Dashboard').isVisible()
         |                                                      ^
      76 |   }
      77 |
      78 |   // Stats
        at DashboardPage.isDashboardVisible (/Users/mariobustosjmz/Desktop/claude/my-saas-app/e2e/pages/dashboard.page.ts:75:54)
        at /Users/mariobustosjmz/Desktop/claude/my-saas-app/e2e/specs/01-auth.spec.ts:157:45

    attachment #1: screenshot (image/png) ──────────────────────────────────────────────────────────
    ../test-results/specs-01-auth-Authenticati-22f07-ersists-across-page-reloads-chromium/test-failed-1.png
    ────────────────────────────────────────────────────────────────────────────────────────────────

    attachment #2: video (video/webm) ──────────────────────────────────────────────────────────────
    ../test-results/specs-01-auth-Authenticati-22f07-ersists-across-page-reloads-chromium/video.webm
    ────────────────────────────────────────────────────────────────────────────────────────────────

    Error Context: ../test-results/specs-01-auth-Authenticati-22f07-ersists-across-page-reloads-chromium/error-context.md
]]>
</failure>
<system-out>
<![CDATA[
[[ATTACHMENT|specs-01-auth-Authenticati-22f07-ersists-across-page-reloads-chromium/test-failed-1.png]]

[[ATTACHMENT|specs-01-auth-Authenticati-22f07-ersists-across-page-reloads-chromium/video.webm]]

[[ATTACHMENT|specs-01-auth-Authenticati-22f07-ersists-across-page-reloads-chromium/error-context.md]]
]]>
</system-out>
</testcase>
<testcase name="Authentication Flow › User logged out cannot access protected routes" classname="specs/01-auth.spec.ts" time="3.019">
</testcase>
<testcase name="Authentication Flow › Login with incomplete form shows validation errors" classname="specs/01-auth.spec.ts" time="2.046">
</testcase>
</testsuite>
<testsuite name="specs/02-dashboard.spec.ts" timestamp="2026-02-15T05:52:32.997Z" hostname="chromium" tests="14" failures="5" skipped="0" time="75.176" errors="0">
<testcase name="Dashboard Navigation › Dashboard page loads with correct title" classname="specs/02-dashboard.spec.ts" time="4.751">
<failure message="02-dashboard.spec.ts:13:7 Dashboard page loads with correct title" type="FAILURE">
<![CDATA[  [chromium] › specs/02-dashboard.spec.ts:13:7 › Dashboard Navigation › Dashboard page loads with correct title 

    Error: expect(received).toContain(expected) // indexOf

    Expected substring: "Dashboard"
    Received string:    "Comienza a usar CotizaPro"

      16 |
      17 |     const title = await dashboardPage.getPageTitle()
    > 18 |     expect(title).toContain('Dashboard')
         |                   ^
      19 |   })
      20 |
      21 |   test('Dashboard displays welcome message', async ({ page }) => {
        at /Users/mariobustosjmz/Desktop/claude/my-saas-app/e2e/specs/02-dashboard.spec.ts:18:19

    attachment #1: screenshot (image/png) ──────────────────────────────────────────────────────────
    ../test-results/specs-02-dashboard-Dashboa-effb9-ge-loads-with-correct-title-chromium/test-failed-1.png
    ────────────────────────────────────────────────────────────────────────────────────────────────

    attachment #2: video (video/webm) ──────────────────────────────────────────────────────────────
    ../test-results/specs-02-dashboard-Dashboa-effb9-ge-loads-with-correct-title-chromium/video.webm
    ────────────────────────────────────────────────────────────────────────────────────────────────

    Error Context: ../test-results/specs-02-dashboard-Dashboa-effb9-ge-loads-with-correct-title-chromium/error-context.md
]]>
</failure>
<system-out>
<![CDATA[
[[ATTACHMENT|specs-02-dashboard-Dashboa-effb9-ge-loads-with-correct-title-chromium/test-failed-1.png]]

[[ATTACHMENT|specs-02-dashboard-Dashboa-effb9-ge-loads-with-correct-title-chromium/video.webm]]

[[ATTACHMENT|specs-02-dashboard-Dashboa-effb9-ge-loads-with-correct-title-chromium/error-context.md]]
]]>
</system-out>
</testcase>
<testcase name="Dashboard Navigation › Dashboard displays welcome message" classname="specs/02-dashboard.spec.ts" time="4.79">
<failure message="02-dashboard.spec.ts:21:7 Dashboard displays welcome message" type="FAILURE">
<![CDATA[  [chromium] › specs/02-dashboard.spec.ts:21:7 › Dashboard Navigation › Dashboard displays welcome message 

    Error: locator.textContent: Error: strict mode violation: locator('p.text-gray-600') resolved to 5 elements:
        1) <p class="text-lg text-gray-600">Test Owner</p> aka getByText('Test Owner')
        2) <p class="text-sm text-gray-600">Personaliza tu informacion y preferencias</p> aka getByText('Personaliza tu informacion y')
        3) <p class="text-sm text-gray-600">Gestiona tu base de clientes y contactos</p> aka getByText('Gestiona tu base de clientes')
        4) <p class="text-sm text-gray-600">Genera cotizaciones profesionales en minutos</p> aka getByText('Genera cotizaciones')
        5) <p class="text-sm text-gray-600">Configura recordatorios automaticos para tus clie…</p> aka getByText('Configura recordatorios')

    Call log:
      - waiting for locator('p.text-gray-600')


       at pages/base.page.ts:23

      21 |
      22 |   async getText(locator: Locator): Promise<string> {
    > 23 |     return await locator.textContent() || ''
         |                          ^
      24 |   }
      25 |
      26 |   async isVisible(locator: Locator): Promise<boolean> {
        at DashboardPage.getText (/Users/mariobustosjmz/Desktop/claude/my-saas-app/e2e/pages/base.page.ts:23:26)
        at DashboardPage.getPageSubtitle (/Users/mariobustosjmz/Desktop/claude/my-saas-app/e2e/pages/dashboard.page.ts:18:23)
        at /Users/mariobustosjmz/Desktop/claude/my-saas-app/e2e/specs/02-dashboard.spec.ts:25:42

    attachment #1: screenshot (image/png) ──────────────────────────────────────────────────────────
    ../test-results/specs-02-dashboard-Dashboa-256eb-rd-displays-welcome-message-chromium/test-failed-1.png
    ────────────────────────────────────────────────────────────────────────────────────────────────

    attachment #2: video (video/webm) ──────────────────────────────────────────────────────────────
    ../test-results/specs-02-dashboard-Dashboa-256eb-rd-displays-welcome-message-chromium/video.webm
    ────────────────────────────────────────────────────────────────────────────────────────────────

    Error Context: ../test-results/specs-02-dashboard-Dashboa-256eb-rd-displays-welcome-message-chromium/error-context.md
]]>
</failure>
<system-out>
<![CDATA[
[[ATTACHMENT|specs-02-dashboard-Dashboa-256eb-rd-displays-welcome-message-chromium/test-failed-1.png]]

[[ATTACHMENT|specs-02-dashboard-Dashboa-256eb-rd-displays-welcome-message-chromium/video.webm]]

[[ATTACHMENT|specs-02-dashboard-Dashboa-256eb-rd-displays-welcome-message-chromium/error-context.md]]
]]>
</system-out>
</testcase>
<testcase name="Dashboard Navigation › User can navigate to Clients section" classname="specs/02-dashboard.spec.ts" time="4.353">
<failure message="02-dashboard.spec.ts:29:7 User can navigate to Clients section" type="FAILURE">
<![CDATA[  [chromium] › specs/02-dashboard.spec.ts:29:7 › Dashboard Navigation › User can navigate to Clients section 

    Error: locator.isVisible: Error: strict mode violation: locator('text=Clientes') resolved to 6 elements:
        1) <span>Clientes</span> aka getByRole('link', { name: 'Clientes' })
        2) <h2 class="text-2xl font-bold text-gray-900">Clientes</h2> aka getByRole('heading', { name: 'Clientes', exact: true })
        3) <p class="text-gray-600">Gestiona tu cartera de clientes</p> aka getByText('Gestiona tu cartera de')
        4) <h3 class="tracking-tight text-sm font-medium">Total Clientes</h3> aka getByRole('heading', { name: 'Total Clientes' })
        5) <h3 class="text-2xl font-semibold leading-none tracking-tight">Lista de Clientes</h3> aka getByRole('heading', { name: 'Lista de Clientes' })
        6) <h3 class="mt-2 text-sm font-medium text-gray-900">No hay clientes</h3> aka getByRole('heading', { name: 'No hay clientes' })

    Call log:
        - checking visibility of locator('text=Clientes')


       at pages/dashboard.page.ts:67

      65 |   // Navigation verification
      66 |   async isClientsSectionVisible(): Promise<boolean> {
    > 67 |     return await this.page.locator('text=Clientes').isVisible()
         |                                                     ^
      68 |   }
      69 |
      70 |   async isQuotesSectionVisible(): Promise<boolean> {
        at DashboardPage.isClientsSectionVisible (/Users/mariobustosjmz/Desktop/claude/my-saas-app/e2e/pages/dashboard.page.ts:67:53)
        at /Users/mariobustosjmz/Desktop/claude/my-saas-app/e2e/specs/02-dashboard.spec.ts:36:43

    attachment #1: screenshot (image/png) ──────────────────────────────────────────────────────────
    ../test-results/specs-02-dashboard-Dashboa-125a6-navigate-to-Clients-section-chromium/test-failed-1.png
    ────────────────────────────────────────────────────────────────────────────────────────────────

    attachment #2: video (video/webm) ──────────────────────────────────────────────────────────────
    ../test-results/specs-02-dashboard-Dashboa-125a6-navigate-to-Clients-section-chromium/video.webm
    ────────────────────────────────────────────────────────────────────────────────────────────────

    Error Context: ../test-results/specs-02-dashboard-Dashboa-125a6-navigate-to-Clients-section-chromium/error-context.md
]]>
</failure>
<system-out>
<![CDATA[
[[ATTACHMENT|specs-02-dashboard-Dashboa-125a6-navigate-to-Clients-section-chromium/test-failed-1.png]]

[[ATTACHMENT|specs-02-dashboard-Dashboa-125a6-navigate-to-Clients-section-chromium/video.webm]]

[[ATTACHMENT|specs-02-dashboard-Dashboa-125a6-navigate-to-Clients-section-chromium/error-context.md]]
]]>
</system-out>
</testcase>
<testcase name="Dashboard Navigation › User can navigate to Quotes section" classname="specs/02-dashboard.spec.ts" time="5.332">
<failure message="02-dashboard.spec.ts:40:7 User can navigate to Quotes section" type="FAILURE">
<![CDATA[  [chromium] › specs/02-dashboard.spec.ts:40:7 › Dashboard Navigation › User can navigate to Quotes section 

    Error: locator.isVisible: Error: strict mode violation: locator('text=Cotizaciones') resolved to 5 elements:
        1) <span>Cotizaciones</span> aka getByRole('link', { name: 'Cotizaciones' })
        2) <h2 class="text-2xl font-bold text-gray-900">Cotizaciones</h2> aka getByRole('heading', { name: 'Cotizaciones', exact: true })
        3) <p class="text-gray-600">Gestiona tus cotizaciones y propuestas</p> aka getByText('Gestiona tus cotizaciones y')
        4) <h3 class="text-2xl font-semibold leading-none tracking-tight">Lista de Cotizaciones</h3> aka getByRole('heading', { name: 'Lista de Cotizaciones' })
        5) <h3 class="mt-2 text-sm font-medium text-gray-900">No hay cotizaciones</h3> aka getByRole('heading', { name: 'No hay cotizaciones' })

    Call log:
        - checking visibility of locator('text=Cotizaciones')


       at pages/dashboard.page.ts:71

      69 |
      70 |   async isQuotesSectionVisible(): Promise<boolean> {
    > 71 |     return await this.page.locator('text=Cotizaciones').isVisible()
         |                                                         ^
      72 |   }
      73 |
      74 |   async isDashboardVisible(): Promise<boolean> {
        at DashboardPage.isQuotesSectionVisible (/Users/mariobustosjmz/Desktop/claude/my-saas-app/e2e/pages/dashboard.page.ts:71:57)
        at /Users/mariobustosjmz/Desktop/claude/my-saas-app/e2e/specs/02-dashboard.spec.ts:47:43

    attachment #1: screenshot (image/png) ──────────────────────────────────────────────────────────
    ../test-results/specs-02-dashboard-Dashboa-014d0--navigate-to-Quotes-section-chromium/test-failed-1.png
    ────────────────────────────────────────────────────────────────────────────────────────────────

    attachment #2: video (video/webm) ──────────────────────────────────────────────────────────────
    ../test-results/specs-02-dashboard-Dashboa-014d0--navigate-to-Quotes-section-chromium/video.webm
    ────────────────────────────────────────────────────────────────────────────────────────────────

    Error Context: ../test-results/specs-02-dashboard-Dashboa-014d0--navigate-to-Quotes-section-chromium/error-context.md
]]>
</failure>
<system-out>
<![CDATA[
[[ATTACHMENT|specs-02-dashboard-Dashboa-014d0--navigate-to-Quotes-section-chromium/test-failed-1.png]]

[[ATTACHMENT|specs-02-dashboard-Dashboa-014d0--navigate-to-Quotes-section-chromium/video.webm]]

[[ATTACHMENT|specs-02-dashboard-Dashboa-014d0--navigate-to-Quotes-section-chromium/error-context.md]]
]]>
</system-out>
</testcase>
<testcase name="Dashboard Navigation › User can navigate to Team section" classname="specs/02-dashboard.spec.ts" time="5.688">
</testcase>
<testcase name="Dashboard Navigation › User can navigate to Reminders section" classname="specs/02-dashboard.spec.ts" time="6.371">
</testcase>
<testcase name="Dashboard Navigation › User can navigate to Settings section" classname="specs/02-dashboard.spec.ts" time="5.691">
</testcase>
<testcase name="Dashboard Navigation › Dashboard displays stats cards" classname="specs/02-dashboard.spec.ts" time="14.821">
<failure message="02-dashboard.spec.ts:75:7 Dashboard displays stats cards" type="FAILURE">
<![CDATA[  [chromium] › specs/02-dashboard.spec.ts:75:7 › Dashboard Navigation › Dashboard displays stats cards 

    TimeoutError: locator.textContent: Timeout 10000ms exceeded.
    Call log:
      - waiting for locator('text=Total Clientes').locator('..').locator('div.text-2xl')


       at pages/base.page.ts:23

      21 |
      22 |   async getText(locator: Locator): Promise<string> {
    > 23 |     return await locator.textContent() || ''
         |                          ^
      24 |   }
      25 |
      26 |   async isVisible(locator: Locator): Promise<boolean> {
        at DashboardPage.getText (/Users/mariobustosjmz/Desktop/claude/my-saas-app/e2e/pages/base.page.ts:23:26)
        at DashboardPage.getTotalClientsCount (/Users/mariobustosjmz/Desktop/claude/my-saas-app/e2e/pages/dashboard.page.ts:81:23)
        at /Users/mariobustosjmz/Desktop/claude/my-saas-app/e2e/specs/02-dashboard.spec.ts:79:46

    attachment #1: screenshot (image/png) ──────────────────────────────────────────────────────────
    ../test-results/specs-02-dashboard-Dashboa-9ce08-hboard-displays-stats-cards-chromium/test-failed-1.png
    ────────────────────────────────────────────────────────────────────────────────────────────────

    attachment #2: video (video/webm) ──────────────────────────────────────────────────────────────
    ../test-results/specs-02-dashboard-Dashboa-9ce08-hboard-displays-stats-cards-chromium/video.webm
    ────────────────────────────────────────────────────────────────────────────────────────────────

    Error Context: ../test-results/specs-02-dashboard-Dashboa-9ce08-hboard-displays-stats-cards-chromium/error-context.md
]]>
</failure>
<system-out>
<![CDATA[
[[ATTACHMENT|specs-02-dashboard-Dashboa-9ce08-hboard-displays-stats-cards-chromium/test-failed-1.png]]

[[ATTACHMENT|specs-02-dashboard-Dashboa-9ce08-hboard-displays-stats-cards-chromium/video.webm]]

[[ATTACHMENT|specs-02-dashboard-Dashboa-9ce08-hboard-displays-stats-cards-chromium/error-context.md]]
]]>
</system-out>
</testcase>
<testcase name="Dashboard Navigation › Sidebar navigation is visible" classname="specs/02-dashboard.spec.ts" time="3.691">
</testcase>
<testcase name="Dashboard Navigation › Main content area is visible" classname="specs/02-dashboard.spec.ts" time="4.365">
</testcase>
<testcase name="Dashboard Navigation › User info is displayed in header" classname="specs/02-dashboard.spec.ts" time="4.176">
</testcase>
<testcase name="Dashboard Navigation › Navigation links have correct href attributes" classname="specs/02-dashboard.spec.ts" time="4.447">
</testcase>
<testcase name="Dashboard Navigation › Logo links back to dashboard/home" classname="specs/02-dashboard.spec.ts" time="3.706">
</testcase>
<testcase name="Dashboard Navigation › Mobile responsive navigation (mobile viewport)" classname="specs/02-dashboard.spec.ts" time="2.994">
</testcase>
</testsuite>
<testsuite name="specs/03-clients.spec.ts" timestamp="2026-02-15T05:52:32.997Z" hostname="chromium" tests="22" failures="12" skipped="0" time="128.663" errors="0">
<testcase name="Client Management › Clients page loads successfully" classname="specs/03-clients.spec.ts" time="3.395">
<failure message="03-clients.spec.ts:14:7 Clients page loads successfully" type="FAILURE">
<![CDATA[  [chromium] › specs/03-clients.spec.ts:14:7 › Client Management › Clients page loads successfully ─

    Error: locator.isVisible: Error: strict mode violation: locator('a[href="/dashboard/clients/new"]') resolved to 2 elements:
        1) <a href="/dashboard/clients/new">…</a> aka getByRole('link', { name: 'Nuevo Cliente' }).first()
        2) <a href="/dashboard/clients/new">…</a> aka getByRole('link', { name: 'Nuevo Cliente' }).nth(1)

    Call log:
        - checking visibility of locator('a[href="/dashboard/clients/new"]')


       at pages/clients.page.ts:122

      120 |
      121 |   async isNewClientButtonVisible(): Promise<boolean> {
    > 122 |     return await this.page.locator('a[href="/dashboard/clients/new"]').isVisible()
          |                                                                        ^
      123 |   }
      124 |
      125 |   async getEmptyStateText(): Promise<string> {
        at ClientsPage.isNewClientButtonVisible (/Users/mariobustosjmz/Desktop/claude/my-saas-app/e2e/pages/clients.page.ts:122:72)
        at /Users/mariobustosjmz/Desktop/claude/my-saas-app/e2e/specs/03-clients.spec.ts:19:41

    attachment #1: screenshot (image/png) ──────────────────────────────────────────────────────────
    ../test-results/specs-03-clients-Client-Ma-68c93-nts-page-loads-successfully-chromium/test-failed-1.png
    ────────────────────────────────────────────────────────────────────────────────────────────────

    attachment #2: video (video/webm) ──────────────────────────────────────────────────────────────
    ../test-results/specs-03-clients-Client-Ma-68c93-nts-page-loads-successfully-chromium/video.webm
    ────────────────────────────────────────────────────────────────────────────────────────────────

    Error Context: ../test-results/specs-03-clients-Client-Ma-68c93-nts-page-loads-successfully-chromium/error-context.md
]]>
</failure>
<system-out>
<![CDATA[
[[ATTACHMENT|specs-03-clients-Client-Ma-68c93-nts-page-loads-successfully-chromium/test-failed-1.png]]

[[ATTACHMENT|specs-03-clients-Client-Ma-68c93-nts-page-loads-successfully-chromium/video.webm]]

[[ATTACHMENT|specs-03-clients-Client-Ma-68c93-nts-page-loads-successfully-chromium/error-context.md]]
]]>
</system-out>
</testcase>
<testcase name="Client Management › New Client button navigates to form" classname="specs/03-clients.spec.ts" time="3.37">
<failure message="03-clients.spec.ts:23:7 New Client button navigates to form" type="FAILURE">
<![CDATA[  [chromium] › specs/03-clients.spec.ts:23:7 › Client Management › New Client button navigates to form 

    Error: locator.click: Error: strict mode violation: locator('a[href="/dashboard/clients/new"]') resolved to 2 elements:
        1) <a href="/dashboard/clients/new">…</a> aka getByRole('link', { name: 'Nuevo Cliente' }).first()
        2) <a href="/dashboard/clients/new">…</a> aka getByRole('link', { name: 'Nuevo Cliente' }).nth(1)

    Call log:
      - waiting for locator('a[href="/dashboard/clients/new"]')


      25 |     await clientsPage.goto()
      26 |
    > 27 |     await page.locator('a[href="/dashboard/clients/new"]').click()
         |                                                            ^
      28 |     expect(page.url()).toContain('/dashboard/clients/new')
      29 |   })
      30 |
        at /Users/mariobustosjmz/Desktop/claude/my-saas-app/e2e/specs/03-clients.spec.ts:27:60

    attachment #1: screenshot (image/png) ──────────────────────────────────────────────────────────
    ../test-results/specs-03-clients-Client-Ma-0f4ef-nt-button-navigates-to-form-chromium/test-failed-1.png
    ────────────────────────────────────────────────────────────────────────────────────────────────

    attachment #2: video (video/webm) ──────────────────────────────────────────────────────────────
    ../test-results/specs-03-clients-Client-Ma-0f4ef-nt-button-navigates-to-form-chromium/video.webm
    ────────────────────────────────────────────────────────────────────────────────────────────────

    Error Context: ../test-results/specs-03-clients-Client-Ma-0f4ef-nt-button-navigates-to-form-chromium/error-context.md
]]>
</failure>
<system-out>
<![CDATA[
[[ATTACHMENT|specs-03-clients-Client-Ma-0f4ef-nt-button-navigates-to-form-chromium/test-failed-1.png]]

[[ATTACHMENT|specs-03-clients-Client-Ma-0f4ef-nt-button-navigates-to-form-chromium/video.webm]]

[[ATTACHMENT|specs-03-clients-Client-Ma-0f4ef-nt-button-navigates-to-form-chromium/error-context.md]]
]]>
</system-out>
</testcase>
<testcase name="Client Management › Create client with all fields" classname="specs/03-clients.spec.ts" time="9.076">
<failure message="03-clients.spec.ts:31:7 Create client with all fields" type="FAILURE">
<![CDATA[  [chromium] › specs/03-clients.spec.ts:31:7 › Client Management › Create client with all fields ───

    TimeoutError: page.waitForURL: Timeout 5000ms exceeded.
    =========================== logs ===========================
    waiting for navigation to "**/dashboard/clients" until "load"
    ============================================================

       at pages/clients.page.ts:54

      52 |   async submitClientForm() {
      53 |     await this.page.locator('button[type="submit"]:has-text("Crear"), button[type="submit"]:has-text("Guardar")').click()
    > 54 |     await this.page.waitForURL('**/dashboard/clients', { timeout: 5000 })
         |                     ^
      55 |   }
      56 |
      57 |   async createClient(data: {
        at ClientsPage.submitClientForm (/Users/mariobustosjmz/Desktop/claude/my-saas-app/e2e/pages/clients.page.ts:54:21)
        at ClientsPage.createClient (/Users/mariobustosjmz/Desktop/claude/my-saas-app/e2e/pages/clients.page.ts:65:5)
        at /Users/mariobustosjmz/Desktop/claude/my-saas-app/e2e/specs/03-clients.spec.ts:33:5

    attachment #1: screenshot (image/png) ──────────────────────────────────────────────────────────
    ../test-results/specs-03-clients-Client-Ma-ee166-eate-client-with-all-fields-chromium/test-failed-1.png
    ────────────────────────────────────────────────────────────────────────────────────────────────

    attachment #2: video (video/webm) ──────────────────────────────────────────────────────────────
    ../test-results/specs-03-clients-Client-Ma-ee166-eate-client-with-all-fields-chromium/video.webm
    ────────────────────────────────────────────────────────────────────────────────────────────────

    Error Context: ../test-results/specs-03-clients-Client-Ma-ee166-eate-client-with-all-fields-chromium/error-context.md
]]>
</failure>
<system-out>
<![CDATA[
[[ATTACHMENT|specs-03-clients-Client-Ma-ee166-eate-client-with-all-fields-chromium/test-failed-1.png]]

[[ATTACHMENT|specs-03-clients-Client-Ma-ee166-eate-client-with-all-fields-chromium/video.webm]]

[[ATTACHMENT|specs-03-clients-Client-Ma-ee166-eate-client-with-all-fields-chromium/error-context.md]]
]]>
</system-out>
</testcase>
<testcase name="Client Management › Create client with minimal fields" classname="specs/03-clients.spec.ts" time="8.798">
<failure message="03-clients.spec.ts:39:7 Create client with minimal fields" type="FAILURE">
<![CDATA[  [chromium] › specs/03-clients.spec.ts:39:7 › Client Management › Create client with minimal fields 

    TimeoutError: page.waitForURL: Timeout 5000ms exceeded.
    =========================== logs ===========================
    waiting for navigation to "**/dashboard/clients" until "load"
    ============================================================

       at pages/clients.page.ts:54

      52 |   async submitClientForm() {
      53 |     await this.page.locator('button[type="submit"]:has-text("Crear"), button[type="submit"]:has-text("Guardar")').click()
    > 54 |     await this.page.waitForURL('**/dashboard/clients', { timeout: 5000 })
         |                     ^
      55 |   }
      56 |
      57 |   async createClient(data: {
        at ClientsPage.submitClientForm (/Users/mariobustosjmz/Desktop/claude/my-saas-app/e2e/pages/clients.page.ts:54:21)
        at ClientsPage.createClient (/Users/mariobustosjmz/Desktop/claude/my-saas-app/e2e/pages/clients.page.ts:65:5)
        at /Users/mariobustosjmz/Desktop/claude/my-saas-app/e2e/specs/03-clients.spec.ts:45:5

    attachment #1: screenshot (image/png) ──────────────────────────────────────────────────────────
    ../test-results/specs-03-clients-Client-Ma-74339--client-with-minimal-fields-chromium/test-failed-1.png
    ────────────────────────────────────────────────────────────────────────────────────────────────

    attachment #2: video (video/webm) ──────────────────────────────────────────────────────────────
    ../test-results/specs-03-clients-Client-Ma-74339--client-with-minimal-fields-chromium/video.webm
    ────────────────────────────────────────────────────────────────────────────────────────────────

    Error Context: ../test-results/specs-03-clients-Client-Ma-74339--client-with-minimal-fields-chromium/error-context.md
]]>
</failure>
<system-out>
<![CDATA[
[[ATTACHMENT|specs-03-clients-Client-Ma-74339--client-with-minimal-fields-chromium/test-failed-1.png]]

[[ATTACHMENT|specs-03-clients-Client-Ma-74339--client-with-minimal-fields-chromium/video.webm]]

[[ATTACHMENT|specs-03-clients-Client-Ma-74339--client-with-minimal-fields-chromium/error-context.md]]
]]>
</system-out>
</testcase>
<testcase name="Client Management › Client list displays correctly" classname="specs/03-clients.spec.ts" time="3.33">
</testcase>
<testcase name="Client Management › Empty state shown when no clients" classname="specs/03-clients.spec.ts" time="4.349">
</testcase>
<testcase name="Client Management › Total clients count updates after creating client" classname="specs/03-clients.spec.ts" time="14.613">
<failure message="03-clients.spec.ts:72:7 Total clients count updates after creating client" type="FAILURE">
<![CDATA[  [chromium] › specs/03-clients.spec.ts:72:7 › Client Management › Total clients count updates after creating client 

    TimeoutError: locator.textContent: Timeout 10000ms exceeded.
    Call log:
      - waiting for locator('text=Total Clientes').locator('..').locator('div.text-2xl')


       at pages/base.page.ts:23

      21 |
      22 |   async getText(locator: Locator): Promise<string> {
    > 23 |     return await locator.textContent() || ''
         |                          ^
      24 |   }
      25 |
      26 |   async isVisible(locator: Locator): Promise<boolean> {
        at ClientsPage.getText (/Users/mariobustosjmz/Desktop/claude/my-saas-app/e2e/pages/base.page.ts:23:26)
        at ClientsPage.getTotalClientCount (/Users/mariobustosjmz/Desktop/claude/my-saas-app/e2e/pages/clients.page.ts:75:29)
        at /Users/mariobustosjmz/Desktop/claude/my-saas-app/e2e/specs/03-clients.spec.ts:76:43

    attachment #1: screenshot (image/png) ──────────────────────────────────────────────────────────
    ../test-results/specs-03-clients-Client-Ma-9398d-dates-after-creating-client-chromium/test-failed-1.png
    ────────────────────────────────────────────────────────────────────────────────────────────────

    attachment #2: video (video/webm) ──────────────────────────────────────────────────────────────
    ../test-results/specs-03-clients-Client-Ma-9398d-dates-after-creating-client-chromium/video.webm
    ────────────────────────────────────────────────────────────────────────────────────────────────

    Error Context: ../test-results/specs-03-clients-Client-Ma-9398d-dates-after-creating-client-chromium/error-context.md
]]>
</failure>
<system-out>
<![CDATA[
[[ATTACHMENT|specs-03-clients-Client-Ma-9398d-dates-after-creating-client-chromium/test-failed-1.png]]

[[ATTACHMENT|specs-03-clients-Client-Ma-9398d-dates-after-creating-client-chromium/video.webm]]

[[ATTACHMENT|specs-03-clients-Client-Ma-9398d-dates-after-creating-client-chromium/error-context.md]]
]]>
</system-out>
</testcase>
<testcase name="Client Management › Client form has required name field" classname="specs/03-clients.spec.ts" time="5.04">
</testcase>
<testcase name="Client Management › Client email is validated" classname="specs/03-clients.spec.ts" time="4.276">
</testcase>
<testcase name="Client Management › Client phone format is validated" classname="specs/03-clients.spec.ts" time="3.159">
</testcase>
<testcase name="Client Management › Click on client row navigates to details" classname="specs/03-clients.spec.ts" time="3.783">
</testcase>
<testcase name="Client Management › Client table displays all columns" classname="specs/03-clients.spec.ts" time="3.716">
</testcase>
<testcase name="Client Management › Multiple clients can be created" classname="specs/03-clients.spec.ts" time="8.017">
<failure message="03-clients.spec.ts:148:7 Multiple clients can be created" type="FAILURE">
<![CDATA[  [chromium] › specs/03-clients.spec.ts:148:7 › Client Management › Multiple clients can be created 

    TimeoutError: page.waitForURL: Timeout 5000ms exceeded.
    =========================== logs ===========================
    waiting for navigation to "**/dashboard/clients" until "load"
    ============================================================

       at pages/clients.page.ts:54

      52 |   async submitClientForm() {
      53 |     await this.page.locator('button[type="submit"]:has-text("Crear"), button[type="submit"]:has-text("Guardar")').click()
    > 54 |     await this.page.waitForURL('**/dashboard/clients', { timeout: 5000 })
         |                     ^
      55 |   }
      56 |
      57 |   async createClient(data: {
        at ClientsPage.submitClientForm (/Users/mariobustosjmz/Desktop/claude/my-saas-app/e2e/pages/clients.page.ts:54:21)
        at ClientsPage.createClient (/Users/mariobustosjmz/Desktop/claude/my-saas-app/e2e/pages/clients.page.ts:65:5)
        at /Users/mariobustosjmz/Desktop/claude/my-saas-app/e2e/specs/03-clients.spec.ts:161:5

    attachment #1: screenshot (image/png) ──────────────────────────────────────────────────────────
    ../test-results/specs-03-clients-Client-Ma-3ee75-iple-clients-can-be-created-chromium/test-failed-1.png
    ────────────────────────────────────────────────────────────────────────────────────────────────

    attachment #2: video (video/webm) ──────────────────────────────────────────────────────────────
    ../test-results/specs-03-clients-Client-Ma-3ee75-iple-clients-can-be-created-chromium/video.webm
    ────────────────────────────────────────────────────────────────────────────────────────────────

    Error Context: ../test-results/specs-03-clients-Client-Ma-3ee75-iple-clients-can-be-created-chromium/error-context.md
]]>
</failure>
<system-out>
<![CDATA[
[[ATTACHMENT|specs-03-clients-Client-Ma-3ee75-iple-clients-can-be-created-chromium/test-failed-1.png]]

[[ATTACHMENT|specs-03-clients-Client-Ma-3ee75-iple-clients-can-be-created-chromium/video.webm]]

[[ATTACHMENT|specs-03-clients-Client-Ma-3ee75-iple-clients-can-be-created-chromium/error-context.md]]
]]>
</system-out>
</testcase>
<testcase name="Client Management › Client form submission shows loading state" classname="specs/03-clients.spec.ts" time="7.634">
<failure message="03-clients.spec.ts:171:7 Client form submission shows loading state" type="FAILURE">
<![CDATA[  [chromium] › specs/03-clients.spec.ts:171:7 › Client Management › Client form submission shows loading state 

    TimeoutError: page.waitForURL: Timeout 5000ms exceeded.
    =========================== logs ===========================
    waiting for navigation to "**/dashboard/clients" until "load"
    ============================================================

       at pages/clients.page.ts:54

      52 |   async submitClientForm() {
      53 |     await this.page.locator('button[type="submit"]:has-text("Crear"), button[type="submit"]:has-text("Guardar")').click()
    > 54 |     await this.page.waitForURL('**/dashboard/clients', { timeout: 5000 })
         |                     ^
      55 |   }
      56 |
      57 |   async createClient(data: {
        at ClientsPage.submitClientForm (/Users/mariobustosjmz/Desktop/claude/my-saas-app/e2e/pages/clients.page.ts:54:21)
        at /Users/mariobustosjmz/Desktop/claude/my-saas-app/e2e/specs/03-clients.spec.ts:182:5

    attachment #1: screenshot (image/png) ──────────────────────────────────────────────────────────
    ../test-results/specs-03-clients-Client-Ma-637ed-mission-shows-loading-state-chromium/test-failed-1.png
    ────────────────────────────────────────────────────────────────────────────────────────────────

    attachment #2: video (video/webm) ──────────────────────────────────────────────────────────────
    ../test-results/specs-03-clients-Client-Ma-637ed-mission-shows-loading-state-chromium/video.webm
    ────────────────────────────────────────────────────────────────────────────────────────────────

    Error Context: ../test-results/specs-03-clients-Client-Ma-637ed-mission-shows-loading-state-chromium/error-context.md
]]>
</failure>
<system-out>
<![CDATA[
[[ATTACHMENT|specs-03-clients-Client-Ma-637ed-mission-shows-loading-state-chromium/test-failed-1.png]]

[[ATTACHMENT|specs-03-clients-Client-Ma-637ed-mission-shows-loading-state-chromium/video.webm]]

[[ATTACHMENT|specs-03-clients-Client-Ma-637ed-mission-shows-loading-state-chromium/error-context.md]]
]]>
</system-out>
</testcase>
<testcase name="Client Management › Client table has proper accessibility labels" classname="specs/03-clients.spec.ts" time="2.943">
<failure message="03-clients.spec.ts:187:7 Client table has proper accessibility labels" type="FAILURE">
<![CDATA[  [chromium] › specs/03-clients.spec.ts:187:7 › Client Management › Client table has proper accessibility labels 

    Error: expect(received).toBeTruthy()

    Received: false

      190 |
      191 |     const table = page.locator('table')
    > 192 |     expect(await table.isVisible()).toBeTruthy()
          |                                     ^
      193 |
      194 |     const thead = page.locator('thead')
      195 |     expect(await thead.isVisible()).toBeTruthy()
        at /Users/mariobustosjmz/Desktop/claude/my-saas-app/e2e/specs/03-clients.spec.ts:192:37

    attachment #1: screenshot (image/png) ──────────────────────────────────────────────────────────
    ../test-results/specs-03-clients-Client-Ma-cda64-proper-accessibility-labels-chromium/test-failed-1.png
    ────────────────────────────────────────────────────────────────────────────────────────────────

    attachment #2: video (video/webm) ──────────────────────────────────────────────────────────────
    ../test-results/specs-03-clients-Client-Ma-cda64-proper-accessibility-labels-chromium/video.webm
    ────────────────────────────────────────────────────────────────────────────────────────────────

    Error Context: ../test-results/specs-03-clients-Client-Ma-cda64-proper-accessibility-labels-chromium/error-context.md
]]>
</failure>
<system-out>
<![CDATA[
[[ATTACHMENT|specs-03-clients-Client-Ma-cda64-proper-accessibility-labels-chromium/test-failed-1.png]]

[[ATTACHMENT|specs-03-clients-Client-Ma-cda64-proper-accessibility-labels-chromium/video.webm]]

[[ATTACHMENT|specs-03-clients-Client-Ma-cda64-proper-accessibility-labels-chromium/error-context.md]]
]]>
</system-out>
</testcase>
<testcase name="Client Management › Update client information" classname="specs/03-clients.spec.ts" time="8.806">
<failure message="03-clients.spec.ts:201:7 Update client information" type="FAILURE">
<![CDATA[  [chromium] › specs/03-clients.spec.ts:201:7 › Client Management › Update client information ──────

    TimeoutError: page.waitForURL: Timeout 5000ms exceeded.
    =========================== logs ===========================
    waiting for navigation to "**/dashboard/clients" until "load"
    ============================================================

       at pages/clients.page.ts:54

      52 |   async submitClientForm() {
      53 |     await this.page.locator('button[type="submit"]:has-text("Crear"), button[type="submit"]:has-text("Guardar")').click()
    > 54 |     await this.page.waitForURL('**/dashboard/clients', { timeout: 5000 })
         |                     ^
      55 |   }
      56 |
      57 |   async createClient(data: {
        at ClientsPage.submitClientForm (/Users/mariobustosjmz/Desktop/claude/my-saas-app/e2e/pages/clients.page.ts:54:21)
        at ClientsPage.createClient (/Users/mariobustosjmz/Desktop/claude/my-saas-app/e2e/pages/clients.page.ts:65:5)
        at /Users/mariobustosjmz/Desktop/claude/my-saas-app/e2e/specs/03-clients.spec.ts:210:5

    attachment #1: screenshot (image/png) ──────────────────────────────────────────────────────────
    ../test-results/specs-03-clients-Client-Management-Update-client-information-chromium/test-failed-1.png
    ────────────────────────────────────────────────────────────────────────────────────────────────

    attachment #2: video (video/webm) ──────────────────────────────────────────────────────────────
    ../test-results/specs-03-clients-Client-Management-Update-client-information-chromium/video.webm
    ────────────────────────────────────────────────────────────────────────────────────────────────

    Error Context: ../test-results/specs-03-clients-Client-Management-Update-client-information-chromium/error-context.md
]]>
</failure>
<system-out>
<![CDATA[
[[ATTACHMENT|specs-03-clients-Client-Management-Update-client-information-chromium/test-failed-1.png]]

[[ATTACHMENT|specs-03-clients-Client-Management-Update-client-information-chromium/video.webm]]

[[ATTACHMENT|specs-03-clients-Client-Management-Update-client-information-chromium/error-context.md]]
]]>
</system-out>
</testcase>
<testcase name="Client Management › Delete client with confirmation" classname="specs/03-clients.spec.ts" time="8">
<failure message="03-clients.spec.ts:221:7 Delete client with confirmation" type="FAILURE">
<![CDATA[  [chromium] › specs/03-clients.spec.ts:221:7 › Client Management › Delete client with confirmation 

    TimeoutError: page.waitForURL: Timeout 5000ms exceeded.
    =========================== logs ===========================
    waiting for navigation to "**/dashboard/clients" until "load"
    ============================================================

       at pages/clients.page.ts:54

      52 |   async submitClientForm() {
      53 |     await this.page.locator('button[type="submit"]:has-text("Crear"), button[type="submit"]:has-text("Guardar")').click()
    > 54 |     await this.page.waitForURL('**/dashboard/clients', { timeout: 5000 })
         |                     ^
      55 |   }
      56 |
      57 |   async createClient(data: {
        at ClientsPage.submitClientForm (/Users/mariobustosjmz/Desktop/claude/my-saas-app/e2e/pages/clients.page.ts:54:21)
        at ClientsPage.createClient (/Users/mariobustosjmz/Desktop/claude/my-saas-app/e2e/pages/clients.page.ts:65:5)
        at /Users/mariobustosjmz/Desktop/claude/my-saas-app/e2e/specs/03-clients.spec.ts:229:5

    attachment #1: screenshot (image/png) ──────────────────────────────────────────────────────────
    ../test-results/specs-03-clients-Client-Ma-f83c9-te-client-with-confirmation-chromium/test-failed-1.png
    ────────────────────────────────────────────────────────────────────────────────────────────────

    attachment #2: video (video/webm) ──────────────────────────────────────────────────────────────
    ../test-results/specs-03-clients-Client-Ma-f83c9-te-client-with-confirmation-chromium/video.webm
    ────────────────────────────────────────────────────────────────────────────────────────────────

    Error Context: ../test-results/specs-03-clients-Client-Ma-f83c9-te-client-with-confirmation-chromium/error-context.md
]]>
</failure>
<system-out>
<![CDATA[
[[ATTACHMENT|specs-03-clients-Client-Ma-f83c9-te-client-with-confirmation-chromium/test-failed-1.png]]

[[ATTACHMENT|specs-03-clients-Client-Ma-f83c9-te-client-with-confirmation-chromium/video.webm]]

[[ATTACHMENT|specs-03-clients-Client-Ma-f83c9-te-client-with-confirmation-chromium/error-context.md]]
]]>
</system-out>
</testcase>
<testcase name="Client Management › Search/filter clients by name" classname="specs/03-clients.spec.ts" time="2.369">
</testcase>
<testcase name="Client Management › Clear search filter shows all clients" classname="specs/03-clients.spec.ts" time="2.662">
</testcase>
<testcase name="Client Management › Client pagination works (if applicable)" classname="specs/03-clients.spec.ts" time="4.114">
</testcase>
<testcase name="Client Management › Client with tags displays correctly" classname="specs/03-clients.spec.ts" time="8.069">
<failure message="03-clients.spec.ts:296:7 Client with tags displays correctly" type="FAILURE">
<![CDATA[  [chromium] › specs/03-clients.spec.ts:296:7 › Client Management › Client with tags displays correctly 

    TimeoutError: page.waitForURL: Timeout 5000ms exceeded.
    =========================== logs ===========================
    waiting for navigation to "**/dashboard/clients" until "load"
    ============================================================

       at pages/clients.page.ts:54

      52 |   async submitClientForm() {
      53 |     await this.page.locator('button[type="submit"]:has-text("Crear"), button[type="submit"]:has-text("Guardar")').click()
    > 54 |     await this.page.waitForURL('**/dashboard/clients', { timeout: 5000 })
         |                     ^
      55 |   }
      56 |
      57 |   async createClient(data: {
        at ClientsPage.submitClientForm (/Users/mariobustosjmz/Desktop/claude/my-saas-app/e2e/pages/clients.page.ts:54:21)
        at ClientsPage.createClient (/Users/mariobustosjmz/Desktop/claude/my-saas-app/e2e/pages/clients.page.ts:65:5)
        at /Users/mariobustosjmz/Desktop/claude/my-saas-app/e2e/specs/03-clients.spec.ts:305:5

    attachment #1: screenshot (image/png) ──────────────────────────────────────────────────────────
    ../test-results/specs-03-clients-Client-Ma-325a8-ith-tags-displays-correctly-chromium/test-failed-1.png
    ────────────────────────────────────────────────────────────────────────────────────────────────

    attachment #2: video (video/webm) ──────────────────────────────────────────────────────────────
    ../test-results/specs-03-clients-Client-Ma-325a8-ith-tags-displays-correctly-chromium/video.webm
    ────────────────────────────────────────────────────────────────────────────────────────────────

    Error Context: ../test-results/specs-03-clients-Client-Ma-325a8-ith-tags-displays-correctly-chromium/error-context.md
]]>
</failure>
<system-out>
<![CDATA[
[[ATTACHMENT|specs-03-clients-Client-Ma-325a8-ith-tags-displays-correctly-chromium/test-failed-1.png]]

[[ATTACHMENT|specs-03-clients-Client-Ma-325a8-ith-tags-displays-correctly-chromium/video.webm]]

[[ATTACHMENT|specs-03-clients-Client-Ma-325a8-ith-tags-displays-correctly-chromium/error-context.md]]
]]>
</system-out>
</testcase>
<testcase name="Client Management › Client address is displayed in list" classname="specs/03-clients.spec.ts" time="9.144">
<failure message="03-clients.spec.ts:311:7 Client address is displayed in list" type="FAILURE">
<![CDATA[  [chromium] › specs/03-clients.spec.ts:311:7 › Client Management › Client address is displayed in list 

    TimeoutError: page.waitForURL: Timeout 5000ms exceeded.
    =========================== logs ===========================
    waiting for navigation to "**/dashboard/clients" until "load"
    ============================================================

       at pages/clients.page.ts:54

      52 |   async submitClientForm() {
      53 |     await this.page.locator('button[type="submit"]:has-text("Crear"), button[type="submit"]:has-text("Guardar")').click()
    > 54 |     await this.page.waitForURL('**/dashboard/clients', { timeout: 5000 })
         |                     ^
      55 |   }
      56 |
      57 |   async createClient(data: {
        at ClientsPage.submitClientForm (/Users/mariobustosjmz/Desktop/claude/my-saas-app/e2e/pages/clients.page.ts:54:21)
        at ClientsPage.createClient (/Users/mariobustosjmz/Desktop/claude/my-saas-app/e2e/pages/clients.page.ts:65:5)
        at /Users/mariobustosjmz/Desktop/claude/my-saas-app/e2e/specs/03-clients.spec.ts:320:5

    attachment #1: screenshot (image/png) ──────────────────────────────────────────────────────────
    ../test-results/specs-03-clients-Client-Ma-c2f57-ddress-is-displayed-in-list-chromium/test-failed-1.png
    ────────────────────────────────────────────────────────────────────────────────────────────────

    attachment #2: video (video/webm) ──────────────────────────────────────────────────────────────
    ../test-results/specs-03-clients-Client-Ma-c2f57-ddress-is-displayed-in-list-chromium/video.webm
    ────────────────────────────────────────────────────────────────────────────────────────────────

    Error Context: ../test-results/specs-03-clients-Client-Ma-c2f57-ddress-is-displayed-in-list-chromium/error-context.md
]]>
</failure>
<system-out>
<![CDATA[
[[ATTACHMENT|specs-03-clients-Client-Ma-c2f57-ddress-is-displayed-in-list-chromium/test-failed-1.png]]

[[ATTACHMENT|specs-03-clients-Client-Ma-c2f57-ddress-is-displayed-in-list-chromium/video.webm]]

[[ATTACHMENT|specs-03-clients-Client-Ma-c2f57-ddress-is-displayed-in-list-chromium/error-context.md]]
]]>
</system-out>
</testcase>
</testsuite>
<testsuite name="specs/04-quotes.spec.ts" timestamp="2026-02-15T05:52:32.997Z" hostname="chromium" tests="24" failures="24" skipped="0" time="216.3" errors="0">
<testcase name="Quote Management › Quotes page loads successfully" classname="specs/04-quotes.spec.ts" time="9.589">
<failure message="04-quotes.spec.ts:24:7 Quotes page loads successfully" type="FAILURE">
<![CDATA[  [chromium] › specs/04-quotes.spec.ts:24:7 › Quote Management › Quotes page loads successfully ────

    TimeoutError: page.waitForURL: Timeout 5000ms exceeded.
    =========================== logs ===========================
    waiting for navigation to "**/dashboard/clients" until "load"
    ============================================================

       at pages/clients.page.ts:54

      52 |   async submitClientForm() {
      53 |     await this.page.locator('button[type="submit"]:has-text("Crear"), button[type="submit"]:has-text("Guardar")').click()
    > 54 |     await this.page.waitForURL('**/dashboard/clients', { timeout: 5000 })
         |                     ^
      55 |   }
      56 |
      57 |   async createClient(data: {
        at ClientsPage.submitClientForm (/Users/mariobustosjmz/Desktop/claude/my-saas-app/e2e/pages/clients.page.ts:54:21)
        at ClientsPage.createClient (/Users/mariobustosjmz/Desktop/claude/my-saas-app/e2e/pages/clients.page.ts:65:5)
        at /Users/mariobustosjmz/Desktop/claude/my-saas-app/e2e/specs/04-quotes.spec.ts:18:5

    attachment #1: screenshot (image/png) ──────────────────────────────────────────────────────────
    ../test-results/specs-04-quotes-Quote-Mana-6445a-tes-page-loads-successfully-chromium/test-failed-1.png
    ────────────────────────────────────────────────────────────────────────────────────────────────

    attachment #2: video (video/webm) ──────────────────────────────────────────────────────────────
    ../test-results/specs-04-quotes-Quote-Mana-6445a-tes-page-loads-successfully-chromium/video.webm
    ────────────────────────────────────────────────────────────────────────────────────────────────

    Error Context: ../test-results/specs-04-quotes-Quote-Mana-6445a-tes-page-loads-successfully-chromium/error-context.md
]]>
</failure>
<system-out>
<![CDATA[
[[ATTACHMENT|specs-04-quotes-Quote-Mana-6445a-tes-page-loads-successfully-chromium/test-failed-1.png]]

[[ATTACHMENT|specs-04-quotes-Quote-Mana-6445a-tes-page-loads-successfully-chromium/video.webm]]

[[ATTACHMENT|specs-04-quotes-Quote-Mana-6445a-tes-page-loads-successfully-chromium/error-context.md]]
]]>
</system-out>
</testcase>
<testcase name="Quote Management › New Quote button navigates to form" classname="specs/04-quotes.spec.ts" time="9.588">
<failure message="04-quotes.spec.ts:33:7 New Quote button navigates to form" type="FAILURE">
<![CDATA[  [chromium] › specs/04-quotes.spec.ts:33:7 › Quote Management › New Quote button navigates to form 

    TimeoutError: page.waitForURL: Timeout 5000ms exceeded.
    =========================== logs ===========================
    waiting for navigation to "**/dashboard/clients" until "load"
    ============================================================

       at pages/clients.page.ts:54

      52 |   async submitClientForm() {
      53 |     await this.page.locator('button[type="submit"]:has-text("Crear"), button[type="submit"]:has-text("Guardar")').click()
    > 54 |     await this.page.waitForURL('**/dashboard/clients', { timeout: 5000 })
         |                     ^
      55 |   }
      56 |
      57 |   async createClient(data: {
        at ClientsPage.submitClientForm (/Users/mariobustosjmz/Desktop/claude/my-saas-app/e2e/pages/clients.page.ts:54:21)
        at ClientsPage.createClient (/Users/mariobustosjmz/Desktop/claude/my-saas-app/e2e/pages/clients.page.ts:65:5)
        at /Users/mariobustosjmz/Desktop/claude/my-saas-app/e2e/specs/04-quotes.spec.ts:18:5

    attachment #1: screenshot (image/png) ──────────────────────────────────────────────────────────
    ../test-results/specs-04-quotes-Quote-Mana-6d618-te-button-navigates-to-form-chromium/test-failed-1.png
    ────────────────────────────────────────────────────────────────────────────────────────────────

    attachment #2: video (video/webm) ──────────────────────────────────────────────────────────────
    ../test-results/specs-04-quotes-Quote-Mana-6d618-te-button-navigates-to-form-chromium/video.webm
    ────────────────────────────────────────────────────────────────────────────────────────────────

    Error Context: ../test-results/specs-04-quotes-Quote-Mana-6d618-te-button-navigates-to-form-chromium/error-context.md
]]>
</failure>
<system-out>
<![CDATA[
[[ATTACHMENT|specs-04-quotes-Quote-Mana-6d618-te-button-navigates-to-form-chromium/test-failed-1.png]]

[[ATTACHMENT|specs-04-quotes-Quote-Mana-6d618-te-button-navigates-to-form-chromium/video.webm]]

[[ATTACHMENT|specs-04-quotes-Quote-Mana-6d618-te-button-navigates-to-form-chromium/error-context.md]]
]]>
</system-out>
</testcase>
<testcase name="Quote Management › Quote form loads with required fields" classname="specs/04-quotes.spec.ts" time="8.734">
<failure message="04-quotes.spec.ts:41:7 Quote form loads with required fields" type="FAILURE">
<![CDATA[  [chromium] › specs/04-quotes.spec.ts:41:7 › Quote Management › Quote form loads with required fields 

    TimeoutError: page.waitForURL: Timeout 5000ms exceeded.
    =========================== logs ===========================
    waiting for navigation to "**/dashboard/clients" until "load"
    ============================================================

       at pages/clients.page.ts:54

      52 |   async submitClientForm() {
      53 |     await this.page.locator('button[type="submit"]:has-text("Crear"), button[type="submit"]:has-text("Guardar")').click()
    > 54 |     await this.page.waitForURL('**/dashboard/clients', { timeout: 5000 })
         |                     ^
      55 |   }
      56 |
      57 |   async createClient(data: {
        at ClientsPage.submitClientForm (/Users/mariobustosjmz/Desktop/claude/my-saas-app/e2e/pages/clients.page.ts:54:21)
        at ClientsPage.createClient (/Users/mariobustosjmz/Desktop/claude/my-saas-app/e2e/pages/clients.page.ts:65:5)
        at /Users/mariobustosjmz/Desktop/claude/my-saas-app/e2e/specs/04-quotes.spec.ts:18:5

    attachment #1: screenshot (image/png) ──────────────────────────────────────────────────────────
    ../test-results/specs-04-quotes-Quote-Mana-690c2--loads-with-required-fields-chromium/test-failed-1.png
    ────────────────────────────────────────────────────────────────────────────────────────────────

    attachment #2: video (video/webm) ──────────────────────────────────────────────────────────────
    ../test-results/specs-04-quotes-Quote-Mana-690c2--loads-with-required-fields-chromium/video.webm
    ────────────────────────────────────────────────────────────────────────────────────────────────

    Error Context: ../test-results/specs-04-quotes-Quote-Mana-690c2--loads-with-required-fields-chromium/error-context.md
]]>
</failure>
<system-out>
<![CDATA[
[[ATTACHMENT|specs-04-quotes-Quote-Mana-690c2--loads-with-required-fields-chromium/test-failed-1.png]]

[[ATTACHMENT|specs-04-quotes-Quote-Mana-690c2--loads-with-required-fields-chromium/video.webm]]

[[ATTACHMENT|specs-04-quotes-Quote-Mana-690c2--loads-with-required-fields-chromium/error-context.md]]
]]>
</system-out>
</testcase>
<testcase name="Quote Management › Can add service to quote" classname="specs/04-quotes.spec.ts" time="8.495">
<failure message="04-quotes.spec.ts:49:7 Can add service to quote" type="FAILURE">
<![CDATA[  [chromium] › specs/04-quotes.spec.ts:49:7 › Quote Management › Can add service to quote ──────────

    TimeoutError: page.waitForURL: Timeout 5000ms exceeded.
    =========================== logs ===========================
    waiting for navigation to "**/dashboard/clients" until "load"
    ============================================================

       at pages/clients.page.ts:54

      52 |   async submitClientForm() {
      53 |     await this.page.locator('button[type="submit"]:has-text("Crear"), button[type="submit"]:has-text("Guardar")').click()
    > 54 |     await this.page.waitForURL('**/dashboard/clients', { timeout: 5000 })
         |                     ^
      55 |   }
      56 |
      57 |   async createClient(data: {
        at ClientsPage.submitClientForm (/Users/mariobustosjmz/Desktop/claude/my-saas-app/e2e/pages/clients.page.ts:54:21)
        at ClientsPage.createClient (/Users/mariobustosjmz/Desktop/claude/my-saas-app/e2e/pages/clients.page.ts:65:5)
        at /Users/mariobustosjmz/Desktop/claude/my-saas-app/e2e/specs/04-quotes.spec.ts:18:5

    attachment #1: screenshot (image/png) ──────────────────────────────────────────────────────────
    ../test-results/specs-04-quotes-Quote-Management-Can-add-service-to-quote-chromium/test-failed-1.png
    ────────────────────────────────────────────────────────────────────────────────────────────────

    attachment #2: video (video/webm) ──────────────────────────────────────────────────────────────
    ../test-results/specs-04-quotes-Quote-Management-Can-add-service-to-quote-chromium/video.webm
    ────────────────────────────────────────────────────────────────────────────────────────────────

    Error Context: ../test-results/specs-04-quotes-Quote-Management-Can-add-service-to-quote-chromium/error-context.md
]]>
</failure>
<system-out>
<![CDATA[
[[ATTACHMENT|specs-04-quotes-Quote-Management-Can-add-service-to-quote-chromium/test-failed-1.png]]

[[ATTACHMENT|specs-04-quotes-Quote-Management-Can-add-service-to-quote-chromium/video.webm]]

[[ATTACHMENT|specs-04-quotes-Quote-Management-Can-add-service-to-quote-chromium/error-context.md]]
]]>
</system-out>
</testcase>
<testcase name="Quote Management › Quote list displays correctly" classname="specs/04-quotes.spec.ts" time="8.584">
<failure message="04-quotes.spec.ts:63:7 Quote list displays correctly" type="FAILURE">
<![CDATA[  [chromium] › specs/04-quotes.spec.ts:63:7 › Quote Management › Quote list displays correctly ─────

    TimeoutError: page.waitForURL: Timeout 5000ms exceeded.
    =========================== logs ===========================
    waiting for navigation to "**/dashboard/clients" until "load"
    ============================================================

       at pages/clients.page.ts:54

      52 |   async submitClientForm() {
      53 |     await this.page.locator('button[type="submit"]:has-text("Crear"), button[type="submit"]:has-text("Guardar")').click()
    > 54 |     await this.page.waitForURL('**/dashboard/clients', { timeout: 5000 })
         |                     ^
      55 |   }
      56 |
      57 |   async createClient(data: {
        at ClientsPage.submitClientForm (/Users/mariobustosjmz/Desktop/claude/my-saas-app/e2e/pages/clients.page.ts:54:21)
        at ClientsPage.createClient (/Users/mariobustosjmz/Desktop/claude/my-saas-app/e2e/pages/clients.page.ts:65:5)
        at /Users/mariobustosjmz/Desktop/claude/my-saas-app/e2e/specs/04-quotes.spec.ts:18:5

    attachment #1: screenshot (image/png) ──────────────────────────────────────────────────────────
    ../test-results/specs-04-quotes-Quote-Mana-f08d5-ote-list-displays-correctly-chromium/test-failed-1.png
    ────────────────────────────────────────────────────────────────────────────────────────────────

    attachment #2: video (video/webm) ──────────────────────────────────────────────────────────────
    ../test-results/specs-04-quotes-Quote-Mana-f08d5-ote-list-displays-correctly-chromium/video.webm
    ────────────────────────────────────────────────────────────────────────────────────────────────

    Error Context: ../test-results/specs-04-quotes-Quote-Mana-f08d5-ote-list-displays-correctly-chromium/error-context.md
]]>
</failure>
<system-out>
<![CDATA[
[[ATTACHMENT|specs-04-quotes-Quote-Mana-f08d5-ote-list-displays-correctly-chromium/test-failed-1.png]]

[[ATTACHMENT|specs-04-quotes-Quote-Mana-f08d5-ote-list-displays-correctly-chromium/video.webm]]

[[ATTACHMENT|specs-04-quotes-Quote-Mana-f08d5-ote-list-displays-correctly-chromium/error-context.md]]
]]>
</system-out>
</testcase>
<testcase name="Quote Management › Quote status badges display correctly" classname="specs/04-quotes.spec.ts" time="8.53">
<failure message="04-quotes.spec.ts:72:7 Quote status badges display correctly" type="FAILURE">
<![CDATA[  [chromium] › specs/04-quotes.spec.ts:72:7 › Quote Management › Quote status badges display correctly 

    TimeoutError: page.waitForURL: Timeout 5000ms exceeded.
    =========================== logs ===========================
    waiting for navigation to "**/dashboard/clients" until "load"
    ============================================================

       at pages/clients.page.ts:54

      52 |   async submitClientForm() {
      53 |     await this.page.locator('button[type="submit"]:has-text("Crear"), button[type="submit"]:has-text("Guardar")').click()
    > 54 |     await this.page.waitForURL('**/dashboard/clients', { timeout: 5000 })
         |                     ^
      55 |   }
      56 |
      57 |   async createClient(data: {
        at ClientsPage.submitClientForm (/Users/mariobustosjmz/Desktop/claude/my-saas-app/e2e/pages/clients.page.ts:54:21)
        at ClientsPage.createClient (/Users/mariobustosjmz/Desktop/claude/my-saas-app/e2e/pages/clients.page.ts:65:5)
        at /Users/mariobustosjmz/Desktop/claude/my-saas-app/e2e/specs/04-quotes.spec.ts:18:5

    attachment #1: screenshot (image/png) ──────────────────────────────────────────────────────────
    ../test-results/specs-04-quotes-Quote-Mana-7a350-us-badges-display-correctly-chromium/test-failed-1.png
    ────────────────────────────────────────────────────────────────────────────────────────────────

    attachment #2: video (video/webm) ──────────────────────────────────────────────────────────────
    ../test-results/specs-04-quotes-Quote-Mana-7a350-us-badges-display-correctly-chromium/video.webm
    ────────────────────────────────────────────────────────────────────────────────────────────────

    Error Context: ../test-results/specs-04-quotes-Quote-Mana-7a350-us-badges-display-correctly-chromium/error-context.md
]]>
</failure>
<system-out>
<![CDATA[
[[ATTACHMENT|specs-04-quotes-Quote-Mana-7a350-us-badges-display-correctly-chromium/test-failed-1.png]]

[[ATTACHMENT|specs-04-quotes-Quote-Mana-7a350-us-badges-display-correctly-chromium/video.webm]]

[[ATTACHMENT|specs-04-quotes-Quote-Mana-7a350-us-badges-display-correctly-chromium/error-context.md]]
]]>
</system-out>
</testcase>
<testcase name="Quote Management › Quote table displays all required columns" classname="specs/04-quotes.spec.ts" time="8.661">
<failure message="04-quotes.spec.ts:87:7 Quote table displays all required columns" type="FAILURE">
<![CDATA[  [chromium] › specs/04-quotes.spec.ts:87:7 › Quote Management › Quote table displays all required columns 

    TimeoutError: page.waitForURL: Timeout 5000ms exceeded.
    =========================== logs ===========================
    waiting for navigation to "**/dashboard/clients" until "load"
    ============================================================

       at pages/clients.page.ts:54

      52 |   async submitClientForm() {
      53 |     await this.page.locator('button[type="submit"]:has-text("Crear"), button[type="submit"]:has-text("Guardar")').click()
    > 54 |     await this.page.waitForURL('**/dashboard/clients', { timeout: 5000 })
         |                     ^
      55 |   }
      56 |
      57 |   async createClient(data: {
        at ClientsPage.submitClientForm (/Users/mariobustosjmz/Desktop/claude/my-saas-app/e2e/pages/clients.page.ts:54:21)
        at ClientsPage.createClient (/Users/mariobustosjmz/Desktop/claude/my-saas-app/e2e/pages/clients.page.ts:65:5)
        at /Users/mariobustosjmz/Desktop/claude/my-saas-app/e2e/specs/04-quotes.spec.ts:18:5

    attachment #1: screenshot (image/png) ──────────────────────────────────────────────────────────
    ../test-results/specs-04-quotes-Quote-Mana-b97fd-splays-all-required-columns-chromium/test-failed-1.png
    ────────────────────────────────────────────────────────────────────────────────────────────────

    attachment #2: video (video/webm) ──────────────────────────────────────────────────────────────
    ../test-results/specs-04-quotes-Quote-Mana-b97fd-splays-all-required-columns-chromium/video.webm
    ────────────────────────────────────────────────────────────────────────────────────────────────

    Error Context: ../test-results/specs-04-quotes-Quote-Mana-b97fd-splays-all-required-columns-chromium/error-context.md
]]>
</failure>
<system-out>
<![CDATA[
[[ATTACHMENT|specs-04-quotes-Quote-Mana-b97fd-splays-all-required-columns-chromium/test-failed-1.png]]

[[ATTACHMENT|specs-04-quotes-Quote-Mana-b97fd-splays-all-required-columns-chromium/video.webm]]

[[ATTACHMENT|specs-04-quotes-Quote-Mana-b97fd-splays-all-required-columns-chromium/error-context.md]]
]]>
</system-out>
</testcase>
<testcase name="Quote Management › Empty state shown when no quotes" classname="specs/04-quotes.spec.ts" time="9.123">
<failure message="04-quotes.spec.ts:100:7 Empty state shown when no quotes" type="FAILURE">
<![CDATA[  [chromium] › specs/04-quotes.spec.ts:100:7 › Quote Management › Empty state shown when no quotes ─

    TimeoutError: page.waitForURL: Timeout 5000ms exceeded.
    =========================== logs ===========================
    waiting for navigation to "**/dashboard/clients" until "load"
    ============================================================

       at pages/clients.page.ts:54

      52 |   async submitClientForm() {
      53 |     await this.page.locator('button[type="submit"]:has-text("Crear"), button[type="submit"]:has-text("Guardar")').click()
    > 54 |     await this.page.waitForURL('**/dashboard/clients', { timeout: 5000 })
         |                     ^
      55 |   }
      56 |
      57 |   async createClient(data: {
        at ClientsPage.submitClientForm (/Users/mariobustosjmz/Desktop/claude/my-saas-app/e2e/pages/clients.page.ts:54:21)
        at ClientsPage.createClient (/Users/mariobustosjmz/Desktop/claude/my-saas-app/e2e/pages/clients.page.ts:65:5)
        at /Users/mariobustosjmz/Desktop/claude/my-saas-app/e2e/specs/04-quotes.spec.ts:18:5

    attachment #1: screenshot (image/png) ──────────────────────────────────────────────────────────
    ../test-results/specs-04-quotes-Quote-Mana-21ad5--state-shown-when-no-quotes-chromium/test-failed-1.png
    ────────────────────────────────────────────────────────────────────────────────────────────────

    attachment #2: video (video/webm) ──────────────────────────────────────────────────────────────
    ../test-results/specs-04-quotes-Quote-Mana-21ad5--state-shown-when-no-quotes-chromium/video.webm
    ────────────────────────────────────────────────────────────────────────────────────────────────

    Error Context: ../test-results/specs-04-quotes-Quote-Mana-21ad5--state-shown-when-no-quotes-chromium/error-context.md
]]>
</failure>
<system-out>
<![CDATA[
[[ATTACHMENT|specs-04-quotes-Quote-Mana-21ad5--state-shown-when-no-quotes-chromium/test-failed-1.png]]

[[ATTACHMENT|specs-04-quotes-Quote-Mana-21ad5--state-shown-when-no-quotes-chromium/video.webm]]

[[ATTACHMENT|specs-04-quotes-Quote-Mana-21ad5--state-shown-when-no-quotes-chromium/error-context.md]]
]]>
</system-out>
</testcase>
<testcase name="Quote Management › Quote form has client selection" classname="specs/04-quotes.spec.ts" time="9.121">
<failure message="04-quotes.spec.ts:110:7 Quote form has client selection" type="FAILURE">
<![CDATA[  [chromium] › specs/04-quotes.spec.ts:110:7 › Quote Management › Quote form has client selection ──

    TimeoutError: page.waitForURL: Timeout 5000ms exceeded.
    =========================== logs ===========================
    waiting for navigation to "**/dashboard/clients" until "load"
    ============================================================

       at pages/clients.page.ts:54

      52 |   async submitClientForm() {
      53 |     await this.page.locator('button[type="submit"]:has-text("Crear"), button[type="submit"]:has-text("Guardar")').click()
    > 54 |     await this.page.waitForURL('**/dashboard/clients', { timeout: 5000 })
         |                     ^
      55 |   }
      56 |
      57 |   async createClient(data: {
        at ClientsPage.submitClientForm (/Users/mariobustosjmz/Desktop/claude/my-saas-app/e2e/pages/clients.page.ts:54:21)
        at ClientsPage.createClient (/Users/mariobustosjmz/Desktop/claude/my-saas-app/e2e/pages/clients.page.ts:65:5)
        at /Users/mariobustosjmz/Desktop/claude/my-saas-app/e2e/specs/04-quotes.spec.ts:18:5

    attachment #1: screenshot (image/png) ──────────────────────────────────────────────────────────
    ../test-results/specs-04-quotes-Quote-Mana-10c71-e-form-has-client-selection-chromium/test-failed-1.png
    ────────────────────────────────────────────────────────────────────────────────────────────────

    attachment #2: video (video/webm) ──────────────────────────────────────────────────────────────
    ../test-results/specs-04-quotes-Quote-Mana-10c71-e-form-has-client-selection-chromium/video.webm
    ────────────────────────────────────────────────────────────────────────────────────────────────

    Error Context: ../test-results/specs-04-quotes-Quote-Mana-10c71-e-form-has-client-selection-chromium/error-context.md
]]>
</failure>
<system-out>
<![CDATA[
[[ATTACHMENT|specs-04-quotes-Quote-Mana-10c71-e-form-has-client-selection-chromium/test-failed-1.png]]

[[ATTACHMENT|specs-04-quotes-Quote-Mana-10c71-e-form-has-client-selection-chromium/video.webm]]

[[ATTACHMENT|specs-04-quotes-Quote-Mana-10c71-e-form-has-client-selection-chromium/error-context.md]]
]]>
</system-out>
</testcase>
<testcase name="Quote Management › Service quantity defaults to 1" classname="specs/04-quotes.spec.ts" time="8.292">
<failure message="04-quotes.spec.ts:118:7 Service quantity defaults to 1" type="FAILURE">
<![CDATA[  [chromium] › specs/04-quotes.spec.ts:118:7 › Quote Management › Service quantity defaults to 1 ───

    TimeoutError: page.waitForURL: Timeout 5000ms exceeded.
    =========================== logs ===========================
    waiting for navigation to "**/dashboard/clients" until "load"
    ============================================================

       at pages/clients.page.ts:54

      52 |   async submitClientForm() {
      53 |     await this.page.locator('button[type="submit"]:has-text("Crear"), button[type="submit"]:has-text("Guardar")').click()
    > 54 |     await this.page.waitForURL('**/dashboard/clients', { timeout: 5000 })
         |                     ^
      55 |   }
      56 |
      57 |   async createClient(data: {
        at ClientsPage.submitClientForm (/Users/mariobustosjmz/Desktop/claude/my-saas-app/e2e/pages/clients.page.ts:54:21)
        at ClientsPage.createClient (/Users/mariobustosjmz/Desktop/claude/my-saas-app/e2e/pages/clients.page.ts:65:5)
        at /Users/mariobustosjmz/Desktop/claude/my-saas-app/e2e/specs/04-quotes.spec.ts:18:5

    attachment #1: screenshot (image/png) ──────────────────────────────────────────────────────────
    ../test-results/specs-04-quotes-Quote-Mana-c833b-vice-quantity-defaults-to-1-chromium/test-failed-1.png
    ────────────────────────────────────────────────────────────────────────────────────────────────

    attachment #2: video (video/webm) ──────────────────────────────────────────────────────────────
    ../test-results/specs-04-quotes-Quote-Mana-c833b-vice-quantity-defaults-to-1-chromium/video.webm
    ────────────────────────────────────────────────────────────────────────────────────────────────

    Error Context: ../test-results/specs-04-quotes-Quote-Mana-c833b-vice-quantity-defaults-to-1-chromium/error-context.md
]]>
</failure>
<system-out>
<![CDATA[
[[ATTACHMENT|specs-04-quotes-Quote-Mana-c833b-vice-quantity-defaults-to-1-chromium/test-failed-1.png]]

[[ATTACHMENT|specs-04-quotes-Quote-Mana-c833b-vice-quantity-defaults-to-1-chromium/video.webm]]

[[ATTACHMENT|specs-04-quotes-Quote-Mana-c833b-vice-quantity-defaults-to-1-chromium/error-context.md]]
]]>
</system-out>
</testcase>
<testcase name="Quote Management › Multiple services can be added to quote" classname="specs/04-quotes.spec.ts" time="8.69">
<failure message="04-quotes.spec.ts:135:7 Multiple services can be added to quote" type="FAILURE">
<![CDATA[  [chromium] › specs/04-quotes.spec.ts:135:7 › Quote Management › Multiple services can be added to quote 

    TimeoutError: page.waitForURL: Timeout 5000ms exceeded.
    =========================== logs ===========================
    waiting for navigation to "**/dashboard/clients" until "load"
    ============================================================

       at pages/clients.page.ts:54

      52 |   async submitClientForm() {
      53 |     await this.page.locator('button[type="submit"]:has-text("Crear"), button[type="submit"]:has-text("Guardar")').click()
    > 54 |     await this.page.waitForURL('**/dashboard/clients', { timeout: 5000 })
         |                     ^
      55 |   }
      56 |
      57 |   async createClient(data: {
        at ClientsPage.submitClientForm (/Users/mariobustosjmz/Desktop/claude/my-saas-app/e2e/pages/clients.page.ts:54:21)
        at ClientsPage.createClient (/Users/mariobustosjmz/Desktop/claude/my-saas-app/e2e/pages/clients.page.ts:65:5)
        at /Users/mariobustosjmz/Desktop/claude/my-saas-app/e2e/specs/04-quotes.spec.ts:18:5

    attachment #1: screenshot (image/png) ──────────────────────────────────────────────────────────
    ../test-results/specs-04-quotes-Quote-Mana-4142f-vices-can-be-added-to-quote-chromium/test-failed-1.png
    ────────────────────────────────────────────────────────────────────────────────────────────────

    attachment #2: video (video/webm) ──────────────────────────────────────────────────────────────
    ../test-results/specs-04-quotes-Quote-Mana-4142f-vices-can-be-added-to-quote-chromium/video.webm
    ────────────────────────────────────────────────────────────────────────────────────────────────

    Error Context: ../test-results/specs-04-quotes-Quote-Mana-4142f-vices-can-be-added-to-quote-chromium/error-context.md
]]>
</failure>
<system-out>
<![CDATA[
[[ATTACHMENT|specs-04-quotes-Quote-Mana-4142f-vices-can-be-added-to-quote-chromium/test-failed-1.png]]

[[ATTACHMENT|specs-04-quotes-Quote-Mana-4142f-vices-can-be-added-to-quote-chromium/video.webm]]

[[ATTACHMENT|specs-04-quotes-Quote-Mana-4142f-vices-can-be-added-to-quote-chromium/error-context.md]]
]]>
</system-out>
</testcase>
<testcase name="Quote Management › Quote form validates numeric price input" classname="specs/04-quotes.spec.ts" time="8.745">
<failure message="04-quotes.spec.ts:150:7 Quote form validates numeric price input" type="FAILURE">
<![CDATA[  [chromium] › specs/04-quotes.spec.ts:150:7 › Quote Management › Quote form validates numeric price input 

    TimeoutError: page.waitForURL: Timeout 5000ms exceeded.
    =========================== logs ===========================
    waiting for navigation to "**/dashboard/clients" until "load"
    ============================================================

       at pages/clients.page.ts:54

      52 |   async submitClientForm() {
      53 |     await this.page.locator('button[type="submit"]:has-text("Crear"), button[type="submit"]:has-text("Guardar")').click()
    > 54 |     await this.page.waitForURL('**/dashboard/clients', { timeout: 5000 })
         |                     ^
      55 |   }
      56 |
      57 |   async createClient(data: {
        at ClientsPage.submitClientForm (/Users/mariobustosjmz/Desktop/claude/my-saas-app/e2e/pages/clients.page.ts:54:21)
        at ClientsPage.createClient (/Users/mariobustosjmz/Desktop/claude/my-saas-app/e2e/pages/clients.page.ts:65:5)
        at /Users/mariobustosjmz/Desktop/claude/my-saas-app/e2e/specs/04-quotes.spec.ts:18:5

    attachment #1: screenshot (image/png) ──────────────────────────────────────────────────────────
    ../test-results/specs-04-quotes-Quote-Mana-46fdb-lidates-numeric-price-input-chromium/test-failed-1.png
    ────────────────────────────────────────────────────────────────────────────────────────────────

    attachment #2: video (video/webm) ──────────────────────────────────────────────────────────────
    ../test-results/specs-04-quotes-Quote-Mana-46fdb-lidates-numeric-price-input-chromium/video.webm
    ────────────────────────────────────────────────────────────────────────────────────────────────

    Error Context: ../test-results/specs-04-quotes-Quote-Mana-46fdb-lidates-numeric-price-input-chromium/error-context.md
]]>
</failure>
<system-out>
<![CDATA[
[[ATTACHMENT|specs-04-quotes-Quote-Mana-46fdb-lidates-numeric-price-input-chromium/test-failed-1.png]]

[[ATTACHMENT|specs-04-quotes-Quote-Mana-46fdb-lidates-numeric-price-input-chromium/video.webm]]

[[ATTACHMENT|specs-04-quotes-Quote-Mana-46fdb-lidates-numeric-price-input-chromium/error-context.md]]
]]>
</system-out>
</testcase>
<testcase name="Quote Management › Quote form can be cancelled" classname="specs/04-quotes.spec.ts" time="9.028">
<failure message="04-quotes.spec.ts:165:7 Quote form can be cancelled" type="FAILURE">
<![CDATA[  [chromium] › specs/04-quotes.spec.ts:165:7 › Quote Management › Quote form can be cancelled ──────

    TimeoutError: page.waitForURL: Timeout 5000ms exceeded.
    =========================== logs ===========================
    waiting for navigation to "**/dashboard/clients" until "load"
    ============================================================

       at pages/clients.page.ts:54

      52 |   async submitClientForm() {
      53 |     await this.page.locator('button[type="submit"]:has-text("Crear"), button[type="submit"]:has-text("Guardar")').click()
    > 54 |     await this.page.waitForURL('**/dashboard/clients', { timeout: 5000 })
         |                     ^
      55 |   }
      56 |
      57 |   async createClient(data: {
        at ClientsPage.submitClientForm (/Users/mariobustosjmz/Desktop/claude/my-saas-app/e2e/pages/clients.page.ts:54:21)
        at ClientsPage.createClient (/Users/mariobustosjmz/Desktop/claude/my-saas-app/e2e/pages/clients.page.ts:65:5)
        at /Users/mariobustosjmz/Desktop/claude/my-saas-app/e2e/specs/04-quotes.spec.ts:18:5

    attachment #1: screenshot (image/png) ──────────────────────────────────────────────────────────
    ../test-results/specs-04-quotes-Quote-Management-Quote-form-can-be-cancelled-chromium/test-failed-1.png
    ────────────────────────────────────────────────────────────────────────────────────────────────

    attachment #2: video (video/webm) ──────────────────────────────────────────────────────────────
    ../test-results/specs-04-quotes-Quote-Management-Quote-form-can-be-cancelled-chromium/video.webm
    ────────────────────────────────────────────────────────────────────────────────────────────────

    Error Context: ../test-results/specs-04-quotes-Quote-Management-Quote-form-can-be-cancelled-chromium/error-context.md
]]>
</failure>
<system-out>
<![CDATA[
[[ATTACHMENT|specs-04-quotes-Quote-Management-Quote-form-can-be-cancelled-chromium/test-failed-1.png]]

[[ATTACHMENT|specs-04-quotes-Quote-Management-Quote-form-can-be-cancelled-chromium/video.webm]]

[[ATTACHMENT|specs-04-quotes-Quote-Management-Quote-form-can-be-cancelled-chromium/error-context.md]]
]]>
</system-out>
</testcase>
<testcase name="Quote Management › Quote total calculation includes all services" classname="specs/04-quotes.spec.ts" time="9.749">
<failure message="04-quotes.spec.ts:176:7 Quote total calculation includes all services" type="FAILURE">
<![CDATA[  [chromium] › specs/04-quotes.spec.ts:176:7 › Quote Management › Quote total calculation includes all services 

    TimeoutError: page.waitForURL: Timeout 5000ms exceeded.
    =========================== logs ===========================
    waiting for navigation to "**/dashboard/clients" until "load"
    ============================================================

       at pages/clients.page.ts:54

      52 |   async submitClientForm() {
      53 |     await this.page.locator('button[type="submit"]:has-text("Crear"), button[type="submit"]:has-text("Guardar")').click()
    > 54 |     await this.page.waitForURL('**/dashboard/clients', { timeout: 5000 })
         |                     ^
      55 |   }
      56 |
      57 |   async createClient(data: {
        at ClientsPage.submitClientForm (/Users/mariobustosjmz/Desktop/claude/my-saas-app/e2e/pages/clients.page.ts:54:21)
        at ClientsPage.createClient (/Users/mariobustosjmz/Desktop/claude/my-saas-app/e2e/pages/clients.page.ts:65:5)
        at /Users/mariobustosjmz/Desktop/claude/my-saas-app/e2e/specs/04-quotes.spec.ts:18:5

    attachment #1: screenshot (image/png) ──────────────────────────────────────────────────────────
    ../test-results/specs-04-quotes-Quote-Mana-7b15a-ation-includes-all-services-chromium/test-failed-1.png
    ────────────────────────────────────────────────────────────────────────────────────────────────

    attachment #2: video (video/webm) ──────────────────────────────────────────────────────────────
    ../test-results/specs-04-quotes-Quote-Mana-7b15a-ation-includes-all-services-chromium/video.webm
    ────────────────────────────────────────────────────────────────────────────────────────────────

    Error Context: ../test-results/specs-04-quotes-Quote-Mana-7b15a-ation-includes-all-services-chromium/error-context.md
]]>
</failure>
<system-out>
<![CDATA[
[[ATTACHMENT|specs-04-quotes-Quote-Mana-7b15a-ation-includes-all-services-chromium/test-failed-1.png]]

[[ATTACHMENT|specs-04-quotes-Quote-Mana-7b15a-ation-includes-all-services-chromium/video.webm]]

[[ATTACHMENT|specs-04-quotes-Quote-Mana-7b15a-ation-includes-all-services-chromium/error-context.md]]
]]>
</system-out>
</testcase>
<testcase name="Quote Management › Quote accessibility - proper form structure" classname="specs/04-quotes.spec.ts" time="9.725">
<failure message="04-quotes.spec.ts:192:7 Quote accessibility - proper form structure" type="FAILURE">
<![CDATA[  [chromium] › specs/04-quotes.spec.ts:192:7 › Quote Management › Quote accessibility - proper form structure 

    TimeoutError: page.waitForURL: Timeout 5000ms exceeded.
    =========================== logs ===========================
    waiting for navigation to "**/dashboard/clients" until "load"
    ============================================================

       at pages/clients.page.ts:54

      52 |   async submitClientForm() {
      53 |     await this.page.locator('button[type="submit"]:has-text("Crear"), button[type="submit"]:has-text("Guardar")').click()
    > 54 |     await this.page.waitForURL('**/dashboard/clients', { timeout: 5000 })
         |                     ^
      55 |   }
      56 |
      57 |   async createClient(data: {
        at ClientsPage.submitClientForm (/Users/mariobustosjmz/Desktop/claude/my-saas-app/e2e/pages/clients.page.ts:54:21)
        at ClientsPage.createClient (/Users/mariobustosjmz/Desktop/claude/my-saas-app/e2e/pages/clients.page.ts:65:5)
        at /Users/mariobustosjmz/Desktop/claude/my-saas-app/e2e/specs/04-quotes.spec.ts:18:5

    attachment #1: screenshot (image/png) ──────────────────────────────────────────────────────────
    ../test-results/specs-04-quotes-Quote-Mana-c0e99-ity---proper-form-structure-chromium/test-failed-1.png
    ────────────────────────────────────────────────────────────────────────────────────────────────

    attachment #2: video (video/webm) ──────────────────────────────────────────────────────────────
    ../test-results/specs-04-quotes-Quote-Mana-c0e99-ity---proper-form-structure-chromium/video.webm
    ────────────────────────────────────────────────────────────────────────────────────────────────

    Error Context: ../test-results/specs-04-quotes-Quote-Mana-c0e99-ity---proper-form-structure-chromium/error-context.md
]]>
</failure>
<system-out>
<![CDATA[
[[ATTACHMENT|specs-04-quotes-Quote-Mana-c0e99-ity---proper-form-structure-chromium/test-failed-1.png]]

[[ATTACHMENT|specs-04-quotes-Quote-Mana-c0e99-ity---proper-form-structure-chromium/video.webm]]

[[ATTACHMENT|specs-04-quotes-Quote-Mana-c0e99-ity---proper-form-structure-chromium/error-context.md]]
]]>
</system-out>
</testcase>
<testcase name="Quote Management › Quote list shows client information" classname="specs/04-quotes.spec.ts" time="9.688">
<failure message="04-quotes.spec.ts:203:7 Quote list shows client information" type="FAILURE">
<![CDATA[  [chromium] › specs/04-quotes.spec.ts:203:7 › Quote Management › Quote list shows client information 

    TimeoutError: page.waitForURL: Timeout 5000ms exceeded.
    =========================== logs ===========================
    waiting for navigation to "**/dashboard/clients" until "load"
    ============================================================

       at pages/clients.page.ts:54

      52 |   async submitClientForm() {
      53 |     await this.page.locator('button[type="submit"]:has-text("Crear"), button[type="submit"]:has-text("Guardar")').click()
    > 54 |     await this.page.waitForURL('**/dashboard/clients', { timeout: 5000 })
         |                     ^
      55 |   }
      56 |
      57 |   async createClient(data: {
        at ClientsPage.submitClientForm (/Users/mariobustosjmz/Desktop/claude/my-saas-app/e2e/pages/clients.page.ts:54:21)
        at ClientsPage.createClient (/Users/mariobustosjmz/Desktop/claude/my-saas-app/e2e/pages/clients.page.ts:65:5)
        at /Users/mariobustosjmz/Desktop/claude/my-saas-app/e2e/specs/04-quotes.spec.ts:18:5

    attachment #1: screenshot (image/png) ──────────────────────────────────────────────────────────
    ../test-results/specs-04-quotes-Quote-Mana-af383-st-shows-client-information-chromium/test-failed-1.png
    ────────────────────────────────────────────────────────────────────────────────────────────────

    attachment #2: video (video/webm) ──────────────────────────────────────────────────────────────
    ../test-results/specs-04-quotes-Quote-Mana-af383-st-shows-client-information-chromium/video.webm
    ────────────────────────────────────────────────────────────────────────────────────────────────

    Error Context: ../test-results/specs-04-quotes-Quote-Mana-af383-st-shows-client-information-chromium/error-context.md
]]>
</failure>
<system-out>
<![CDATA[
[[ATTACHMENT|specs-04-quotes-Quote-Mana-af383-st-shows-client-information-chromium/test-failed-1.png]]

[[ATTACHMENT|specs-04-quotes-Quote-Mana-af383-st-shows-client-information-chromium/video.webm]]

[[ATTACHMENT|specs-04-quotes-Quote-Mana-af383-st-shows-client-information-chromium/error-context.md]]
]]>
</system-out>
</testcase>
<testcase name="Quote Management › Save quote with line items" classname="specs/04-quotes.spec.ts" time="9.443">
<failure message="04-quotes.spec.ts:224:7 Save quote with line items" type="FAILURE">
<![CDATA[  [chromium] › specs/04-quotes.spec.ts:224:7 › Quote Management › Save quote with line items ───────

    TimeoutError: page.waitForURL: Timeout 5000ms exceeded.
    =========================== logs ===========================
    waiting for navigation to "**/dashboard/clients" until "load"
    ============================================================

       at pages/clients.page.ts:54

      52 |   async submitClientForm() {
      53 |     await this.page.locator('button[type="submit"]:has-text("Crear"), button[type="submit"]:has-text("Guardar")').click()
    > 54 |     await this.page.waitForURL('**/dashboard/clients', { timeout: 5000 })
         |                     ^
      55 |   }
      56 |
      57 |   async createClient(data: {
        at ClientsPage.submitClientForm (/Users/mariobustosjmz/Desktop/claude/my-saas-app/e2e/pages/clients.page.ts:54:21)
        at ClientsPage.createClient (/Users/mariobustosjmz/Desktop/claude/my-saas-app/e2e/pages/clients.page.ts:65:5)
        at /Users/mariobustosjmz/Desktop/claude/my-saas-app/e2e/specs/04-quotes.spec.ts:18:5

    attachment #1: screenshot (image/png) ──────────────────────────────────────────────────────────
    ../test-results/specs-04-quotes-Quote-Management-Save-quote-with-line-items-chromium/test-failed-1.png
    ────────────────────────────────────────────────────────────────────────────────────────────────

    attachment #2: video (video/webm) ──────────────────────────────────────────────────────────────
    ../test-results/specs-04-quotes-Quote-Management-Save-quote-with-line-items-chromium/video.webm
    ────────────────────────────────────────────────────────────────────────────────────────────────

    Error Context: ../test-results/specs-04-quotes-Quote-Management-Save-quote-with-line-items-chromium/error-context.md
]]>
</failure>
<system-out>
<![CDATA[
[[ATTACHMENT|specs-04-quotes-Quote-Management-Save-quote-with-line-items-chromium/test-failed-1.png]]

[[ATTACHMENT|specs-04-quotes-Quote-Management-Save-quote-with-line-items-chromium/video.webm]]

[[ATTACHMENT|specs-04-quotes-Quote-Management-Save-quote-with-line-items-chromium/error-context.md]]
]]>
</system-out>
</testcase>
<testcase name="Quote Management › View quote details" classname="specs/04-quotes.spec.ts" time="8.4">
<failure message="04-quotes.spec.ts:261:7 View quote details" type="FAILURE">
<![CDATA[  [chromium] › specs/04-quotes.spec.ts:261:7 › Quote Management › View quote details ───────────────

    TimeoutError: page.waitForURL: Timeout 5000ms exceeded.
    =========================== logs ===========================
    waiting for navigation to "**/dashboard/clients" until "load"
    ============================================================

       at pages/clients.page.ts:54

      52 |   async submitClientForm() {
      53 |     await this.page.locator('button[type="submit"]:has-text("Crear"), button[type="submit"]:has-text("Guardar")').click()
    > 54 |     await this.page.waitForURL('**/dashboard/clients', { timeout: 5000 })
         |                     ^
      55 |   }
      56 |
      57 |   async createClient(data: {
        at ClientsPage.submitClientForm (/Users/mariobustosjmz/Desktop/claude/my-saas-app/e2e/pages/clients.page.ts:54:21)
        at ClientsPage.createClient (/Users/mariobustosjmz/Desktop/claude/my-saas-app/e2e/pages/clients.page.ts:65:5)
        at /Users/mariobustosjmz/Desktop/claude/my-saas-app/e2e/specs/04-quotes.spec.ts:18:5

    attachment #1: screenshot (image/png) ──────────────────────────────────────────────────────────
    ../test-results/specs-04-quotes-Quote-Management-View-quote-details-chromium/test-failed-1.png
    ────────────────────────────────────────────────────────────────────────────────────────────────

    attachment #2: video (video/webm) ──────────────────────────────────────────────────────────────
    ../test-results/specs-04-quotes-Quote-Management-View-quote-details-chromium/video.webm
    ────────────────────────────────────────────────────────────────────────────────────────────────

    Error Context: ../test-results/specs-04-quotes-Quote-Management-View-quote-details-chromium/error-context.md
]]>
</failure>
<system-out>
<![CDATA[
[[ATTACHMENT|specs-04-quotes-Quote-Management-View-quote-details-chromium/test-failed-1.png]]

[[ATTACHMENT|specs-04-quotes-Quote-Management-View-quote-details-chromium/video.webm]]

[[ATTACHMENT|specs-04-quotes-Quote-Management-View-quote-details-chromium/error-context.md]]
]]>
</system-out>
</testcase>
<testcase name="Quote Management › Filter quotes by status" classname="specs/04-quotes.spec.ts" time="8.925">
<failure message="04-quotes.spec.ts:276:7 Filter quotes by status" type="FAILURE">
<![CDATA[  [chromium] › specs/04-quotes.spec.ts:276:7 › Quote Management › Filter quotes by status ──────────

    TimeoutError: page.waitForURL: Timeout 5000ms exceeded.
    =========================== logs ===========================
    waiting for navigation to "**/dashboard/clients" until "load"
    ============================================================

       at pages/clients.page.ts:54

      52 |   async submitClientForm() {
      53 |     await this.page.locator('button[type="submit"]:has-text("Crear"), button[type="submit"]:has-text("Guardar")').click()
    > 54 |     await this.page.waitForURL('**/dashboard/clients', { timeout: 5000 })
         |                     ^
      55 |   }
      56 |
      57 |   async createClient(data: {
        at ClientsPage.submitClientForm (/Users/mariobustosjmz/Desktop/claude/my-saas-app/e2e/pages/clients.page.ts:54:21)
        at ClientsPage.createClient (/Users/mariobustosjmz/Desktop/claude/my-saas-app/e2e/pages/clients.page.ts:65:5)
        at /Users/mariobustosjmz/Desktop/claude/my-saas-app/e2e/specs/04-quotes.spec.ts:18:5

    attachment #1: screenshot (image/png) ──────────────────────────────────────────────────────────
    ../test-results/specs-04-quotes-Quote-Management-Filter-quotes-by-status-chromium/test-failed-1.png
    ────────────────────────────────────────────────────────────────────────────────────────────────

    attachment #2: video (video/webm) ──────────────────────────────────────────────────────────────
    ../test-results/specs-04-quotes-Quote-Management-Filter-quotes-by-status-chromium/video.webm
    ────────────────────────────────────────────────────────────────────────────────────────────────

    Error Context: ../test-results/specs-04-quotes-Quote-Management-Filter-quotes-by-status-chromium/error-context.md
]]>
</failure>
<system-out>
<![CDATA[
[[ATTACHMENT|specs-04-quotes-Quote-Management-Filter-quotes-by-status-chromium/test-failed-1.png]]

[[ATTACHMENT|specs-04-quotes-Quote-Management-Filter-quotes-by-status-chromium/video.webm]]

[[ATTACHMENT|specs-04-quotes-Quote-Management-Filter-quotes-by-status-chromium/error-context.md]]
]]>
</system-out>
</testcase>
<testcase name="Quote Management › Quote list pagination" classname="specs/04-quotes.spec.ts" time="9.666">
<failure message="04-quotes.spec.ts:296:7 Quote list pagination" type="FAILURE">
<![CDATA[  [chromium] › specs/04-quotes.spec.ts:296:7 › Quote Management › Quote list pagination ────────────

    TimeoutError: page.waitForURL: Timeout 5000ms exceeded.
    =========================== logs ===========================
    waiting for navigation to "**/dashboard/clients" until "load"
    ============================================================

       at pages/clients.page.ts:54

      52 |   async submitClientForm() {
      53 |     await this.page.locator('button[type="submit"]:has-text("Crear"), button[type="submit"]:has-text("Guardar")').click()
    > 54 |     await this.page.waitForURL('**/dashboard/clients', { timeout: 5000 })
         |                     ^
      55 |   }
      56 |
      57 |   async createClient(data: {
        at ClientsPage.submitClientForm (/Users/mariobustosjmz/Desktop/claude/my-saas-app/e2e/pages/clients.page.ts:54:21)
        at ClientsPage.createClient (/Users/mariobustosjmz/Desktop/claude/my-saas-app/e2e/pages/clients.page.ts:65:5)
        at /Users/mariobustosjmz/Desktop/claude/my-saas-app/e2e/specs/04-quotes.spec.ts:18:5

    attachment #1: screenshot (image/png) ──────────────────────────────────────────────────────────
    ../test-results/specs-04-quotes-Quote-Management-Quote-list-pagination-chromium/test-failed-1.png
    ────────────────────────────────────────────────────────────────────────────────────────────────

    attachment #2: video (video/webm) ──────────────────────────────────────────────────────────────
    ../test-results/specs-04-quotes-Quote-Management-Quote-list-pagination-chromium/video.webm
    ────────────────────────────────────────────────────────────────────────────────────────────────

    Error Context: ../test-results/specs-04-quotes-Quote-Management-Quote-list-pagination-chromium/error-context.md
]]>
</failure>
<system-out>
<![CDATA[
[[ATTACHMENT|specs-04-quotes-Quote-Management-Quote-list-pagination-chromium/test-failed-1.png]]

[[ATTACHMENT|specs-04-quotes-Quote-Management-Quote-list-pagination-chromium/video.webm]]

[[ATTACHMENT|specs-04-quotes-Quote-Management-Quote-list-pagination-chromium/error-context.md]]
]]>
</system-out>
</testcase>
<testcase name="Quote Management › Delete quote from details page" classname="specs/04-quotes.spec.ts" time="9.546">
<failure message="04-quotes.spec.ts:307:7 Delete quote from details page" type="FAILURE">
<![CDATA[  [chromium] › specs/04-quotes.spec.ts:307:7 › Quote Management › Delete quote from details page ───

    TimeoutError: page.waitForURL: Timeout 5000ms exceeded.
    =========================== logs ===========================
    waiting for navigation to "**/dashboard/clients" until "load"
    ============================================================

       at pages/clients.page.ts:54

      52 |   async submitClientForm() {
      53 |     await this.page.locator('button[type="submit"]:has-text("Crear"), button[type="submit"]:has-text("Guardar")').click()
    > 54 |     await this.page.waitForURL('**/dashboard/clients', { timeout: 5000 })
         |                     ^
      55 |   }
      56 |
      57 |   async createClient(data: {
        at ClientsPage.submitClientForm (/Users/mariobustosjmz/Desktop/claude/my-saas-app/e2e/pages/clients.page.ts:54:21)
        at ClientsPage.createClient (/Users/mariobustosjmz/Desktop/claude/my-saas-app/e2e/pages/clients.page.ts:65:5)
        at /Users/mariobustosjmz/Desktop/claude/my-saas-app/e2e/specs/04-quotes.spec.ts:18:5

    attachment #1: screenshot (image/png) ──────────────────────────────────────────────────────────
    ../test-results/specs-04-quotes-Quote-Mana-25a15-ete-quote-from-details-page-chromium/test-failed-1.png
    ────────────────────────────────────────────────────────────────────────────────────────────────

    attachment #2: video (video/webm) ──────────────────────────────────────────────────────────────
    ../test-results/specs-04-quotes-Quote-Mana-25a15-ete-quote-from-details-page-chromium/video.webm
    ────────────────────────────────────────────────────────────────────────────────────────────────

    Error Context: ../test-results/specs-04-quotes-Quote-Mana-25a15-ete-quote-from-details-page-chromium/error-context.md
]]>
</failure>
<system-out>
<![CDATA[
[[ATTACHMENT|specs-04-quotes-Quote-Mana-25a15-ete-quote-from-details-page-chromium/test-failed-1.png]]

[[ATTACHMENT|specs-04-quotes-Quote-Mana-25a15-ete-quote-from-details-page-chromium/video.webm]]

[[ATTACHMENT|specs-04-quotes-Quote-Mana-25a15-ete-quote-from-details-page-chromium/error-context.md]]
]]>
</system-out>
</testcase>
<testcase name="Quote Management › Quote total recalculates when service quantity changes" classname="specs/04-quotes.spec.ts" time="9.482">
<failure message="04-quotes.spec.ts:333:7 Quote total recalculates when service quantity changes" type="FAILURE">
<![CDATA[  [chromium] › specs/04-quotes.spec.ts:333:7 › Quote Management › Quote total recalculates when service quantity changes 

    TimeoutError: page.waitForURL: Timeout 5000ms exceeded.
    =========================== logs ===========================
    waiting for navigation to "**/dashboard/clients" until "load"
    ============================================================

       at pages/clients.page.ts:54

      52 |   async submitClientForm() {
      53 |     await this.page.locator('button[type="submit"]:has-text("Crear"), button[type="submit"]:has-text("Guardar")').click()
    > 54 |     await this.page.waitForURL('**/dashboard/clients', { timeout: 5000 })
         |                     ^
      55 |   }
      56 |
      57 |   async createClient(data: {
        at ClientsPage.submitClientForm (/Users/mariobustosjmz/Desktop/claude/my-saas-app/e2e/pages/clients.page.ts:54:21)
        at ClientsPage.createClient (/Users/mariobustosjmz/Desktop/claude/my-saas-app/e2e/pages/clients.page.ts:65:5)
        at /Users/mariobustosjmz/Desktop/claude/my-saas-app/e2e/specs/04-quotes.spec.ts:18:5

    attachment #1: screenshot (image/png) ──────────────────────────────────────────────────────────
    ../test-results/specs-04-quotes-Quote-Mana-b3fd1-en-service-quantity-changes-chromium/test-failed-1.png
    ────────────────────────────────────────────────────────────────────────────────────────────────

    attachment #2: video (video/webm) ──────────────────────────────────────────────────────────────
    ../test-results/specs-04-quotes-Quote-Mana-b3fd1-en-service-quantity-changes-chromium/video.webm
    ────────────────────────────────────────────────────────────────────────────────────────────────

    Error Context: ../test-results/specs-04-quotes-Quote-Mana-b3fd1-en-service-quantity-changes-chromium/error-context.md
]]>
</failure>
<system-out>
<![CDATA[
[[ATTACHMENT|specs-04-quotes-Quote-Mana-b3fd1-en-service-quantity-changes-chromium/test-failed-1.png]]

[[ATTACHMENT|specs-04-quotes-Quote-Mana-b3fd1-en-service-quantity-changes-chromium/video.webm]]

[[ATTACHMENT|specs-04-quotes-Quote-Mana-b3fd1-en-service-quantity-changes-chromium/error-context.md]]
]]>
</system-out>
</testcase>
<testcase name="Quote Management › Service can be removed from quote" classname="specs/04-quotes.spec.ts" time="8.586">
<failure message="04-quotes.spec.ts:355:7 Service can be removed from quote" type="FAILURE">
<![CDATA[  [chromium] › specs/04-quotes.spec.ts:355:7 › Quote Management › Service can be removed from quote 

    TimeoutError: page.waitForURL: Timeout 5000ms exceeded.
    =========================== logs ===========================
    waiting for navigation to "**/dashboard/clients" until "load"
    ============================================================

       at pages/clients.page.ts:54

      52 |   async submitClientForm() {
      53 |     await this.page.locator('button[type="submit"]:has-text("Crear"), button[type="submit"]:has-text("Guardar")').click()
    > 54 |     await this.page.waitForURL('**/dashboard/clients', { timeout: 5000 })
         |                     ^
      55 |   }
      56 |
      57 |   async createClient(data: {
        at ClientsPage.submitClientForm (/Users/mariobustosjmz/Desktop/claude/my-saas-app/e2e/pages/clients.page.ts:54:21)
        at ClientsPage.createClient (/Users/mariobustosjmz/Desktop/claude/my-saas-app/e2e/pages/clients.page.ts:65:5)
        at /Users/mariobustosjmz/Desktop/claude/my-saas-app/e2e/specs/04-quotes.spec.ts:18:5

    attachment #1: screenshot (image/png) ──────────────────────────────────────────────────────────
    ../test-results/specs-04-quotes-Quote-Mana-50a0f-e-can-be-removed-from-quote-chromium/test-failed-1.png
    ────────────────────────────────────────────────────────────────────────────────────────────────

    attachment #2: video (video/webm) ──────────────────────────────────────────────────────────────
    ../test-results/specs-04-quotes-Quote-Mana-50a0f-e-can-be-removed-from-quote-chromium/video.webm
    ────────────────────────────────────────────────────────────────────────────────────────────────

    Error Context: ../test-results/specs-04-quotes-Quote-Mana-50a0f-e-can-be-removed-from-quote-chromium/error-context.md
]]>
</failure>
<system-out>
<![CDATA[
[[ATTACHMENT|specs-04-quotes-Quote-Mana-50a0f-e-can-be-removed-from-quote-chromium/test-failed-1.png]]

[[ATTACHMENT|specs-04-quotes-Quote-Mana-50a0f-e-can-be-removed-from-quote-chromium/video.webm]]

[[ATTACHMENT|specs-04-quotes-Quote-Mana-50a0f-e-can-be-removed-from-quote-chromium/error-context.md]]
]]>
</system-out>
</testcase>
<testcase name="Quote Management › Quote creation requires client selection" classname="specs/04-quotes.spec.ts" time="7.91">
<failure message="04-quotes.spec.ts:372:7 Quote creation requires client selection" type="FAILURE">
<![CDATA[  [chromium] › specs/04-quotes.spec.ts:372:7 › Quote Management › Quote creation requires client selection 

    TimeoutError: page.waitForURL: Timeout 5000ms exceeded.
    =========================== logs ===========================
    waiting for navigation to "**/dashboard/clients" until "load"
    ============================================================

       at pages/clients.page.ts:54

      52 |   async submitClientForm() {
      53 |     await this.page.locator('button[type="submit"]:has-text("Crear"), button[type="submit"]:has-text("Guardar")').click()
    > 54 |     await this.page.waitForURL('**/dashboard/clients', { timeout: 5000 })
         |                     ^
      55 |   }
      56 |
      57 |   async createClient(data: {
        at ClientsPage.submitClientForm (/Users/mariobustosjmz/Desktop/claude/my-saas-app/e2e/pages/clients.page.ts:54:21)
        at ClientsPage.createClient (/Users/mariobustosjmz/Desktop/claude/my-saas-app/e2e/pages/clients.page.ts:65:5)
        at /Users/mariobustosjmz/Desktop/claude/my-saas-app/e2e/specs/04-quotes.spec.ts:18:5

    attachment #1: screenshot (image/png) ──────────────────────────────────────────────────────────
    ../test-results/specs-04-quotes-Quote-Mana-60f27-n-requires-client-selection-chromium/test-failed-1.png
    ────────────────────────────────────────────────────────────────────────────────────────────────

    attachment #2: video (video/webm) ──────────────────────────────────────────────────────────────
    ../test-results/specs-04-quotes-Quote-Mana-60f27-n-requires-client-selection-chromium/video.webm
    ────────────────────────────────────────────────────────────────────────────────────────────────

    Error Context: ../test-results/specs-04-quotes-Quote-Mana-60f27-n-requires-client-selection-chromium/error-context.md
]]>
</failure>
<system-out>
<![CDATA[
[[ATTACHMENT|specs-04-quotes-Quote-Mana-60f27-n-requires-client-selection-chromium/test-failed-1.png]]

[[ATTACHMENT|specs-04-quotes-Quote-Mana-60f27-n-requires-client-selection-chromium/video.webm]]

[[ATTACHMENT|specs-04-quotes-Quote-Mana-60f27-n-requires-client-selection-chromium/error-context.md]]
]]>
</system-out>
</testcase>
</testsuite>
<testsuite name="specs/05-team.spec.ts" timestamp="2026-02-15T05:52:32.997Z" hostname="chromium" tests="19" failures="8" skipped="0" time="95.414" errors="0">
<testcase name="Team Management › Team page loads successfully" classname="specs/05-team.spec.ts" time="4.125">
</testcase>
<testcase name="Team Management › Invite member button is visible" classname="specs/05-team.spec.ts" time="3.926">
<failure message="05-team.spec.ts:21:7 Invite member button is visible" type="FAILURE">
<![CDATA[  [chromium] › specs/05-team.spec.ts:21:7 › Team Management › Invite member button is visible ──────

    Error: locator.isVisible: Error: strict mode violation: locator('a[href="/dashboard/team/invite"], button:has-text("Invitar")') resolved to 2 elements:
        1) <a href="/dashboard/team/invite">…</a> aka getByRole('link', { name: 'Invitar Miembro' })
        2) <button data-slot="button" data-size="default" data-variant="default" class="inline-flex items-center justify-center gap-2 whitespace-nowrap rounded-md text-sm font-medium transition-all disabled:pointer-events-none disabled:opacity-50 [&_svg]:pointer-events-none [&_svg:not([class*='size-'])]:size-4 shrink-0 [&_svg]:shrink-0 outline-none focus-visible:border-ring focus-visible:ring-ring/50 focus-visible:ring-[3px] aria-invalid:ring-destructive/20 dark:aria-invalid:ring-destructive/40 aria-invalid:bord…>…</button> aka getByRole('button', { name: 'Invitar Miembro' })

    Call log:
        - checking visibility of locator('a[href="/dashboard/team/invite"], button:has-text("Invitar")')


      24 |
      25 |     const inviteButton = page.locator('a[href="/dashboard/team/invite"], button:has-text("Invitar")')
    > 26 |     expect(await inviteButton.isVisible()).toBeTruthy()
         |                               ^
      27 |   })
      28 |
      29 |   test('Invite team member form displays', async ({ page }) => {
        at /Users/mariobustosjmz/Desktop/claude/my-saas-app/e2e/specs/05-team.spec.ts:26:31

    attachment #1: screenshot (image/png) ──────────────────────────────────────────────────────────
    ../test-results/specs-05-team-Team-Managem-ac104-te-member-button-is-visible-chromium/test-failed-1.png
    ────────────────────────────────────────────────────────────────────────────────────────────────

    attachment #2: video (video/webm) ──────────────────────────────────────────────────────────────
    ../test-results/specs-05-team-Team-Managem-ac104-te-member-button-is-visible-chromium/video.webm
    ────────────────────────────────────────────────────────────────────────────────────────────────

    Error Context: ../test-results/specs-05-team-Team-Managem-ac104-te-member-button-is-visible-chromium/error-context.md
]]>
</failure>
<system-out>
<![CDATA[
[[ATTACHMENT|specs-05-team-Team-Managem-ac104-te-member-button-is-visible-chromium/test-failed-1.png]]

[[ATTACHMENT|specs-05-team-Team-Managem-ac104-te-member-button-is-visible-chromium/video.webm]]

[[ATTACHMENT|specs-05-team-Team-Managem-ac104-te-member-button-is-visible-chromium/error-context.md]]
]]>
</system-out>
</testcase>
<testcase name="Team Management › Invite team member form displays" classname="specs/05-team.spec.ts" time="6.167">
<failure message="05-team.spec.ts:29:7 Invite team member form displays" type="FAILURE">
<![CDATA[  [chromium] › specs/05-team.spec.ts:29:7 › Team Management › Invite team member form displays ─────

    Error: expect(received).toBeTruthy()

    Received: false

      32 |
      33 |     const emailInput = page.locator('input[name="email"]')
    > 34 |     expect(await emailInput.isVisible()).toBeTruthy()
         |                                          ^
      35 |   })
      36 |
      37 |   test('Invite form has email field', async ({ page }) => {
        at /Users/mariobustosjmz/Desktop/claude/my-saas-app/e2e/specs/05-team.spec.ts:34:42

    attachment #1: screenshot (image/png) ──────────────────────────────────────────────────────────
    ../test-results/specs-05-team-Team-Managem-9ff2a-e-team-member-form-displays-chromium/test-failed-1.png
    ────────────────────────────────────────────────────────────────────────────────────────────────

    attachment #2: video (video/webm) ──────────────────────────────────────────────────────────────
    ../test-results/specs-05-team-Team-Managem-9ff2a-e-team-member-form-displays-chromium/video.webm
    ────────────────────────────────────────────────────────────────────────────────────────────────

    Error Context: ../test-results/specs-05-team-Team-Managem-9ff2a-e-team-member-form-displays-chromium/error-context.md
]]>
</failure>
<system-out>
<![CDATA[
[[ATTACHMENT|specs-05-team-Team-Managem-9ff2a-e-team-member-form-displays-chromium/test-failed-1.png]]

[[ATTACHMENT|specs-05-team-Team-Managem-9ff2a-e-team-member-form-displays-chromium/video.webm]]

[[ATTACHMENT|specs-05-team-Team-Managem-9ff2a-e-team-member-form-displays-chromium/error-context.md]]
]]>
</system-out>
</testcase>
<testcase name="Team Management › Invite form has email field" classname="specs/05-team.spec.ts" time="16.023">
<failure message="05-team.spec.ts:37:7 Invite form has email field" type="FAILURE">
<![CDATA[  [chromium] › specs/05-team.spec.ts:37:7 › Team Management › Invite form has email field ──────────

    TimeoutError: locator.getAttribute: Timeout 10000ms exceeded.
    Call log:
      - waiting for locator('input[name="email"]')


      40 |
      41 |     const emailInput = page.locator('input[name="email"]')
    > 42 |     const type = await emailInput.getAttribute('type')
         |                                   ^
      43 |     expect(type).toBe('email')
      44 |   })
      45 |
        at /Users/mariobustosjmz/Desktop/claude/my-saas-app/e2e/specs/05-team.spec.ts:42:35

    attachment #1: screenshot (image/png) ──────────────────────────────────────────────────────────
    ../test-results/specs-05-team-Team-Management-Invite-form-has-email-field-chromium/test-failed-1.png
    ────────────────────────────────────────────────────────────────────────────────────────────────

    attachment #2: video (video/webm) ──────────────────────────────────────────────────────────────
    ../test-results/specs-05-team-Team-Management-Invite-form-has-email-field-chromium/video.webm
    ────────────────────────────────────────────────────────────────────────────────────────────────

    Error Context: ../test-results/specs-05-team-Team-Management-Invite-form-has-email-field-chromium/error-context.md
]]>
</failure>
<system-out>
<![CDATA[
[[ATTACHMENT|specs-05-team-Team-Management-Invite-form-has-email-field-chromium/test-failed-1.png]]

[[ATTACHMENT|specs-05-team-Team-Management-Invite-form-has-email-field-chromium/video.webm]]

[[ATTACHMENT|specs-05-team-Team-Management-Invite-form-has-email-field-chromium/error-context.md]]
]]>
</system-out>
</testcase>
<testcase name="Team Management › Invite form has role selection" classname="specs/05-team.spec.ts" time="2.954">
</testcase>
<testcase name="Team Management › Team members list displays" classname="specs/05-team.spec.ts" time="2.974">
</testcase>
<testcase name="Team Management › Owner user is listed in team members" classname="specs/05-team.spec.ts" time="3.079">
<failure message="05-team.spec.ts:69:7 Owner user is listed in team members" type="FAILURE">
<![CDATA[  [chromium] › specs/05-team.spec.ts:69:7 › Team Management › Owner user is listed in team members ─

    Error: locator.isVisible: Error: strict mode violation: locator('text=owner@example.com') resolved to 2 elements:
        1) <p class="text-sm font-medium text-gray-900 truncate">owner@example.com</p> aka getByRole('paragraph').filter({ hasText: 'owner@example.com' })
        2) <td class="py-3 px-4 text-gray-600">owner@example.com</td> aka getByRole('cell', { name: 'owner@example.com' })

    Call log:
        - checking visibility of locator('text=owner@example.com')


      72 |
      73 |     const ownerEmail = page.locator(`text=${testUsers.owner.email}`)
    > 74 |     expect(await ownerEmail.isVisible()).toBeTruthy()
         |                             ^
      75 |   })
      76 |
      77 |   test('Team members table has required columns', async ({ page }) => {
        at /Users/mariobustosjmz/Desktop/claude/my-saas-app/e2e/specs/05-team.spec.ts:74:29

    attachment #1: screenshot (image/png) ──────────────────────────────────────────────────────────
    ../test-results/specs-05-team-Team-Managem-4f239-r-is-listed-in-team-members-chromium/test-failed-1.png
    ────────────────────────────────────────────────────────────────────────────────────────────────

    attachment #2: video (video/webm) ──────────────────────────────────────────────────────────────
    ../test-results/specs-05-team-Team-Managem-4f239-r-is-listed-in-team-members-chromium/video.webm
    ────────────────────────────────────────────────────────────────────────────────────────────────

    Error Context: ../test-results/specs-05-team-Team-Managem-4f239-r-is-listed-in-team-members-chromium/error-context.md
]]>
</failure>
<system-out>
<![CDATA[
[[ATTACHMENT|specs-05-team-Team-Managem-4f239-r-is-listed-in-team-members-chromium/test-failed-1.png]]

[[ATTACHMENT|specs-05-team-Team-Managem-4f239-r-is-listed-in-team-members-chromium/video.webm]]

[[ATTACHMENT|specs-05-team-Team-Managem-4f239-r-is-listed-in-team-members-chromium/error-context.md]]
]]>
</system-out>
</testcase>
<testcase name="Team Management › Team members table has required columns" classname="specs/05-team.spec.ts" time="3.19">
</testcase>
<testcase name="Team Management › Team member count is displayed" classname="specs/05-team.spec.ts" time="2.582">
</testcase>
<testcase name="Team Management › Invite form validates email format" classname="specs/05-team.spec.ts" time="14.023">
<failure message="05-team.spec.ts:100:7 Invite form validates email format" type="FAILURE">
<![CDATA[  [chromium] › specs/05-team.spec.ts:100:7 › Team Management › Invite form validates email format ──

    TimeoutError: locator.fill: Timeout 10000ms exceeded.
    Call log:
      - waiting for locator('input[name="email"]')


      103 |
      104 |     const emailInput = page.locator('input[name="email"]')
    > 105 |     await emailInput.fill('invalid-email')
          |                      ^
      106 |     await emailInput.blur()
      107 |
      108 |     const isInvalid = await emailInput.evaluate((input: HTMLInputElement) => !input.validity.valid)
        at /Users/mariobustosjmz/Desktop/claude/my-saas-app/e2e/specs/05-team.spec.ts:105:22

    attachment #1: screenshot (image/png) ──────────────────────────────────────────────────────────
    ../test-results/specs-05-team-Team-Managem-8018b-form-validates-email-format-chromium/test-failed-1.png
    ────────────────────────────────────────────────────────────────────────────────────────────────

    attachment #2: video (video/webm) ──────────────────────────────────────────────────────────────
    ../test-results/specs-05-team-Team-Managem-8018b-form-validates-email-format-chromium/video.webm
    ────────────────────────────────────────────────────────────────────────────────────────────────

    Error Context: ../test-results/specs-05-team-Team-Managem-8018b-form-validates-email-format-chromium/error-context.md
]]>
</failure>
<system-out>
<![CDATA[
[[ATTACHMENT|specs-05-team-Team-Managem-8018b-form-validates-email-format-chromium/test-failed-1.png]]

[[ATTACHMENT|specs-05-team-Team-Managem-8018b-form-validates-email-format-chromium/video.webm]]

[[ATTACHMENT|specs-05-team-Team-Managem-8018b-form-validates-email-format-chromium/error-context.md]]
]]>
</system-out>
</testcase>
<testcase name="Team Management › Invite form submit button is visible" classname="specs/05-team.spec.ts" time="2.783">
<failure message="05-team.spec.ts:112:7 Invite form submit button is visible" type="FAILURE">
<![CDATA[  [chromium] › specs/05-team.spec.ts:112:7 › Team Management › Invite form submit button is visible 

    Error: expect(received).toBeTruthy()

    Received: false

      115 |
      116 |     const submitButton = page.locator('button[type="submit"]:has-text("Invitar"), button[type="submit"]:has-text("Send")')
    > 117 |     expect(await submitButton.isVisible()).toBeTruthy()
          |                                            ^
      118 |   })
      119 |
      120 |   test('Can navigate back from invite form', async ({ page }) => {
        at /Users/mariobustosjmz/Desktop/claude/my-saas-app/e2e/specs/05-team.spec.ts:117:44

    attachment #1: screenshot (image/png) ──────────────────────────────────────────────────────────
    ../test-results/specs-05-team-Team-Managem-f446c-rm-submit-button-is-visible-chromium/test-failed-1.png
    ────────────────────────────────────────────────────────────────────────────────────────────────

    attachment #2: video (video/webm) ──────────────────────────────────────────────────────────────
    ../test-results/specs-05-team-Team-Managem-f446c-rm-submit-button-is-visible-chromium/video.webm
    ────────────────────────────────────────────────────────────────────────────────────────────────

    Error Context: ../test-results/specs-05-team-Team-Managem-f446c-rm-submit-button-is-visible-chromium/error-context.md
]]>
</failure>
<system-out>
<![CDATA[
[[ATTACHMENT|specs-05-team-Team-Managem-f446c-rm-submit-button-is-visible-chromium/test-failed-1.png]]

[[ATTACHMENT|specs-05-team-Team-Managem-f446c-rm-submit-button-is-visible-chromium/video.webm]]

[[ATTACHMENT|specs-05-team-Team-Managem-f446c-rm-submit-button-is-visible-chromium/error-context.md]]
]]>
</system-out>
</testcase>
<testcase name="Team Management › Can navigate back from invite form" classname="specs/05-team.spec.ts" time="3.398">
</testcase>
<testcase name="Team Management › Invitation page is accessible with token" classname="specs/05-team.spec.ts" time="4.22">
</testcase>
<testcase name="Team Management › Team page shows no members message when empty" classname="specs/05-team.spec.ts" time="3.204">
</testcase>
<testcase name="Team Management › Edit member button is visible for team members" classname="specs/05-team.spec.ts" time="3.075">
</testcase>
<testcase name="Team Management › Remove member button exists" classname="specs/05-team.spec.ts" time="2.521">
</testcase>
<testcase name="Team Management › Invite form can be cancelled" classname="specs/05-team.spec.ts" time="2.238">
<failure message="05-team.spec.ts:174:7 Invite form can be cancelled" type="FAILURE">
<![CDATA[  [chromium] › specs/05-team.spec.ts:174:7 › Team Management › Invite form can be cancelled ────────

    Error: locator.isVisible: Error: strict mode violation: locator('a:has-text("Cancelar"), a:has-text("Cancel"), button:has-text("Cancelar")') resolved to 2 elements:
        1) <a href="/dashboard/team">…</a> aka getByRole('link', { name: 'Cancelar' })
        2) <button type="button" data-slot="button" data-size="default" data-variant="outline" class="inline-flex items-center justify-center gap-2 whitespace-nowrap rounded-md text-sm font-medium transition-all disabled:pointer-events-none disabled:opacity-50 [&_svg]:pointer-events-none [&_svg:not([class*='size-'])]:size-4 shrink-0 [&_svg]:shrink-0 outline-none focus-visible:border-ring focus-visible:ring-ring/50 focus-visible:ring-[3px] aria-invalid:ring-destructive/20 dark:aria-invalid:ring-destructive/40 ari…>Cancelar</button> aka getByRole('button', { name: 'Cancelar' })

    Call log:
        - checking visibility of locator('a:has-text("Cancelar"), a:has-text("Cancel"), button:has-text("Cancelar")')


      177 |
      178 |     const cancelButton = page.locator('a:has-text("Cancelar"), a:has-text("Cancel"), button:has-text("Cancelar")')
    > 179 |     if (await cancelButton.isVisible()) {
          |                            ^
      180 |       await cancelButton.click()
      181 |     }
      182 |   })
        at /Users/mariobustosjmz/Desktop/claude/my-saas-app/e2e/specs/05-team.spec.ts:179:28

    attachment #1: screenshot (image/png) ──────────────────────────────────────────────────────────
    ../test-results/specs-05-team-Team-Management-Invite-form-can-be-cancelled-chromium/test-failed-1.png
    ────────────────────────────────────────────────────────────────────────────────────────────────

    attachment #2: video (video/webm) ──────────────────────────────────────────────────────────────
    ../test-results/specs-05-team-Team-Management-Invite-form-can-be-cancelled-chromium/video.webm
    ────────────────────────────────────────────────────────────────────────────────────────────────

    Error Context: ../test-results/specs-05-team-Team-Management-Invite-form-can-be-cancelled-chromium/error-context.md
]]>
</failure>
<system-out>
<![CDATA[
[[ATTACHMENT|specs-05-team-Team-Management-Invite-form-can-be-cancelled-chromium/test-failed-1.png]]

[[ATTACHMENT|specs-05-team-Team-Management-Invite-form-can-be-cancelled-chromium/video.webm]]

[[ATTACHMENT|specs-05-team-Team-Management-Invite-form-can-be-cancelled-chromium/error-context.md]]
]]>
</system-out>
</testcase>
<testcase name="Team Management › Team page accessibility - proper table structure" classname="specs/05-team.spec.ts" time="2.198">
</testcase>
<testcase name="Team Management › Invite member email is required field" classname="specs/05-team.spec.ts" time="12.734">
<failure message="05-team.spec.ts:198:7 Invite member email is required field" type="FAILURE">
<![CDATA[  [chromium] › specs/05-team.spec.ts:198:7 › Team Management › Invite member email is required field 

    TimeoutError: locator.getAttribute: Timeout 10000ms exceeded.
    Call log:
      - waiting for locator('input[name="email"]')


      201 |
      202 |     const emailInput = page.locator('input[name="email"]')
    > 203 |     const isRequired = await emailInput.getAttribute('required')
          |                                         ^
      204 |     expect(isRequired).toBeDefined()
      205 |   })
      206 | })
        at /Users/mariobustosjmz/Desktop/claude/my-saas-app/e2e/specs/05-team.spec.ts:203:41

    attachment #1: screenshot (image/png) ──────────────────────────────────────────────────────────
    ../test-results/specs-05-team-Team-Managem-7d59a-ber-email-is-required-field-chromium/test-failed-1.png
    ────────────────────────────────────────────────────────────────────────────────────────────────

    attachment #2: video (video/webm) ──────────────────────────────────────────────────────────────
    ../test-results/specs-05-team-Team-Managem-7d59a-ber-email-is-required-field-chromium/video.webm
    ────────────────────────────────────────────────────────────────────────────────────────────────

    Error Context: ../test-results/specs-05-team-Team-Managem-7d59a-ber-email-is-required-field-chromium/error-context.md
]]>
</failure>
<system-out>
<![CDATA[
[[ATTACHMENT|specs-05-team-Team-Managem-7d59a-ber-email-is-required-field-chromium/test-failed-1.png]]

[[ATTACHMENT|specs-05-team-Team-Managem-7d59a-ber-email-is-required-field-chromium/video.webm]]

[[ATTACHMENT|specs-05-team-Team-Managem-7d59a-ber-email-is-required-field-chromium/error-context.md]]
]]>
</system-out>
</testcase>
</testsuite>
<testsuite name="specs/06-reminders.spec.ts" timestamp="2026-02-15T05:52:32.997Z" hostname="chromium" tests="28" failures="12" skipped="0" time="154.812" errors="0">
<testcase name="Reminders Management › Reminders page loads successfully" classname="specs/06-reminders.spec.ts" time="3.126">
</testcase>
<testcase name="Reminders Management › New Reminder button navigates to form" classname="specs/06-reminders.spec.ts" time="3.21">
<failure message="06-reminders.spec.ts:21:7 New Reminder button navigates to form" type="FAILURE">
<![CDATA[  [chromium] › specs/06-reminders.spec.ts:21:7 › Reminders Management › New Reminder button navigates to form 

    Error: locator.isVisible: Error: strict mode violation: locator('a[href="/dashboard/reminders/new"], button:has-text("Nuevo")') resolved to 4 elements:
        1) <a href="/dashboard/reminders/new">…</a> aka getByRole('link', { name: 'Nuevo Recordatorio' }).first()
        2) <button data-slot="button" data-size="default" data-variant="default" class="justify-center gap-2 whitespace-nowrap rounded-md text-sm font-medium transition-all disabled:pointer-events-none disabled:opacity-50 [&_svg]:pointer-events-none [&_svg:not([class*='size-'])]:size-4 shrink-0 [&_svg]:shrink-0 outline-none focus-visible:border-ring focus-visible:ring-ring/50 focus-visible:ring-[3px] aria-invalid:ring-destructive/20 dark:aria-invalid:ring-destructive/40 aria-invalid:border-destructive bg-primary…>…</button> aka getByRole('button', { name: 'Nuevo Recordatorio' }).first()
        3) <a href="/dashboard/reminders/new">…</a> aka getByRole('link', { name: 'Nuevo Recordatorio' }).nth(1)
        4) <button data-slot="button" data-size="default" data-variant="default" class="inline-flex items-center justify-center gap-2 whitespace-nowrap rounded-md text-sm font-medium transition-all disabled:pointer-events-none disabled:opacity-50 [&_svg]:pointer-events-none [&_svg:not([class*='size-'])]:size-4 shrink-0 [&_svg]:shrink-0 outline-none focus-visible:border-ring focus-visible:ring-ring/50 focus-visible:ring-[3px] aria-invalid:ring-destructive/20 dark:aria-invalid:ring-destructive/40 aria-invalid:bord…>…</button> aka getByRole('button', { name: 'Nuevo Recordatorio' }).nth(1)

    Call log:
        - checking visibility of locator('a[href="/dashboard/reminders/new"], button:has-text("Nuevo")')


      24 |
      25 |     const newButton = page.locator('a[href="/dashboard/reminders/new"], button:has-text("Nuevo")')
    > 26 |     if (await newButton.isVisible()) {
         |                         ^
      27 |       await newButton.click()
      28 |       expect(page.url()).toContain('/dashboard/reminders/new')
      29 |     }
        at /Users/mariobustosjmz/Desktop/claude/my-saas-app/e2e/specs/06-reminders.spec.ts:26:25

    attachment #1: screenshot (image/png) ──────────────────────────────────────────────────────────
    ../test-results/specs-06-reminders-Reminde-9d343-er-button-navigates-to-form-chromium/test-failed-1.png
    ────────────────────────────────────────────────────────────────────────────────────────────────

    attachment #2: video (video/webm) ──────────────────────────────────────────────────────────────
    ../test-results/specs-06-reminders-Reminde-9d343-er-button-navigates-to-form-chromium/video.webm
    ────────────────────────────────────────────────────────────────────────────────────────────────

    Error Context: ../test-results/specs-06-reminders-Reminde-9d343-er-button-navigates-to-form-chromium/error-context.md
]]>
</failure>
<system-out>
<![CDATA[
[[ATTACHMENT|specs-06-reminders-Reminde-9d343-er-button-navigates-to-form-chromium/test-failed-1.png]]

[[ATTACHMENT|specs-06-reminders-Reminde-9d343-er-button-navigates-to-form-chromium/video.webm]]

[[ATTACHMENT|specs-06-reminders-Reminde-9d343-er-button-navigates-to-form-chromium/error-context.md]]
]]>
</system-out>
</testcase>
<testcase name="Reminders Management › Reminder form has title field" classname="specs/06-reminders.spec.ts" time="3.443">
</testcase>
<testcase name="Reminders Management › Reminder form has description field" classname="specs/06-reminders.spec.ts" time="3.097">
</testcase>
<testcase name="Reminders Management › Reminder form has due date field" classname="specs/06-reminders.spec.ts" time="2.987">
</testcase>
<testcase name="Reminders Management › Create reminder with all fields" classname="specs/06-reminders.spec.ts" time="12.715">
<failure message="06-reminders.spec.ts:60:7 Create reminder with all fields" type="FAILURE">
<![CDATA[  [chromium] › specs/06-reminders.spec.ts:60:7 › Reminders Management › Create reminder with all fields 

    TimeoutError: locator.fill: Timeout 10000ms exceeded.
    Call log:
      - waiting for locator('textarea[name="description"]')


       at pages/reminders.page.ts:34

      32 |     if (data.description) {
      33 |       const descInput = this.page.locator('textarea[name="description"]')
    > 34 |       await descInput.fill(data.description)
         |                       ^
      35 |     }
      36 |
      37 |     if (data.dueDate) {
        at RemindersPage.fillReminderForm (/Users/mariobustosjmz/Desktop/claude/my-saas-app/e2e/pages/reminders.page.ts:34:23)
        at RemindersPage.createReminder (/Users/mariobustosjmz/Desktop/claude/my-saas-app/e2e/pages/reminders.page.ts:68:5)
        at /Users/mariobustosjmz/Desktop/claude/my-saas-app/e2e/specs/06-reminders.spec.ts:62:5

    attachment #1: screenshot (image/png) ──────────────────────────────────────────────────────────
    ../test-results/specs-06-reminders-Reminde-d07f7-te-reminder-with-all-fields-chromium/test-failed-1.png
    ────────────────────────────────────────────────────────────────────────────────────────────────

    attachment #2: video (video/webm) ──────────────────────────────────────────────────────────────
    ../test-results/specs-06-reminders-Reminde-d07f7-te-reminder-with-all-fields-chromium/video.webm
    ────────────────────────────────────────────────────────────────────────────────────────────────

    Error Context: ../test-results/specs-06-reminders-Reminde-d07f7-te-reminder-with-all-fields-chromium/error-context.md
]]>
</failure>
<system-out>
<![CDATA[
[[ATTACHMENT|specs-06-reminders-Reminde-d07f7-te-reminder-with-all-fields-chromium/test-failed-1.png]]

[[ATTACHMENT|specs-06-reminders-Reminde-d07f7-te-reminder-with-all-fields-chromium/video.webm]]

[[ATTACHMENT|specs-06-reminders-Reminde-d07f7-te-reminder-with-all-fields-chromium/error-context.md]]
]]>
</system-out>
</testcase>
<testcase name="Reminders Management › Create reminder with title only" classname="specs/06-reminders.spec.ts" time="7.541">
<failure message="06-reminders.spec.ts:68:7 Create reminder with title only" type="FAILURE">
<![CDATA[  [chromium] › specs/06-reminders.spec.ts:68:7 › Reminders Management › Create reminder with title only 

    TimeoutError: page.waitForURL: Timeout 5000ms exceeded.
    =========================== logs ===========================
    waiting for navigation to "**/dashboard/reminders" until "load"
    ============================================================

       at pages/reminders.page.ts:59

      57 |   async submitReminderForm() {
      58 |     await this.page.locator('button[type="submit"]:has-text("Crear"), button[type="submit"]:has-text("Guardar")').click()
    > 59 |     await this.page.waitForURL('**/dashboard/reminders', { timeout: 5000 })
         |                     ^
      60 |   }
      61 |
      62 |   async createReminder(data: {
        at RemindersPage.submitReminderForm (/Users/mariobustosjmz/Desktop/claude/my-saas-app/e2e/pages/reminders.page.ts:59:21)
        at RemindersPage.createReminder (/Users/mariobustosjmz/Desktop/claude/my-saas-app/e2e/pages/reminders.page.ts:69:5)
        at /Users/mariobustosjmz/Desktop/claude/my-saas-app/e2e/specs/06-reminders.spec.ts:72:5

    attachment #1: screenshot (image/png) ──────────────────────────────────────────────────────────
    ../test-results/specs-06-reminders-Reminde-7e81f-te-reminder-with-title-only-chromium/test-failed-1.png
    ────────────────────────────────────────────────────────────────────────────────────────────────

    attachment #2: video (video/webm) ──────────────────────────────────────────────────────────────
    ../test-results/specs-06-reminders-Reminde-7e81f-te-reminder-with-title-only-chromium/video.webm
    ────────────────────────────────────────────────────────────────────────────────────────────────

    Error Context: ../test-results/specs-06-reminders-Reminde-7e81f-te-reminder-with-title-only-chromium/error-context.md
]]>
</failure>
<system-out>
<![CDATA[
[[ATTACHMENT|specs-06-reminders-Reminde-7e81f-te-reminder-with-title-only-chromium/test-failed-1.png]]

[[ATTACHMENT|specs-06-reminders-Reminde-7e81f-te-reminder-with-title-only-chromium/video.webm]]

[[ATTACHMENT|specs-06-reminders-Reminde-7e81f-te-reminder-with-title-only-chromium/error-context.md]]
]]>
</system-out>
</testcase>
<testcase name="Reminders Management › Reminders list displays correctly" classname="specs/06-reminders.spec.ts" time="2.651">
</testcase>
<testcase name="Reminders Management › Empty state shown when no reminders" classname="specs/06-reminders.spec.ts" time="2.862">
</testcase>
<testcase name="Reminders Management › Reminder table has required columns" classname="specs/06-reminders.spec.ts" time="3.652">
</testcase>
<testcase name="Reminders Management › Reminder title is required" classname="specs/06-reminders.spec.ts" time="3.42">
</testcase>
<testcase name="Reminders Management › Reminder form submit button is visible" classname="specs/06-reminders.spec.ts" time="3.217">
</testcase>
<testcase name="Reminders Management › Click on reminder row navigates to details" classname="specs/06-reminders.spec.ts" time="3.435">
</testcase>
<testcase name="Reminders Management › Reminder details page shows title" classname="specs/06-reminders.spec.ts" time="8.833">
<failure message="06-reminders.spec.ts:139:7 Reminder details page shows title" type="FAILURE">
<![CDATA[  [chromium] › specs/06-reminders.spec.ts:139:7 › Reminders Management › Reminder details page shows title 

    TimeoutError: page.waitForURL: Timeout 5000ms exceeded.
    =========================== logs ===========================
    waiting for navigation to "**/dashboard/reminders" until "load"
    ============================================================

       at pages/reminders.page.ts:59

      57 |   async submitReminderForm() {
      58 |     await this.page.locator('button[type="submit"]:has-text("Crear"), button[type="submit"]:has-text("Guardar")').click()
    > 59 |     await this.page.waitForURL('**/dashboard/reminders', { timeout: 5000 })
         |                     ^
      60 |   }
      61 |
      62 |   async createReminder(data: {
        at RemindersPage.submitReminderForm (/Users/mariobustosjmz/Desktop/claude/my-saas-app/e2e/pages/reminders.page.ts:59:21)
        at RemindersPage.createReminder (/Users/mariobustosjmz/Desktop/claude/my-saas-app/e2e/pages/reminders.page.ts:69:5)
        at /Users/mariobustosjmz/Desktop/claude/my-saas-app/e2e/specs/06-reminders.spec.ts:143:5

    attachment #1: screenshot (image/png) ──────────────────────────────────────────────────────────
    ../test-results/specs-06-reminders-Reminde-4e54c-er-details-page-shows-title-chromium/test-failed-1.png
    ────────────────────────────────────────────────────────────────────────────────────────────────

    attachment #2: video (video/webm) ──────────────────────────────────────────────────────────────
    ../test-results/specs-06-reminders-Reminde-4e54c-er-details-page-shows-title-chromium/video.webm
    ────────────────────────────────────────────────────────────────────────────────────────────────

    Error Context: ../test-results/specs-06-reminders-Reminde-4e54c-er-details-page-shows-title-chromium/error-context.md
]]>
</failure>
<system-out>
<![CDATA[
[[ATTACHMENT|specs-06-reminders-Reminde-4e54c-er-details-page-shows-title-chromium/test-failed-1.png]]

[[ATTACHMENT|specs-06-reminders-Reminde-4e54c-er-details-page-shows-title-chromium/video.webm]]

[[ATTACHMENT|specs-06-reminders-Reminde-4e54c-er-details-page-shows-title-chromium/error-context.md]]
]]>
</system-out>
</testcase>
<testcase name="Reminders Management › Reminder status is displayed" classname="specs/06-reminders.spec.ts" time="3.398">
</testcase>
<testcase name="Reminders Management › Multiple reminders can be created" classname="specs/06-reminders.spec.ts" time="8.741">
<failure message="06-reminders.spec.ts:166:7 Multiple reminders can be created" type="FAILURE">
<![CDATA[  [chromium] › specs/06-reminders.spec.ts:166:7 › Reminders Management › Multiple reminders can be created 

    TimeoutError: page.waitForURL: Timeout 5000ms exceeded.
    =========================== logs ===========================
    waiting for navigation to "**/dashboard/reminders" until "load"
    ============================================================

       at pages/reminders.page.ts:59

      57 |   async submitReminderForm() {
      58 |     await this.page.locator('button[type="submit"]:has-text("Crear"), button[type="submit"]:has-text("Guardar")').click()
    > 59 |     await this.page.waitForURL('**/dashboard/reminders', { timeout: 5000 })
         |                     ^
      60 |   }
      61 |
      62 |   async createReminder(data: {
        at RemindersPage.submitReminderForm (/Users/mariobustosjmz/Desktop/claude/my-saas-app/e2e/pages/reminders.page.ts:59:21)
        at RemindersPage.createReminder (/Users/mariobustosjmz/Desktop/claude/my-saas-app/e2e/pages/reminders.page.ts:69:5)
        at /Users/mariobustosjmz/Desktop/claude/my-saas-app/e2e/specs/06-reminders.spec.ts:177:5

    attachment #1: screenshot (image/png) ──────────────────────────────────────────────────────────
    ../test-results/specs-06-reminders-Reminde-705ed-le-reminders-can-be-created-chromium/test-failed-1.png
    ────────────────────────────────────────────────────────────────────────────────────────────────

    attachment #2: video (video/webm) ──────────────────────────────────────────────────────────────
    ../test-results/specs-06-reminders-Reminde-705ed-le-reminders-can-be-created-chromium/video.webm
    ────────────────────────────────────────────────────────────────────────────────────────────────

    Error Context: ../test-results/specs-06-reminders-Reminde-705ed-le-reminders-can-be-created-chromium/error-context.md
]]>
</failure>
<system-out>
<![CDATA[
[[ATTACHMENT|specs-06-reminders-Reminde-705ed-le-reminders-can-be-created-chromium/test-failed-1.png]]

[[ATTACHMENT|specs-06-reminders-Reminde-705ed-le-reminders-can-be-created-chromium/video.webm]]

[[ATTACHMENT|specs-06-reminders-Reminde-705ed-le-reminders-can-be-created-chromium/error-context.md]]
]]>
</system-out>
</testcase>
<testcase name="Reminders Management › Reminder form can be cancelled" classname="specs/06-reminders.spec.ts" time="4.149">
<failure message="06-reminders.spec.ts:187:7 Reminder form can be cancelled" type="FAILURE">
<![CDATA[  [chromium] › specs/06-reminders.spec.ts:187:7 › Reminders Management › Reminder form can be cancelled 

    Error: locator.isVisible: Error: strict mode violation: locator('a:has-text("Cancelar"), a:has-text("Cancel"), button:has-text("Cancelar")') resolved to 2 elements:
        1) <a href="/dashboard/reminders">…</a> aka getByRole('link', { name: 'Cancelar' })
        2) <button type="button" data-slot="button" data-size="default" data-variant="outline" class="inline-flex items-center justify-center gap-2 whitespace-nowrap rounded-md text-sm font-medium transition-all disabled:pointer-events-none disabled:opacity-50 [&_svg]:pointer-events-none [&_svg:not([class*='size-'])]:size-4 shrink-0 [&_svg]:shrink-0 outline-none focus-visible:border-ring focus-visible:ring-ring/50 focus-visible:ring-[3px] aria-invalid:ring-destructive/20 dark:aria-invalid:ring-destructive/40 ari…>Cancelar</button> aka getByRole('button', { name: 'Cancelar' })

    Call log:
        - checking visibility of locator('a:has-text("Cancelar"), a:has-text("Cancel"), button:has-text("Cancelar")')


      190 |
      191 |     const cancelButton = page.locator('a:has-text("Cancelar"), a:has-text("Cancel"), button:has-text("Cancelar")')
    > 192 |     if (await cancelButton.isVisible()) {
          |                            ^
      193 |       await cancelButton.click()
      194 |       await page.waitForURL('**/dashboard/reminders')
      195 |     }
        at /Users/mariobustosjmz/Desktop/claude/my-saas-app/e2e/specs/06-reminders.spec.ts:192:28

    attachment #1: screenshot (image/png) ──────────────────────────────────────────────────────────
    ../test-results/specs-06-reminders-Reminde-9be4b-inder-form-can-be-cancelled-chromium/test-failed-1.png
    ────────────────────────────────────────────────────────────────────────────────────────────────

    attachment #2: video (video/webm) ──────────────────────────────────────────────────────────────
    ../test-results/specs-06-reminders-Reminde-9be4b-inder-form-can-be-cancelled-chromium/video.webm
    ────────────────────────────────────────────────────────────────────────────────────────────────

    Error Context: ../test-results/specs-06-reminders-Reminde-9be4b-inder-form-can-be-cancelled-chromium/error-context.md
]]>
</failure>
<system-out>
<![CDATA[
[[ATTACHMENT|specs-06-reminders-Reminde-9be4b-inder-form-can-be-cancelled-chromium/test-failed-1.png]]

[[ATTACHMENT|specs-06-reminders-Reminde-9be4b-inder-form-can-be-cancelled-chromium/video.webm]]

[[ATTACHMENT|specs-06-reminders-Reminde-9be4b-inder-form-can-be-cancelled-chromium/error-context.md]]
]]>
</system-out>
</testcase>
<testcase name="Reminders Management › Reminder due date is formatted correctly" classname="specs/06-reminders.spec.ts" time="9.063">
<failure message="06-reminders.spec.ts:198:7 Reminder due date is formatted correctly" type="FAILURE">
<![CDATA[  [chromium] › specs/06-reminders.spec.ts:198:7 › Reminders Management › Reminder due date is formatted correctly 

    TimeoutError: page.waitForURL: Timeout 5000ms exceeded.
    =========================== logs ===========================
    waiting for navigation to "**/dashboard/reminders" until "load"
    ============================================================

       at pages/reminders.page.ts:59

      57 |   async submitReminderForm() {
      58 |     await this.page.locator('button[type="submit"]:has-text("Crear"), button[type="submit"]:has-text("Guardar")').click()
    > 59 |     await this.page.waitForURL('**/dashboard/reminders', { timeout: 5000 })
         |                     ^
      60 |   }
      61 |
      62 |   async createReminder(data: {
        at RemindersPage.submitReminderForm (/Users/mariobustosjmz/Desktop/claude/my-saas-app/e2e/pages/reminders.page.ts:59:21)
        at RemindersPage.createReminder (/Users/mariobustosjmz/Desktop/claude/my-saas-app/e2e/pages/reminders.page.ts:69:5)
        at /Users/mariobustosjmz/Desktop/claude/my-saas-app/e2e/specs/06-reminders.spec.ts:202:5

    attachment #1: screenshot (image/png) ──────────────────────────────────────────────────────────
    ../test-results/specs-06-reminders-Reminde-8e6d3-date-is-formatted-correctly-chromium/test-failed-1.png
    ────────────────────────────────────────────────────────────────────────────────────────────────

    attachment #2: video (video/webm) ──────────────────────────────────────────────────────────────
    ../test-results/specs-06-reminders-Reminde-8e6d3-date-is-formatted-correctly-chromium/video.webm
    ────────────────────────────────────────────────────────────────────────────────────────────────

    Error Context: ../test-results/specs-06-reminders-Reminde-8e6d3-date-is-formatted-correctly-chromium/error-context.md
]]>
</failure>
<system-out>
<![CDATA[
[[ATTACHMENT|specs-06-reminders-Reminde-8e6d3-date-is-formatted-correctly-chromium/test-failed-1.png]]

[[ATTACHMENT|specs-06-reminders-Reminde-8e6d3-date-is-formatted-correctly-chromium/video.webm]]

[[ATTACHMENT|specs-06-reminders-Reminde-8e6d3-date-is-formatted-correctly-chromium/error-context.md]]
]]>
</system-out>
</testcase>
<testcase name="Reminders Management › Reminders accessibility - proper table structure" classname="specs/06-reminders.spec.ts" time="3.954">
</testcase>
<testcase name="Reminders Management › Reminder form has proper form structure" classname="specs/06-reminders.spec.ts" time="3.765">
</testcase>
<testcase name="Reminders Management › Mark reminder as completed" classname="specs/06-reminders.spec.ts" time="8.334">
<failure message="06-reminders.spec.ts:236:7 Mark reminder as completed" type="FAILURE">
<![CDATA[  [chromium] › specs/06-reminders.spec.ts:236:7 › Reminders Management › Mark reminder as completed 

    TimeoutError: page.waitForURL: Timeout 5000ms exceeded.
    =========================== logs ===========================
    waiting for navigation to "**/dashboard/reminders" until "load"
    ============================================================

       at pages/reminders.page.ts:59

      57 |   async submitReminderForm() {
      58 |     await this.page.locator('button[type="submit"]:has-text("Crear"), button[type="submit"]:has-text("Guardar")').click()
    > 59 |     await this.page.waitForURL('**/dashboard/reminders', { timeout: 5000 })
         |                     ^
      60 |   }
      61 |
      62 |   async createReminder(data: {
        at RemindersPage.submitReminderForm (/Users/mariobustosjmz/Desktop/claude/my-saas-app/e2e/pages/reminders.page.ts:59:21)
        at RemindersPage.createReminder (/Users/mariobustosjmz/Desktop/claude/my-saas-app/e2e/pages/reminders.page.ts:69:5)
        at /Users/mariobustosjmz/Desktop/claude/my-saas-app/e2e/specs/06-reminders.spec.ts:240:5

    attachment #1: screenshot (image/png) ──────────────────────────────────────────────────────────
    ../test-results/specs-06-reminders-Reminde-c0af1--Mark-reminder-as-completed-chromium/test-failed-1.png
    ────────────────────────────────────────────────────────────────────────────────────────────────

    attachment #2: video (video/webm) ──────────────────────────────────────────────────────────────
    ../test-results/specs-06-reminders-Reminde-c0af1--Mark-reminder-as-completed-chromium/video.webm
    ────────────────────────────────────────────────────────────────────────────────────────────────

    Error Context: ../test-results/specs-06-reminders-Reminde-c0af1--Mark-reminder-as-completed-chromium/error-context.md
]]>
</failure>
<system-out>
<![CDATA[
[[ATTACHMENT|specs-06-reminders-Reminde-c0af1--Mark-reminder-as-completed-chromium/test-failed-1.png]]

[[ATTACHMENT|specs-06-reminders-Reminde-c0af1--Mark-reminder-as-completed-chromium/video.webm]]

[[ATTACHMENT|specs-06-reminders-Reminde-c0af1--Mark-reminder-as-completed-chromium/error-context.md]]
]]>
</system-out>
</testcase>
<testcase name="Reminders Management › Delete reminder from details" classname="specs/06-reminders.spec.ts" time="8.617">
<failure message="06-reminders.spec.ts:256:7 Delete reminder from details" type="FAILURE">
<![CDATA[  [chromium] › specs/06-reminders.spec.ts:256:7 › Reminders Management › Delete reminder from details 

    TimeoutError: page.waitForURL: Timeout 5000ms exceeded.
    =========================== logs ===========================
    waiting for navigation to "**/dashboard/reminders" until "load"
    ============================================================

       at pages/reminders.page.ts:59

      57 |   async submitReminderForm() {
      58 |     await this.page.locator('button[type="submit"]:has-text("Crear"), button[type="submit"]:has-text("Guardar")').click()
    > 59 |     await this.page.waitForURL('**/dashboard/reminders', { timeout: 5000 })
         |                     ^
      60 |   }
      61 |
      62 |   async createReminder(data: {
        at RemindersPage.submitReminderForm (/Users/mariobustosjmz/Desktop/claude/my-saas-app/e2e/pages/reminders.page.ts:59:21)
        at RemindersPage.createReminder (/Users/mariobustosjmz/Desktop/claude/my-saas-app/e2e/pages/reminders.page.ts:69:5)
        at /Users/mariobustosjmz/Desktop/claude/my-saas-app/e2e/specs/06-reminders.spec.ts:260:5

    attachment #1: screenshot (image/png) ──────────────────────────────────────────────────────────
    ../test-results/specs-06-reminders-Reminde-b9489-elete-reminder-from-details-chromium/test-failed-1.png
    ────────────────────────────────────────────────────────────────────────────────────────────────

    attachment #2: video (video/webm) ──────────────────────────────────────────────────────────────
    ../test-results/specs-06-reminders-Reminde-b9489-elete-reminder-from-details-chromium/video.webm
    ────────────────────────────────────────────────────────────────────────────────────────────────

    Error Context: ../test-results/specs-06-reminders-Reminde-b9489-elete-reminder-from-details-chromium/error-context.md
]]>
</failure>
<system-out>
<![CDATA[
[[ATTACHMENT|specs-06-reminders-Reminde-b9489-elete-reminder-from-details-chromium/test-failed-1.png]]

[[ATTACHMENT|specs-06-reminders-Reminde-b9489-elete-reminder-from-details-chromium/video.webm]]

[[ATTACHMENT|specs-06-reminders-Reminde-b9489-elete-reminder-from-details-chromium/error-context.md]]
]]>
</system-out>
</testcase>
<testcase name="Reminders Management › Edit reminder" classname="specs/06-reminders.spec.ts" time="7.993">
<failure message="06-reminders.spec.ts:282:7 Edit reminder" type="FAILURE">
<![CDATA[  [chromium] › specs/06-reminders.spec.ts:282:7 › Reminders Management › Edit reminder ─────────────

    TimeoutError: page.waitForURL: Timeout 5000ms exceeded.
    =========================== logs ===========================
    waiting for navigation to "**/dashboard/reminders" until "load"
    ============================================================

       at pages/reminders.page.ts:59

      57 |   async submitReminderForm() {
      58 |     await this.page.locator('button[type="submit"]:has-text("Crear"), button[type="submit"]:has-text("Guardar")').click()
    > 59 |     await this.page.waitForURL('**/dashboard/reminders', { timeout: 5000 })
         |                     ^
      60 |   }
      61 |
      62 |   async createReminder(data: {
        at RemindersPage.submitReminderForm (/Users/mariobustosjmz/Desktop/claude/my-saas-app/e2e/pages/reminders.page.ts:59:21)
        at RemindersPage.createReminder (/Users/mariobustosjmz/Desktop/claude/my-saas-app/e2e/pages/reminders.page.ts:69:5)
        at /Users/mariobustosjmz/Desktop/claude/my-saas-app/e2e/specs/06-reminders.spec.ts:286:5

    attachment #1: screenshot (image/png) ──────────────────────────────────────────────────────────
    ../test-results/specs-06-reminders-Reminders-Management-Edit-reminder-chromium/test-failed-1.png
    ────────────────────────────────────────────────────────────────────────────────────────────────

    attachment #2: video (video/webm) ──────────────────────────────────────────────────────────────
    ../test-results/specs-06-reminders-Reminders-Management-Edit-reminder-chromium/video.webm
    ────────────────────────────────────────────────────────────────────────────────────────────────

    Error Context: ../test-results/specs-06-reminders-Reminders-Management-Edit-reminder-chromium/error-context.md
]]>
</failure>
<system-out>
<![CDATA[
[[ATTACHMENT|specs-06-reminders-Reminders-Management-Edit-reminder-chromium/test-failed-1.png]]

[[ATTACHMENT|specs-06-reminders-Reminders-Management-Edit-reminder-chromium/video.webm]]

[[ATTACHMENT|specs-06-reminders-Reminders-Management-Edit-reminder-chromium/error-context.md]]
]]>
</system-out>
</testcase>
<testcase name="Reminders Management › Snooze reminder" classname="specs/06-reminders.spec.ts" time="10.856">
<failure message="06-reminders.spec.ts:312:7 Snooze reminder" type="FAILURE">
<![CDATA[  [chromium] › specs/06-reminders.spec.ts:312:7 › Reminders Management › Snooze reminder ───────────

    TimeoutError: page.waitForURL: Timeout 5000ms exceeded.
    =========================== logs ===========================
    waiting for navigation to "**/dashboard/reminders" until "load"
    ============================================================

       at pages/reminders.page.ts:59

      57 |   async submitReminderForm() {
      58 |     await this.page.locator('button[type="submit"]:has-text("Crear"), button[type="submit"]:has-text("Guardar")').click()
    > 59 |     await this.page.waitForURL('**/dashboard/reminders', { timeout: 5000 })
         |                     ^
      60 |   }
      61 |
      62 |   async createReminder(data: {
        at RemindersPage.submitReminderForm (/Users/mariobustosjmz/Desktop/claude/my-saas-app/e2e/pages/reminders.page.ts:59:21)
        at RemindersPage.createReminder (/Users/mariobustosjmz/Desktop/claude/my-saas-app/e2e/pages/reminders.page.ts:69:5)
        at /Users/mariobustosjmz/Desktop/claude/my-saas-app/e2e/specs/06-reminders.spec.ts:316:5

    attachment #1: screenshot (image/png) ──────────────────────────────────────────────────────────
    ../test-results/specs-06-reminders-Reminders-Management-Snooze-reminder-chromium/test-failed-1.png
    ────────────────────────────────────────────────────────────────────────────────────────────────

    attachment #2: video (video/webm) ──────────────────────────────────────────────────────────────
    ../test-results/specs-06-reminders-Reminders-Management-Snooze-reminder-chromium/video.webm
    ────────────────────────────────────────────────────────────────────────────────────────────────

    Error Context: ../test-results/specs-06-reminders-Reminders-Management-Snooze-reminder-chromium/error-context.md
]]>
</failure>
<system-out>
<![CDATA[
[[ATTACHMENT|specs-06-reminders-Reminders-Management-Snooze-reminder-chromium/test-failed-1.png]]

[[ATTACHMENT|specs-06-reminders-Reminders-Management-Snooze-reminder-chromium/video.webm]]

[[ATTACHMENT|specs-06-reminders-Reminders-Management-Snooze-reminder-chromium/error-context.md]]
]]>
</system-out>
</testcase>
<testcase name="Reminders Management › Filter reminders by status" classname="specs/06-reminders.spec.ts" time="5.494">
</testcase>
<testcase name="Reminders Management › Reminders due today are highlighted" classname="specs/06-reminders.spec.ts" time="9.694">
<failure message="06-reminders.spec.ts:353:7 Reminders due today are highlighted" type="FAILURE">
<![CDATA[  [chromium] › specs/06-reminders.spec.ts:353:7 › Reminders Management › Reminders due today are highlighted 

    TimeoutError: page.waitForURL: Timeout 5000ms exceeded.
    =========================== logs ===========================
    waiting for navigation to "**/dashboard/reminders" until "load"
    ============================================================

       at pages/reminders.page.ts:59

      57 |   async submitReminderForm() {
      58 |     await this.page.locator('button[type="submit"]:has-text("Crear"), button[type="submit"]:has-text("Guardar")').click()
    > 59 |     await this.page.waitForURL('**/dashboard/reminders', { timeout: 5000 })
         |                     ^
      60 |   }
      61 |
      62 |   async createReminder(data: {
        at RemindersPage.submitReminderForm (/Users/mariobustosjmz/Desktop/claude/my-saas-app/e2e/pages/reminders.page.ts:59:21)
        at RemindersPage.createReminder (/Users/mariobustosjmz/Desktop/claude/my-saas-app/e2e/pages/reminders.page.ts:69:5)
        at /Users/mariobustosjmz/Desktop/claude/my-saas-app/e2e/specs/06-reminders.spec.ts:359:5

    attachment #1: screenshot (image/png) ──────────────────────────────────────────────────────────
    ../test-results/specs-06-reminders-Reminde-62e17-s-due-today-are-highlighted-chromium/test-failed-1.png
    ────────────────────────────────────────────────────────────────────────────────────────────────

    attachment #2: video (video/webm) ──────────────────────────────────────────────────────────────
    ../test-results/specs-06-reminders-Reminde-62e17-s-due-today-are-highlighted-chromium/video.webm
    ────────────────────────────────────────────────────────────────────────────────────────────────

    Error Context: ../test-results/specs-06-reminders-Reminde-62e17-s-due-today-are-highlighted-chromium/error-context.md
]]>
</failure>
<system-out>
<![CDATA[
[[ATTACHMENT|specs-06-reminders-Reminde-62e17-s-due-today-are-highlighted-chromium/test-failed-1.png]]

[[ATTACHMENT|specs-06-reminders-Reminde-62e17-s-due-today-are-highlighted-chromium/video.webm]]

[[ATTACHMENT|specs-06-reminders-Reminde-62e17-s-due-today-are-highlighted-chromium/error-context.md]]
]]>
</system-out>
</testcase>
<testcase name="Reminders Management › Reminder pagination works" classname="specs/06-reminders.spec.ts" time="3.263">
</testcase>
<testcase name="Reminders Management › Search reminders by title" classname="specs/06-reminders.spec.ts" time="3.302">
</testcase>
</testsuite>
<testsuite name="specs/07-critical-journey.spec.ts" timestamp="2026-02-15T05:52:32.997Z" hostname="chromium" tests="11" failures="8" skipped="0" time="76.456" errors="0">
<testcase name="Critical User Journey: Complete Workflow › User logs in and navigates complete application flow" classname="specs/07-critical-journey.spec.ts" time="3.492">
<failure message="07-critical-journey.spec.ts:10:7 User logs in and navigates complete application flow" type="FAILURE">
<![CDATA[  [chromium] › specs/07-critical-journey.spec.ts:10:7 › Critical User Journey: Complete Workflow › User logs in and navigates complete application flow 

    Error: locator.isVisible: Error: strict mode violation: locator('text=Dashboard') resolved to 2 elements:
        1) <span>Dashboard</span> aka getByRole('link', { name: 'Dashboard' })
        2) <h1 class="text-lg font-semibold text-gray-900">Dashboard</h1> aka getByRole('heading', { name: 'Dashboard' })

    Call log:
        - checking visibility of locator('text=Dashboard')


       at pages/dashboard.page.ts:75

      73 |
      74 |   async isDashboardVisible(): Promise<boolean> {
    > 75 |     return await this.page.locator('text=Dashboard').isVisible()
         |                                                      ^
      76 |   }
      77 |
      78 |   // Stats
        at DashboardPage.isDashboardVisible (/Users/mariobustosjmz/Desktop/claude/my-saas-app/e2e/pages/dashboard.page.ts:75:54)
        at /Users/mariobustosjmz/Desktop/claude/my-saas-app/e2e/specs/07-critical-journey.spec.ts:22:32

    attachment #1: screenshot (image/png) ──────────────────────────────────────────────────────────
    ../test-results/specs-07-critical-journey--9b0f8-s-complete-application-flow-chromium/test-failed-1.png
    ────────────────────────────────────────────────────────────────────────────────────────────────

    attachment #2: video (video/webm) ──────────────────────────────────────────────────────────────
    ../test-results/specs-07-critical-journey--9b0f8-s-complete-application-flow-chromium/video.webm
    ────────────────────────────────────────────────────────────────────────────────────────────────

    Error Context: ../test-results/specs-07-critical-journey--9b0f8-s-complete-application-flow-chromium/error-context.md
]]>
</failure>
<system-out>
<![CDATA[
[[ATTACHMENT|specs-07-critical-journey--9b0f8-s-complete-application-flow-chromium/test-failed-1.png]]

[[ATTACHMENT|specs-07-critical-journey--9b0f8-s-complete-application-flow-chromium/video.webm]]

[[ATTACHMENT|specs-07-critical-journey--9b0f8-s-complete-application-flow-chromium/error-context.md]]
]]>
</system-out>
</testcase>
<testcase name="Critical User Journey: Complete Workflow › User can create client and see it in list" classname="specs/07-critical-journey.spec.ts" time="14.394">
<failure message="07-critical-journey.spec.ts:58:7 User can create client and see it in list" type="FAILURE">
<![CDATA[  [chromium] › specs/07-critical-journey.spec.ts:58:7 › Critical User Journey: Complete Workflow › User can create client and see it in list 

    TimeoutError: locator.textContent: Timeout 10000ms exceeded.
    Call log:
      - waiting for locator('text=Total Clientes').locator('..').locator('div.text-2xl')


       at pages/base.page.ts:23

      21 |
      22 |   async getText(locator: Locator): Promise<string> {
    > 23 |     return await locator.textContent() || ''
         |                          ^
      24 |   }
      25 |
      26 |   async isVisible(locator: Locator): Promise<boolean> {
        at DashboardPage.getText (/Users/mariobustosjmz/Desktop/claude/my-saas-app/e2e/pages/base.page.ts:23:26)
        at DashboardPage.getTotalClientsCount (/Users/mariobustosjmz/Desktop/claude/my-saas-app/e2e/pages/dashboard.page.ts:81:23)
        at /Users/mariobustosjmz/Desktop/claude/my-saas-app/e2e/specs/07-critical-journey.spec.ts:69:46

    attachment #1: screenshot (image/png) ──────────────────────────────────────────────────────────
    ../test-results/specs-07-critical-journey--269b5-e-client-and-see-it-in-list-chromium/test-failed-1.png
    ────────────────────────────────────────────────────────────────────────────────────────────────

    attachment #2: video (video/webm) ──────────────────────────────────────────────────────────────
    ../test-results/specs-07-critical-journey--269b5-e-client-and-see-it-in-list-chromium/video.webm
    ────────────────────────────────────────────────────────────────────────────────────────────────

    Error Context: ../test-results/specs-07-critical-journey--269b5-e-client-and-see-it-in-list-chromium/error-context.md
]]>
</failure>
<system-out>
<![CDATA[
[[ATTACHMENT|specs-07-critical-journey--269b5-e-client-and-see-it-in-list-chromium/test-failed-1.png]]

[[ATTACHMENT|specs-07-critical-journey--269b5-e-client-and-see-it-in-list-chromium/video.webm]]

[[ATTACHMENT|specs-07-critical-journey--269b5-e-client-and-see-it-in-list-chromium/error-context.md]]
]]>
</system-out>
</testcase>
<testcase name="Critical User Journey: Complete Workflow › User can access all main dashboard sections" classname="specs/07-critical-journey.spec.ts" time="9.595">
</testcase>
<testcase name="Critical User Journey: Complete Workflow › User session persists across page navigation" classname="specs/07-critical-journey.spec.ts" time="6.466">
<failure message="07-critical-journey.spec.ts:114:7 User session persists across page navigation" type="FAILURE">
<![CDATA[  [chromium] › specs/07-critical-journey.spec.ts:114:7 › Critical User Journey: Complete Workflow › User session persists across page navigation 

    Error: expect(received).toBeTruthy()

    Received: false

      132 |     // Should still be logged in
      133 |     const loggedIn = await dashboardPage.isLoggedIn()
    > 134 |     expect(loggedIn).toBeTruthy()
          |                      ^
      135 |   })
      136 |
      137 |   test('User cannot access protected routes without authentication', async ({ page }) => {
        at /Users/mariobustosjmz/Desktop/claude/my-saas-app/e2e/specs/07-critical-journey.spec.ts:134:22

    attachment #1: screenshot (image/png) ──────────────────────────────────────────────────────────
    ../test-results/specs-07-critical-journey--35ee2-ists-across-page-navigation-chromium/test-failed-1.png
    ────────────────────────────────────────────────────────────────────────────────────────────────

    attachment #2: video (video/webm) ──────────────────────────────────────────────────────────────
    ../test-results/specs-07-critical-journey--35ee2-ists-across-page-navigation-chromium/video.webm
    ────────────────────────────────────────────────────────────────────────────────────────────────

    Error Context: ../test-results/specs-07-critical-journey--35ee2-ists-across-page-navigation-chromium/error-context.md
]]>
</failure>
<system-out>
<![CDATA[
[[ATTACHMENT|specs-07-critical-journey--35ee2-ists-across-page-navigation-chromium/test-failed-1.png]]

[[ATTACHMENT|specs-07-critical-journey--35ee2-ists-across-page-navigation-chromium/video.webm]]

[[ATTACHMENT|specs-07-critical-journey--35ee2-ists-across-page-navigation-chromium/error-context.md]]
]]>
</system-out>
</testcase>
<testcase name="Critical User Journey: Complete Workflow › User cannot access protected routes without authentication" classname="specs/07-critical-journey.spec.ts" time="1.057">
</testcase>
<testcase name="Critical User Journey: Complete Workflow › User can logout and login again" classname="specs/07-critical-journey.spec.ts" time="13.291">
<failure message="07-critical-journey.spec.ts:146:7 User can logout and login again" type="FAILURE">
<![CDATA[  [chromium] › specs/07-critical-journey.spec.ts:146:7 › Critical User Journey: Complete Workflow › User can logout and login again 

    TimeoutError: locator.click: Timeout 10000ms exceeded.
    Call log:
      - waiting for locator('button:has-text("Cerrar sesión"), a:has-text("Logout")')


       at pages/dashboard.page.ts:56

      54 |
      55 |   async clickLogout() {
    > 56 |     await this.page.locator('button:has-text("Cerrar sesión"), a:has-text("Logout")').click()
         |                                                                                       ^
      57 |   }
      58 |
      59 |   async logout() {
        at DashboardPage.clickLogout (/Users/mariobustosjmz/Desktop/claude/my-saas-app/e2e/pages/dashboard.page.ts:56:87)
        at DashboardPage.logout (/Users/mariobustosjmz/Desktop/claude/my-saas-app/e2e/pages/dashboard.page.ts:61:16)
        at /Users/mariobustosjmz/Desktop/claude/my-saas-app/e2e/specs/07-critical-journey.spec.ts:156:5

    attachment #1: screenshot (image/png) ──────────────────────────────────────────────────────────
    ../test-results/specs-07-critical-journey--e5f41--can-logout-and-login-again-chromium/test-failed-1.png
    ────────────────────────────────────────────────────────────────────────────────────────────────

    attachment #2: video (video/webm) ──────────────────────────────────────────────────────────────
    ../test-results/specs-07-critical-journey--e5f41--can-logout-and-login-again-chromium/video.webm
    ────────────────────────────────────────────────────────────────────────────────────────────────

    Error Context: ../test-results/specs-07-critical-journey--e5f41--can-logout-and-login-again-chromium/error-context.md
]]>
</failure>
<system-out>
<![CDATA[
[[ATTACHMENT|specs-07-critical-journey--e5f41--can-logout-and-login-again-chromium/test-failed-1.png]]

[[ATTACHMENT|specs-07-critical-journey--e5f41--can-logout-and-login-again-chromium/video.webm]]

[[ATTACHMENT|specs-07-critical-journey--e5f41--can-logout-and-login-again-chromium/error-context.md]]
]]>
</system-out>
</testcase>
<testcase name="Critical User Journey: Complete Workflow › Page refresh maintains session" classname="specs/07-critical-journey.spec.ts" time="2.901">
<failure message="07-critical-journey.spec.ts:164:7 Page refresh maintains session" type="FAILURE">
<![CDATA[  [chromium] › specs/07-critical-journey.spec.ts:164:7 › Critical User Journey: Complete Workflow › Page refresh maintains session 

    Error: locator.isVisible: Error: strict mode violation: locator('text=Dashboard') resolved to 2 elements:
        1) <span>Dashboard</span> aka getByRole('link', { name: 'Dashboard' })
        2) <h1 class="text-lg font-semibold text-gray-900">Dashboard</h1> aka getByRole('heading', { name: 'Dashboard' })

    Call log:
        - checking visibility of locator('text=Dashboard')


       at pages/dashboard.page.ts:75

      73 |
      74 |   async isDashboardVisible(): Promise<boolean> {
    > 75 |     return await this.page.locator('text=Dashboard').isVisible()
         |                                                      ^
      76 |   }
      77 |
      78 |   // Stats
        at DashboardPage.isDashboardVisible (/Users/mariobustosjmz/Desktop/claude/my-saas-app/e2e/pages/dashboard.page.ts:75:54)
        at /Users/mariobustosjmz/Desktop/claude/my-saas-app/e2e/specs/07-critical-journey.spec.ts:179:45

    attachment #1: screenshot (image/png) ──────────────────────────────────────────────────────────
    ../test-results/specs-07-critical-journey--71efa-e-refresh-maintains-session-chromium/test-failed-1.png
    ────────────────────────────────────────────────────────────────────────────────────────────────

    attachment #2: video (video/webm) ──────────────────────────────────────────────────────────────
    ../test-results/specs-07-critical-journey--71efa-e-refresh-maintains-session-chromium/video.webm
    ────────────────────────────────────────────────────────────────────────────────────────────────

    Error Context: ../test-results/specs-07-critical-journey--71efa-e-refresh-maintains-session-chromium/error-context.md
]]>
</failure>
<system-out>
<![CDATA[
[[ATTACHMENT|specs-07-critical-journey--71efa-e-refresh-maintains-session-chromium/test-failed-1.png]]

[[ATTACHMENT|specs-07-critical-journey--71efa-e-refresh-maintains-session-chromium/video.webm]]

[[ATTACHMENT|specs-07-critical-journey--71efa-e-refresh-maintains-session-chromium/error-context.md]]
]]>
</system-out>
</testcase>
<testcase name="Critical User Journey: Complete Workflow › User data is displayed correctly after login" classname="specs/07-critical-journey.spec.ts" time="1.609">
</testcase>
<testcase name="Critical User Journey: Complete Workflow › Dashboard stats are visible and contain data" classname="specs/07-critical-journey.spec.ts" time="13.586">
<failure message="07-critical-journey.spec.ts:199:7 Dashboard stats are visible and contain data" type="FAILURE">
<![CDATA[  [chromium] › specs/07-critical-journey.spec.ts:199:7 › Critical User Journey: Complete Workflow › Dashboard stats are visible and contain data 

    TimeoutError: locator.textContent: Timeout 10000ms exceeded.
    Call log:
      - waiting for locator('text=Total Clientes').locator('..').locator('div.text-2xl')


       at pages/base.page.ts:23

      21 |
      22 |   async getText(locator: Locator): Promise<string> {
    > 23 |     return await locator.textContent() || ''
         |                          ^
      24 |   }
      25 |
      26 |   async isVisible(locator: Locator): Promise<boolean> {
        at DashboardPage.getText (/Users/mariobustosjmz/Desktop/claude/my-saas-app/e2e/pages/base.page.ts:23:26)
        at DashboardPage.getTotalClientsCount (/Users/mariobustosjmz/Desktop/claude/my-saas-app/e2e/pages/dashboard.page.ts:81:23)
        at /Users/mariobustosjmz/Desktop/claude/my-saas-app/e2e/specs/07-critical-journey.spec.ts:209:46

    attachment #1: screenshot (image/png) ──────────────────────────────────────────────────────────
    ../test-results/specs-07-critical-journey--7a467-re-visible-and-contain-data-chromium/test-failed-1.png
    ────────────────────────────────────────────────────────────────────────────────────────────────

    attachment #2: video (video/webm) ──────────────────────────────────────────────────────────────
    ../test-results/specs-07-critical-journey--7a467-re-visible-and-contain-data-chromium/video.webm
    ────────────────────────────────────────────────────────────────────────────────────────────────

    Error Context: ../test-results/specs-07-critical-journey--7a467-re-visible-and-contain-data-chromium/error-context.md
]]>
</failure>
<system-out>
<![CDATA[
[[ATTACHMENT|specs-07-critical-journey--7a467-re-visible-and-contain-data-chromium/test-failed-1.png]]

[[ATTACHMENT|specs-07-critical-journey--7a467-re-visible-and-contain-data-chromium/video.webm]]

[[ATTACHMENT|specs-07-critical-journey--7a467-re-visible-and-contain-data-chromium/error-context.md]]
]]>
</system-out>
</testcase>
<testcase name="Critical User Journey: Complete Workflow › Network error handling during navigation" classname="specs/07-critical-journey.spec.ts" time="2.503">
<failure message="07-critical-journey.spec.ts:214:7 Network error handling during navigation" type="FAILURE">
<![CDATA[  [chromium] › specs/07-critical-journey.spec.ts:214:7 › Critical User Journey: Complete Workflow › Network error handling during navigation 

    Error: locator.isVisible: Error: strict mode violation: locator('text=Dashboard') resolved to 2 elements:
        1) <span>Dashboard</span> aka getByRole('link', { name: 'Dashboard' })
        2) <h1 class="text-lg font-semibold text-gray-900">Dashboard</h1> aka getByRole('heading', { name: 'Dashboard' })

    Call log:
        - checking visibility of locator('text=Dashboard')


       at pages/dashboard.page.ts:75

      73 |
      74 |   async isDashboardVisible(): Promise<boolean> {
    > 75 |     return await this.page.locator('text=Dashboard').isVisible()
         |                                                      ^
      76 |   }
      77 |
      78 |   // Stats
        at DashboardPage.isDashboardVisible (/Users/mariobustosjmz/Desktop/claude/my-saas-app/e2e/pages/dashboard.page.ts:75:54)
        at /Users/mariobustosjmz/Desktop/claude/my-saas-app/e2e/specs/07-critical-journey.spec.ts:224:45

    attachment #1: screenshot (image/png) ──────────────────────────────────────────────────────────
    ../test-results/specs-07-critical-journey--fad7c--handling-during-navigation-chromium/test-failed-1.png
    ────────────────────────────────────────────────────────────────────────────────────────────────

    attachment #2: video (video/webm) ──────────────────────────────────────────────────────────────
    ../test-results/specs-07-critical-journey--fad7c--handling-during-navigation-chromium/video.webm
    ────────────────────────────────────────────────────────────────────────────────────────────────

    Error Context: ../test-results/specs-07-critical-journey--fad7c--handling-during-navigation-chromium/error-context.md
]]>
</failure>
<system-out>
<![CDATA[
[[ATTACHMENT|specs-07-critical-journey--fad7c--handling-during-navigation-chromium/test-failed-1.png]]

[[ATTACHMENT|specs-07-critical-journey--fad7c--handling-during-navigation-chromium/video.webm]]

[[ATTACHMENT|specs-07-critical-journey--fad7c--handling-during-navigation-chromium/error-context.md]]
]]>
</system-out>
</testcase>
<testcase name="Critical User Journey: Complete Workflow › Mobile viewport - complete workflow" classname="specs/07-critical-journey.spec.ts" time="7.562">
<failure message="07-critical-journey.spec.ts:228:7 Mobile viewport - complete workflow" type="FAILURE">
<![CDATA[  [chromium] › specs/07-critical-journey.spec.ts:228:7 › Critical User Journey: Complete Workflow › Mobile viewport - complete workflow 

    TimeoutError: page.waitForURL: Timeout 5000ms exceeded.
    =========================== logs ===========================
    waiting for navigation to "**/dashboard/clients" until "load"
    ============================================================

       at pages/clients.page.ts:54

      52 |   async submitClientForm() {
      53 |     await this.page.locator('button[type="submit"]:has-text("Crear"), button[type="submit"]:has-text("Guardar")').click()
    > 54 |     await this.page.waitForURL('**/dashboard/clients', { timeout: 5000 })
         |                     ^
      55 |   }
      56 |
      57 |   async createClient(data: {
        at ClientsPage.submitClientForm (/Users/mariobustosjmz/Desktop/claude/my-saas-app/e2e/pages/clients.page.ts:54:21)
        at ClientsPage.createClient (/Users/mariobustosjmz/Desktop/claude/my-saas-app/e2e/pages/clients.page.ts:65:5)
        at /Users/mariobustosjmz/Desktop/claude/my-saas-app/e2e/specs/07-critical-journey.spec.ts:249:5

    attachment #1: screenshot (image/png) ──────────────────────────────────────────────────────────
    ../test-results/specs-07-critical-journey--c2b4d-iewport---complete-workflow-chromium/test-failed-1.png
    ────────────────────────────────────────────────────────────────────────────────────────────────

    attachment #2: video (video/webm) ──────────────────────────────────────────────────────────────
    ../test-results/specs-07-critical-journey--c2b4d-iewport---complete-workflow-chromium/video.webm
    ────────────────────────────────────────────────────────────────────────────────────────────────

    Error Context: ../test-results/specs-07-critical-journey--c2b4d-iewport---complete-workflow-chromium/error-context.md
]]>
</failure>
<system-out>
<![CDATA[
[[ATTACHMENT|specs-07-critical-journey--c2b4d-iewport---complete-workflow-chromium/test-failed-1.png]]

[[ATTACHMENT|specs-07-critical-journey--c2b4d-iewport---complete-workflow-chromium/video.webm]]

[[ATTACHMENT|specs-07-critical-journey--c2b4d-iewport---complete-workflow-chromium/error-context.md]]
]]>
</system-out>
</testcase>
</testsuite>
<testsuite name="specs/01-auth.spec.ts" timestamp="2026-02-15T05:52:32.997Z" hostname="firefox" tests="16" failures="3" skipped="0" time="57.47" errors="0">
<testcase name="Authentication Flow › User can navigate to login page" classname="specs/01-auth.spec.ts" time="1.763">
</testcase>
<testcase name="Authentication Flow › User can navigate to signup page" classname="specs/01-auth.spec.ts" time="1.953">
</testcase>
<testcase name="Authentication Flow › Login page has navigation to signup" classname="specs/01-auth.spec.ts" time="0.957">
</testcase>
<testcase name="Authentication Flow › Signup page has navigation to login" classname="specs/01-auth.spec.ts" time="1.019">
</testcase>
<testcase name="Authentication Flow › Login with valid credentials redirects to dashboard" classname="specs/01-auth.spec.ts" time="3.551">
<failure message="01-auth.spec.ts:40:7 Login with valid credentials redirects to dashboard" type="FAILURE">
<![CDATA[  [firefox] › specs/01-auth.spec.ts:40:7 › Authentication Flow › Login with valid credentials redirects to dashboard 

    Error: locator.isVisible: Error: strict mode violation: locator('text=Dashboard') resolved to 2 elements:
        1) <span>Dashboard</span> aka getByRole('link', { name: 'Dashboard' })
        2) <h1 class="text-lg font-semibold text-gray-900">Dashboard</h1> aka getByRole('heading', { name: 'Dashboard' })

    Call log:
        - checking visibility of locator('text=Dashboard')


       at pages/dashboard.page.ts:75

      73 |
      74 |   async isDashboardVisible(): Promise<boolean> {
    > 75 |     return await this.page.locator('text=Dashboard').isVisible()
         |                                                      ^
      76 |   }
      77 |
      78 |   // Stats
        at DashboardPage.isDashboardVisible (/Users/mariobustosjmz/Desktop/claude/my-saas-app/e2e/pages/dashboard.page.ts:75:54)
        at /Users/mariobustosjmz/Desktop/claude/my-saas-app/e2e/specs/01-auth.spec.ts:48:45

    attachment #1: screenshot (image/png) ──────────────────────────────────────────────────────────
    ../test-results/specs-01-auth-Authenticati-128d7-ials-redirects-to-dashboard-firefox/test-failed-1.png
    ────────────────────────────────────────────────────────────────────────────────────────────────

    attachment #2: video (video/webm) ──────────────────────────────────────────────────────────────
    ../test-results/specs-01-auth-Authenticati-128d7-ials-redirects-to-dashboard-firefox/video.webm
    ────────────────────────────────────────────────────────────────────────────────────────────────

    Error Context: ../test-results/specs-01-auth-Authenticati-128d7-ials-redirects-to-dashboard-firefox/error-context.md
]]>
</failure>
<system-out>
<![CDATA[
[[ATTACHMENT|specs-01-auth-Authenticati-128d7-ials-redirects-to-dashboard-firefox/test-failed-1.png]]

[[ATTACHMENT|specs-01-auth-Authenticati-128d7-ials-redirects-to-dashboard-firefox/video.webm]]

[[ATTACHMENT|specs-01-auth-Authenticati-128d7-ials-redirects-to-dashboard-firefox/error-context.md]]
]]>
</system-out>
</testcase>
<testcase name="Authentication Flow › Login page shows all required fields" classname="specs/01-auth.spec.ts" time="1.092">
</testcase>
<testcase name="Authentication Flow › Login with invalid email format shows validation" classname="specs/01-auth.spec.ts" time="1.84">
</testcase>
<testcase name="Authentication Flow › Forgot password page is accessible from login" classname="specs/01-auth.spec.ts" time="2.755">
</testcase>
<testcase name="Authentication Flow › User cannot access protected dashboard without login" classname="specs/01-auth.spec.ts" time="1.647">
</testcase>
<testcase name="Authentication Flow › Logout clears session and redirects to login" classname="specs/01-auth.spec.ts" time="16.129">
<failure message="01-auth.spec.ts:97:7 Logout clears session and redirects to login" type="FAILURE">
<![CDATA[  [firefox] › specs/01-auth.spec.ts:97:7 › Authentication Flow › Logout clears session and redirects to login 

    TimeoutError: locator.click: Timeout 10000ms exceeded.
    Call log:
      - waiting for locator('button:has-text("Cerrar sesión"), a:has-text("Logout")')


       at pages/dashboard.page.ts:56

      54 |
      55 |   async clickLogout() {
    > 56 |     await this.page.locator('button:has-text("Cerrar sesión"), a:has-text("Logout")').click()
         |                                                                                       ^
      57 |   }
      58 |
      59 |   async logout() {
        at DashboardPage.clickLogout (/Users/mariobustosjmz/Desktop/claude/my-saas-app/e2e/pages/dashboard.page.ts:56:87)
        at DashboardPage.logout (/Users/mariobustosjmz/Desktop/claude/my-saas-app/e2e/pages/dashboard.page.ts:61:16)
        at /Users/mariobustosjmz/Desktop/claude/my-saas-app/e2e/specs/01-auth.spec.ts:105:5

    attachment #1: screenshot (image/png) ──────────────────────────────────────────────────────────
    ../test-results/specs-01-auth-Authenticati-489fa-sion-and-redirects-to-login-firefox/test-failed-1.png
    ────────────────────────────────────────────────────────────────────────────────────────────────

    attachment #2: video (video/webm) ──────────────────────────────────────────────────────────────
    ../test-results/specs-01-auth-Authenticati-489fa-sion-and-redirects-to-login-firefox/video.webm
    ────────────────────────────────────────────────────────────────────────────────────────────────

    Error Context: ../test-results/specs-01-auth-Authenticati-489fa-sion-and-redirects-to-login-firefox/error-context.md
]]>
</failure>
<system-out>
<![CDATA[
[[ATTACHMENT|specs-01-auth-Authenticati-489fa-sion-and-redirects-to-login-firefox/test-failed-1.png]]

[[ATTACHMENT|specs-01-auth-Authenticati-489fa-sion-and-redirects-to-login-firefox/video.webm]]

[[ATTACHMENT|specs-01-auth-Authenticati-489fa-sion-and-redirects-to-login-firefox/error-context.md]]
]]>
</system-out>
</testcase>
<testcase name="Authentication Flow › Password field is masked for security" classname="specs/01-auth.spec.ts" time="2.8">
</testcase>
<testcase name="Authentication Flow › Signup form has all required fields" classname="specs/01-auth.spec.ts" time="1.858">
</testcase>
<testcase name="Authentication Flow › Signup form shows password minimum length requirement" classname="specs/01-auth.spec.ts" time="1.561">
</testcase>
<testcase name="Authentication Flow › Session persists across page reloads" classname="specs/01-auth.spec.ts" time="9.995">
<failure message="01-auth.spec.ts:147:7 Session persists across page reloads" type="FAILURE">
<![CDATA[  [firefox] › specs/01-auth.spec.ts:147:7 › Authentication Flow › Session persists across page reloads 

    Error: locator.isVisible: Error: strict mode violation: locator('text=Dashboard') resolved to 2 elements:
        1) <span>Dashboard</span> aka getByRole('link', { name: 'Dashboard' })
        2) <h1 class="text-lg font-semibold text-gray-900">Dashboard</h1> aka getByRole('heading', { name: 'Dashboard' })

    Call log:
        - checking visibility of locator('text=Dashboard')


       at pages/dashboard.page.ts:75

      73 |
      74 |   async isDashboardVisible(): Promise<boolean> {
    > 75 |     return await this.page.locator('text=Dashboard').isVisible()
         |                                                      ^
      76 |   }
      77 |
      78 |   // Stats
        at DashboardPage.isDashboardVisible (/Users/mariobustosjmz/Desktop/claude/my-saas-app/e2e/pages/dashboard.page.ts:75:54)
        at /Users/mariobustosjmz/Desktop/claude/my-saas-app/e2e/specs/01-auth.spec.ts:157:45

    attachment #1: screenshot (image/png) ──────────────────────────────────────────────────────────
    ../test-results/specs-01-auth-Authenticati-22f07-ersists-across-page-reloads-firefox/test-failed-1.png
    ────────────────────────────────────────────────────────────────────────────────────────────────

    attachment #2: video (video/webm) ──────────────────────────────────────────────────────────────
    ../test-results/specs-01-auth-Authenticati-22f07-ersists-across-page-reloads-firefox/video.webm
    ────────────────────────────────────────────────────────────────────────────────────────────────

    Error Context: ../test-results/specs-01-auth-Authenticati-22f07-ersists-across-page-reloads-firefox/error-context.md
]]>
</failure>
<system-out>
<![CDATA[
[[ATTACHMENT|specs-01-auth-Authenticati-22f07-ersists-across-page-reloads-firefox/test-failed-1.png]]

[[ATTACHMENT|specs-01-auth-Authenticati-22f07-ersists-across-page-reloads-firefox/video.webm]]

[[ATTACHMENT|specs-01-auth-Authenticati-22f07-ersists-across-page-reloads-firefox/error-context.md]]
]]>
</system-out>
</testcase>
<testcase name="Authentication Flow › User logged out cannot access protected routes" classname="specs/01-auth.spec.ts" time="5.455">
</testcase>
<testcase name="Authentication Flow › Login with incomplete form shows validation errors" classname="specs/01-auth.spec.ts" time="3.095">
</testcase>
</testsuite>
<testsuite name="specs/02-dashboard.spec.ts" timestamp="2026-02-15T05:52:32.997Z" hostname="firefox" tests="14" failures="5" skipped="0" time="150.954" errors="0">
<testcase name="Dashboard Navigation › Dashboard page loads with correct title" classname="specs/02-dashboard.spec.ts" time="8.351">
<failure message="02-dashboard.spec.ts:13:7 Dashboard page loads with correct title" type="FAILURE">
<![CDATA[  [firefox] › specs/02-dashboard.spec.ts:13:7 › Dashboard Navigation › Dashboard page loads with correct title 

    Error: expect(received).toContain(expected) // indexOf

    Expected substring: "Dashboard"
    Received string:    "Comienza a usar CotizaPro"

      16 |
      17 |     const title = await dashboardPage.getPageTitle()
    > 18 |     expect(title).toContain('Dashboard')
         |                   ^
      19 |   })
      20 |
      21 |   test('Dashboard displays welcome message', async ({ page }) => {
        at /Users/mariobustosjmz/Desktop/claude/my-saas-app/e2e/specs/02-dashboard.spec.ts:18:19

    attachment #1: screenshot (image/png) ──────────────────────────────────────────────────────────
    ../test-results/specs-02-dashboard-Dashboa-effb9-ge-loads-with-correct-title-firefox/test-failed-1.png
    ────────────────────────────────────────────────────────────────────────────────────────────────

    attachment #2: video (video/webm) ──────────────────────────────────────────────────────────────
    ../test-results/specs-02-dashboard-Dashboa-effb9-ge-loads-with-correct-title-firefox/video.webm
    ────────────────────────────────────────────────────────────────────────────────────────────────

    Error Context: ../test-results/specs-02-dashboard-Dashboa-effb9-ge-loads-with-correct-title-firefox/error-context.md
]]>
</failure>
<system-out>
<![CDATA[
[[ATTACHMENT|specs-02-dashboard-Dashboa-effb9-ge-loads-with-correct-title-firefox/test-failed-1.png]]

[[ATTACHMENT|specs-02-dashboard-Dashboa-effb9-ge-loads-with-correct-title-firefox/video.webm]]

[[ATTACHMENT|specs-02-dashboard-Dashboa-effb9-ge-loads-with-correct-title-firefox/error-context.md]]
]]>
</system-out>
</testcase>
<testcase name="Dashboard Navigation › Dashboard displays welcome message" classname="specs/02-dashboard.spec.ts" time="10.038">
<failure message="02-dashboard.spec.ts:21:7 Dashboard displays welcome message" type="FAILURE">
<![CDATA[  [firefox] › specs/02-dashboard.spec.ts:21:7 › Dashboard Navigation › Dashboard displays welcome message 

    Error: locator.textContent: Error: strict mode violation: locator('p.text-gray-600') resolved to 5 elements:
        1) <p class="text-lg text-gray-600">Test Owner</p> aka getByText('Test Owner')
        2) <p class="text-sm text-gray-600">Personaliza tu informacion y preferencias</p> aka getByText('Personaliza tu informacion y')
        ...

    Call log:
      - waiting for locator('p.text-gray-600')


       at pages/base.page.ts:23

      21 |
      22 |   async getText(locator: Locator): Promise<string> {
    > 23 |     return await locator.textContent() || ''
         |                          ^
      24 |   }
      25 |
      26 |   async isVisible(locator: Locator): Promise<boolean> {
        at DashboardPage.getText (/Users/mariobustosjmz/Desktop/claude/my-saas-app/e2e/pages/base.page.ts:23:26)
        at DashboardPage.getPageSubtitle (/Users/mariobustosjmz/Desktop/claude/my-saas-app/e2e/pages/dashboard.page.ts:18:23)
        at /Users/mariobustosjmz/Desktop/claude/my-saas-app/e2e/specs/02-dashboard.spec.ts:25:42

    attachment #1: screenshot (image/png) ──────────────────────────────────────────────────────────
    ../test-results/specs-02-dashboard-Dashboa-256eb-rd-displays-welcome-message-firefox/test-failed-1.png
    ────────────────────────────────────────────────────────────────────────────────────────────────

    attachment #2: video (video/webm) ──────────────────────────────────────────────────────────────
    ../test-results/specs-02-dashboard-Dashboa-256eb-rd-displays-welcome-message-firefox/video.webm
    ────────────────────────────────────────────────────────────────────────────────────────────────

    Error Context: ../test-results/specs-02-dashboard-Dashboa-256eb-rd-displays-welcome-message-firefox/error-context.md
]]>
</failure>
<system-out>
<![CDATA[
[[ATTACHMENT|specs-02-dashboard-Dashboa-256eb-rd-displays-welcome-message-firefox/test-failed-1.png]]

[[ATTACHMENT|specs-02-dashboard-Dashboa-256eb-rd-displays-welcome-message-firefox/video.webm]]

[[ATTACHMENT|specs-02-dashboard-Dashboa-256eb-rd-displays-welcome-message-firefox/error-context.md]]
]]>
</system-out>
</testcase>
<testcase name="Dashboard Navigation › User can navigate to Clients section" classname="specs/02-dashboard.spec.ts" time="10.661">
<failure message="02-dashboard.spec.ts:29:7 User can navigate to Clients section" type="FAILURE">
<![CDATA[  [firefox] › specs/02-dashboard.spec.ts:29:7 › Dashboard Navigation › User can navigate to Clients section 

    Error: locator.isVisible: Error: strict mode violation: locator('text=Clientes') resolved to 6 elements:
        1) <span>Clientes</span> aka getByRole('link', { name: 'Clientes' })
        2) <h2 class="text-2xl font-bold text-gray-900">Clientes</h2> aka getByRole('heading', { name: 'Clientes', exact: true })
        ...

    Call log:
        - checking visibility of locator('text=Clientes')


       at pages/dashboard.page.ts:67

      65 |   // Navigation verification
      66 |   async isClientsSectionVisible(): Promise<boolean> {
    > 67 |     return await this.page.locator('text=Clientes').isVisible()
         |                                                     ^
      68 |   }
      69 |
      70 |   async isQuotesSectionVisible(): Promise<boolean> {
        at DashboardPage.isClientsSectionVisible (/Users/mariobustosjmz/Desktop/claude/my-saas-app/e2e/pages/dashboard.page.ts:67:53)
        at /Users/mariobustosjmz/Desktop/claude/my-saas-app/e2e/specs/02-dashboard.spec.ts:36:43

    attachment #1: screenshot (image/png) ──────────────────────────────────────────────────────────
    ../test-results/specs-02-dashboard-Dashboa-125a6-navigate-to-Clients-section-firefox/test-failed-1.png
    ────────────────────────────────────────────────────────────────────────────────────────────────

    attachment #2: video (video/webm) ──────────────────────────────────────────────────────────────
    ../test-results/specs-02-dashboard-Dashboa-125a6-navigate-to-Clients-section-firefox/video.webm
    ────────────────────────────────────────────────────────────────────────────────────────────────

    Error Context: ../test-results/specs-02-dashboard-Dashboa-125a6-navigate-to-Clients-section-firefox/error-context.md
]]>
</failure>
<system-out>
<![CDATA[
[[ATTACHMENT|specs-02-dashboard-Dashboa-125a6-navigate-to-Clients-section-firefox/test-failed-1.png]]

[[ATTACHMENT|specs-02-dashboard-Dashboa-125a6-navigate-to-Clients-section-firefox/video.webm]]

[[ATTACHMENT|specs-02-dashboard-Dashboa-125a6-navigate-to-Clients-section-firefox/error-context.md]]
]]>
</system-out>
</testcase>
<testcase name="Dashboard Navigation › User can navigate to Quotes section" classname="specs/02-dashboard.spec.ts" time="8.582">
<failure message="02-dashboard.spec.ts:40:7 User can navigate to Quotes section" type="FAILURE">
<![CDATA[  [firefox] › specs/02-dashboard.spec.ts:40:7 › Dashboard Navigation › User can navigate to Quotes section 

    Error: locator.isVisible: Error: strict mode violation: locator('text=Cotizaciones') resolved to 5 elements:
        1) <span>Cotizaciones</span> aka getByRole('link', { name: 'Cotizaciones' })
        2) <h2 class="text-2xl font-bold text-gray-900">Cotizaciones</h2> aka getByRole('heading', { name: 'Cotizaciones', exact: true })
        ...

    Call log:
        - checking visibility of locator('text=Cotizaciones')


       at pages/dashboard.page.ts:71

      69 |
      70 |   async isQuotesSectionVisible(): Promise<boolean> {
    > 71 |     return await this.page.locator('text=Cotizaciones').isVisible()
         |                                                         ^
      72 |   }
      73 |
      74 |   async isDashboardVisible(): Promise<boolean> {
        at DashboardPage.isQuotesSectionVisible (/Users/mariobustosjmz/Desktop/claude/my-saas-app/e2e/pages/dashboard.page.ts:71:57)
        at /Users/mariobustosjmz/Desktop/claude/my-saas-app/e2e/specs/02-dashboard.spec.ts:47:43

    attachment #1: screenshot (image/png) ──────────────────────────────────────────────────────────
    ../test-results/specs-02-dashboard-Dashboa-014d0--navigate-to-Quotes-section-firefox/test-failed-1.png
    ────────────────────────────────────────────────────────────────────────────────────────────────

    attachment #2: video (video/webm) ──────────────────────────────────────────────────────────────
    ../test-results/specs-02-dashboard-Dashboa-014d0--navigate-to-Quotes-section-firefox/video.webm
    ────────────────────────────────────────────────────────────────────────────────────────────────

    Error Context: ../test-results/specs-02-dashboard-Dashboa-014d0--navigate-to-Quotes-section-firefox/error-context.md
]]>
</failure>
<system-out>
<![CDATA[
[[ATTACHMENT|specs-02-dashboard-Dashboa-014d0--navigate-to-Quotes-section-firefox/test-failed-1.png]]

[[ATTACHMENT|specs-02-dashboard-Dashboa-014d0--navigate-to-Quotes-section-firefox/video.webm]]

[[ATTACHMENT|specs-02-dashboard-Dashboa-014d0--navigate-to-Quotes-section-firefox/error-context.md]]
]]>
</system-out>
</testcase>
<testcase name="Dashboard Navigation › User can navigate to Team section" classname="specs/02-dashboard.spec.ts" time="14.917">
</testcase>
<testcase name="Dashboard Navigation › User can navigate to Reminders section" classname="specs/02-dashboard.spec.ts" time="10.901">
</testcase>
<testcase name="Dashboard Navigation › User can navigate to Settings section" classname="specs/02-dashboard.spec.ts" time="15.119">
</testcase>
<testcase name="Dashboard Navigation › Dashboard displays stats cards" classname="specs/02-dashboard.spec.ts" time="20.842">
<failure message="02-dashboard.spec.ts:75:7 Dashboard displays stats cards" type="FAILURE">
<![CDATA[  [firefox] › specs/02-dashboard.spec.ts:75:7 › Dashboard Navigation › Dashboard displays stats cards 

    TimeoutError: locator.textContent: Timeout 10000ms exceeded.
    Call log:
      - waiting for locator('text=Total Clientes').locator('..').locator('div.text-2xl')


       at pages/base.page.ts:23

      21 |
      22 |   async getText(locator: Locator): Promise<string> {
    > 23 |     return await locator.textContent() || ''
         |                          ^
      24 |   }
      25 |
      26 |   async isVisible(locator: Locator): Promise<boolean> {
        at DashboardPage.getText (/Users/mariobustosjmz/Desktop/claude/my-saas-app/e2e/pages/base.page.ts:23:26)
        at DashboardPage.getTotalClientsCount (/Users/mariobustosjmz/Desktop/claude/my-saas-app/e2e/pages/dashboard.page.ts:81:23)
        at /Users/mariobustosjmz/Desktop/claude/my-saas-app/e2e/specs/02-dashboard.spec.ts:79:46

    attachment #1: screenshot (image/png) ──────────────────────────────────────────────────────────
    ../test-results/specs-02-dashboard-Dashboa-9ce08-hboard-displays-stats-cards-firefox/test-failed-1.png
    ────────────────────────────────────────────────────────────────────────────────────────────────

    attachment #2: video (video/webm) ──────────────────────────────────────────────────────────────
    ../test-results/specs-02-dashboard-Dashboa-9ce08-hboard-displays-stats-cards-firefox/video.webm
    ────────────────────────────────────────────────────────────────────────────────────────────────

    Error Context: ../test-results/specs-02-dashboard-Dashboa-9ce08-hboard-displays-stats-cards-firefox/error-context.md
]]>
</failure>
<system-out>
<![CDATA[
[[ATTACHMENT|specs-02-dashboard-Dashboa-9ce08-hboard-displays-stats-cards-firefox/test-failed-1.png]]

[[ATTACHMENT|specs-02-dashboard-Dashboa-9ce08-hboard-displays-stats-cards-firefox/video.webm]]

[[ATTACHMENT|specs-02-dashboard-Dashboa-9ce08-hboard-displays-stats-cards-firefox/error-context.md]]
]]>
</system-out>
</testcase>
<testcase name="Dashboard Navigation › Sidebar navigation is visible" classname="specs/02-dashboard.spec.ts" time="11.153">
</testcase>
<testcase name="Dashboard Navigation › Main content area is visible" classname="specs/02-dashboard.spec.ts" time="12.042">
</testcase>
<testcase name="Dashboard Navigation › User info is displayed in header" classname="specs/02-dashboard.spec.ts" time="6.521">
</testcase>
<testcase name="Dashboard Navigation › Navigation links have correct href attributes" classname="specs/02-dashboard.spec.ts" time="7.188">
</testcase>
<testcase name="Dashboard Navigation › Logo links back to dashboard/home" classname="specs/02-dashboard.spec.ts" time="7.071">
</testcase>
<testcase name="Dashboard Navigation › Mobile responsive navigation (mobile viewport)" classname="specs/02-dashboard.spec.ts" time="7.568">
</testcase>
</testsuite>
<testsuite name="specs/03-clients.spec.ts" timestamp="2026-02-15T05:52:32.997Z" hostname="firefox" tests="22" failures="12" skipped="0" time="194.161" errors="0">
<testcase name="Client Management › Clients page loads successfully" classname="specs/03-clients.spec.ts" time="9.532">
<failure message="03-clients.spec.ts:14:7 Clients page loads successfully" type="FAILURE">
<![CDATA[  [firefox] › specs/03-clients.spec.ts:14:7 › Client Management › Clients page loads successfully ──

    Error: locator.isVisible: Error: strict mode violation: locator('a[href="/dashboard/clients/new"]') resolved to 2 elements:
        1) <a href="/dashboard/clients/new">…</a> aka getByRole('link', { name: 'Nuevo Cliente' }).first()
        2) <a href="/dashboard/clients/new">…</a> aka getByRole('link', { name: 'Nuevo Cliente' }).nth(1)

    Call log:
        - checking visibility of locator('a[href="/dashboard/clients/new"]')


       at pages/clients.page.ts:122

      120 |
      121 |   async isNewClientButtonVisible(): Promise<boolean> {
    > 122 |     return await this.page.locator('a[href="/dashboard/clients/new"]').isVisible()
          |                                                                        ^
      123 |   }
      124 |
      125 |   async getEmptyStateText(): Promise<string> {
        at ClientsPage.isNewClientButtonVisible (/Users/mariobustosjmz/Desktop/claude/my-saas-app/e2e/pages/clients.page.ts:122:72)
        at /Users/mariobustosjmz/Desktop/claude/my-saas-app/e2e/specs/03-clients.spec.ts:19:41

    attachment #1: screenshot (image/png) ──────────────────────────────────────────────────────────
    ../test-results/specs-03-clients-Client-Ma-68c93-nts-page-loads-successfully-firefox/test-failed-1.png
    ────────────────────────────────────────────────────────────────────────────────────────────────

    attachment #2: video (video/webm) ──────────────────────────────────────────────────────────────
    ../test-results/specs-03-clients-Client-Ma-68c93-nts-page-loads-successfully-firefox/video.webm
    ────────────────────────────────────────────────────────────────────────────────────────────────

    Error Context: ../test-results/specs-03-clients-Client-Ma-68c93-nts-page-loads-successfully-firefox/error-context.md
]]>
</failure>
<system-out>
<![CDATA[
[[ATTACHMENT|specs-03-clients-Client-Ma-68c93-nts-page-loads-successfully-firefox/test-failed-1.png]]

[[ATTACHMENT|specs-03-clients-Client-Ma-68c93-nts-page-loads-successfully-firefox/video.webm]]

[[ATTACHMENT|specs-03-clients-Client-Ma-68c93-nts-page-loads-successfully-firefox/error-context.md]]
]]>
</system-out>
</testcase>
<testcase name="Client Management › New Client button navigates to form" classname="specs/03-clients.spec.ts" time="8.662">
<failure message="03-clients.spec.ts:23:7 New Client button navigates to form" type="FAILURE">
<![CDATA[  [firefox] › specs/03-clients.spec.ts:23:7 › Client Management › New Client button navigates to form 

    Error: locator.click: Error: strict mode violation: locator('a[href="/dashboard/clients/new"]') resolved to 2 elements:
        1) <a href="/dashboard/clients/new">…</a> aka getByRole('link', { name: 'Nuevo Cliente' }).first()
        2) <a href="/dashboard/clients/new">…</a> aka getByRole('link', { name: 'Nuevo Cliente' }).nth(1)

    Call log:
      - waiting for locator('a[href="/dashboard/clients/new"]')


      25 |     await clientsPage.goto()
      26 |
    > 27 |     await page.locator('a[href="/dashboard/clients/new"]').click()
         |                                                            ^
      28 |     expect(page.url()).toContain('/dashboard/clients/new')
      29 |   })
      30 |
        at /Users/mariobustosjmz/Desktop/claude/my-saas-app/e2e/specs/03-clients.spec.ts:27:60

    attachment #1: screenshot (image/png) ──────────────────────────────────────────────────────────
    ../test-results/specs-03-clients-Client-Ma-0f4ef-nt-button-navigates-to-form-firefox/test-failed-1.png
    ────────────────────────────────────────────────────────────────────────────────────────────────

    attachment #2: video (video/webm) ──────────────────────────────────────────────────────────────
    ../test-results/specs-03-clients-Client-Ma-0f4ef-nt-button-navigates-to-form-firefox/video.webm
    ────────────────────────────────────────────────────────────────────────────────────────────────

    Error Context: ../test-results/specs-03-clients-Client-Ma-0f4ef-nt-button-navigates-to-form-firefox/error-context.md
]]>
</failure>
<system-out>
<![CDATA[
[[ATTACHMENT|specs-03-clients-Client-Ma-0f4ef-nt-button-navigates-to-form-firefox/test-failed-1.png]]

[[ATTACHMENT|specs-03-clients-Client-Ma-0f4ef-nt-button-navigates-to-form-firefox/video.webm]]

[[ATTACHMENT|specs-03-clients-Client-Ma-0f4ef-nt-button-navigates-to-form-firefox/error-context.md]]
]]>
</system-out>
</testcase>
<testcase name="Client Management › Create client with all fields" classname="specs/03-clients.spec.ts" time="10.438">
<failure message="03-clients.spec.ts:31:7 Create client with all fields" type="FAILURE">
<![CDATA[  [firefox] › specs/03-clients.spec.ts:31:7 › Client Management › Create client with all fields ────

    TimeoutError: page.waitForURL: Timeout 5000ms exceeded.
    =========================== logs ===========================
    waiting for navigation to "**/dashboard/clients" until "load"
    ============================================================

       at pages/clients.page.ts:54

      52 |   async submitClientForm() {
      53 |     await this.page.locator('button[type="submit"]:has-text("Crear"), button[type="submit"]:has-text("Guardar")').click()
    > 54 |     await this.page.waitForURL('**/dashboard/clients', { timeout: 5000 })
         |                     ^
      55 |   }
      56 |
      57 |   async createClient(data: {
        at ClientsPage.submitClientForm (/Users/mariobustosjmz/Desktop/claude/my-saas-app/e2e/pages/clients.page.ts:54:21)
        at ClientsPage.createClient (/Users/mariobustosjmz/Desktop/claude/my-saas-app/e2e/pages/clients.page.ts:65:5)
        at /Users/mariobustosjmz/Desktop/claude/my-saas-app/e2e/specs/03-clients.spec.ts:33:5

    attachment #1: screenshot (image/png) ──────────────────────────────────────────────────────────
    ../test-results/specs-03-clients-Client-Ma-ee166-eate-client-with-all-fields-firefox/test-failed-1.png
    ────────────────────────────────────────────────────────────────────────────────────────────────

    attachment #2: video (video/webm) ──────────────────────────────────────────────────────────────
    ../test-results/specs-03-clients-Client-Ma-ee166-eate-client-with-all-fields-firefox/video.webm
    ────────────────────────────────────────────────────────────────────────────────────────────────

    Error Context: ../test-results/specs-03-clients-Client-Ma-ee166-eate-client-with-all-fields-firefox/error-context.md
]]>
</failure>
<system-out>
<![CDATA[
[[ATTACHMENT|specs-03-clients-Client-Ma-ee166-eate-client-with-all-fields-firefox/test-failed-1.png]]

[[ATTACHMENT|specs-03-clients-Client-Ma-ee166-eate-client-with-all-fields-firefox/video.webm]]

[[ATTACHMENT|specs-03-clients-Client-Ma-ee166-eate-client-with-all-fields-firefox/error-context.md]]
]]>
</system-out>
</testcase>
<testcase name="Client Management › Create client with minimal fields" classname="specs/03-clients.spec.ts" time="10.242">
<failure message="03-clients.spec.ts:39:7 Create client with minimal fields" type="FAILURE">
<![CDATA[  [firefox] › specs/03-clients.spec.ts:39:7 › Client Management › Create client with minimal fields 

    TimeoutError: page.waitForURL: Timeout 5000ms exceeded.
    =========================== logs ===========================
    waiting for navigation to "**/dashboard/clients" until "load"
    ============================================================

       at pages/clients.page.ts:54

      52 |   async submitClientForm() {
      53 |     await this.page.locator('button[type="submit"]:has-text("Crear"), button[type="submit"]:has-text("Guardar")').click()
    > 54 |     await this.page.waitForURL('**/dashboard/clients', { timeout: 5000 })
         |                     ^
      55 |   }
      56 |
      57 |   async createClient(data: {
        at ClientsPage.submitClientForm (/Users/mariobustosjmz/Desktop/claude/my-saas-app/e2e/pages/clients.page.ts:54:21)
        at ClientsPage.createClient (/Users/mariobustosjmz/Desktop/claude/my-saas-app/e2e/pages/clients.page.ts:65:5)
        at /Users/mariobustosjmz/Desktop/claude/my-saas-app/e2e/specs/03-clients.spec.ts:45:5

    attachment #1: screenshot (image/png) ──────────────────────────────────────────────────────────
    ../test-results/specs-03-clients-Client-Ma-74339--client-with-minimal-fields-firefox/test-failed-1.png
    ────────────────────────────────────────────────────────────────────────────────────────────────

    attachment #2: video (video/webm) ──────────────────────────────────────────────────────────────
    ../test-results/specs-03-clients-Client-Ma-74339--client-with-minimal-fields-firefox/video.webm
    ────────────────────────────────────────────────────────────────────────────────────────────────

    Error Context: ../test-results/specs-03-clients-Client-Ma-74339--client-with-minimal-fields-firefox/error-context.md
]]>
</failure>
<system-out>
<![CDATA[
[[ATTACHMENT|specs-03-clients-Client-Ma-74339--client-with-minimal-fields-firefox/test-failed-1.png]]

[[ATTACHMENT|specs-03-clients-Client-Ma-74339--client-with-minimal-fields-firefox/video.webm]]

[[ATTACHMENT|specs-03-clients-Client-Ma-74339--client-with-minimal-fields-firefox/error-context.md]]
]]>
</system-out>
</testcase>
<testcase name="Client Management › Client list displays correctly" classname="specs/03-clients.spec.ts" time="3.644">
</testcase>
<testcase name="Client Management › Empty state shown when no clients" classname="specs/03-clients.spec.ts" time="5.274">
</testcase>
<testcase name="Client Management › Total clients count updates after creating client" classname="specs/03-clients.spec.ts" time="15.582">
<failure message="03-clients.spec.ts:72:7 Total clients count updates after creating client" type="FAILURE">
<![CDATA[  [firefox] › specs/03-clients.spec.ts:72:7 › Client Management › Total clients count updates after creating client 

    TimeoutError: locator.textContent: Timeout 10000ms exceeded.
    Call log:
      - waiting for locator('text=Total Clientes').locator('..').locator('div.text-2xl')


       at pages/base.page.ts:23

      21 |
      22 |   async getText(locator: Locator): Promise<string> {
    > 23 |     return await locator.textContent() || ''
         |                          ^
      24 |   }
      25 |
      26 |   async isVisible(locator: Locator): Promise<boolean> {
        at ClientsPage.getText (/Users/mariobustosjmz/Desktop/claude/my-saas-app/e2e/pages/base.page.ts:23:26)
        at ClientsPage.getTotalClientCount (/Users/mariobustosjmz/Desktop/claude/my-saas-app/e2e/pages/clients.page.ts:75:29)
        at /Users/mariobustosjmz/Desktop/claude/my-saas-app/e2e/specs/03-clients.spec.ts:76:43

    attachment #1: screenshot (image/png) ──────────────────────────────────────────────────────────
    ../test-results/specs-03-clients-Client-Ma-9398d-dates-after-creating-client-firefox/test-failed-1.png
    ────────────────────────────────────────────────────────────────────────────────────────────────

    attachment #2: video (video/webm) ──────────────────────────────────────────────────────────────
    ../test-results/specs-03-clients-Client-Ma-9398d-dates-after-creating-client-firefox/video.webm
    ────────────────────────────────────────────────────────────────────────────────────────────────

    Error Context: ../test-results/specs-03-clients-Client-Ma-9398d-dates-after-creating-client-firefox/error-context.md
]]>
</failure>
<system-out>
<![CDATA[
[[ATTACHMENT|specs-03-clients-Client-Ma-9398d-dates-after-creating-client-firefox/test-failed-1.png]]

[[ATTACHMENT|specs-03-clients-Client-Ma-9398d-dates-after-creating-client-firefox/video.webm]]

[[ATTACHMENT|specs-03-clients-Client-Ma-9398d-dates-after-creating-client-firefox/error-context.md]]
]]>
</system-out>
</testcase>
<testcase name="Client Management › Client form has required name field" classname="specs/03-clients.spec.ts" time="6.19">
</testcase>
<testcase name="Client Management › Client email is validated" classname="specs/03-clients.spec.ts" time="4.524">
</testcase>
<testcase name="Client Management › Client phone format is validated" classname="specs/03-clients.spec.ts" time="4.048">
</testcase>
<testcase name="Client Management › Click on client row navigates to details" classname="specs/03-clients.spec.ts" time="4.89">
</testcase>
<testcase name="Client Management › Client table displays all columns" classname="specs/03-clients.spec.ts" time="10.047">
</testcase>
<testcase name="Client Management › Multiple clients can be created" classname="specs/03-clients.spec.ts" time="14.563">
<failure message="03-clients.spec.ts:148:7 Multiple clients can be created" type="FAILURE">
<![CDATA[  [firefox] › specs/03-clients.spec.ts:148:7 › Client Management › Multiple clients can be created ─

    TimeoutError: page.waitForURL: Timeout 5000ms exceeded.
    =========================== logs ===========================
    waiting for navigation to "**/dashboard/clients" until "load"
    ============================================================

       at pages/clients.page.ts:54

      52 |   async submitClientForm() {
      53 |     await this.page.locator('button[type="submit"]:has-text("Crear"), button[type="submit"]:has-text("Guardar")').click()
    > 54 |     await this.page.waitForURL('**/dashboard/clients', { timeout: 5000 })
         |                     ^
      55 |   }
      56 |
      57 |   async createClient(data: {
        at ClientsPage.submitClientForm (/Users/mariobustosjmz/Desktop/claude/my-saas-app/e2e/pages/clients.page.ts:54:21)
        at ClientsPage.createClient (/Users/mariobustosjmz/Desktop/claude/my-saas-app/e2e/pages/clients.page.ts:65:5)
        at /Users/mariobustosjmz/Desktop/claude/my-saas-app/e2e/specs/03-clients.spec.ts:161:5

    attachment #1: screenshot (image/png) ──────────────────────────────────────────────────────────
    ../test-results/specs-03-clients-Client-Ma-3ee75-iple-clients-can-be-created-firefox/test-failed-1.png
    ────────────────────────────────────────────────────────────────────────────────────────────────

    attachment #2: video (video/webm) ──────────────────────────────────────────────────────────────
    ../test-results/specs-03-clients-Client-Ma-3ee75-iple-clients-can-be-created-firefox/video.webm
    ────────────────────────────────────────────────────────────────────────────────────────────────

    Error Context: ../test-results/specs-03-clients-Client-Ma-3ee75-iple-clients-can-be-created-firefox/error-context.md
]]>
</failure>
<system-out>
<![CDATA[
[[ATTACHMENT|specs-03-clients-Client-Ma-3ee75-iple-clients-can-be-created-firefox/test-failed-1.png]]

[[ATTACHMENT|specs-03-clients-Client-Ma-3ee75-iple-clients-can-be-created-firefox/video.webm]]

[[ATTACHMENT|specs-03-clients-Client-Ma-3ee75-iple-clients-can-be-created-firefox/error-context.md]]
]]>
</system-out>
</testcase>
<testcase name="Client Management › Client form submission shows loading state" classname="specs/03-clients.spec.ts" time="14.194">
<failure message="03-clients.spec.ts:171:7 Client form submission shows loading state" type="FAILURE">
<![CDATA[  [firefox] › specs/03-clients.spec.ts:171:7 › Client Management › Client form submission shows loading state 

    TimeoutError: page.waitForURL: Timeout 5000ms exceeded.
    =========================== logs ===========================
    waiting for navigation to "**/dashboard/clients" until "load"
    ============================================================

       at pages/clients.page.ts:54

      52 |   async submitClientForm() {
      53 |     await this.page.locator('button[type="submit"]:has-text("Crear"), button[type="submit"]:has-text("Guardar")').click()
    > 54 |     await this.page.waitForURL('**/dashboard/clients', { timeout: 5000 })
         |                     ^
      55 |   }
      56 |
      57 |   async createClient(data: {
        at ClientsPage.submitClientForm (/Users/mariobustosjmz/Desktop/claude/my-saas-app/e2e/pages/clients.page.ts:54:21)
        at /Users/mariobustosjmz/Desktop/claude/my-saas-app/e2e/specs/03-clients.spec.ts:182:5

    attachment #1: screenshot (image/png) ──────────────────────────────────────────────────────────
    ../test-results/specs-03-clients-Client-Ma-637ed-mission-shows-loading-state-firefox/test-failed-1.png
    ────────────────────────────────────────────────────────────────────────────────────────────────

    attachment #2: video (video/webm) ──────────────────────────────────────────────────────────────
    ../test-results/specs-03-clients-Client-Ma-637ed-mission-shows-loading-state-firefox/video.webm
    ────────────────────────────────────────────────────────────────────────────────────────────────

    Error Context: ../test-results/specs-03-clients-Client-Ma-637ed-mission-shows-loading-state-firefox/error-context.md
]]>
</failure>
<system-out>
<![CDATA[
[[ATTACHMENT|specs-03-clients-Client-Ma-637ed-mission-shows-loading-state-firefox/test-failed-1.png]]

[[ATTACHMENT|specs-03-clients-Client-Ma-637ed-mission-shows-loading-state-firefox/video.webm]]

[[ATTACHMENT|specs-03-clients-Client-Ma-637ed-mission-shows-loading-state-firefox/error-context.md]]
]]>
</system-out>
</testcase>
<testcase name="Client Management › Client table has proper accessibility labels" classname="specs/03-clients.spec.ts" time="9.409">
<failure message="03-clients.spec.ts:187:7 Client table has proper accessibility labels" type="FAILURE">
<![CDATA[  [firefox] › specs/03-clients.spec.ts:187:7 › Client Management › Client table has proper accessibility labels 

    Error: expect(received).toBeTruthy()

    Received: false

      190 |
      191 |     const table = page.locator('table')
    > 192 |     expect(await table.isVisible()).toBeTruthy()
          |                                     ^
      193 |
      194 |     const thead = page.locator('thead')
      195 |     expect(await thead.isVisible()).toBeTruthy()
        at /Users/mariobustosjmz/Desktop/claude/my-saas-app/e2e/specs/03-clients.spec.ts:192:37

    attachment #1: screenshot (image/png) ──────────────────────────────────────────────────────────
    ../test-results/specs-03-clients-Client-Ma-cda64-proper-accessibility-labels-firefox/test-failed-1.png
    ────────────────────────────────────────────────────────────────────────────────────────────────

    attachment #2: video (video/webm) ──────────────────────────────────────────────────────────────
    ../test-results/specs-03-clients-Client-Ma-cda64-proper-accessibility-labels-firefox/video.webm
    ────────────────────────────────────────────────────────────────────────────────────────────────

    Error Context: ../test-results/specs-03-clients-Client-Ma-cda64-proper-accessibility-labels-firefox/error-context.md
]]>
</failure>
<system-out>
<![CDATA[
[[ATTACHMENT|specs-03-clients-Client-Ma-cda64-proper-accessibility-labels-firefox/test-failed-1.png]]

[[ATTACHMENT|specs-03-clients-Client-Ma-cda64-proper-accessibility-labels-firefox/video.webm]]

[[ATTACHMENT|specs-03-clients-Client-Ma-cda64-proper-accessibility-labels-firefox/error-context.md]]
]]>
</system-out>
</testcase>
<testcase name="Client Management › Update client information" classname="specs/03-clients.spec.ts" time="13.632">
<failure message="03-clients.spec.ts:201:7 Update client information" type="FAILURE">
<![CDATA[  [firefox] › specs/03-clients.spec.ts:201:7 › Client Management › Update client information ───────

    TimeoutError: page.waitForURL: Timeout 5000ms exceeded.
    =========================== logs ===========================
    waiting for navigation to "**/dashboard/clients" until "load"
    ============================================================

       at pages/clients.page.ts:54

      52 |   async submitClientForm() {
      53 |     await this.page.locator('button[type="submit"]:has-text("Crear"), button[type="submit"]:has-text("Guardar")').click()
    > 54 |     await this.page.waitForURL('**/dashboard/clients', { timeout: 5000 })
         |                     ^
      55 |   }
      56 |
      57 |   async createClient(data: {
        at ClientsPage.submitClientForm (/Users/mariobustosjmz/Desktop/claude/my-saas-app/e2e/pages/clients.page.ts:54:21)
        at ClientsPage.createClient (/Users/mariobustosjmz/Desktop/claude/my-saas-app/e2e/pages/clients.page.ts:65:5)
        at /Users/mariobustosjmz/Desktop/claude/my-saas-app/e2e/specs/03-clients.spec.ts:210:5

    attachment #1: screenshot (image/png) ──────────────────────────────────────────────────────────
    ../test-results/specs-03-clients-Client-Management-Update-client-information-firefox/test-failed-1.png
    ────────────────────────────────────────────────────────────────────────────────────────────────

    attachment #2: video (video/webm) ──────────────────────────────────────────────────────────────
    ../test-results/specs-03-clients-Client-Management-Update-client-information-firefox/video.webm
    ────────────────────────────────────────────────────────────────────────────────────────────────

    Error Context: ../test-results/specs-03-clients-Client-Management-Update-client-information-firefox/error-context.md
]]>
</failure>
<system-out>
<![CDATA[
[[ATTACHMENT|specs-03-clients-Client-Management-Update-client-information-firefox/test-failed-1.png]]

[[ATTACHMENT|specs-03-clients-Client-Management-Update-client-information-firefox/video.webm]]

[[ATTACHMENT|specs-03-clients-Client-Management-Update-client-information-firefox/error-context.md]]
]]>
</system-out>
</testcase>
<testcase name="Client Management › Delete client with confirmation" classname="specs/03-clients.spec.ts" time="10.062">
<failure message="03-clients.spec.ts:221:7 Delete client with confirmation" type="FAILURE">
<![CDATA[  [firefox] › specs/03-clients.spec.ts:221:7 › Client Management › Delete client with confirmation ─

    TimeoutError: page.waitForURL: Timeout 5000ms exceeded.
    =========================== logs ===========================
    waiting for navigation to "**/dashboard/clients" until "load"
    ============================================================

       at pages/clients.page.ts:54

      52 |   async submitClientForm() {
      53 |     await this.page.locator('button[type="submit"]:has-text("Crear"), button[type="submit"]:has-text("Guardar")').click()
    > 54 |     await this.page.waitForURL('**/dashboard/clients', { timeout: 5000 })
         |                     ^
      55 |   }
      56 |
      57 |   async createClient(data: {
        at ClientsPage.submitClientForm (/Users/mariobustosjmz/Desktop/claude/my-saas-app/e2e/pages/clients.page.ts:54:21)
        at ClientsPage.createClient (/Users/mariobustosjmz/Desktop/claude/my-saas-app/e2e/pages/clients.page.ts:65:5)
        at /Users/mariobustosjmz/Desktop/claude/my-saas-app/e2e/specs/03-clients.spec.ts:229:5

    attachment #1: screenshot (image/png) ──────────────────────────────────────────────────────────
    ../test-results/specs-03-clients-Client-Ma-f83c9-te-client-with-confirmation-firefox/test-failed-1.png
    ────────────────────────────────────────────────────────────────────────────────────────────────

    attachment #2: video (video/webm) ──────────────────────────────────────────────────────────────
    ../test-results/specs-03-clients-Client-Ma-f83c9-te-client-with-confirmation-firefox/video.webm
    ────────────────────────────────────────────────────────────────────────────────────────────────

    Error Context: ../test-results/specs-03-clients-Client-Ma-f83c9-te-client-with-confirmation-firefox/error-context.md
]]>
</failure>
<system-out>
<![CDATA[
[[ATTACHMENT|specs-03-clients-Client-Ma-f83c9-te-client-with-confirmation-firefox/test-failed-1.png]]

[[ATTACHMENT|specs-03-clients-Client-Ma-f83c9-te-client-with-confirmation-firefox/video.webm]]

[[ATTACHMENT|specs-03-clients-Client-Ma-f83c9-te-client-with-confirmation-firefox/error-context.md]]
]]>
</system-out>
</testcase>
<testcase name="Client Management › Search/filter clients by name" classname="specs/03-clients.spec.ts" time="3.099">
</testcase>
<testcase name="Client Management › Clear search filter shows all clients" classname="specs/03-clients.spec.ts" time="5.176">
</testcase>
<testcase name="Client Management › Client pagination works (if applicable)" classname="specs/03-clients.spec.ts" time="4.341">
</testcase>
<testcase name="Client Management › Client with tags displays correctly" classname="specs/03-clients.spec.ts" time="13.458">
<failure message="03-clients.spec.ts:296:7 Client with tags displays correctly" type="FAILURE">
<![CDATA[  [firefox] › specs/03-clients.spec.ts:296:7 › Client Management › Client with tags displays correctly 

    TimeoutError: page.waitForURL: Timeout 5000ms exceeded.
    =========================== logs ===========================
    waiting for navigation to "**/dashboard/clients" until "load"
    ============================================================

       at pages/clients.page.ts:54

      52 |   async submitClientForm() {
      53 |     await this.page.locator('button[type="submit"]:has-text("Crear"), button[type="submit"]:has-text("Guardar")').click()
    > 54 |     await this.page.waitForURL('**/dashboard/clients', { timeout: 5000 })
         |                     ^
      55 |   }
      56 |
      57 |   async createClient(data: {
        at ClientsPage.submitClientForm (/Users/mariobustosjmz/Desktop/claude/my-saas-app/e2e/pages/clients.page.ts:54:21)
        at ClientsPage.createClient (/Users/mariobustosjmz/Desktop/claude/my-saas-app/e2e/pages/clients.page.ts:65:5)
        at /Users/mariobustosjmz/Desktop/claude/my-saas-app/e2e/specs/03-clients.spec.ts:305:5

    attachment #1: screenshot (image/png) ──────────────────────────────────────────────────────────
    ../test-results/specs-03-clients-Client-Ma-325a8-ith-tags-displays-correctly-firefox/test-failed-1.png
    ────────────────────────────────────────────────────────────────────────────────────────────────

    attachment #2: video (video/webm) ──────────────────────────────────────────────────────────────
    ../test-results/specs-03-clients-Client-Ma-325a8-ith-tags-displays-correctly-firefox/video.webm
    ────────────────────────────────────────────────────────────────────────────────────────────────

    Error Context: ../test-results/specs-03-clients-Client-Ma-325a8-ith-tags-displays-correctly-firefox/error-context.md
]]>
</failure>
<system-out>
<![CDATA[
[[ATTACHMENT|specs-03-clients-Client-Ma-325a8-ith-tags-displays-correctly-firefox/test-failed-1.png]]

[[ATTACHMENT|specs-03-clients-Client-Ma-325a8-ith-tags-displays-correctly-firefox/video.webm]]

[[ATTACHMENT|specs-03-clients-Client-Ma-325a8-ith-tags-displays-correctly-firefox/error-context.md]]
]]>
</system-out>
</testcase>
<testcase name="Client Management › Client address is displayed in list" classname="specs/03-clients.spec.ts" time="13.154">
<failure message="03-clients.spec.ts:311:7 Client address is displayed in list" type="FAILURE">
<![CDATA[  [firefox] › specs/03-clients.spec.ts:311:7 › Client Management › Client address is displayed in list 

    TimeoutError: page.waitForURL: Timeout 5000ms exceeded.
    =========================== logs ===========================
    waiting for navigation to "**/dashboard/clients" until "load"
    ============================================================

       at pages/clients.page.ts:54

      52 |   async submitClientForm() {
      53 |     await this.page.locator('button[type="submit"]:has-text("Crear"), button[type="submit"]:has-text("Guardar")').click()
    > 54 |     await this.page.waitForURL('**/dashboard/clients', { timeout: 5000 })
         |                     ^
      55 |   }
      56 |
      57 |   async createClient(data: {
        at ClientsPage.submitClientForm (/Users/mariobustosjmz/Desktop/claude/my-saas-app/e2e/pages/clients.page.ts:54:21)
        at ClientsPage.createClient (/Users/mariobustosjmz/Desktop/claude/my-saas-app/e2e/pages/clients.page.ts:65:5)
        at /Users/mariobustosjmz/Desktop/claude/my-saas-app/e2e/specs/03-clients.spec.ts:320:5

    attachment #1: screenshot (image/png) ──────────────────────────────────────────────────────────
    ../test-results/specs-03-clients-Client-Ma-c2f57-ddress-is-displayed-in-list-firefox/test-failed-1.png
    ────────────────────────────────────────────────────────────────────────────────────────────────

    attachment #2: video (video/webm) ──────────────────────────────────────────────────────────────
    ../test-results/specs-03-clients-Client-Ma-c2f57-ddress-is-displayed-in-list-firefox/video.webm
    ────────────────────────────────────────────────────────────────────────────────────────────────

    Error Context: ../test-results/specs-03-clients-Client-Ma-c2f57-ddress-is-displayed-in-list-firefox/error-context.md
]]>
</failure>
<system-out>
<![CDATA[
[[ATTACHMENT|specs-03-clients-Client-Ma-c2f57-ddress-is-displayed-in-list-firefox/test-failed-1.png]]

[[ATTACHMENT|specs-03-clients-Client-Ma-c2f57-ddress-is-displayed-in-list-firefox/video.webm]]

[[ATTACHMENT|specs-03-clients-Client-Ma-c2f57-ddress-is-displayed-in-list-firefox/error-context.md]]
]]>
</system-out>
</testcase>
</testsuite>
<testsuite name="specs/04-quotes.spec.ts" timestamp="2026-02-15T05:52:32.997Z" hostname="firefox" tests="24" failures="24" skipped="0" time="300.11" errors="0">
<testcase name="Quote Management › Quotes page loads successfully" classname="specs/04-quotes.spec.ts" time="12.601">
<failure message="04-quotes.spec.ts:24:7 Quotes page loads successfully" type="FAILURE">
<![CDATA[  [firefox] › specs/04-quotes.spec.ts:24:7 › Quote Management › Quotes page loads successfully ─────

    TimeoutError: page.waitForURL: Timeout 5000ms exceeded.
    =========================== logs ===========================
    waiting for navigation to "**/dashboard/clients" until "load"
    ============================================================

       at pages/clients.page.ts:54

      52 |   async submitClientForm() {
      53 |     await this.page.locator('button[type="submit"]:has-text("Crear"), button[type="submit"]:has-text("Guardar")').click()
    > 54 |     await this.page.waitForURL('**/dashboard/clients', { timeout: 5000 })
         |                     ^
      55 |   }
      56 |
      57 |   async createClient(data: {
        at ClientsPage.submitClientForm (/Users/mariobustosjmz/Desktop/claude/my-saas-app/e2e/pages/clients.page.ts:54:21)
        at ClientsPage.createClient (/Users/mariobustosjmz/Desktop/claude/my-saas-app/e2e/pages/clients.page.ts:65:5)
        at /Users/mariobustosjmz/Desktop/claude/my-saas-app/e2e/specs/04-quotes.spec.ts:18:5

    attachment #1: screenshot (image/png) ──────────────────────────────────────────────────────────
    ../test-results/specs-04-quotes-Quote-Mana-6445a-tes-page-loads-successfully-firefox/test-failed-1.png
    ────────────────────────────────────────────────────────────────────────────────────────────────

    attachment #2: video (video/webm) ──────────────────────────────────────────────────────────────
    ../test-results/specs-04-quotes-Quote-Mana-6445a-tes-page-loads-successfully-firefox/video.webm
    ────────────────────────────────────────────────────────────────────────────────────────────────

    Error Context: ../test-results/specs-04-quotes-Quote-Mana-6445a-tes-page-loads-successfully-firefox/error-context.md
]]>
</failure>
<system-out>
<![CDATA[
[[ATTACHMENT|specs-04-quotes-Quote-Mana-6445a-tes-page-loads-successfully-firefox/test-failed-1.png]]

[[ATTACHMENT|specs-04-quotes-Quote-Mana-6445a-tes-page-loads-successfully-firefox/video.webm]]

[[ATTACHMENT|specs-04-quotes-Quote-Mana-6445a-tes-page-loads-successfully-firefox/error-context.md]]
]]>
</system-out>
</testcase>
<testcase name="Quote Management › New Quote button navigates to form" classname="specs/04-quotes.spec.ts" time="12.99">
<failure message="04-quotes.spec.ts:33:7 New Quote button navigates to form" type="FAILURE">
<![CDATA[  [firefox] › specs/04-quotes.spec.ts:33:7 › Quote Management › New Quote button navigates to form ─

    TimeoutError: page.waitForURL: Timeout 5000ms exceeded.
    =========================== logs ===========================
    waiting for navigation to "**/dashboard/clients" until "load"
    ============================================================

       at pages/clients.page.ts:54

      52 |   async submitClientForm() {
      53 |     await this.page.locator('button[type="submit"]:has-text("Crear"), button[type="submit"]:has-text("Guardar")').click()
    > 54 |     await this.page.waitForURL('**/dashboard/clients', { timeout: 5000 })
         |                     ^
      55 |   }
      56 |
      57 |   async createClient(data: {
        at ClientsPage.submitClientForm (/Users/mariobustosjmz/Desktop/claude/my-saas-app/e2e/pages/clients.page.ts:54:21)
        at ClientsPage.createClient (/Users/mariobustosjmz/Desktop/claude/my-saas-app/e2e/pages/clients.page.ts:65:5)
        at /Users/mariobustosjmz/Desktop/claude/my-saas-app/e2e/specs/04-quotes.spec.ts:18:5

    attachment #1: screenshot (image/png) ──────────────────────────────────────────────────────────
    ../test-results/specs-04-quotes-Quote-Mana-6d618-te-button-navigates-to-form-firefox/test-failed-1.png
    ────────────────────────────────────────────────────────────────────────────────────────────────

    attachment #2: video (video/webm) ──────────────────────────────────────────────────────────────
    ../test-results/specs-04-quotes-Quote-Mana-6d618-te-button-navigates-to-form-firefox/video.webm
    ────────────────────────────────────────────────────────────────────────────────────────────────

    Error Context: ../test-results/specs-04-quotes-Quote-Mana-6d618-te-button-navigates-to-form-firefox/error-context.md
]]>
</failure>
<system-out>
<![CDATA[
[[ATTACHMENT|specs-04-quotes-Quote-Mana-6d618-te-button-navigates-to-form-firefox/test-failed-1.png]]

[[ATTACHMENT|specs-04-quotes-Quote-Mana-6d618-te-button-navigates-to-form-firefox/video.webm]]

[[ATTACHMENT|specs-04-quotes-Quote-Mana-6d618-te-button-navigates-to-form-firefox/error-context.md]]
]]>
</system-out>
</testcase>
<testcase name="Quote Management › Quote form loads with required fields" classname="specs/04-quotes.spec.ts" time="12.857">
<failure message="04-quotes.spec.ts:41:7 Quote form loads with required fields" type="FAILURE">
<![CDATA[  [firefox] › specs/04-quotes.spec.ts:41:7 › Quote Management › Quote form loads with required fields 

    TimeoutError: page.waitForURL: Timeout 5000ms exceeded.
    =========================== logs ===========================
    waiting for navigation to "**/dashboard/clients" until "load"
    ============================================================

       at pages/clients.page.ts:54

      52 |   async submitClientForm() {
      53 |     await this.page.locator('button[type="submit"]:has-text("Crear"), button[type="submit"]:has-text("Guardar")').click()
    > 54 |     await this.page.waitForURL('**/dashboard/clients', { timeout: 5000 })
         |                     ^
      55 |   }
      56 |
      57 |   async createClient(data: {
        at ClientsPage.submitClientForm (/Users/mariobustosjmz/Desktop/claude/my-saas-app/e2e/pages/clients.page.ts:54:21)
        at ClientsPage.createClient (/Users/mariobustosjmz/Desktop/claude/my-saas-app/e2e/pages/clients.page.ts:65:5)
        at /Users/mariobustosjmz/Desktop/claude/my-saas-app/e2e/specs/04-quotes.spec.ts:18:5

    attachment #1: screenshot (image/png) ──────────────────────────────────────────────────────────
    ../test-results/specs-04-quotes-Quote-Mana-690c2--loads-with-required-fields-firefox/test-failed-1.png
    ────────────────────────────────────────────────────────────────────────────────────────────────

    attachment #2: video (video/webm) ──────────────────────────────────────────────────────────────
    ../test-results/specs-04-quotes-Quote-Mana-690c2--loads-with-required-fields-firefox/video.webm
    ────────────────────────────────────────────────────────────────────────────────────────────────

    Error Context: ../test-results/specs-04-quotes-Quote-Mana-690c2--loads-with-required-fields-firefox/error-context.md
]]>
</failure>
<system-out>
<![CDATA[
[[ATTACHMENT|specs-04-quotes-Quote-Mana-690c2--loads-with-required-fields-firefox/test-failed-1.png]]

[[ATTACHMENT|specs-04-quotes-Quote-Mana-690c2--loads-with-required-fields-firefox/video.webm]]

[[ATTACHMENT|specs-04-quotes-Quote-Mana-690c2--loads-with-required-fields-firefox/error-context.md]]
]]>
</system-out>
</testcase>
<testcase name="Quote Management › Can add service to quote" classname="specs/04-quotes.spec.ts" time="9.014">
<failure message="04-quotes.spec.ts:49:7 Can add service to quote" type="FAILURE">
<![CDATA[  [firefox] › specs/04-quotes.spec.ts:49:7 › Quote Management › Can add service to quote ───────────

    TimeoutError: page.waitForURL: Timeout 5000ms exceeded.
    =========================== logs ===========================
    waiting for navigation to "**/dashboard/clients" until "load"
    ============================================================

       at pages/clients.page.ts:54

      52 |   async submitClientForm() {
      53 |     await this.page.locator('button[type="submit"]:has-text("Crear"), button[type="submit"]:has-text("Guardar")').click()
    > 54 |     await this.page.waitForURL('**/dashboard/clients', { timeout: 5000 })
         |                     ^
      55 |   }
      56 |
      57 |   async createClient(data: {
        at ClientsPage.submitClientForm (/Users/mariobustosjmz/Desktop/claude/my-saas-app/e2e/pages/clients.page.ts:54:21)
        at ClientsPage.createClient (/Users/mariobustosjmz/Desktop/claude/my-saas-app/e2e/pages/clients.page.ts:65:5)
        at /Users/mariobustosjmz/Desktop/claude/my-saas-app/e2e/specs/04-quotes.spec.ts:18:5

    attachment #1: screenshot (image/png) ──────────────────────────────────────────────────────────
    ../test-results/specs-04-quotes-Quote-Management-Can-add-service-to-quote-firefox/test-failed-1.png
    ────────────────────────────────────────────────────────────────────────────────────────────────

    attachment #2: video (video/webm) ──────────────────────────────────────────────────────────────
    ../test-results/specs-04-quotes-Quote-Management-Can-add-service-to-quote-firefox/video.webm
    ────────────────────────────────────────────────────────────────────────────────────────────────

    Error Context: ../test-results/specs-04-quotes-Quote-Management-Can-add-service-to-quote-firefox/error-context.md
]]>
</failure>
<system-out>
<![CDATA[
[[ATTACHMENT|specs-04-quotes-Quote-Management-Can-add-service-to-quote-firefox/test-failed-1.png]]

[[ATTACHMENT|specs-04-quotes-Quote-Management-Can-add-service-to-quote-firefox/video.webm]]

[[ATTACHMENT|specs-04-quotes-Quote-Management-Can-add-service-to-quote-firefox/error-context.md]]
]]>
</system-out>
</testcase>
<testcase name="Quote Management › Quote list displays correctly" classname="specs/04-quotes.spec.ts" time="10.709">
<failure message="04-quotes.spec.ts:63:7 Quote list displays correctly" type="FAILURE">
<![CDATA[  [firefox] › specs/04-quotes.spec.ts:63:7 › Quote Management › Quote list displays correctly ──────

    TimeoutError: page.waitForURL: Timeout 5000ms exceeded.
    =========================== logs ===========================
    waiting for navigation to "**/dashboard/clients" until "load"
    ============================================================

       at pages/clients.page.ts:54

      52 |   async submitClientForm() {
      53 |     await this.page.locator('button[type="submit"]:has-text("Crear"), button[type="submit"]:has-text("Guardar")').click()
    > 54 |     await this.page.waitForURL('**/dashboard/clients', { timeout: 5000 })
         |                     ^
      55 |   }
      56 |
      57 |   async createClient(data: {
        at ClientsPage.submitClientForm (/Users/mariobustosjmz/Desktop/claude/my-saas-app/e2e/pages/clients.page.ts:54:21)
        at ClientsPage.createClient (/Users/mariobustosjmz/Desktop/claude/my-saas-app/e2e/pages/clients.page.ts:65:5)
        at /Users/mariobustosjmz/Desktop/claude/my-saas-app/e2e/specs/04-quotes.spec.ts:18:5

    attachment #1: screenshot (image/png) ──────────────────────────────────────────────────────────
    ../test-results/specs-04-quotes-Quote-Mana-f08d5-ote-list-displays-correctly-firefox/test-failed-1.png
    ────────────────────────────────────────────────────────────────────────────────────────────────

    attachment #2: video (video/webm) ──────────────────────────────────────────────────────────────
    ../test-results/specs-04-quotes-Quote-Mana-f08d5-ote-list-displays-correctly-firefox/video.webm
    ────────────────────────────────────────────────────────────────────────────────────────────────

    Error Context: ../test-results/specs-04-quotes-Quote-Mana-f08d5-ote-list-displays-correctly-firefox/error-context.md
]]>
</failure>
<system-out>
<![CDATA[
[[ATTACHMENT|specs-04-quotes-Quote-Mana-f08d5-ote-list-displays-correctly-firefox/test-failed-1.png]]

[[ATTACHMENT|specs-04-quotes-Quote-Mana-f08d5-ote-list-displays-correctly-firefox/video.webm]]

[[ATTACHMENT|specs-04-quotes-Quote-Mana-f08d5-ote-list-displays-correctly-firefox/error-context.md]]
]]>
</system-out>
</testcase>
<testcase name="Quote Management › Quote status badges display correctly" classname="specs/04-quotes.spec.ts" time="11.231">
<failure message="04-quotes.spec.ts:72:7 Quote status badges display correctly" type="FAILURE">
<![CDATA[  [firefox] › specs/04-quotes.spec.ts:72:7 › Quote Management › Quote status badges display correctly 

    TimeoutError: page.waitForURL: Timeout 5000ms exceeded.
    =========================== logs ===========================
    waiting for navigation to "**/dashboard/clients" until "load"
    ============================================================

       at pages/clients.page.ts:54

      52 |   async submitClientForm() {
      53 |     await this.page.locator('button[type="submit"]:has-text("Crear"), button[type="submit"]:has-text("Guardar")').click()
    > 54 |     await this.page.waitForURL('**/dashboard/clients', { timeout: 5000 })
         |                     ^
      55 |   }
      56 |
      57 |   async createClient(data: {
        at ClientsPage.submitClientForm (/Users/mariobustosjmz/Desktop/claude/my-saas-app/e2e/pages/clients.page.ts:54:21)
        at ClientsPage.createClient (/Users/mariobustosjmz/Desktop/claude/my-saas-app/e2e/pages/clients.page.ts:65:5)
        at /Users/mariobustosjmz/Desktop/claude/my-saas-app/e2e/specs/04-quotes.spec.ts:18:5

    attachment #1: screenshot (image/png) ──────────────────────────────────────────────────────────
    ../test-results/specs-04-quotes-Quote-Mana-7a350-us-badges-display-correctly-firefox/test-failed-1.png
    ────────────────────────────────────────────────────────────────────────────────────────────────

    attachment #2: video (video/webm) ──────────────────────────────────────────────────────────────
    ../test-results/specs-04-quotes-Quote-Mana-7a350-us-badges-display-correctly-firefox/video.webm
    ────────────────────────────────────────────────────────────────────────────────────────────────

    Error Context: ../test-results/specs-04-quotes-Quote-Mana-7a350-us-badges-display-correctly-firefox/error-context.md
]]>
</failure>
<system-out>
<![CDATA[
[[ATTACHMENT|specs-04-quotes-Quote-Mana-7a350-us-badges-display-correctly-firefox/test-failed-1.png]]

[[ATTACHMENT|specs-04-quotes-Quote-Mana-7a350-us-badges-display-correctly-firefox/video.webm]]

[[ATTACHMENT|specs-04-quotes-Quote-Mana-7a350-us-badges-display-correctly-firefox/error-context.md]]
]]>
</system-out>
</testcase>
<testcase name="Quote Management › Quote table displays all required columns" classname="specs/04-quotes.spec.ts" time="12.23">
<failure message="04-quotes.spec.ts:87:7 Quote table displays all required columns" type="FAILURE">
<![CDATA[  [firefox] › specs/04-quotes.spec.ts:87:7 › Quote Management › Quote table displays all required columns 

    TimeoutError: page.waitForURL: Timeout 5000ms exceeded.
    =========================== logs ===========================
    waiting for navigation to "**/dashboard/clients" until "load"
    ============================================================

       at pages/clients.page.ts:54

      52 |   async submitClientForm() {
      53 |     await this.page.locator('button[type="submit"]:has-text("Crear"), button[type="submit"]:has-text("Guardar")').click()
    > 54 |     await this.page.waitForURL('**/dashboard/clients', { timeout: 5000 })
         |                     ^
      55 |   }
      56 |
      57 |   async createClient(data: {
        at ClientsPage.submitClientForm (/Users/mariobustosjmz/Desktop/claude/my-saas-app/e2e/pages/clients.page.ts:54:21)
        at ClientsPage.createClient (/Users/mariobustosjmz/Desktop/claude/my-saas-app/e2e/pages/clients.page.ts:65:5)
        at /Users/mariobustosjmz/Desktop/claude/my-saas-app/e2e/specs/04-quotes.spec.ts:18:5

    attachment #1: screenshot (image/png) ──────────────────────────────────────────────────────────
    ../test-results/specs-04-quotes-Quote-Mana-b97fd-splays-all-required-columns-firefox/test-failed-1.png
    ────────────────────────────────────────────────────────────────────────────────────────────────

    attachment #2: video (video/webm) ──────────────────────────────────────────────────────────────
    ../test-results/specs-04-quotes-Quote-Mana-b97fd-splays-all-required-columns-firefox/video.webm
    ────────────────────────────────────────────────────────────────────────────────────────────────

    Error Context: ../test-results/specs-04-quotes-Quote-Mana-b97fd-splays-all-required-columns-firefox/error-context.md
]]>
</failure>
<system-out>
<![CDATA[
[[ATTACHMENT|specs-04-quotes-Quote-Mana-b97fd-splays-all-required-columns-firefox/test-failed-1.png]]

[[ATTACHMENT|specs-04-quotes-Quote-Mana-b97fd-splays-all-required-columns-firefox/video.webm]]

[[ATTACHMENT|specs-04-quotes-Quote-Mana-b97fd-splays-all-required-columns-firefox/error-context.md]]
]]>
</system-out>
</testcase>
<testcase name="Quote Management › Empty state shown when no quotes" classname="specs/04-quotes.spec.ts" time="17.152">
<failure message="04-quotes.spec.ts:100:7 Empty state shown when no quotes" type="FAILURE">
<![CDATA[  [firefox] › specs/04-quotes.spec.ts:100:7 › Quote Management › Empty state shown when no quotes ──

    TimeoutError: page.waitForURL: Timeout 5000ms exceeded.
    =========================== logs ===========================
    waiting for navigation to "**/dashboard/clients" until "load"
    ============================================================

       at pages/clients.page.ts:54

      52 |   async submitClientForm() {
      53 |     await this.page.locator('button[type="submit"]:has-text("Crear"), button[type="submit"]:has-text("Guardar")').click()
    > 54 |     await this.page.waitForURL('**/dashboard/clients', { timeout: 5000 })
         |                     ^
      55 |   }
      56 |
      57 |   async createClient(data: {
        at ClientsPage.submitClientForm (/Users/mariobustosjmz/Desktop/claude/my-saas-app/e2e/pages/clients.page.ts:54:21)
        at ClientsPage.createClient (/Users/mariobustosjmz/Desktop/claude/my-saas-app/e2e/pages/clients.page.ts:65:5)
        at /Users/mariobustosjmz/Desktop/claude/my-saas-app/e2e/specs/04-quotes.spec.ts:18:5

    attachment #1: screenshot (image/png) ──────────────────────────────────────────────────────────
    ../test-results/specs-04-quotes-Quote-Mana-21ad5--state-shown-when-no-quotes-firefox/test-failed-1.png
    ────────────────────────────────────────────────────────────────────────────────────────────────

    attachment #2: video (video/webm) ──────────────────────────────────────────────────────────────
    ../test-results/specs-04-quotes-Quote-Mana-21ad5--state-shown-when-no-quotes-firefox/video.webm
    ────────────────────────────────────────────────────────────────────────────────────────────────

    Error Context: ../test-results/specs-04-quotes-Quote-Mana-21ad5--state-shown-when-no-quotes-firefox/error-context.md
]]>
</failure>
<system-out>
<![CDATA[
[[ATTACHMENT|specs-04-quotes-Quote-Mana-21ad5--state-shown-when-no-quotes-firefox/test-failed-1.png]]

[[ATTACHMENT|specs-04-quotes-Quote-Mana-21ad5--state-shown-when-no-quotes-firefox/video.webm]]

[[ATTACHMENT|specs-04-quotes-Quote-Mana-21ad5--state-shown-when-no-quotes-firefox/error-context.md]]
]]>
</system-out>
</testcase>
<testcase name="Quote Management › Quote form has client selection" classname="specs/04-quotes.spec.ts" time="16.166">
<failure message="04-quotes.spec.ts:110:7 Quote form has client selection" type="FAILURE">
<![CDATA[  [firefox] › specs/04-quotes.spec.ts:110:7 › Quote Management › Quote form has client selection ───

    TimeoutError: page.waitForURL: Timeout 5000ms exceeded.
    =========================== logs ===========================
    waiting for navigation to "**/dashboard/clients" until "load"
    ============================================================

       at pages/clients.page.ts:54

      52 |   async submitClientForm() {
      53 |     await this.page.locator('button[type="submit"]:has-text("Crear"), button[type="submit"]:has-text("Guardar")').click()
    > 54 |     await this.page.waitForURL('**/dashboard/clients', { timeout: 5000 })
         |                     ^
      55 |   }
      56 |
      57 |   async createClient(data: {
        at ClientsPage.submitClientForm (/Users/mariobustosjmz/Desktop/claude/my-saas-app/e2e/pages/clients.page.ts:54:21)
        at ClientsPage.createClient (/Users/mariobustosjmz/Desktop/claude/my-saas-app/e2e/pages/clients.page.ts:65:5)
        at /Users/mariobustosjmz/Desktop/claude/my-saas-app/e2e/specs/04-quotes.spec.ts:18:5

    attachment #1: screenshot (image/png) ──────────────────────────────────────────────────────────
    ../test-results/specs-04-quotes-Quote-Mana-10c71-e-form-has-client-selection-firefox/test-failed-1.png
    ────────────────────────────────────────────────────────────────────────────────────────────────

    attachment #2: video (video/webm) ──────────────────────────────────────────────────────────────
    ../test-results/specs-04-quotes-Quote-Mana-10c71-e-form-has-client-selection-firefox/video.webm
    ────────────────────────────────────────────────────────────────────────────────────────────────

    Error Context: ../test-results/specs-04-quotes-Quote-Mana-10c71-e-form-has-client-selection-firefox/error-context.md
]]>
</failure>
<system-out>
<![CDATA[
[[ATTACHMENT|specs-04-quotes-Quote-Mana-10c71-e-form-has-client-selection-firefox/test-failed-1.png]]

[[ATTACHMENT|specs-04-quotes-Quote-Mana-10c71-e-form-has-client-selection-firefox/video.webm]]

[[ATTACHMENT|specs-04-quotes-Quote-Mana-10c71-e-form-has-client-selection-firefox/error-context.md]]
]]>
</system-out>
</testcase>
<testcase name="Quote Management › Service quantity defaults to 1" classname="specs/04-quotes.spec.ts" time="16.294">
<failure message="04-quotes.spec.ts:118:7 Service quantity defaults to 1" type="FAILURE">
<![CDATA[  [firefox] › specs/04-quotes.spec.ts:118:7 › Quote Management › Service quantity defaults to 1 ────

    TimeoutError: page.waitForURL: Timeout 5000ms exceeded.
    =========================== logs ===========================
    waiting for navigation to "**/dashboard/clients" until "load"
    ============================================================

       at pages/clients.page.ts:54

      52 |   async submitClientForm() {
      53 |     await this.page.locator('button[type="submit"]:has-text("Crear"), button[type="submit"]:has-text("Guardar")').click()
    > 54 |     await this.page.waitForURL('**/dashboard/clients', { timeout: 5000 })
         |                     ^
      55 |   }
      56 |
      57 |   async createClient(data: {
        at ClientsPage.submitClientForm (/Users/mariobustosjmz/Desktop/claude/my-saas-app/e2e/pages/clients.page.ts:54:21)
        at ClientsPage.createClient (/Users/mariobustosjmz/Desktop/claude/my-saas-app/e2e/pages/clients.page.ts:65:5)
        at /Users/mariobustosjmz/Desktop/claude/my-saas-app/e2e/specs/04-quotes.spec.ts:18:5

    attachment #1: screenshot (image/png) ──────────────────────────────────────────────────────────
    ../test-results/specs-04-quotes-Quote-Mana-c833b-vice-quantity-defaults-to-1-firefox/test-failed-1.png
    ────────────────────────────────────────────────────────────────────────────────────────────────

    attachment #2: video (video/webm) ──────────────────────────────────────────────────────────────
    ../test-results/specs-04-quotes-Quote-Mana-c833b-vice-quantity-defaults-to-1-firefox/video.webm
    ────────────────────────────────────────────────────────────────────────────────────────────────

    Error Context: ../test-results/specs-04-quotes-Quote-Mana-c833b-vice-quantity-defaults-to-1-firefox/error-context.md
]]>
</failure>
<system-out>
<![CDATA[
[[ATTACHMENT|specs-04-quotes-Quote-Mana-c833b-vice-quantity-defaults-to-1-firefox/test-failed-1.png]]

[[ATTACHMENT|specs-04-quotes-Quote-Mana-c833b-vice-quantity-defaults-to-1-firefox/video.webm]]

[[ATTACHMENT|specs-04-quotes-Quote-Mana-c833b-vice-quantity-defaults-to-1-firefox/error-context.md]]
]]>
</system-out>
</testcase>
<testcase name="Quote Management › Multiple services can be added to quote" classname="specs/04-quotes.spec.ts" time="11.044">
<failure message="04-quotes.spec.ts:135:7 Multiple services can be added to quote" type="FAILURE">
<![CDATA[  [firefox] › specs/04-quotes.spec.ts:135:7 › Quote Management › Multiple services can be added to quote 

    TimeoutError: page.waitForURL: Timeout 5000ms exceeded.
    =========================== logs ===========================
    waiting for navigation to "**/dashboard/clients" until "load"
    ============================================================

       at pages/clients.page.ts:54

      52 |   async submitClientForm() {
      53 |     await this.page.locator('button[type="submit"]:has-text("Crear"), button[type="submit"]:has-text("Guardar")').click()
    > 54 |     await this.page.waitForURL('**/dashboard/clients', { timeout: 5000 })
         |                     ^
      55 |   }
      56 |
      57 |   async createClient(data: {
        at ClientsPage.submitClientForm (/Users/mariobustosjmz/Desktop/claude/my-saas-app/e2e/pages/clients.page.ts:54:21)
        at ClientsPage.createClient (/Users/mariobustosjmz/Desktop/claude/my-saas-app/e2e/pages/clients.page.ts:65:5)
        at /Users/mariobustosjmz/Desktop/claude/my-saas-app/e2e/specs/04-quotes.spec.ts:18:5

    attachment #1: screenshot (image/png) ──────────────────────────────────────────────────────────
    ../test-results/specs-04-quotes-Quote-Mana-4142f-vices-can-be-added-to-quote-firefox/test-failed-1.png
    ────────────────────────────────────────────────────────────────────────────────────────────────

    attachment #2: video (video/webm) ──────────────────────────────────────────────────────────────
    ../test-results/specs-04-quotes-Quote-Mana-4142f-vices-can-be-added-to-quote-firefox/video.webm
    ────────────────────────────────────────────────────────────────────────────────────────────────

    Error Context: ../test-results/specs-04-quotes-Quote-Mana-4142f-vices-can-be-added-to-quote-firefox/error-context.md
]]>
</failure>
<system-out>
<![CDATA[
[[ATTACHMENT|specs-04-quotes-Quote-Mana-4142f-vices-can-be-added-to-quote-firefox/test-failed-1.png]]

[[ATTACHMENT|specs-04-quotes-Quote-Mana-4142f-vices-can-be-added-to-quote-firefox/video.webm]]

[[ATTACHMENT|specs-04-quotes-Quote-Mana-4142f-vices-can-be-added-to-quote-firefox/error-context.md]]
]]>
</system-out>
</testcase>
<testcase name="Quote Management › Quote form validates numeric price input" classname="specs/04-quotes.spec.ts" time="11.589">
<failure message="04-quotes.spec.ts:150:7 Quote form validates numeric price input" type="FAILURE">
<![CDATA[  [firefox] › specs/04-quotes.spec.ts:150:7 › Quote Management › Quote form validates numeric price input 

    TimeoutError: page.waitForURL: Timeout 5000ms exceeded.
    =========================== logs ===========================
    waiting for navigation to "**/dashboard/clients" until "load"
    ============================================================

       at pages/clients.page.ts:54

      52 |   async submitClientForm() {
      53 |     await this.page.locator('button[type="submit"]:has-text("Crear"), button[type="submit"]:has-text("Guardar")').click()
    > 54 |     await this.page.waitForURL('**/dashboard/clients', { timeout: 5000 })
         |                     ^
      55 |   }
      56 |
      57 |   async createClient(data: {
        at ClientsPage.submitClientForm (/Users/mariobustosjmz/Desktop/claude/my-saas-app/e2e/pages/clients.page.ts:54:21)
        at ClientsPage.createClient (/Users/mariobustosjmz/Desktop/claude/my-saas-app/e2e/pages/clients.page.ts:65:5)
        at /Users/mariobustosjmz/Desktop/claude/my-saas-app/e2e/specs/04-quotes.spec.ts:18:5

    attachment #1: screenshot (image/png) ──────────────────────────────────────────────────────────
    ../test-results/specs-04-quotes-Quote-Mana-46fdb-lidates-numeric-price-input-firefox/test-failed-1.png
    ────────────────────────────────────────────────────────────────────────────────────────────────

    attachment #2: video (video/webm) ──────────────────────────────────────────────────────────────
    ../test-results/specs-04-quotes-Quote-Mana-46fdb-lidates-numeric-price-input-firefox/video.webm
    ────────────────────────────────────────────────────────────────────────────────────────────────

    Error Context: ../test-results/specs-04-quotes-Quote-Mana-46fdb-lidates-numeric-price-input-firefox/error-context.md
]]>
</failure>
<system-out>
<![CDATA[
[[ATTACHMENT|specs-04-quotes-Quote-Mana-46fdb-lidates-numeric-price-input-firefox/test-failed-1.png]]

[[ATTACHMENT|specs-04-quotes-Quote-Mana-46fdb-lidates-numeric-price-input-firefox/video.webm]]

[[ATTACHMENT|specs-04-quotes-Quote-Mana-46fdb-lidates-numeric-price-input-firefox/error-context.md]]
]]>
</system-out>
</testcase>
<testcase name="Quote Management › Quote form can be cancelled" classname="specs/04-quotes.spec.ts" time="13.804">
<failure message="04-quotes.spec.ts:165:7 Quote form can be cancelled" type="FAILURE">
<![CDATA[  [firefox] › specs/04-quotes.spec.ts:165:7 › Quote Management › Quote form can be cancelled ───────

    TimeoutError: page.waitForURL: Timeout 5000ms exceeded.
    =========================== logs ===========================
    waiting for navigation to "**/dashboard/clients" until "load"
    ============================================================

       at pages/clients.page.ts:54

      52 |   async submitClientForm() {
      53 |     await this.page.locator('button[type="submit"]:has-text("Crear"), button[type="submit"]:has-text("Guardar")').click()
    > 54 |     await this.page.waitForURL('**/dashboard/clients', { timeout: 5000 })
         |                     ^
      55 |   }
      56 |
      57 |   async createClient(data: {
        at ClientsPage.submitClientForm (/Users/mariobustosjmz/Desktop/claude/my-saas-app/e2e/pages/clients.page.ts:54:21)
        at ClientsPage.createClient (/Users/mariobustosjmz/Desktop/claude/my-saas-app/e2e/pages/clients.page.ts:65:5)
        at /Users/mariobustosjmz/Desktop/claude/my-saas-app/e2e/specs/04-quotes.spec.ts:18:5

    attachment #1: screenshot (image/png) ──────────────────────────────────────────────────────────
    ../test-results/specs-04-quotes-Quote-Management-Quote-form-can-be-cancelled-firefox/test-failed-1.png
    ────────────────────────────────────────────────────────────────────────────────────────────────

    attachment #2: video (video/webm) ──────────────────────────────────────────────────────────────
    ../test-results/specs-04-quotes-Quote-Management-Quote-form-can-be-cancelled-firefox/video.webm
    ────────────────────────────────────────────────────────────────────────────────────────────────

    Error Context: ../test-results/specs-04-quotes-Quote-Management-Quote-form-can-be-cancelled-firefox/error-context.md
]]>
</failure>
<system-out>
<![CDATA[
[[ATTACHMENT|specs-04-quotes-Quote-Management-Quote-form-can-be-cancelled-firefox/test-failed-1.png]]

[[ATTACHMENT|specs-04-quotes-Quote-Management-Quote-form-can-be-cancelled-firefox/video.webm]]

[[ATTACHMENT|specs-04-quotes-Quote-Management-Quote-form-can-be-cancelled-firefox/error-context.md]]
]]>
</system-out>
</testcase>
<testcase name="Quote Management › Quote total calculation includes all services" classname="specs/04-quotes.spec.ts" time="9.629">
<failure message="04-quotes.spec.ts:176:7 Quote total calculation includes all services" type="FAILURE">
<![CDATA[  [firefox] › specs/04-quotes.spec.ts:176:7 › Quote Management › Quote total calculation includes all services 

    TimeoutError: page.waitForURL: Timeout 5000ms exceeded.
    =========================== logs ===========================
    waiting for navigation to "**/dashboard/clients" until "load"
    ============================================================

       at pages/clients.page.ts:54

      52 |   async submitClientForm() {
      53 |     await this.page.locator('button[type="submit"]:has-text("Crear"), button[type="submit"]:has-text("Guardar")').click()
    > 54 |     await this.page.waitForURL('**/dashboard/clients', { timeout: 5000 })
         |                     ^
      55 |   }
      56 |
      57 |   async createClient(data: {
        at ClientsPage.submitClientForm (/Users/mariobustosjmz/Desktop/claude/my-saas-app/e2e/pages/clients.page.ts:54:21)
        at ClientsPage.createClient (/Users/mariobustosjmz/Desktop/claude/my-saas-app/e2e/pages/clients.page.ts:65:5)
        at /Users/mariobustosjmz/Desktop/claude/my-saas-app/e2e/specs/04-quotes.spec.ts:18:5

    attachment #1: screenshot (image/png) ──────────────────────────────────────────────────────────
    ../test-results/specs-04-quotes-Quote-Mana-7b15a-ation-includes-all-services-firefox/test-failed-1.png
    ────────────────────────────────────────────────────────────────────────────────────────────────

    attachment #2: video (video/webm) ──────────────────────────────────────────────────────────────
    ../test-results/specs-04-quotes-Quote-Mana-7b15a-ation-includes-all-services-firefox/video.webm
    ────────────────────────────────────────────────────────────────────────────────────────────────

    Error Context: ../test-results/specs-04-quotes-Quote-Mana-7b15a-ation-includes-all-services-firefox/error-context.md
]]>
</failure>
<system-out>
<![CDATA[
[[ATTACHMENT|specs-04-quotes-Quote-Mana-7b15a-ation-includes-all-services-firefox/test-failed-1.png]]

[[ATTACHMENT|specs-04-quotes-Quote-Mana-7b15a-ation-includes-all-services-firefox/video.webm]]

[[ATTACHMENT|specs-04-quotes-Quote-Mana-7b15a-ation-includes-all-services-firefox/error-context.md]]
]]>
</system-out>
</testcase>
<testcase name="Quote Management › Quote accessibility - proper form structure" classname="specs/04-quotes.spec.ts" time="10.578">
<failure message="04-quotes.spec.ts:192:7 Quote accessibility - proper form structure" type="FAILURE">
<![CDATA[  [firefox] › specs/04-quotes.spec.ts:192:7 › Quote Management › Quote accessibility - proper form structure 

    TimeoutError: page.waitForURL: Timeout 5000ms exceeded.
    =========================== logs ===========================
    waiting for navigation to "**/dashboard/clients" until "load"
    ============================================================

       at pages/clients.page.ts:54

      52 |   async submitClientForm() {
      53 |     await this.page.locator('button[type="submit"]:has-text("Crear"), button[type="submit"]:has-text("Guardar")').click()
    > 54 |     await this.page.waitForURL('**/dashboard/clients', { timeout: 5000 })
         |                     ^
      55 |   }
      56 |
      57 |   async createClient(data: {
        at ClientsPage.submitClientForm (/Users/mariobustosjmz/Desktop/claude/my-saas-app/e2e/pages/clients.page.ts:54:21)
        at ClientsPage.createClient (/Users/mariobustosjmz/Desktop/claude/my-saas-app/e2e/pages/clients.page.ts:65:5)
        at /Users/mariobustosjmz/Desktop/claude/my-saas-app/e2e/specs/04-quotes.spec.ts:18:5

    attachment #1: screenshot (image/png) ──────────────────────────────────────────────────────────
    ../test-results/specs-04-quotes-Quote-Mana-c0e99-ity---proper-form-structure-firefox/test-failed-1.png
    ────────────────────────────────────────────────────────────────────────────────────────────────

    attachment #2: video (video/webm) ──────────────────────────────────────────────────────────────
    ../test-results/specs-04-quotes-Quote-Mana-c0e99-ity---proper-form-structure-firefox/video.webm
    ────────────────────────────────────────────────────────────────────────────────────────────────

    Error Context: ../test-results/specs-04-quotes-Quote-Mana-c0e99-ity---proper-form-structure-firefox/error-context.md
]]>
</failure>
<system-out>
<![CDATA[
[[ATTACHMENT|specs-04-quotes-Quote-Mana-c0e99-ity---proper-form-structure-firefox/test-failed-1.png]]

[[ATTACHMENT|specs-04-quotes-Quote-Mana-c0e99-ity---proper-form-structure-firefox/video.webm]]

[[ATTACHMENT|specs-04-quotes-Quote-Mana-c0e99-ity---proper-form-structure-firefox/error-context.md]]
]]>
</system-out>
</testcase>
<testcase name="Quote Management › Quote list shows client information" classname="specs/04-quotes.spec.ts" time="13.211">
<failure message="04-quotes.spec.ts:203:7 Quote list shows client information" type="FAILURE">
<![CDATA[  [firefox] › specs/04-quotes.spec.ts:203:7 › Quote Management › Quote list shows client information 

    TimeoutError: page.waitForURL: Timeout 5000ms exceeded.
    =========================== logs ===========================
    waiting for navigation to "**/dashboard/clients" until "load"
    ============================================================

       at pages/clients.page.ts:54

      52 |   async submitClientForm() {
      53 |     await this.page.locator('button[type="submit"]:has-text("Crear"), button[type="submit"]:has-text("Guardar")').click()
    > 54 |     await this.page.waitForURL('**/dashboard/clients', { timeout: 5000 })
         |                     ^
      55 |   }
      56 |
      57 |   async createClient(data: {
        at ClientsPage.submitClientForm (/Users/mariobustosjmz/Desktop/claude/my-saas-app/e2e/pages/clients.page.ts:54:21)
        at ClientsPage.createClient (/Users/mariobustosjmz/Desktop/claude/my-saas-app/e2e/pages/clients.page.ts:65:5)
        at /Users/mariobustosjmz/Desktop/claude/my-saas-app/e2e/specs/04-quotes.spec.ts:18:5

    attachment #1: screenshot (image/png) ──────────────────────────────────────────────────────────
    ../test-results/specs-04-quotes-Quote-Mana-af383-st-shows-client-information-firefox/test-failed-1.png
    ────────────────────────────────────────────────────────────────────────────────────────────────

    attachment #2: video (video/webm) ──────────────────────────────────────────────────────────────
    ../test-results/specs-04-quotes-Quote-Mana-af383-st-shows-client-information-firefox/video.webm
    ────────────────────────────────────────────────────────────────────────────────────────────────

    Error Context: ../test-results/specs-04-quotes-Quote-Mana-af383-st-shows-client-information-firefox/error-context.md
]]>
</failure>
<system-out>
<![CDATA[
[[ATTACHMENT|specs-04-quotes-Quote-Mana-af383-st-shows-client-information-firefox/test-failed-1.png]]

[[ATTACHMENT|specs-04-quotes-Quote-Mana-af383-st-shows-client-information-firefox/video.webm]]

[[ATTACHMENT|specs-04-quotes-Quote-Mana-af383-st-shows-client-information-firefox/error-context.md]]
]]>
</system-out>
</testcase>
<testcase name="Quote Management › Save quote with line items" classname="specs/04-quotes.spec.ts" time="13.652">
<failure message="04-quotes.spec.ts:224:7 Save quote with line items" type="FAILURE">
<![CDATA[  [firefox] › specs/04-quotes.spec.ts:224:7 › Quote Management › Save quote with line items ────────

    TimeoutError: page.waitForURL: Timeout 5000ms exceeded.
    =========================== logs ===========================
    waiting for navigation to "**/dashboard/clients" until "load"
    ============================================================

       at pages/clients.page.ts:54

      52 |   async submitClientForm() {
      53 |     await this.page.locator('button[type="submit"]:has-text("Crear"), button[type="submit"]:has-text("Guardar")').click()
    > 54 |     await this.page.waitForURL('**/dashboard/clients', { timeout: 5000 })
         |                     ^
      55 |   }
      56 |
      57 |   async createClient(data: {
        at ClientsPage.submitClientForm (/Users/mariobustosjmz/Desktop/claude/my-saas-app/e2e/pages/clients.page.ts:54:21)
        at ClientsPage.createClient (/Users/mariobustosjmz/Desktop/claude/my-saas-app/e2e/pages/clients.page.ts:65:5)
        at /Users/mariobustosjmz/Desktop/claude/my-saas-app/e2e/specs/04-quotes.spec.ts:18:5

    attachment #1: screenshot (image/png) ──────────────────────────────────────────────────────────
    ../test-results/specs-04-quotes-Quote-Management-Save-quote-with-line-items-firefox/test-failed-1.png
    ────────────────────────────────────────────────────────────────────────────────────────────────

    attachment #2: video (video/webm) ──────────────────────────────────────────────────────────────
    ../test-results/specs-04-quotes-Quote-Management-Save-quote-with-line-items-firefox/video.webm
    ────────────────────────────────────────────────────────────────────────────────────────────────

    Error Context: ../test-results/specs-04-quotes-Quote-Management-Save-quote-with-line-items-firefox/error-context.md
]]>
</failure>
<system-out>
<![CDATA[
[[ATTACHMENT|specs-04-quotes-Quote-Management-Save-quote-with-line-items-firefox/test-failed-1.png]]

[[ATTACHMENT|specs-04-quotes-Quote-Management-Save-quote-with-line-items-firefox/video.webm]]

[[ATTACHMENT|specs-04-quotes-Quote-Management-Save-quote-with-line-items-firefox/error-context.md]]
]]>
</system-out>
</testcase>
<testcase name="Quote Management › View quote details" classname="specs/04-quotes.spec.ts" time="11.253">
<failure message="04-quotes.spec.ts:261:7 View quote details" type="FAILURE">
<![CDATA[  [firefox] › specs/04-quotes.spec.ts:261:7 › Quote Management › View quote details ────────────────

    TimeoutError: page.waitForURL: Timeout 5000ms exceeded.
    =========================== logs ===========================
    waiting for navigation to "**/dashboard/clients" until "load"
    ============================================================

       at pages/clients.page.ts:54

      52 |   async submitClientForm() {
      53 |     await this.page.locator('button[type="submit"]:has-text("Crear"), button[type="submit"]:has-text("Guardar")').click()
    > 54 |     await this.page.waitForURL('**/dashboard/clients', { timeout: 5000 })
         |                     ^
      55 |   }
      56 |
      57 |   async createClient(data: {
        at ClientsPage.submitClientForm (/Users/mariobustosjmz/Desktop/claude/my-saas-app/e2e/pages/clients.page.ts:54:21)
        at ClientsPage.createClient (/Users/mariobustosjmz/Desktop/claude/my-saas-app/e2e/pages/clients.page.ts:65:5)
        at /Users/mariobustosjmz/Desktop/claude/my-saas-app/e2e/specs/04-quotes.spec.ts:18:5

    attachment #1: screenshot (image/png) ──────────────────────────────────────────────────────────
    ../test-results/specs-04-quotes-Quote-Management-View-quote-details-firefox/test-failed-1.png
    ────────────────────────────────────────────────────────────────────────────────────────────────

    attachment #2: video (video/webm) ──────────────────────────────────────────────────────────────
    ../test-results/specs-04-quotes-Quote-Management-View-quote-details-firefox/video.webm
    ────────────────────────────────────────────────────────────────────────────────────────────────

    Error Context: ../test-results/specs-04-quotes-Quote-Management-View-quote-details-firefox/error-context.md
]]>
</failure>
<system-out>
<![CDATA[
[[ATTACHMENT|specs-04-quotes-Quote-Management-View-quote-details-firefox/test-failed-1.png]]

[[ATTACHMENT|specs-04-quotes-Quote-Management-View-quote-details-firefox/video.webm]]

[[ATTACHMENT|specs-04-quotes-Quote-Management-View-quote-details-firefox/error-context.md]]
]]>
</system-out>
</testcase>
<testcase name="Quote Management › Filter quotes by status" classname="specs/04-quotes.spec.ts" time="13.711">
<failure message="04-quotes.spec.ts:276:7 Filter quotes by status" type="FAILURE">
<![CDATA[  [firefox] › specs/04-quotes.spec.ts:276:7 › Quote Management › Filter quotes by status ───────────

    TimeoutError: page.waitForURL: Timeout 5000ms exceeded.
    =========================== logs ===========================
    waiting for navigation to "**/dashboard/clients" until "load"
    ============================================================

       at pages/clients.page.ts:54

      52 |   async submitClientForm() {
      53 |     await this.page.locator('button[type="submit"]:has-text("Crear"), button[type="submit"]:has-text("Guardar")').click()
    > 54 |     await this.page.waitForURL('**/dashboard/clients', { timeout: 5000 })
         |                     ^
      55 |   }
      56 |
      57 |   async createClient(data: {
        at ClientsPage.submitClientForm (/Users/mariobustosjmz/Desktop/claude/my-saas-app/e2e/pages/clients.page.ts:54:21)
        at ClientsPage.createClient (/Users/mariobustosjmz/Desktop/claude/my-saas-app/e2e/pages/clients.page.ts:65:5)
        at /Users/mariobustosjmz/Desktop/claude/my-saas-app/e2e/specs/04-quotes.spec.ts:18:5

    attachment #1: screenshot (image/png) ──────────────────────────────────────────────────────────
    ../test-results/specs-04-quotes-Quote-Management-Filter-quotes-by-status-firefox/test-failed-1.png
    ────────────────────────────────────────────────────────────────────────────────────────────────

    attachment #2: video (video/webm) ──────────────────────────────────────────────────────────────
    ../test-results/specs-04-quotes-Quote-Management-Filter-quotes-by-status-firefox/video.webm
    ────────────────────────────────────────────────────────────────────────────────────────────────

    Error Context: ../test-results/specs-04-quotes-Quote-Management-Filter-quotes-by-status-firefox/error-context.md
]]>
</failure>
<system-out>
<![CDATA[
[[ATTACHMENT|specs-04-quotes-Quote-Management-Filter-quotes-by-status-firefox/test-failed-1.png]]

[[ATTACHMENT|specs-04-quotes-Quote-Management-Filter-quotes-by-status-firefox/video.webm]]

[[ATTACHMENT|specs-04-quotes-Quote-Management-Filter-quotes-by-status-firefox/error-context.md]]
]]>
</system-out>
</testcase>
<testcase name="Quote Management › Quote list pagination" classname="specs/04-quotes.spec.ts" time="12.434">
<failure message="04-quotes.spec.ts:296:7 Quote list pagination" type="FAILURE">
<![CDATA[  [firefox] › specs/04-quotes.spec.ts:296:7 › Quote Management › Quote list pagination ─────────────

    TimeoutError: page.waitForURL: Timeout 5000ms exceeded.
    =========================== logs ===========================
    waiting for navigation to "**/dashboard/clients" until "load"
    ============================================================

       at pages/clients.page.ts:54

      52 |   async submitClientForm() {
      53 |     await this.page.locator('button[type="submit"]:has-text("Crear"), button[type="submit"]:has-text("Guardar")').click()
    > 54 |     await this.page.waitForURL('**/dashboard/clients', { timeout: 5000 })
         |                     ^
      55 |   }
      56 |
      57 |   async createClient(data: {
        at ClientsPage.submitClientForm (/Users/mariobustosjmz/Desktop/claude/my-saas-app/e2e/pages/clients.page.ts:54:21)
        at ClientsPage.createClient (/Users/mariobustosjmz/Desktop/claude/my-saas-app/e2e/pages/clients.page.ts:65:5)
        at /Users/mariobustosjmz/Desktop/claude/my-saas-app/e2e/specs/04-quotes.spec.ts:18:5

    attachment #1: screenshot (image/png) ──────────────────────────────────────────────────────────
    ../test-results/specs-04-quotes-Quote-Management-Quote-list-pagination-firefox/test-failed-1.png
    ────────────────────────────────────────────────────────────────────────────────────────────────

    attachment #2: video (video/webm) ──────────────────────────────────────────────────────────────
    ../test-results/specs-04-quotes-Quote-Management-Quote-list-pagination-firefox/video.webm
    ────────────────────────────────────────────────────────────────────────────────────────────────

    Error Context: ../test-results/specs-04-quotes-Quote-Management-Quote-list-pagination-firefox/error-context.md
]]>
</failure>
<system-out>
<![CDATA[
[[ATTACHMENT|specs-04-quotes-Quote-Management-Quote-list-pagination-firefox/test-failed-1.png]]

[[ATTACHMENT|specs-04-quotes-Quote-Management-Quote-list-pagination-firefox/video.webm]]

[[ATTACHMENT|specs-04-quotes-Quote-Management-Quote-list-pagination-firefox/error-context.md]]
]]>
</system-out>
</testcase>
<testcase name="Quote Management › Delete quote from details page" classname="specs/04-quotes.spec.ts" time="12.376">
<failure message="04-quotes.spec.ts:307:7 Delete quote from details page" type="FAILURE">
<![CDATA[  [firefox] › specs/04-quotes.spec.ts:307:7 › Quote Management › Delete quote from details page ────

    TimeoutError: page.waitForURL: Timeout 5000ms exceeded.
    =========================== logs ===========================
    waiting for navigation to "**/dashboard/clients" until "load"
    ============================================================

       at pages/clients.page.ts:54

      52 |   async submitClientForm() {
      53 |     await this.page.locator('button[type="submit"]:has-text("Crear"), button[type="submit"]:has-text("Guardar")').click()
    > 54 |     await this.page.waitForURL('**/dashboard/clients', { timeout: 5000 })
         |                     ^
      55 |   }
      56 |
      57 |   async createClient(data: {
        at ClientsPage.submitClientForm (/Users/mariobustosjmz/Desktop/claude/my-saas-app/e2e/pages/clients.page.ts:54:21)
        at ClientsPage.createClient (/Users/mariobustosjmz/Desktop/claude/my-saas-app/e2e/pages/clients.page.ts:65:5)
        at /Users/mariobustosjmz/Desktop/claude/my-saas-app/e2e/specs/04-quotes.spec.ts:18:5

    attachment #1: screenshot (image/png) ──────────────────────────────────────────────────────────
    ../test-results/specs-04-quotes-Quote-Mana-25a15-ete-quote-from-details-page-firefox/test-failed-1.png
    ────────────────────────────────────────────────────────────────────────────────────────────────

    attachment #2: video (video/webm) ──────────────────────────────────────────────────────────────
    ../test-results/specs-04-quotes-Quote-Mana-25a15-ete-quote-from-details-page-firefox/video.webm
    ────────────────────────────────────────────────────────────────────────────────────────────────

    Error Context: ../test-results/specs-04-quotes-Quote-Mana-25a15-ete-quote-from-details-page-firefox/error-context.md
]]>
</failure>
<system-out>
<![CDATA[
[[ATTACHMENT|specs-04-quotes-Quote-Mana-25a15-ete-quote-from-details-page-firefox/test-failed-1.png]]

[[ATTACHMENT|specs-04-quotes-Quote-Mana-25a15-ete-quote-from-details-page-firefox/video.webm]]

[[ATTACHMENT|specs-04-quotes-Quote-Mana-25a15-ete-quote-from-details-page-firefox/error-context.md]]
]]>
</system-out>
</testcase>
<testcase name="Quote Management › Quote total recalculates when service quantity changes" classname="specs/04-quotes.spec.ts" time="12.779">
<failure message="04-quotes.spec.ts:333:7 Quote total recalculates when service quantity changes" type="FAILURE">
<![CDATA[  [firefox] › specs/04-quotes.spec.ts:333:7 › Quote Management › Quote total recalculates when service quantity changes 

    TimeoutError: page.waitForURL: Timeout 5000ms exceeded.
    =========================== logs ===========================
    waiting for navigation to "**/dashboard/clients" until "load"
    ============================================================

       at pages/clients.page.ts:54

      52 |   async submitClientForm() {
      53 |     await this.page.locator('button[type="submit"]:has-text("Crear"), button[type="submit"]:has-text("Guardar")').click()
    > 54 |     await this.page.waitForURL('**/dashboard/clients', { timeout: 5000 })
         |                     ^
      55 |   }
      56 |
      57 |   async createClient(data: {
        at ClientsPage.submitClientForm (/Users/mariobustosjmz/Desktop/claude/my-saas-app/e2e/pages/clients.page.ts:54:21)
        at ClientsPage.createClient (/Users/mariobustosjmz/Desktop/claude/my-saas-app/e2e/pages/clients.page.ts:65:5)
        at /Users/mariobustosjmz/Desktop/claude/my-saas-app/e2e/specs/04-quotes.spec.ts:18:5

    attachment #1: screenshot (image/png) ──────────────────────────────────────────────────────────
    ../test-results/specs-04-quotes-Quote-Mana-b3fd1-en-service-quantity-changes-firefox/test-failed-1.png
    ────────────────────────────────────────────────────────────────────────────────────────────────

    attachment #2: video (video/webm) ──────────────────────────────────────────────────────────────
    ../test-results/specs-04-quotes-Quote-Mana-b3fd1-en-service-quantity-changes-firefox/video.webm
    ────────────────────────────────────────────────────────────────────────────────────────────────

    Error Context: ../test-results/specs-04-quotes-Quote-Mana-b3fd1-en-service-quantity-changes-firefox/error-context.md
]]>
</failure>
<system-out>
<![CDATA[
[[ATTACHMENT|specs-04-quotes-Quote-Mana-b3fd1-en-service-quantity-changes-firefox/test-failed-1.png]]

[[ATTACHMENT|specs-04-quotes-Quote-Mana-b3fd1-en-service-quantity-changes-firefox/video.webm]]

[[ATTACHMENT|specs-04-quotes-Quote-Mana-b3fd1-en-service-quantity-changes-firefox/error-context.md]]
]]>
</system-out>
</testcase>
<testcase name="Quote Management › Service can be removed from quote" classname="specs/04-quotes.spec.ts" time="11.746">
<failure message="04-quotes.spec.ts:355:7 Service can be removed from quote" type="FAILURE">
<![CDATA[  [firefox] › specs/04-quotes.spec.ts:355:7 › Quote Management › Service can be removed from quote ─

    TimeoutError: page.waitForURL: Timeout 5000ms exceeded.
    =========================== logs ===========================
    waiting for navigation to "**/dashboard/clients" until "load"
    ============================================================

       at pages/clients.page.ts:54

      52 |   async submitClientForm() {
      53 |     await this.page.locator('button[type="submit"]:has-text("Crear"), button[type="submit"]:has-text("Guardar")').click()
    > 54 |     await this.page.waitForURL('**/dashboard/clients', { timeout: 5000 })
         |                     ^
      55 |   }
      56 |
      57 |   async createClient(data: {
        at ClientsPage.submitClientForm (/Users/mariobustosjmz/Desktop/claude/my-saas-app/e2e/pages/clients.page.ts:54:21)
        at ClientsPage.createClient (/Users/mariobustosjmz/Desktop/claude/my-saas-app/e2e/pages/clients.page.ts:65:5)
        at /Users/mariobustosjmz/Desktop/claude/my-saas-app/e2e/specs/04-quotes.spec.ts:18:5

    attachment #1: screenshot (image/png) ──────────────────────────────────────────────────────────
    ../test-results/specs-04-quotes-Quote-Mana-50a0f-e-can-be-removed-from-quote-firefox/test-failed-1.png
    ────────────────────────────────────────────────────────────────────────────────────────────────

    attachment #2: video (video/webm) ──────────────────────────────────────────────────────────────
    ../test-results/specs-04-quotes-Quote-Mana-50a0f-e-can-be-removed-from-quote-firefox/video.webm
    ────────────────────────────────────────────────────────────────────────────────────────────────

    Error Context: ../test-results/specs-04-quotes-Quote-Mana-50a0f-e-can-be-removed-from-quote-firefox/error-context.md
]]>
</failure>
<system-out>
<![CDATA[
[[ATTACHMENT|specs-04-quotes-Quote-Mana-50a0f-e-can-be-removed-from-quote-firefox/test-failed-1.png]]

[[ATTACHMENT|specs-04-quotes-Quote-Mana-50a0f-e-can-be-removed-from-quote-firefox/video.webm]]

[[ATTACHMENT|specs-04-quotes-Quote-Mana-50a0f-e-can-be-removed-from-quote-firefox/error-context.md]]
]]>
</system-out>
</testcase>
<testcase name="Quote Management › Quote creation requires client selection" classname="specs/04-quotes.spec.ts" time="11.06">
<failure message="04-quotes.spec.ts:372:7 Quote creation requires client selection" type="FAILURE">
<![CDATA[  [firefox] › specs/04-quotes.spec.ts:372:7 › Quote Management › Quote creation requires client selection 

    TimeoutError: page.waitForURL: Timeout 5000ms exceeded.
    =========================== logs ===========================
    waiting for navigation to "**/dashboard/clients" until "load"
    ============================================================

       at pages/clients.page.ts:54

      52 |   async submitClientForm() {
      53 |     await this.page.locator('button[type="submit"]:has-text("Crear"), button[type="submit"]:has-text("Guardar")').click()
    > 54 |     await this.page.waitForURL('**/dashboard/clients', { timeout: 5000 })
         |                     ^
      55 |   }
      56 |
      57 |   async createClient(data: {
        at ClientsPage.submitClientForm (/Users/mariobustosjmz/Desktop/claude/my-saas-app/e2e/pages/clients.page.ts:54:21)
        at ClientsPage.createClient (/Users/mariobustosjmz/Desktop/claude/my-saas-app/e2e/pages/clients.page.ts:65:5)
        at /Users/mariobustosjmz/Desktop/claude/my-saas-app/e2e/specs/04-quotes.spec.ts:18:5

    attachment #1: screenshot (image/png) ──────────────────────────────────────────────────────────
    ../test-results/specs-04-quotes-Quote-Mana-60f27-n-requires-client-selection-firefox/test-failed-1.png
    ────────────────────────────────────────────────────────────────────────────────────────────────

    attachment #2: video (video/webm) ──────────────────────────────────────────────────────────────
    ../test-results/specs-04-quotes-Quote-Mana-60f27-n-requires-client-selection-firefox/video.webm
    ────────────────────────────────────────────────────────────────────────────────────────────────

    Error Context: ../test-results/specs-04-quotes-Quote-Mana-60f27-n-requires-client-selection-firefox/error-context.md
]]>
</failure>
<system-out>
<![CDATA[
[[ATTACHMENT|specs-04-quotes-Quote-Mana-60f27-n-requires-client-selection-firefox/test-failed-1.png]]

[[ATTACHMENT|specs-04-quotes-Quote-Mana-60f27-n-requires-client-selection-firefox/video.webm]]

[[ATTACHMENT|specs-04-quotes-Quote-Mana-60f27-n-requires-client-selection-firefox/error-context.md]]
]]>
</system-out>
</testcase>
</testsuite>
<testsuite name="specs/05-team.spec.ts" timestamp="2026-02-15T05:52:32.997Z" hostname="firefox" tests="19" failures="9" skipped="0" time="296.181" errors="0">
<testcase name="Team Management › Team page loads successfully" classname="specs/05-team.spec.ts" time="11.453">
</testcase>
<testcase name="Team Management › Invite member button is visible" classname="specs/05-team.spec.ts" time="9.361">
<failure message="05-team.spec.ts:21:7 Invite member button is visible" type="FAILURE">
<![CDATA[  [firefox] › specs/05-team.spec.ts:21:7 › Team Management › Invite member button is visible ───────

    Error: locator.isVisible: Error: strict mode violation: locator('a[href="/dashboard/team/invite"], button:has-text("Invitar")') resolved to 2 elements:
        1) <a href="/dashboard/team/invite">…</a> aka getByRole('link', { name: 'Invitar Miembro' })
        2) <button data-slot="button" data-size="default" data-variant="default" class="inline-flex items-center justify-center gap-2 whitespace-nowrap rounded-md text-sm font-medium transition-all disabled:pointer-events-none disabled:opacity-50 [&_svg]:pointer-events-none [&_svg:not([class*='size-'])]:size-4 shrink-0 [&_svg]:shrink-0 outline-none focus-visible:border-ring focus-visible:ring-ring/50 focus-visible:ring-[3px] aria-invalid:ring-destructive/20 dark:aria-invalid:ring-destructive/40 aria-invalid:bord…>…</button> aka getByRole('button', { name: 'Invitar Miembro' })

    Call log:
        - checking visibility of locator('a[href="/dashboard/team/invite"], button:has-text("Invitar")')


      24 |
      25 |     const inviteButton = page.locator('a[href="/dashboard/team/invite"], button:has-text("Invitar")')
    > 26 |     expect(await inviteButton.isVisible()).toBeTruthy()
         |                               ^
      27 |   })
      28 |
      29 |   test('Invite team member form displays', async ({ page }) => {
        at /Users/mariobustosjmz/Desktop/claude/my-saas-app/e2e/specs/05-team.spec.ts:26:31

    attachment #1: screenshot (image/png) ──────────────────────────────────────────────────────────
    ../test-results/specs-05-team-Team-Managem-ac104-te-member-button-is-visible-firefox/test-failed-1.png
    ────────────────────────────────────────────────────────────────────────────────────────────────

    attachment #2: video (video/webm) ──────────────────────────────────────────────────────────────
    ../test-results/specs-05-team-Team-Managem-ac104-te-member-button-is-visible-firefox/video.webm
    ────────────────────────────────────────────────────────────────────────────────────────────────

    Error Context: ../test-results/specs-05-team-Team-Managem-ac104-te-member-button-is-visible-firefox/error-context.md
]]>
</failure>
<system-out>
<![CDATA[
[[ATTACHMENT|specs-05-team-Team-Managem-ac104-te-member-button-is-visible-firefox/test-failed-1.png]]

[[ATTACHMENT|specs-05-team-Team-Managem-ac104-te-member-button-is-visible-firefox/video.webm]]

[[ATTACHMENT|specs-05-team-Team-Managem-ac104-te-member-button-is-visible-firefox/error-context.md]]
]]>
</system-out>
</testcase>
<testcase name="Team Management › Invite team member form displays" classname="specs/05-team.spec.ts" time="7.712">
<failure message="05-team.spec.ts:29:7 Invite team member form displays" type="FAILURE">
<![CDATA[  [firefox] › specs/05-team.spec.ts:29:7 › Team Management › Invite team member form displays ──────

    Error: expect(received).toBeTruthy()

    Received: false

      32 |
      33 |     const emailInput = page.locator('input[name="email"]')
    > 34 |     expect(await emailInput.isVisible()).toBeTruthy()
         |                                          ^
      35 |   })
      36 |
      37 |   test('Invite form has email field', async ({ page }) => {
        at /Users/mariobustosjmz/Desktop/claude/my-saas-app/e2e/specs/05-team.spec.ts:34:42

    attachment #1: screenshot (image/png) ──────────────────────────────────────────────────────────
    ../test-results/specs-05-team-Team-Managem-9ff2a-e-team-member-form-displays-firefox/test-failed-1.png
    ────────────────────────────────────────────────────────────────────────────────────────────────

    attachment #2: video (video/webm) ──────────────────────────────────────────────────────────────
    ../test-results/specs-05-team-Team-Managem-9ff2a-e-team-member-form-displays-firefox/video.webm
    ────────────────────────────────────────────────────────────────────────────────────────────────

    Error Context: ../test-results/specs-05-team-Team-Managem-9ff2a-e-team-member-form-displays-firefox/error-context.md
]]>
</failure>
<system-out>
<![CDATA[
[[ATTACHMENT|specs-05-team-Team-Managem-9ff2a-e-team-member-form-displays-firefox/test-failed-1.png]]

[[ATTACHMENT|specs-05-team-Team-Managem-9ff2a-e-team-member-form-displays-firefox/video.webm]]

[[ATTACHMENT|specs-05-team-Team-Managem-9ff2a-e-team-member-form-displays-firefox/error-context.md]]
]]>
</system-out>
</testcase>
<testcase name="Team Management › Invite form has email field" classname="specs/05-team.spec.ts" time="14.687">
<failure message="05-team.spec.ts:37:7 Invite form has email field" type="FAILURE">
<![CDATA[  [firefox] › specs/05-team.spec.ts:37:7 › Team Management › Invite form has email field ───────────

    TimeoutError: page.waitForURL: Timeout 10000ms exceeded.
    =========================== logs ===========================
    waiting for navigation to "**/dashboard" until "load"
    ============================================================

       at pages/auth.page.ts:18

      16 |     await this.page.locator('input[name="password"]').fill(password)
      17 |     await this.page.locator('button[type="submit"]').click()
    > 18 |     await this.page.waitForURL('**/dashboard', { timeout: 10000 })
         |                     ^
      19 |   }
      20 |
      21 |   async fillLoginForm(email: string, password: string) {
        at AuthPage.login (/Users/mariobustosjmz/Desktop/claude/my-saas-app/e2e/pages/auth.page.ts:18:21)
        at /Users/mariobustosjmz/Desktop/claude/my-saas-app/e2e/specs/05-team.spec.ts:11:5

    attachment #1: screenshot (image/png) ──────────────────────────────────────────────────────────
    ../test-results/specs-05-team-Team-Management-Invite-form-has-email-field-firefox/test-failed-1.png
    ────────────────────────────────────────────────────────────────────────────────────────────────

    attachment #2: video (video/webm) ──────────────────────────────────────────────────────────────
    ../test-results/specs-05-team-Team-Management-Invite-form-has-email-field-firefox/video.webm
    ────────────────────────────────────────────────────────────────────────────────────────────────

    Error Context: ../test-results/specs-05-team-Team-Management-Invite-form-has-email-field-firefox/error-context.md
]]>
</failure>
<system-out>
<![CDATA[
[[ATTACHMENT|specs-05-team-Team-Management-Invite-form-has-email-field-firefox/test-failed-1.png]]

[[ATTACHMENT|specs-05-team-Team-Management-Invite-form-has-email-field-firefox/video.webm]]

[[ATTACHMENT|specs-05-team-Team-Management-Invite-form-has-email-field-firefox/error-context.md]]
]]>
</system-out>
</testcase>
<testcase name="Team Management › Invite form has role selection" classname="specs/05-team.spec.ts" time="21.365">
</testcase>
<testcase name="Team Management › Team members list displays" classname="specs/05-team.spec.ts" time="13.798">
<failure message="05-team.spec.ts:59:7 Team members list displays" type="FAILURE">
<![CDATA[  [firefox] › specs/05-team.spec.ts:59:7 › Team Management › Team members list displays ────────────

    TimeoutError: page.waitForURL: Timeout 10000ms exceeded.
    =========================== logs ===========================
    waiting for navigation to "**/dashboard" until "load"
    ============================================================

       at pages/auth.page.ts:18

      16 |     await this.page.locator('input[name="password"]').fill(password)
      17 |     await this.page.locator('button[type="submit"]').click()
    > 18 |     await this.page.waitForURL('**/dashboard', { timeout: 10000 })
         |                     ^
      19 |   }
      20 |
      21 |   async fillLoginForm(email: string, password: string) {
        at AuthPage.login (/Users/mariobustosjmz/Desktop/claude/my-saas-app/e2e/pages/auth.page.ts:18:21)
        at /Users/mariobustosjmz/Desktop/claude/my-saas-app/e2e/specs/05-team.spec.ts:11:5

    attachment #1: screenshot (image/png) ──────────────────────────────────────────────────────────
    ../test-results/specs-05-team-Team-Management-Team-members-list-displays-firefox/test-failed-1.png
    ────────────────────────────────────────────────────────────────────────────────────────────────

    attachment #2: video (video/webm) ──────────────────────────────────────────────────────────────
    ../test-results/specs-05-team-Team-Management-Team-members-list-displays-firefox/video.webm
    ────────────────────────────────────────────────────────────────────────────────────────────────

    Error Context: ../test-results/specs-05-team-Team-Management-Team-members-list-displays-firefox/error-context.md
]]>
</failure>
<system-out>
<![CDATA[
[[ATTACHMENT|specs-05-team-Team-Management-Team-members-list-displays-firefox/test-failed-1.png]]

[[ATTACHMENT|specs-05-team-Team-Management-Team-members-list-displays-firefox/video.webm]]

[[ATTACHMENT|specs-05-team-Team-Management-Team-members-list-displays-firefox/error-context.md]]
]]>
</system-out>
</testcase>
<testcase name="Team Management › Owner user is listed in team members" classname="specs/05-team.spec.ts" time="17.155">
<failure message="05-team.spec.ts:69:7 Owner user is listed in team members" type="FAILURE">
<![CDATA[  [firefox] › specs/05-team.spec.ts:69:7 › Team Management › Owner user is listed in team members ──

    Error: locator.isVisible: Error: strict mode violation: locator('text=owner@example.com') resolved to 2 elements:
        1) <p class="text-sm font-medium text-gray-900 truncate">owner@example.com</p> aka getByRole('paragraph').filter({ hasText: 'owner@example.com' })
        2) <td class="py-3 px-4 text-gray-600">owner@example.com</td> aka getByRole('cell', { name: 'owner@example.com' })

    Call log:
        - checking visibility of locator('text=owner@example.com')


      72 |
      73 |     const ownerEmail = page.locator(`text=${testUsers.owner.email}`)
    > 74 |     expect(await ownerEmail.isVisible()).toBeTruthy()
         |                             ^
      75 |   })
      76 |
      77 |   test('Team members table has required columns', async ({ page }) => {
        at /Users/mariobustosjmz/Desktop/claude/my-saas-app/e2e/specs/05-team.spec.ts:74:29

    attachment #1: screenshot (image/png) ──────────────────────────────────────────────────────────
    ../test-results/specs-05-team-Team-Managem-4f239-r-is-listed-in-team-members-firefox/test-failed-1.png
    ────────────────────────────────────────────────────────────────────────────────────────────────

    attachment #2: video (video/webm) ──────────────────────────────────────────────────────────────
    ../test-results/specs-05-team-Team-Managem-4f239-r-is-listed-in-team-members-firefox/video.webm
    ────────────────────────────────────────────────────────────────────────────────────────────────

    Error Context: ../test-results/specs-05-team-Team-Managem-4f239-r-is-listed-in-team-members-firefox/error-context.md
]]>
</failure>
<system-out>
<![CDATA[
[[ATTACHMENT|specs-05-team-Team-Managem-4f239-r-is-listed-in-team-members-firefox/test-failed-1.png]]

[[ATTACHMENT|specs-05-team-Team-Managem-4f239-r-is-listed-in-team-members-firefox/video.webm]]

[[ATTACHMENT|specs-05-team-Team-Managem-4f239-r-is-listed-in-team-members-firefox/error-context.md]]
]]>
</system-out>
</testcase>
<testcase name="Team Management › Team members table has required columns" classname="specs/05-team.spec.ts" time="17.772">
</testcase>
<testcase name="Team Management › Team member count is displayed" classname="specs/05-team.spec.ts" time="20.077">
</testcase>
<testcase name="Team Management › Invite form validates email format" classname="specs/05-team.spec.ts" time="20.724">
<failure message="05-team.spec.ts:100:7 Invite form validates email format" type="FAILURE">
<![CDATA[  [firefox] › specs/05-team.spec.ts:100:7 › Team Management › Invite form validates email format ───

    TimeoutError: locator.fill: Timeout 10000ms exceeded.
    Call log:
      - waiting for locator('input[name="email"]')


      103 |
      104 |     const emailInput = page.locator('input[name="email"]')
    > 105 |     await emailInput.fill('invalid-email')
          |                      ^
      106 |     await emailInput.blur()
      107 |
      108 |     const isInvalid = await emailInput.evaluate((input: HTMLInputElement) => !input.validity.valid)
        at /Users/mariobustosjmz/Desktop/claude/my-saas-app/e2e/specs/05-team.spec.ts:105:22

    attachment #1: screenshot (image/png) ──────────────────────────────────────────────────────────
    ../test-results/specs-05-team-Team-Managem-8018b-form-validates-email-format-firefox/test-failed-1.png
    ────────────────────────────────────────────────────────────────────────────────────────────────

    attachment #2: video (video/webm) ──────────────────────────────────────────────────────────────
    ../test-results/specs-05-team-Team-Managem-8018b-form-validates-email-format-firefox/video.webm
    ────────────────────────────────────────────────────────────────────────────────────────────────

    Error Context: ../test-results/specs-05-team-Team-Managem-8018b-form-validates-email-format-firefox/error-context.md
]]>
</failure>
<system-out>
<![CDATA[
[[ATTACHMENT|specs-05-team-Team-Managem-8018b-form-validates-email-format-firefox/test-failed-1.png]]

[[ATTACHMENT|specs-05-team-Team-Managem-8018b-form-validates-email-format-firefox/video.webm]]

[[ATTACHMENT|specs-05-team-Team-Managem-8018b-form-validates-email-format-firefox/error-context.md]]
]]>
</system-out>
</testcase>
<testcase name="Team Management › Invite form submit button is visible" classname="specs/05-team.spec.ts" time="12.02">
<failure message="05-team.spec.ts:112:7 Invite form submit button is visible" type="FAILURE">
<![CDATA[  [firefox] › specs/05-team.spec.ts:112:7 › Team Management › Invite form submit button is visible ─

    Error: expect(received).toBeTruthy()

    Received: false

      115 |
      116 |     const submitButton = page.locator('button[type="submit"]:has-text("Invitar"), button[type="submit"]:has-text("Send")')
    > 117 |     expect(await submitButton.isVisible()).toBeTruthy()
          |                                            ^
      118 |   })
      119 |
      120 |   test('Can navigate back from invite form', async ({ page }) => {
        at /Users/mariobustosjmz/Desktop/claude/my-saas-app/e2e/specs/05-team.spec.ts:117:44

    attachment #1: screenshot (image/png) ──────────────────────────────────────────────────────────
    ../test-results/specs-05-team-Team-Managem-f446c-rm-submit-button-is-visible-firefox/test-failed-1.png
    ────────────────────────────────────────────────────────────────────────────────────────────────

    attachment #2: video (video/webm) ──────────────────────────────────────────────────────────────
    ../test-results/specs-05-team-Team-Managem-f446c-rm-submit-button-is-visible-firefox/video.webm
    ────────────────────────────────────────────────────────────────────────────────────────────────

    Error Context: ../test-results/specs-05-team-Team-Managem-f446c-rm-submit-button-is-visible-firefox/error-context.md
]]>
</failure>
<system-out>
<![CDATA[
[[ATTACHMENT|specs-05-team-Team-Managem-f446c-rm-submit-button-is-visible-firefox/test-failed-1.png]]

[[ATTACHMENT|specs-05-team-Team-Managem-f446c-rm-submit-button-is-visible-firefox/video.webm]]

[[ATTACHMENT|specs-05-team-Team-Managem-f446c-rm-submit-button-is-visible-firefox/error-context.md]]
]]>
</system-out>
</testcase>
<testcase name="Team Management › Can navigate back from invite form" classname="specs/05-team.spec.ts" time="14.624">
</testcase>
<testcase name="Team Management › Invitation page is accessible with token" classname="specs/05-team.spec.ts" time="9.571">
</testcase>
<testcase name="Team Management › Team page shows no members message when empty" classname="specs/05-team.spec.ts" time="10.272">
</testcase>
<testcase name="Team Management › Edit member button is visible for team members" classname="specs/05-team.spec.ts" time="14.433">
</testcase>
<testcase name="Team Management › Remove member button exists" classname="specs/05-team.spec.ts" time="18.003">
</testcase>
<testcase name="Team Management › Invite form can be cancelled" classname="specs/05-team.spec.ts" time="19.108">
<failure message="05-team.spec.ts:174:7 Invite form can be cancelled" type="FAILURE">
<![CDATA[  [firefox] › specs/05-team.spec.ts:174:7 › Team Management › Invite form can be cancelled ─────────

    Error: locator.isVisible: Error: strict mode violation: locator('a:has-text("Cancelar"), a:has-text("Cancel"), button:has-text("Cancelar")') resolved to 2 elements:
        1) <a href="/dashboard/team">…</a> aka getByRole('link', { name: 'Cancelar' })
        2) <button type="button" data-slot="button" data-size="default" data-variant="outline" class="inline-flex items-center justify-center gap-2 whitespace-nowrap rounded-md text-sm font-medium transition-all disabled:pointer-events-none disabled:opacity-50 [&_svg]:pointer-events-none [&_svg:not([class*='size-'])]:size-4 shrink-0 [&_svg]:shrink-0 outline-none focus-visible:border-ring focus-visible:ring-ring/50 focus-visible:ring-[3px] aria-invalid:ring-destructive/20 dark:aria-invalid:ring-destructive/40 ari…>Cancelar</button> aka getByRole('button', { name: 'Cancelar' })

    Call log:
        - checking visibility of locator('a:has-text("Cancelar"), a:has-text("Cancel"), button:has-text("Cancelar")')


      177 |
      178 |     const cancelButton = page.locator('a:has-text("Cancelar"), a:has-text("Cancel"), button:has-text("Cancelar")')
    > 179 |     if (await cancelButton.isVisible()) {
          |                            ^
      180 |       await cancelButton.click()
      181 |     }
      182 |   })
        at /Users/mariobustosjmz/Desktop/claude/my-saas-app/e2e/specs/05-team.spec.ts:179:28

    attachment #1: screenshot (image/png) ──────────────────────────────────────────────────────────
    ../test-results/specs-05-team-Team-Management-Invite-form-can-be-cancelled-firefox/test-failed-1.png
    ────────────────────────────────────────────────────────────────────────────────────────────────

    attachment #2: video (video/webm) ──────────────────────────────────────────────────────────────
    ../test-results/specs-05-team-Team-Management-Invite-form-can-be-cancelled-firefox/video.webm
    ────────────────────────────────────────────────────────────────────────────────────────────────

    Error Context: ../test-results/specs-05-team-Team-Management-Invite-form-can-be-cancelled-firefox/error-context.md
]]>
</failure>
<system-out>
<![CDATA[
[[ATTACHMENT|specs-05-team-Team-Management-Invite-form-can-be-cancelled-firefox/test-failed-1.png]]

[[ATTACHMENT|specs-05-team-Team-Management-Invite-form-can-be-cancelled-firefox/video.webm]]

[[ATTACHMENT|specs-05-team-Team-Management-Invite-form-can-be-cancelled-firefox/error-context.md]]
]]>
</system-out>
</testcase>
<testcase name="Team Management › Team page accessibility - proper table structure" classname="specs/05-team.spec.ts" time="18.449">
</testcase>
<testcase name="Team Management › Invite member email is required field" classname="specs/05-team.spec.ts" time="25.597">
<failure message="05-team.spec.ts:198:7 Invite member email is required field" type="FAILURE">
<![CDATA[  [firefox] › specs/05-team.spec.ts:198:7 › Team Management › Invite member email is required field 

    TimeoutError: locator.getAttribute: Timeout 10000ms exceeded.
    Call log:
      - waiting for locator('input[name="email"]')


      201 |
      202 |     const emailInput = page.locator('input[name="email"]')
    > 203 |     const isRequired = await emailInput.getAttribute('required')
          |                                         ^
      204 |     expect(isRequired).toBeDefined()
      205 |   })
      206 | })
        at /Users/mariobustosjmz/Desktop/claude/my-saas-app/e2e/specs/05-team.spec.ts:203:41

    attachment #1: screenshot (image/png) ──────────────────────────────────────────────────────────
    ../test-results/specs-05-team-Team-Managem-7d59a-ber-email-is-required-field-firefox/test-failed-1.png
    ────────────────────────────────────────────────────────────────────────────────────────────────

    attachment #2: video (video/webm) ──────────────────────────────────────────────────────────────
    ../test-results/specs-05-team-Team-Managem-7d59a-ber-email-is-required-field-firefox/video.webm
    ────────────────────────────────────────────────────────────────────────────────────────────────

    Error Context: ../test-results/specs-05-team-Team-Managem-7d59a-ber-email-is-required-field-firefox/error-context.md
]]>
</failure>
<system-out>
<![CDATA[
[[ATTACHMENT|specs-05-team-Team-Managem-7d59a-ber-email-is-required-field-firefox/test-failed-1.png]]

[[ATTACHMENT|specs-05-team-Team-Managem-7d59a-ber-email-is-required-field-firefox/video.webm]]

[[ATTACHMENT|specs-05-team-Team-Managem-7d59a-ber-email-is-required-field-firefox/error-context.md]]
]]>
</system-out>
</testcase>
</testsuite>
<testsuite name="specs/06-reminders.spec.ts" timestamp="2026-02-15T05:52:32.997Z" hostname="firefox" tests="28" failures="16" skipped="0" time="372.097" errors="0">
<testcase name="Reminders Management › Reminders page loads successfully" classname="specs/06-reminders.spec.ts" time="11.186">
</testcase>
<testcase name="Reminders Management › New Reminder button navigates to form" classname="specs/06-reminders.spec.ts" time="12.886">
<failure message="06-reminders.spec.ts:21:7 New Reminder button navigates to form" type="FAILURE">
<![CDATA[  [firefox] › specs/06-reminders.spec.ts:21:7 › Reminders Management › New Reminder button navigates to form 

    Error: locator.isVisible: Error: strict mode violation: locator('a[href="/dashboard/reminders/new"], button:has-text("Nuevo")') resolved to 4 elements:
        1) <a href="/dashboard/reminders/new">…</a> aka getByRole('link', { name: 'Nuevo Recordatorio' }).first()
        2) <button data-slot="button" data-size="default" data-variant="default" class="justify-center gap-2 whitespace-nowrap rounded-md text-sm font-medium transition-all disabled:pointer-events-none disabled:opacity-50 [&_svg]:pointer-events-none [&_svg:not([class*='size-'])]:size-4 shrink-0 [&_svg]:shrink-0 outline-none focus-visible:border-ring focus-visible:ring-ring/50 focus-visible:ring-[3px] aria-invalid:ring-destructive/20 dark:aria-invalid:ring-destructive/40 aria-invalid:border-destructive bg-primary…>…</button> aka getByRole('button', { name: 'Nuevo Recordatorio' }).first()
        ...

    Call log:
        - checking visibility of locator('a[href="/dashboard/reminders/new"], button:has-text("Nuevo")')


      24 |
      25 |     const newButton = page.locator('a[href="/dashboard/reminders/new"], button:has-text("Nuevo")')
    > 26 |     if (await newButton.isVisible()) {
         |                         ^
      27 |       await newButton.click()
      28 |       expect(page.url()).toContain('/dashboard/reminders/new')
      29 |     }
        at /Users/mariobustosjmz/Desktop/claude/my-saas-app/e2e/specs/06-reminders.spec.ts:26:25

    attachment #1: screenshot (image/png) ──────────────────────────────────────────────────────────
    ../test-results/specs-06-reminders-Reminde-9d343-er-button-navigates-to-form-firefox/test-failed-1.png
    ────────────────────────────────────────────────────────────────────────────────────────────────

    attachment #2: video (video/webm) ──────────────────────────────────────────────────────────────
    ../test-results/specs-06-reminders-Reminde-9d343-er-button-navigates-to-form-firefox/video.webm
    ────────────────────────────────────────────────────────────────────────────────────────────────

    Error Context: ../test-results/specs-06-reminders-Reminde-9d343-er-button-navigates-to-form-firefox/error-context.md
]]>
</failure>
<system-out>
<![CDATA[
[[ATTACHMENT|specs-06-reminders-Reminde-9d343-er-button-navigates-to-form-firefox/test-failed-1.png]]

[[ATTACHMENT|specs-06-reminders-Reminde-9d343-er-button-navigates-to-form-firefox/video.webm]]

[[ATTACHMENT|specs-06-reminders-Reminde-9d343-er-button-navigates-to-form-firefox/error-context.md]]
]]>
</system-out>
</testcase>
<testcase name="Reminders Management › Reminder form has title field" classname="specs/06-reminders.spec.ts" time="6.184">
</testcase>
<testcase name="Reminders Management › Reminder form has description field" classname="specs/06-reminders.spec.ts" time="5.957">
</testcase>
<testcase name="Reminders Management › Reminder form has due date field" classname="specs/06-reminders.spec.ts" time="7.255">
</testcase>
<testcase name="Reminders Management › Create reminder with all fields" classname="specs/06-reminders.spec.ts" time="17.273">
<failure message="06-reminders.spec.ts:60:7 Create reminder with all fields" type="FAILURE">
<![CDATA[  [firefox] › specs/06-reminders.spec.ts:60:7 › Reminders Management › Create reminder with all fields 

    TimeoutError: locator.fill: Timeout 10000ms exceeded.
    Call log:
      - waiting for locator('textarea[name="description"]')


       at pages/reminders.page.ts:34

      32 |     if (data.description) {
      33 |       const descInput = this.page.locator('textarea[name="description"]')
    > 34 |       await descInput.fill(data.description)
         |                       ^
      35 |     }
      36 |
      37 |     if (data.dueDate) {
        at RemindersPage.fillReminderForm (/Users/mariobustosjmz/Desktop/claude/my-saas-app/e2e/pages/reminders.page.ts:34:23)
        at RemindersPage.createReminder (/Users/mariobustosjmz/Desktop/claude/my-saas-app/e2e/pages/reminders.page.ts:68:5)
        at /Users/mariobustosjmz/Desktop/claude/my-saas-app/e2e/specs/06-reminders.spec.ts:62:5

    attachment #1: screenshot (image/png) ──────────────────────────────────────────────────────────
    ../test-results/specs-06-reminders-Reminde-d07f7-te-reminder-with-all-fields-firefox/test-failed-1.png
    ────────────────────────────────────────────────────────────────────────────────────────────────

    attachment #2: video (video/webm) ──────────────────────────────────────────────────────────────
    ../test-results/specs-06-reminders-Reminde-d07f7-te-reminder-with-all-fields-firefox/video.webm
    ────────────────────────────────────────────────────────────────────────────────────────────────

    Error Context: ../test-results/specs-06-reminders-Reminde-d07f7-te-reminder-with-all-fields-firefox/error-context.md
]]>
</failure>
<system-out>
<![CDATA[
[[ATTACHMENT|specs-06-reminders-Reminde-d07f7-te-reminder-with-all-fields-firefox/test-failed-1.png]]

[[ATTACHMENT|specs-06-reminders-Reminde-d07f7-te-reminder-with-all-fields-firefox/video.webm]]

[[ATTACHMENT|specs-06-reminders-Reminde-d07f7-te-reminder-with-all-fields-firefox/error-context.md]]
]]>
</system-out>
</testcase>
<testcase name="Reminders Management › Create reminder with title only" classname="specs/06-reminders.spec.ts" time="23.361">
<failure message="06-reminders.spec.ts:68:7 Create reminder with title only" type="FAILURE">
<![CDATA[  [firefox] › specs/06-reminders.spec.ts:68:7 › Reminders Management › Create reminder with title only 

    TimeoutError: locator.click: Timeout 10000ms exceeded.
    Call log:
      - waiting for locator('button[type="submit"]:has-text("Crear"), button[type="submit"]:has-text("Guardar")')
        - locator resolved to <button type="submit" data-slot="button" data-size="default" data-variant="default" class="inline-flex items-center justify-center gap-2 whitespace-nowrap rounded-md text-sm font-medium transition-all disabled:pointer-events-none disabled:opacity-50 [&_svg]:pointer-events-none [&_svg:not([class*='size-'])]:size-4 shrink-0 [&_svg]:shrink-0 outline-none focus-visible:border-ring focus-visible:ring-ring/50 focus-visible:ring-[3px] aria-invalid:ring-destructive/20 dark:aria-invalid:ring-destructive/40 ari…>Crear Recordatorio</button>
      - attempting click action
        - waiting for element to be visible, enabled and stable
        - element is visible, enabled and stable
        - scrolling into view if needed
        - done scrolling
        - performing click action


       at pages/reminders.page.ts:58

      56 |
      57 |   async submitReminderForm() {
    > 58 |     await this.page.locator('button[type="submit"]:has-text("Crear"), button[type="submit"]:has-text("Guardar")').click()
         |                                                                                                                   ^
      59 |     await this.page.waitForURL('**/dashboard/reminders', { timeout: 5000 })
      60 |   }
      61 |
        at RemindersPage.submitReminderForm (/Users/mariobustosjmz/Desktop/claude/my-saas-app/e2e/pages/reminders.page.ts:58:115)
        at RemindersPage.createReminder (/Users/mariobustosjmz/Desktop/claude/my-saas-app/e2e/pages/reminders.page.ts:69:16)
        at /Users/mariobustosjmz/Desktop/claude/my-saas-app/e2e/specs/06-reminders.spec.ts:72:5

    attachment #1: screenshot (image/png) ──────────────────────────────────────────────────────────
    ../test-results/specs-06-reminders-Reminde-7e81f-te-reminder-with-title-only-firefox/test-failed-1.png
    ────────────────────────────────────────────────────────────────────────────────────────────────

    attachment #2: video (video/webm) ──────────────────────────────────────────────────────────────
    ../test-results/specs-06-reminders-Reminde-7e81f-te-reminder-with-title-only-firefox/video.webm
    ────────────────────────────────────────────────────────────────────────────────────────────────

    Error Context: ../test-results/specs-06-reminders-Reminde-7e81f-te-reminder-with-title-only-firefox/error-context.md
]]>
</failure>
<system-out>
<![CDATA[
[[ATTACHMENT|specs-06-reminders-Reminde-7e81f-te-reminder-with-title-only-firefox/test-failed-1.png]]

[[ATTACHMENT|specs-06-reminders-Reminde-7e81f-te-reminder-with-title-only-firefox/video.webm]]

[[ATTACHMENT|specs-06-reminders-Reminde-7e81f-te-reminder-with-title-only-firefox/error-context.md]]
]]>
</system-out>
</testcase>
<testcase name="Reminders Management › Reminders list displays correctly" classname="specs/06-reminders.spec.ts" time="12.335">
</testcase>
<testcase name="Reminders Management › Empty state shown when no reminders" classname="specs/06-reminders.spec.ts" time="12.259">
</testcase>
<testcase name="Reminders Management › Reminder table has required columns" classname="specs/06-reminders.spec.ts" time="16.941">
<failure message="06-reminders.spec.ts:98:7 Reminder table has required columns" type="FAILURE">
<![CDATA[  [firefox] › specs/06-reminders.spec.ts:98:7 › Reminders Management › Reminder table has required columns 

    TimeoutError: locator.click: Timeout 10000ms exceeded.
    Call log:
      - waiting for locator('button[type="submit"]')
        - locator resolved to <button type="submit" data-slot="button" data-size="default" data-variant="default" class="inline-flex items-center justify-center gap-2 whitespace-nowrap rounded-md text-sm font-medium transition-all disabled:pointer-events-none disabled:opacity-50 [&_svg]:pointer-events-none [&_svg:not([class*='size-'])]:size-4 shrink-0 [&_svg]:shrink-0 outline-none focus-visible:border-ring focus-visible:ring-ring/50 focus-visible:ring-[3px] aria-invalid:ring-destructive/20 dark:aria-invalid:ring-destructive/40 ari…>Iniciar Sesión</button>
      - attempting click action
        - waiting for element to be visible, enabled and stable


       at pages/auth.page.ts:17

      15 |     await this.page.locator('input[name="email"]').fill(email)
      16 |     await this.page.locator('input[name="password"]').fill(password)
    > 17 |     await this.page.locator('button[type="submit"]').click()
         |                                                      ^
      18 |     await this.page.waitForURL('**/dashboard', { timeout: 10000 })
      19 |   }
      20 |
        at AuthPage.login (/Users/mariobustosjmz/Desktop/claude/my-saas-app/e2e/pages/auth.page.ts:17:54)
        at /Users/mariobustosjmz/Desktop/claude/my-saas-app/e2e/specs/06-reminders.spec.ts:11:5

    attachment #1: screenshot (image/png) ──────────────────────────────────────────────────────────
    ../test-results/specs-06-reminders-Reminde-00794--table-has-required-columns-firefox/test-failed-1.png
    ────────────────────────────────────────────────────────────────────────────────────────────────

    attachment #2: video (video/webm) ──────────────────────────────────────────────────────────────
    ../test-results/specs-06-reminders-Reminde-00794--table-has-required-columns-firefox/video.webm
    ────────────────────────────────────────────────────────────────────────────────────────────────

    Error Context: ../test-results/specs-06-reminders-Reminde-00794--table-has-required-columns-firefox/error-context.md
]]>
</failure>
<system-out>
<![CDATA[
[[ATTACHMENT|specs-06-reminders-Reminde-00794--table-has-required-columns-firefox/test-failed-1.png]]

[[ATTACHMENT|specs-06-reminders-Reminde-00794--table-has-required-columns-firefox/video.webm]]

[[ATTACHMENT|specs-06-reminders-Reminde-00794--table-has-required-columns-firefox/error-context.md]]
]]>
</system-out>
</testcase>
<testcase name="Reminders Management › Reminder title is required" classname="specs/06-reminders.spec.ts" time="14.363">
<failure message="06-reminders.spec.ts:111:7 Reminder title is required" type="FAILURE">
<![CDATA[  [firefox] › specs/06-reminders.spec.ts:111:7 › Reminders Management › Reminder title is required ─

    TimeoutError: locator.click: Timeout 10000ms exceeded.
    Call log:
      - waiting for locator('button[type="submit"]')
        - locator resolved to <button type="submit" data-slot="button" data-size="default" data-variant="default" class="inline-flex items-center justify-center gap-2 whitespace-nowrap rounded-md text-sm font-medium transition-all disabled:pointer-events-none disabled:opacity-50 [&_svg]:pointer-events-none [&_svg:not([class*='size-'])]:size-4 shrink-0 [&_svg]:shrink-0 outline-none focus-visible:border-ring focus-visible:ring-ring/50 focus-visible:ring-[3px] aria-invalid:ring-destructive/20 dark:aria-invalid:ring-destructive/40 ari…>Iniciar Sesión</button>
      - attempting click action
        - waiting for element to be visible, enabled and stable


       at pages/auth.page.ts:17

      15 |     await this.page.locator('input[name="email"]').fill(email)
      16 |     await this.page.locator('input[name="password"]').fill(password)
    > 17 |     await this.page.locator('button[type="submit"]').click()
         |                                                      ^
      18 |     await this.page.waitForURL('**/dashboard', { timeout: 10000 })
      19 |   }
      20 |
        at AuthPage.login (/Users/mariobustosjmz/Desktop/claude/my-saas-app/e2e/pages/auth.page.ts:17:54)
        at /Users/mariobustosjmz/Desktop/claude/my-saas-app/e2e/specs/06-reminders.spec.ts:11:5

    attachment #1: screenshot (image/png) ──────────────────────────────────────────────────────────
    ../test-results/specs-06-reminders-Reminde-d0885--Reminder-title-is-required-firefox/test-failed-1.png
    ────────────────────────────────────────────────────────────────────────────────────────────────

    attachment #2: video (video/webm) ──────────────────────────────────────────────────────────────
    ../test-results/specs-06-reminders-Reminde-d0885--Reminder-title-is-required-firefox/video.webm
    ────────────────────────────────────────────────────────────────────────────────────────────────

    Error Context: ../test-results/specs-06-reminders-Reminde-d0885--Reminder-title-is-required-firefox/error-context.md
]]>
</failure>
<system-out>
<![CDATA[
[[ATTACHMENT|specs-06-reminders-Reminde-d0885--Reminder-title-is-required-firefox/test-failed-1.png]]

[[ATTACHMENT|specs-06-reminders-Reminde-d0885--Reminder-title-is-required-firefox/video.webm]]

[[ATTACHMENT|specs-06-reminders-Reminde-d0885--Reminder-title-is-required-firefox/error-context.md]]
]]>
</system-out>
</testcase>
<testcase name="Reminders Management › Reminder form submit button is visible" classname="specs/06-reminders.spec.ts" time="13.719">
<failure message="06-reminders.spec.ts:120:7 Reminder form submit button is visible" type="FAILURE">
<![CDATA[  [firefox] › specs/06-reminders.spec.ts:120:7 › Reminders Management › Reminder form submit button is visible 

    TimeoutError: locator.click: Timeout 10000ms exceeded.
    Call log:
      - waiting for locator('button[type="submit"]')
        - locator resolved to <button type="submit" data-slot="button" data-size="default" data-variant="default" class="inline-flex items-center justify-center gap-2 whitespace-nowrap rounded-md text-sm font-medium transition-all disabled:pointer-events-none disabled:opacity-50 [&_svg]:pointer-events-none [&_svg:not([class*='size-'])]:size-4 shrink-0 [&_svg]:shrink-0 outline-none focus-visible:border-ring focus-visible:ring-ring/50 focus-visible:ring-[3px] aria-invalid:ring-destructive/20 dark:aria-invalid:ring-destructive/40 ari…>Iniciar Sesión</button>
      - attempting click action
        - waiting for element to be visible, enabled and stable
        - element is visible, enabled and stable
        - scrolling into view if needed
        - done scrolling
        - performing click action


       at pages/auth.page.ts:17

      15 |     await this.page.locator('input[name="email"]').fill(email)
      16 |     await this.page.locator('input[name="password"]').fill(password)
    > 17 |     await this.page.locator('button[type="submit"]').click()
         |                                                      ^
      18 |     await this.page.waitForURL('**/dashboard', { timeout: 10000 })
      19 |   }
      20 |
        at AuthPage.login (/Users/mariobustosjmz/Desktop/claude/my-saas-app/e2e/pages/auth.page.ts:17:54)
        at /Users/mariobustosjmz/Desktop/claude/my-saas-app/e2e/specs/06-reminders.spec.ts:11:5

    attachment #1: screenshot (image/png) ──────────────────────────────────────────────────────────
    ../test-results/specs-06-reminders-Reminde-c7682-rm-submit-button-is-visible-firefox/test-failed-1.png
    ────────────────────────────────────────────────────────────────────────────────────────────────

    attachment #2: video (video/webm) ──────────────────────────────────────────────────────────────
    ../test-results/specs-06-reminders-Reminde-c7682-rm-submit-button-is-visible-firefox/video.webm
    ────────────────────────────────────────────────────────────────────────────────────────────────

    Error Context: ../test-results/specs-06-reminders-Reminde-c7682-rm-submit-button-is-visible-firefox/error-context.md
]]>
</failure>
<system-out>
<![CDATA[
[[ATTACHMENT|specs-06-reminders-Reminde-c7682-rm-submit-button-is-visible-firefox/test-failed-1.png]]

[[ATTACHMENT|specs-06-reminders-Reminde-c7682-rm-submit-button-is-visible-firefox/video.webm]]

[[ATTACHMENT|specs-06-reminders-Reminde-c7682-rm-submit-button-is-visible-firefox/error-context.md]]
]]>
</system-out>
</testcase>
<testcase name="Reminders Management › Click on reminder row navigates to details" classname="specs/06-reminders.spec.ts" time="13.673">
<failure message="06-reminders.spec.ts:128:7 Click on reminder row navigates to details" type="FAILURE">
<![CDATA[  [firefox] › specs/06-reminders.spec.ts:128:7 › Reminders Management › Click on reminder row navigates to details 

    TimeoutError: locator.click: Timeout 10000ms exceeded.
    Call log:
      - waiting for locator('button[type="submit"]')
        - locator resolved to <button type="submit" data-slot="button" data-size="default" data-variant="default" class="inline-flex items-center justify-center gap-2 whitespace-nowrap rounded-md text-sm font-medium transition-all disabled:pointer-events-none disabled:opacity-50 [&_svg]:pointer-events-none [&_svg:not([class*='size-'])]:size-4 shrink-0 [&_svg]:shrink-0 outline-none focus-visible:border-ring focus-visible:ring-ring/50 focus-visible:ring-[3px] aria-invalid:ring-destructive/20 dark:aria-invalid:ring-destructive/40 ari…>Iniciar Sesión</button>
      - attempting click action
        - waiting for element to be visible, enabled and stable
        - element is visible, enabled and stable
        - scrolling into view if needed
        - done scrolling
        - performing click action


       at pages/auth.page.ts:17

      15 |     await this.page.locator('input[name="email"]').fill(email)
      16 |     await this.page.locator('input[name="password"]').fill(password)
    > 17 |     await this.page.locator('button[type="submit"]').click()
         |                                                      ^
      18 |     await this.page.waitForURL('**/dashboard', { timeout: 10000 })
      19 |   }
      20 |
        at AuthPage.login (/Users/mariobustosjmz/Desktop/claude/my-saas-app/e2e/pages/auth.page.ts:17:54)
        at /Users/mariobustosjmz/Desktop/claude/my-saas-app/e2e/specs/06-reminders.spec.ts:11:5

    attachment #1: screenshot (image/png) ──────────────────────────────────────────────────────────
    ../test-results/specs-06-reminders-Reminde-2180d-er-row-navigates-to-details-firefox/test-failed-1.png
    ────────────────────────────────────────────────────────────────────────────────────────────────

    attachment #2: video (video/webm) ──────────────────────────────────────────────────────────────
    ../test-results/specs-06-reminders-Reminde-2180d-er-row-navigates-to-details-firefox/video.webm
    ────────────────────────────────────────────────────────────────────────────────────────────────

    Error Context: ../test-results/specs-06-reminders-Reminde-2180d-er-row-navigates-to-details-firefox/error-context.md
]]>
</failure>
<system-out>
<![CDATA[
[[ATTACHMENT|specs-06-reminders-Reminde-2180d-er-row-navigates-to-details-firefox/test-failed-1.png]]

[[ATTACHMENT|specs-06-reminders-Reminde-2180d-er-row-navigates-to-details-firefox/video.webm]]

[[ATTACHMENT|specs-06-reminders-Reminde-2180d-er-row-navigates-to-details-firefox/error-context.md]]
]]>
</system-out>
</testcase>
<testcase name="Reminders Management › Reminder details page shows title" classname="specs/06-reminders.spec.ts" time="9.189">
<failure message="06-reminders.spec.ts:139:7 Reminder details page shows title" type="FAILURE">
<![CDATA[  [firefox] › specs/06-reminders.spec.ts:139:7 › Reminders Management › Reminder details page shows title 

    TimeoutError: page.waitForURL: Timeout 5000ms exceeded.
    =========================== logs ===========================
    waiting for navigation to "**/dashboard/reminders" until "load"
    ============================================================

       at pages/reminders.page.ts:59

      57 |   async submitReminderForm() {
      58 |     await this.page.locator('button[type="submit"]:has-text("Crear"), button[type="submit"]:has-text("Guardar")').click()
    > 59 |     await this.page.waitForURL('**/dashboard/reminders', { timeout: 5000 })
         |                     ^
      60 |   }
      61 |
      62 |   async createReminder(data: {
        at RemindersPage.submitReminderForm (/Users/mariobustosjmz/Desktop/claude/my-saas-app/e2e/pages/reminders.page.ts:59:21)
        at RemindersPage.createReminder (/Users/mariobustosjmz/Desktop/claude/my-saas-app/e2e/pages/reminders.page.ts:69:5)
        at /Users/mariobustosjmz/Desktop/claude/my-saas-app/e2e/specs/06-reminders.spec.ts:143:5

    attachment #1: screenshot (image/png) ──────────────────────────────────────────────────────────
    ../test-results/specs-06-reminders-Reminde-4e54c-er-details-page-shows-title-firefox/test-failed-1.png
    ────────────────────────────────────────────────────────────────────────────────────────────────

    attachment #2: video (video/webm) ──────────────────────────────────────────────────────────────
    ../test-results/specs-06-reminders-Reminde-4e54c-er-details-page-shows-title-firefox/video.webm
    ────────────────────────────────────────────────────────────────────────────────────────────────

    Error Context: ../test-results/specs-06-reminders-Reminde-4e54c-er-details-page-shows-title-firefox/error-context.md
]]>
</failure>
<system-out>
<![CDATA[
[[ATTACHMENT|specs-06-reminders-Reminde-4e54c-er-details-page-shows-title-firefox/test-failed-1.png]]

[[ATTACHMENT|specs-06-reminders-Reminde-4e54c-er-details-page-shows-title-firefox/video.webm]]

[[ATTACHMENT|specs-06-reminders-Reminde-4e54c-er-details-page-shows-title-firefox/error-context.md]]
]]>
</system-out>
</testcase>
<testcase name="Reminders Management › Reminder status is displayed" classname="specs/06-reminders.spec.ts" time="13.804">
</testcase>
<testcase name="Reminders Management › Multiple reminders can be created" classname="specs/06-reminders.spec.ts" time="25.881">
<failure message="06-reminders.spec.ts:166:7 Multiple reminders can be created" type="FAILURE">
<![CDATA[  [firefox] › specs/06-reminders.spec.ts:166:7 › Reminders Management › Multiple reminders can be created 

    TimeoutError: page.waitForURL: Timeout 5000ms exceeded.
    =========================== logs ===========================
    waiting for navigation to "**/dashboard/reminders" until "load"
    ============================================================

       at pages/reminders.page.ts:59

      57 |   async submitReminderForm() {
      58 |     await this.page.locator('button[type="submit"]:has-text("Crear"), button[type="submit"]:has-text("Guardar")').click()
    > 59 |     await this.page.waitForURL('**/dashboard/reminders', { timeout: 5000 })
         |                     ^
      60 |   }
      61 |
      62 |   async createReminder(data: {
        at RemindersPage.submitReminderForm (/Users/mariobustosjmz/Desktop/claude/my-saas-app/e2e/pages/reminders.page.ts:59:21)
        at RemindersPage.createReminder (/Users/mariobustosjmz/Desktop/claude/my-saas-app/e2e/pages/reminders.page.ts:69:5)
        at /Users/mariobustosjmz/Desktop/claude/my-saas-app/e2e/specs/06-reminders.spec.ts:177:5

    attachment #1: screenshot (image/png) ──────────────────────────────────────────────────────────
    ../test-results/specs-06-reminders-Reminde-705ed-le-reminders-can-be-created-firefox/test-failed-1.png
    ────────────────────────────────────────────────────────────────────────────────────────────────

    attachment #2: video (video/webm) ──────────────────────────────────────────────────────────────
    ../test-results/specs-06-reminders-Reminde-705ed-le-reminders-can-be-created-firefox/video.webm
    ────────────────────────────────────────────────────────────────────────────────────────────────

    Error Context: ../test-results/specs-06-reminders-Reminde-705ed-le-reminders-can-be-created-firefox/error-context.md
]]>
</failure>
<system-out>
<![CDATA[
[[ATTACHMENT|specs-06-reminders-Reminde-705ed-le-reminders-can-be-created-firefox/test-failed-1.png]]

[[ATTACHMENT|specs-06-reminders-Reminde-705ed-le-reminders-can-be-created-firefox/video.webm]]

[[ATTACHMENT|specs-06-reminders-Reminde-705ed-le-reminders-can-be-created-firefox/error-context.md]]
]]>
</system-out>
</testcase>
<testcase name="Reminders Management › Reminder form can be cancelled" classname="specs/06-reminders.spec.ts" time="12.331">
<failure message="06-reminders.spec.ts:187:7 Reminder form can be cancelled" type="FAILURE">
<![CDATA[  [firefox] › specs/06-reminders.spec.ts:187:7 › Reminders Management › Reminder form can be cancelled 

    Error: locator.isVisible: Error: strict mode violation: locator('a:has-text("Cancelar"), a:has-text("Cancel"), button:has-text("Cancelar")') resolved to 2 elements:
        1) <a href="/dashboard/reminders">…</a> aka getByRole('link', { name: 'Cancelar' })
        2) <button type="button" data-slot="button" data-size="default" data-variant="outline" class="inline-flex items-center justify-center gap-2 whitespace-nowrap rounded-md text-sm font-medium transition-all disabled:pointer-events-none disabled:opacity-50 [&_svg]:pointer-events-none [&_svg:not([class*='size-'])]:size-4 shrink-0 [&_svg]:shrink-0 outline-none focus-visible:border-ring focus-visible:ring-ring/50 focus-visible:ring-[3px] aria-invalid:ring-destructive/20 dark:aria-invalid:ring-destructive/40 ari…>Cancelar</button> aka getByRole('button', { name: 'Cancelar' })

    Call log:
        - checking visibility of locator('a:has-text("Cancelar"), a:has-text("Cancel"), button:has-text("Cancelar")')


      190 |
      191 |     const cancelButton = page.locator('a:has-text("Cancelar"), a:has-text("Cancel"), button:has-text("Cancelar")')
    > 192 |     if (await cancelButton.isVisible()) {
          |                            ^
      193 |       await cancelButton.click()
      194 |       await page.waitForURL('**/dashboard/reminders')
      195 |     }
        at /Users/mariobustosjmz/Desktop/claude/my-saas-app/e2e/specs/06-reminders.spec.ts:192:28

    attachment #1: screenshot (image/png) ──────────────────────────────────────────────────────────
    ../test-results/specs-06-reminders-Reminde-9be4b-inder-form-can-be-cancelled-firefox/test-failed-1.png
    ────────────────────────────────────────────────────────────────────────────────────────────────

    attachment #2: video (video/webm) ──────────────────────────────────────────────────────────────
    ../test-results/specs-06-reminders-Reminde-9be4b-inder-form-can-be-cancelled-firefox/video.webm
    ────────────────────────────────────────────────────────────────────────────────────────────────

    Error Context: ../test-results/specs-06-reminders-Reminde-9be4b-inder-form-can-be-cancelled-firefox/error-context.md
]]>
</failure>
<system-out>
<![CDATA[
[[ATTACHMENT|specs-06-reminders-Reminde-9be4b-inder-form-can-be-cancelled-firefox/test-failed-1.png]]

[[ATTACHMENT|specs-06-reminders-Reminde-9be4b-inder-form-can-be-cancelled-firefox/video.webm]]

[[ATTACHMENT|specs-06-reminders-Reminde-9be4b-inder-form-can-be-cancelled-firefox/error-context.md]]
]]>
</system-out>
</testcase>
<testcase name="Reminders Management › Reminder due date is formatted correctly" classname="specs/06-reminders.spec.ts" time="30.633">
<failure message="06-reminders.spec.ts:198:7 Reminder due date is formatted correctly" type="FAILURE">
<![CDATA[  [firefox] › specs/06-reminders.spec.ts:198:7 › Reminders Management › Reminder due date is formatted correctly 

    TimeoutError: locator.click: Timeout 10000ms exceeded.
    Call log:
      - waiting for locator('button[type="submit"]:has-text("Crear"), button[type="submit"]:has-text("Guardar")')
        - locator resolved to <button type="submit" data-slot="button" data-size="default" data-variant="default" class="inline-flex items-center justify-center gap-2 whitespace-nowrap rounded-md text-sm font-medium transition-all disabled:pointer-events-none disabled:opacity-50 [&_svg]:pointer-events-none [&_svg:not([class*='size-'])]:size-4 shrink-0 [&_svg]:shrink-0 outline-none focus-visible:border-ring focus-visible:ring-ring/50 focus-visible:ring-[3px] aria-invalid:ring-destructive/20 dark:aria-invalid:ring-destructive/40 ari…>Crear Recordatorio</button>
      - attempting click action
        - waiting for element to be visible, enabled and stable
        - element is visible, enabled and stable
        - scrolling into view if needed
        - done scrolling
        - performing click action


       at pages/reminders.page.ts:58

      56 |
      57 |   async submitReminderForm() {
    > 58 |     await this.page.locator('button[type="submit"]:has-text("Crear"), button[type="submit"]:has-text("Guardar")').click()
         |                                                                                                                   ^
      59 |     await this.page.waitForURL('**/dashboard/reminders', { timeout: 5000 })
      60 |   }
      61 |
        at RemindersPage.submitReminderForm (/Users/mariobustosjmz/Desktop/claude/my-saas-app/e2e/pages/reminders.page.ts:58:115)
        at RemindersPage.createReminder (/Users/mariobustosjmz/Desktop/claude/my-saas-app/e2e/pages/reminders.page.ts:69:16)
        at /Users/mariobustosjmz/Desktop/claude/my-saas-app/e2e/specs/06-reminders.spec.ts:202:5

    attachment #1: screenshot (image/png) ──────────────────────────────────────────────────────────
    ../test-results/specs-06-reminders-Reminde-8e6d3-date-is-formatted-correctly-firefox/test-failed-1.png
    ────────────────────────────────────────────────────────────────────────────────────────────────

    attachment #2: video (video/webm) ──────────────────────────────────────────────────────────────
    ../test-results/specs-06-reminders-Reminde-8e6d3-date-is-formatted-correctly-firefox/video.webm
    ────────────────────────────────────────────────────────────────────────────────────────────────

    Error Context: ../test-results/specs-06-reminders-Reminde-8e6d3-date-is-formatted-correctly-firefox/error-context.md
]]>
</failure>
<system-out>
<![CDATA[
[[ATTACHMENT|specs-06-reminders-Reminde-8e6d3-date-is-formatted-correctly-firefox/test-failed-1.png]]

[[ATTACHMENT|specs-06-reminders-Reminde-8e6d3-date-is-formatted-correctly-firefox/video.webm]]

[[ATTACHMENT|specs-06-reminders-Reminde-8e6d3-date-is-formatted-correctly-firefox/error-context.md]]
]]>
</system-out>
</testcase>
<testcase name="Reminders Management › Reminders accessibility - proper table structure" classname="specs/06-reminders.spec.ts" time="18.747">
</testcase>
<testcase name="Reminders Management › Reminder form has proper form structure" classname="specs/06-reminders.spec.ts" time="18.284">
</testcase>
<testcase name="Reminders Management › Mark reminder as completed" classname="specs/06-reminders.spec.ts" time="9.437">
<failure message="06-reminders.spec.ts:236:7 Mark reminder as completed" type="FAILURE">
<![CDATA[  [firefox] › specs/06-reminders.spec.ts:236:7 › Reminders Management › Mark reminder as completed ─

    TimeoutError: page.waitForURL: Timeout 5000ms exceeded.
    =========================== logs ===========================
    waiting for navigation to "**/dashboard/reminders" until "load"
    ============================================================

       at pages/reminders.page.ts:59

      57 |   async submitReminderForm() {
      58 |     await this.page.locator('button[type="submit"]:has-text("Crear"), button[type="submit"]:has-text("Guardar")').click()
    > 59 |     await this.page.waitForURL('**/dashboard/reminders', { timeout: 5000 })
         |                     ^
      60 |   }
      61 |
      62 |   async createReminder(data: {
        at RemindersPage.submitReminderForm (/Users/mariobustosjmz/Desktop/claude/my-saas-app/e2e/pages/reminders.page.ts:59:21)
        at RemindersPage.createReminder (/Users/mariobustosjmz/Desktop/claude/my-saas-app/e2e/pages/reminders.page.ts:69:5)
        at /Users/mariobustosjmz/Desktop/claude/my-saas-app/e2e/specs/06-reminders.spec.ts:240:5

    attachment #1: screenshot (image/png) ──────────────────────────────────────────────────────────
    ../test-results/specs-06-reminders-Reminde-c0af1--Mark-reminder-as-completed-firefox/test-failed-1.png
    ────────────────────────────────────────────────────────────────────────────────────────────────

    attachment #2: video (video/webm) ──────────────────────────────────────────────────────────────
    ../test-results/specs-06-reminders-Reminde-c0af1--Mark-reminder-as-completed-firefox/video.webm
    ────────────────────────────────────────────────────────────────────────────────────────────────

    Error Context: ../test-results/specs-06-reminders-Reminde-c0af1--Mark-reminder-as-completed-firefox/error-context.md
]]>
</failure>
<system-out>
<![CDATA[
[[ATTACHMENT|specs-06-reminders-Reminde-c0af1--Mark-reminder-as-completed-firefox/test-failed-1.png]]

[[ATTACHMENT|specs-06-reminders-Reminde-c0af1--Mark-reminder-as-completed-firefox/video.webm]]

[[ATTACHMENT|specs-06-reminders-Reminde-c0af1--Mark-reminder-as-completed-firefox/error-context.md]]
]]>
</system-out>
</testcase>
<testcase name="Reminders Management › Delete reminder from details" classname="specs/06-reminders.spec.ts" time="16.409">
<failure message="06-reminders.spec.ts:256:7 Delete reminder from details" type="FAILURE">
<![CDATA[  [firefox] › specs/06-reminders.spec.ts:256:7 › Reminders Management › Delete reminder from details 

    TimeoutError: locator.click: Timeout 10000ms exceeded.
    Call log:
      - waiting for locator('button[type="submit"]:has-text("Crear"), button[type="submit"]:has-text("Guardar")')
        - locator resolved to <button type="submit" data-slot="button" data-size="default" data-variant="default" class="inline-flex items-center justify-center gap-2 whitespace-nowrap rounded-md text-sm font-medium transition-all disabled:pointer-events-none disabled:opacity-50 [&_svg]:pointer-events-none [&_svg:not([class*='size-'])]:size-4 shrink-0 [&_svg]:shrink-0 outline-none focus-visible:border-ring focus-visible:ring-ring/50 focus-visible:ring-[3px] aria-invalid:ring-destructive/20 dark:aria-invalid:ring-destructive/40 ari…>Crear Recordatorio</button>
      - attempting click action
        - waiting for element to be visible, enabled and stable
        - element is visible, enabled and stable
        - scrolling into view if needed
        - done scrolling
        - performing click action


       at pages/reminders.page.ts:58

      56 |
      57 |   async submitReminderForm() {
    > 58 |     await this.page.locator('button[type="submit"]:has-text("Crear"), button[type="submit"]:has-text("Guardar")').click()
         |                                                                                                                   ^
      59 |     await this.page.waitForURL('**/dashboard/reminders', { timeout: 5000 })
      60 |   }
      61 |
        at RemindersPage.submitReminderForm (/Users/mariobustosjmz/Desktop/claude/my-saas-app/e2e/pages/reminders.page.ts:58:115)
        at RemindersPage.createReminder (/Users/mariobustosjmz/Desktop/claude/my-saas-app/e2e/pages/reminders.page.ts:69:16)
        at /Users/mariobustosjmz/Desktop/claude/my-saas-app/e2e/specs/06-reminders.spec.ts:260:5

    attachment #1: screenshot (image/png) ──────────────────────────────────────────────────────────
    ../test-results/specs-06-reminders-Reminde-b9489-elete-reminder-from-details-firefox/test-failed-1.png
    ────────────────────────────────────────────────────────────────────────────────────────────────

    attachment #2: video (video/webm) ──────────────────────────────────────────────────────────────
    ../test-results/specs-06-reminders-Reminde-b9489-elete-reminder-from-details-firefox/video.webm
    ────────────────────────────────────────────────────────────────────────────────────────────────

    Error Context: ../test-results/specs-06-reminders-Reminde-b9489-elete-reminder-from-details-firefox/error-context.md
]]>
</failure>
<system-out>
<![CDATA[
[[ATTACHMENT|specs-06-reminders-Reminde-b9489-elete-reminder-from-details-firefox/test-failed-1.png]]

[[ATTACHMENT|specs-06-reminders-Reminde-b9489-elete-reminder-from-details-firefox/video.webm]]

[[ATTACHMENT|specs-06-reminders-Reminde-b9489-elete-reminder-from-details-firefox/error-context.md]]
]]>
</system-out>
</testcase>
<testcase name="Reminders Management › Edit reminder" classname="specs/06-reminders.spec.ts" time="11.864">
<failure message="06-reminders.spec.ts:282:7 Edit reminder" type="FAILURE">
<![CDATA[  [firefox] › specs/06-reminders.spec.ts:282:7 › Reminders Management › Edit reminder ──────────────

    TimeoutError: page.waitForURL: Timeout 5000ms exceeded.
    =========================== logs ===========================
    waiting for navigation to "**/dashboard/reminders" until "load"
    ============================================================

       at pages/reminders.page.ts:59

      57 |   async submitReminderForm() {
      58 |     await this.page.locator('button[type="submit"]:has-text("Crear"), button[type="submit"]:has-text("Guardar")').click()
    > 59 |     await this.page.waitForURL('**/dashboard/reminders', { timeout: 5000 })
         |                     ^
      60 |   }
      61 |
      62 |   async createReminder(data: {
        at RemindersPage.submitReminderForm (/Users/mariobustosjmz/Desktop/claude/my-saas-app/e2e/pages/reminders.page.ts:59:21)
        at RemindersPage.createReminder (/Users/mariobustosjmz/Desktop/claude/my-saas-app/e2e/pages/reminders.page.ts:69:5)
        at /Users/mariobustosjmz/Desktop/claude/my-saas-app/e2e/specs/06-reminders.spec.ts:286:5

    attachment #1: screenshot (image/png) ──────────────────────────────────────────────────────────
    ../test-results/specs-06-reminders-Reminders-Management-Edit-reminder-firefox/test-failed-1.png
    ────────────────────────────────────────────────────────────────────────────────────────────────

    attachment #2: video (video/webm) ──────────────────────────────────────────────────────────────
    ../test-results/specs-06-reminders-Reminders-Management-Edit-reminder-firefox/video.webm
    ────────────────────────────────────────────────────────────────────────────────────────────────

    Error Context: ../test-results/specs-06-reminders-Reminders-Management-Edit-reminder-firefox/error-context.md
]]>
</failure>
<system-out>
<![CDATA[
[[ATTACHMENT|specs-06-reminders-Reminders-Management-Edit-reminder-firefox/test-failed-1.png]]

[[ATTACHMENT|specs-06-reminders-Reminders-Management-Edit-reminder-firefox/video.webm]]

[[ATTACHMENT|specs-06-reminders-Reminders-Management-Edit-reminder-firefox/error-context.md]]
]]>
</system-out>
</testcase>
<testcase name="Reminders Management › Snooze reminder" classname="specs/06-reminders.spec.ts" time="10.058">
<failure message="06-reminders.spec.ts:312:7 Snooze reminder" type="FAILURE">
<![CDATA[  [firefox] › specs/06-reminders.spec.ts:312:7 › Reminders Management › Snooze reminder ────────────

    TimeoutError: page.waitForURL: Timeout 5000ms exceeded.
    =========================== logs ===========================
    waiting for navigation to "**/dashboard/reminders" until "load"
    ============================================================

       at pages/reminders.page.ts:59

      57 |   async submitReminderForm() {
      58 |     await this.page.locator('button[type="submit"]:has-text("Crear"), button[type="submit"]:has-text("Guardar")').click()
    > 59 |     await this.page.waitForURL('**/dashboard/reminders', { timeout: 5000 })
         |                     ^
      60 |   }
      61 |
      62 |   async createReminder(data: {
        at RemindersPage.submitReminderForm (/Users/mariobustosjmz/Desktop/claude/my-saas-app/e2e/pages/reminders.page.ts:59:21)
        at RemindersPage.createReminder (/Users/mariobustosjmz/Desktop/claude/my-saas-app/e2e/pages/reminders.page.ts:69:5)
        at /Users/mariobustosjmz/Desktop/claude/my-saas-app/e2e/specs/06-reminders.spec.ts:316:5

    attachment #1: screenshot (image/png) ──────────────────────────────────────────────────────────
    ../test-results/specs-06-reminders-Reminders-Management-Snooze-reminder-firefox/test-failed-1.png
    ────────────────────────────────────────────────────────────────────────────────────────────────

    attachment #2: video (video/webm) ──────────────────────────────────────────────────────────────
    ../test-results/specs-06-reminders-Reminders-Management-Snooze-reminder-firefox/video.webm
    ────────────────────────────────────────────────────────────────────────────────────────────────

    Error Context: ../test-results/specs-06-reminders-Reminders-Management-Snooze-reminder-firefox/error-context.md
]]>
</failure>
<system-out>
<![CDATA[
[[ATTACHMENT|specs-06-reminders-Reminders-Management-Snooze-reminder-firefox/test-failed-1.png]]

[[ATTACHMENT|specs-06-reminders-Reminders-Management-Snooze-reminder-firefox/video.webm]]

[[ATTACHMENT|specs-06-reminders-Reminders-Management-Snooze-reminder-firefox/error-context.md]]
]]>
</system-out>
</testcase>
<testcase name="Reminders Management › Filter reminders by status" classname="specs/06-reminders.spec.ts" time="4.713">
</testcase>
<testcase name="Reminders Management › Reminders due today are highlighted" classname="specs/06-reminders.spec.ts" time="10.761">
<failure message="06-reminders.spec.ts:353:7 Reminders due today are highlighted" type="FAILURE">
<![CDATA[  [firefox] › specs/06-reminders.spec.ts:353:7 › Reminders Management › Reminders due today are highlighted 

    TimeoutError: page.waitForURL: Timeout 5000ms exceeded.
    =========================== logs ===========================
    waiting for navigation to "**/dashboard/reminders" until "load"
    ============================================================

       at pages/reminders.page.ts:59

      57 |   async submitReminderForm() {
      58 |     await this.page.locator('button[type="submit"]:has-text("Crear"), button[type="submit"]:has-text("Guardar")').click()
    > 59 |     await this.page.waitForURL('**/dashboard/reminders', { timeout: 5000 })
         |                     ^
      60 |   }
      61 |
      62 |   async createReminder(data: {
        at RemindersPage.submitReminderForm (/Users/mariobustosjmz/Desktop/claude/my-saas-app/e2e/pages/reminders.page.ts:59:21)
        at RemindersPage.createReminder (/Users/mariobustosjmz/Desktop/claude/my-saas-app/e2e/pages/reminders.page.ts:69:5)
        at /Users/mariobustosjmz/Desktop/claude/my-saas-app/e2e/specs/06-reminders.spec.ts:359:5

    attachment #1: screenshot (image/png) ──────────────────────────────────────────────────────────
    ../test-results/specs-06-reminders-Reminde-62e17-s-due-today-are-highlighted-firefox/test-failed-1.png
    ────────────────────────────────────────────────────────────────────────────────────────────────

    attachment #2: video (video/webm) ──────────────────────────────────────────────────────────────
    ../test-results/specs-06-reminders-Reminde-62e17-s-due-today-are-highlighted-firefox/video.webm
    ────────────────────────────────────────────────────────────────────────────────────────────────

    Error Context: ../test-results/specs-06-reminders-Reminde-62e17-s-due-today-are-highlighted-firefox/error-context.md
]]>
</failure>
<system-out>
<![CDATA[
[[ATTACHMENT|specs-06-reminders-Reminde-62e17-s-due-today-are-highlighted-firefox/test-failed-1.png]]

[[ATTACHMENT|specs-06-reminders-Reminde-62e17-s-due-today-are-highlighted-firefox/video.webm]]

[[ATTACHMENT|specs-06-reminders-Reminde-62e17-s-due-today-are-highlighted-firefox/error-context.md]]
]]>
</system-out>
</testcase>
<testcase name="Reminders Management › Reminder pagination works" classname="specs/06-reminders.spec.ts" time="5.081">
</testcase>
<testcase name="Reminders Management › Search reminders by title" classname="specs/06-reminders.spec.ts" time="7.513">
</testcase>
</testsuite>
<testsuite name="specs/07-critical-journey.spec.ts" timestamp="2026-02-15T05:52:32.997Z" hostname="firefox" tests="11" failures="8" skipped="0" time="153.48" errors="0">
<testcase name="Critical User Journey: Complete Workflow › User logs in and navigates complete application flow" classname="specs/07-critical-journey.spec.ts" time="6.902">
<failure message="07-critical-journey.spec.ts:10:7 User logs in and navigates complete application flow" type="FAILURE">
<![CDATA[  [firefox] › specs/07-critical-journey.spec.ts:10:7 › Critical User Journey: Complete Workflow › User logs in and navigates complete application flow 

    Error: locator.isVisible: Error: strict mode violation: locator('text=Dashboard') resolved to 2 elements:
        1) <span>Dashboard</span> aka getByRole('link', { name: 'Dashboard' })
        2) <h1 class="text-lg font-semibold text-gray-900">Dashboard</h1> aka getByRole('heading', { name: 'Dashboard' })

    Call log:
        - checking visibility of locator('text=Dashboard')


       at pages/dashboard.page.ts:75

      73 |
      74 |   async isDashboardVisible(): Promise<boolean> {
    > 75 |     return await this.page.locator('text=Dashboard').isVisible()
         |                                                      ^
      76 |   }
      77 |
      78 |   // Stats
        at DashboardPage.isDashboardVisible (/Users/mariobustosjmz/Desktop/claude/my-saas-app/e2e/pages/dashboard.page.ts:75:54)
        at /Users/mariobustosjmz/Desktop/claude/my-saas-app/e2e/specs/07-critical-journey.spec.ts:22:32

    attachment #1: screenshot (image/png) ──────────────────────────────────────────────────────────
    ../test-results/specs-07-critical-journey--9b0f8-s-complete-application-flow-firefox/test-failed-1.png
    ────────────────────────────────────────────────────────────────────────────────────────────────

    attachment #2: video (video/webm) ──────────────────────────────────────────────────────────────
    ../test-results/specs-07-critical-journey--9b0f8-s-complete-application-flow-firefox/video.webm
    ────────────────────────────────────────────────────────────────────────────────────────────────

    Error Context: ../test-results/specs-07-critical-journey--9b0f8-s-complete-application-flow-firefox/error-context.md
]]>
</failure>
<system-out>
<![CDATA[
[[ATTACHMENT|specs-07-critical-journey--9b0f8-s-complete-application-flow-firefox/test-failed-1.png]]

[[ATTACHMENT|specs-07-critical-journey--9b0f8-s-complete-application-flow-firefox/video.webm]]

[[ATTACHMENT|specs-07-critical-journey--9b0f8-s-complete-application-flow-firefox/error-context.md]]
]]>
</system-out>
</testcase>
<testcase name="Critical User Journey: Complete Workflow › User can create client and see it in list" classname="specs/07-critical-journey.spec.ts" time="13.763">
<failure message="07-critical-journey.spec.ts:58:7 User can create client and see it in list" type="FAILURE">
<![CDATA[  [firefox] › specs/07-critical-journey.spec.ts:58:7 › Critical User Journey: Complete Workflow › User can create client and see it in list 

    TimeoutError: locator.textContent: Timeout 10000ms exceeded.
    Call log:
      - waiting for locator('text=Total Clientes').locator('..').locator('div.text-2xl')


       at pages/base.page.ts:23

      21 |
      22 |   async getText(locator: Locator): Promise<string> {
    > 23 |     return await locator.textContent() || ''
         |                          ^
      24 |   }
      25 |
      26 |   async isVisible(locator: Locator): Promise<boolean> {
        at DashboardPage.getText (/Users/mariobustosjmz/Desktop/claude/my-saas-app/e2e/pages/base.page.ts:23:26)
        at DashboardPage.getTotalClientsCount (/Users/mariobustosjmz/Desktop/claude/my-saas-app/e2e/pages/dashboard.page.ts:81:23)
        at /Users/mariobustosjmz/Desktop/claude/my-saas-app/e2e/specs/07-critical-journey.spec.ts:69:46

    attachment #1: screenshot (image/png) ──────────────────────────────────────────────────────────
    ../test-results/specs-07-critical-journey--269b5-e-client-and-see-it-in-list-firefox/test-failed-1.png
    ────────────────────────────────────────────────────────────────────────────────────────────────

    attachment #2: video (video/webm) ──────────────────────────────────────────────────────────────
    ../test-results/specs-07-critical-journey--269b5-e-client-and-see-it-in-list-firefox/video.webm
    ────────────────────────────────────────────────────────────────────────────────────────────────

    Error Context: ../test-results/specs-07-critical-journey--269b5-e-client-and-see-it-in-list-firefox/error-context.md
]]>
</failure>
<system-out>
<![CDATA[
[[ATTACHMENT|specs-07-critical-journey--269b5-e-client-and-see-it-in-list-firefox/test-failed-1.png]]

[[ATTACHMENT|specs-07-critical-journey--269b5-e-client-and-see-it-in-list-firefox/video.webm]]

[[ATTACHMENT|specs-07-critical-journey--269b5-e-client-and-see-it-in-list-firefox/error-context.md]]
]]>
</system-out>
</testcase>
<testcase name="Critical User Journey: Complete Workflow › User can access all main dashboard sections" classname="specs/07-critical-journey.spec.ts" time="29.041">
</testcase>
<testcase name="Critical User Journey: Complete Workflow › User session persists across page navigation" classname="specs/07-critical-journey.spec.ts" time="21.745">
<failure message="07-critical-journey.spec.ts:114:7 User session persists across page navigation" type="FAILURE">
<![CDATA[  [firefox] › specs/07-critical-journey.spec.ts:114:7 › Critical User Journey: Complete Workflow › User session persists across page navigation 

    Error: expect(received).toBeTruthy()

    Received: false

      132 |     // Should still be logged in
      133 |     const loggedIn = await dashboardPage.isLoggedIn()
    > 134 |     expect(loggedIn).toBeTruthy()
          |                      ^
      135 |   })
      136 |
      137 |   test('User cannot access protected routes without authentication', async ({ page }) => {
        at /Users/mariobustosjmz/Desktop/claude/my-saas-app/e2e/specs/07-critical-journey.spec.ts:134:22

    attachment #1: screenshot (image/png) ──────────────────────────────────────────────────────────
    ../test-results/specs-07-critical-journey--35ee2-ists-across-page-navigation-firefox/test-failed-1.png
    ────────────────────────────────────────────────────────────────────────────────────────────────

    attachment #2: video (video/webm) ──────────────────────────────────────────────────────────────
    ../test-results/specs-07-critical-journey--35ee2-ists-across-page-navigation-firefox/video.webm
    ────────────────────────────────────────────────────────────────────────────────────────────────

    Error Context: ../test-results/specs-07-critical-journey--35ee2-ists-across-page-navigation-firefox/error-context.md
]]>
</failure>
<system-out>
<![CDATA[
[[ATTACHMENT|specs-07-critical-journey--35ee2-ists-across-page-navigation-firefox/test-failed-1.png]]

[[ATTACHMENT|specs-07-critical-journey--35ee2-ists-across-page-navigation-firefox/video.webm]]

[[ATTACHMENT|specs-07-critical-journey--35ee2-ists-across-page-navigation-firefox/error-context.md]]
]]>
</system-out>
</testcase>
<testcase name="Critical User Journey: Complete Workflow › User cannot access protected routes without authentication" classname="specs/07-critical-journey.spec.ts" time="8.361">
</testcase>
<testcase name="Critical User Journey: Complete Workflow › User can logout and login again" classname="specs/07-critical-journey.spec.ts" time="19.105">
<failure message="07-critical-journey.spec.ts:146:7 User can logout and login again" type="FAILURE">
<![CDATA[  [firefox] › specs/07-critical-journey.spec.ts:146:7 › Critical User Journey: Complete Workflow › User can logout and login again 

    TimeoutError: locator.click: Timeout 10000ms exceeded.
    Call log:
      - waiting for locator('button:has-text("Cerrar sesión"), a:has-text("Logout")')


       at pages/dashboard.page.ts:56

      54 |
      55 |   async clickLogout() {
    > 56 |     await this.page.locator('button:has-text("Cerrar sesión"), a:has-text("Logout")').click()
         |                                                                                       ^
      57 |   }
      58 |
      59 |   async logout() {
        at DashboardPage.clickLogout (/Users/mariobustosjmz/Desktop/claude/my-saas-app/e2e/pages/dashboard.page.ts:56:87)
        at DashboardPage.logout (/Users/mariobustosjmz/Desktop/claude/my-saas-app/e2e/pages/dashboard.page.ts:61:16)
        at /Users/mariobustosjmz/Desktop/claude/my-saas-app/e2e/specs/07-critical-journey.spec.ts:156:5

    attachment #1: screenshot (image/png) ──────────────────────────────────────────────────────────
    ../test-results/specs-07-critical-journey--e5f41--can-logout-and-login-again-firefox/test-failed-1.png
    ────────────────────────────────────────────────────────────────────────────────────────────────

    attachment #2: video (video/webm) ──────────────────────────────────────────────────────────────
    ../test-results/specs-07-critical-journey--e5f41--can-logout-and-login-again-firefox/video.webm
    ────────────────────────────────────────────────────────────────────────────────────────────────

    Error Context: ../test-results/specs-07-critical-journey--e5f41--can-logout-and-login-again-firefox/error-context.md
]]>
</failure>
<system-out>
<![CDATA[
[[ATTACHMENT|specs-07-critical-journey--e5f41--can-logout-and-login-again-firefox/test-failed-1.png]]

[[ATTACHMENT|specs-07-critical-journey--e5f41--can-logout-and-login-again-firefox/video.webm]]

[[ATTACHMENT|specs-07-critical-journey--e5f41--can-logout-and-login-again-firefox/error-context.md]]
]]>
</system-out>
</testcase>
<testcase name="Critical User Journey: Complete Workflow › Page refresh maintains session" classname="specs/07-critical-journey.spec.ts" time="15.191">
<failure message="07-critical-journey.spec.ts:164:7 Page refresh maintains session" type="FAILURE">
<![CDATA[  [firefox] › specs/07-critical-journey.spec.ts:164:7 › Critical User Journey: Complete Workflow › Page refresh maintains session 

    Error: locator.isVisible: Error: strict mode violation: locator('text=Dashboard') resolved to 2 elements:
        1) <span>Dashboard</span> aka getByRole('link', { name: 'Dashboard' })
        2) <h1 class="text-lg font-semibold text-gray-900">Dashboard</h1> aka getByRole('heading', { name: 'Dashboard' })

    Call log:
        - checking visibility of locator('text=Dashboard')


       at pages/dashboard.page.ts:75

      73 |
      74 |   async isDashboardVisible(): Promise<boolean> {
    > 75 |     return await this.page.locator('text=Dashboard').isVisible()
         |                                                      ^
      76 |   }
      77 |
      78 |   // Stats
        at DashboardPage.isDashboardVisible (/Users/mariobustosjmz/Desktop/claude/my-saas-app/e2e/pages/dashboard.page.ts:75:54)
        at /Users/mariobustosjmz/Desktop/claude/my-saas-app/e2e/specs/07-critical-journey.spec.ts:179:45

    attachment #1: screenshot (image/png) ──────────────────────────────────────────────────────────
    ../test-results/specs-07-critical-journey--71efa-e-refresh-maintains-session-firefox/test-failed-1.png
    ────────────────────────────────────────────────────────────────────────────────────────────────

    attachment #2: video (video/webm) ──────────────────────────────────────────────────────────────
    ../test-results/specs-07-critical-journey--71efa-e-refresh-maintains-session-firefox/video.webm
    ────────────────────────────────────────────────────────────────────────────────────────────────

    Error Context: ../test-results/specs-07-critical-journey--71efa-e-refresh-maintains-session-firefox/error-context.md
]]>
</failure>
<system-out>
<![CDATA[
[[ATTACHMENT|specs-07-critical-journey--71efa-e-refresh-maintains-session-firefox/test-failed-1.png]]

[[ATTACHMENT|specs-07-critical-journey--71efa-e-refresh-maintains-session-firefox/video.webm]]

[[ATTACHMENT|specs-07-critical-journey--71efa-e-refresh-maintains-session-firefox/error-context.md]]
]]>
</system-out>
</testcase>
<testcase name="Critical User Journey: Complete Workflow › User data is displayed correctly after login" classname="specs/07-critical-journey.spec.ts" time="6.522">
</testcase>
<testcase name="Critical User Journey: Complete Workflow › Dashboard stats are visible and contain data" classname="specs/07-critical-journey.spec.ts" time="18.636">
<failure message="07-critical-journey.spec.ts:199:7 Dashboard stats are visible and contain data" type="FAILURE">
<![CDATA[  [firefox] › specs/07-critical-journey.spec.ts:199:7 › Critical User Journey: Complete Workflow › Dashboard stats are visible and contain data 

    TimeoutError: locator.textContent: Timeout 10000ms exceeded.
    Call log:
      - waiting for locator('text=Total Clientes').locator('..').locator('div.text-2xl')


       at pages/base.page.ts:23

      21 |
      22 |   async getText(locator: Locator): Promise<string> {
    > 23 |     return await locator.textContent() || ''
         |                          ^
      24 |   }
      25 |
      26 |   async isVisible(locator: Locator): Promise<boolean> {
        at DashboardPage.getText (/Users/mariobustosjmz/Desktop/claude/my-saas-app/e2e/pages/base.page.ts:23:26)
        at DashboardPage.getTotalClientsCount (/Users/mariobustosjmz/Desktop/claude/my-saas-app/e2e/pages/dashboard.page.ts:81:23)
        at /Users/mariobustosjmz/Desktop/claude/my-saas-app/e2e/specs/07-critical-journey.spec.ts:209:46

    attachment #1: screenshot (image/png) ──────────────────────────────────────────────────────────
    ../test-results/specs-07-critical-journey--7a467-re-visible-and-contain-data-firefox/test-failed-1.png
    ────────────────────────────────────────────────────────────────────────────────────────────────

    attachment #2: video (video/webm) ──────────────────────────────────────────────────────────────
    ../test-results/specs-07-critical-journey--7a467-re-visible-and-contain-data-firefox/video.webm
    ────────────────────────────────────────────────────────────────────────────────────────────────

    Error Context: ../test-results/specs-07-critical-journey--7a467-re-visible-and-contain-data-firefox/error-context.md
]]>
</failure>
<system-out>
<![CDATA[
[[ATTACHMENT|specs-07-critical-journey--7a467-re-visible-and-contain-data-firefox/test-failed-1.png]]

[[ATTACHMENT|specs-07-critical-journey--7a467-re-visible-and-contain-data-firefox/video.webm]]

[[ATTACHMENT|specs-07-critical-journey--7a467-re-visible-and-contain-data-firefox/error-context.md]]
]]>
</system-out>
</testcase>
<testcase name="Critical User Journey: Complete Workflow › Network error handling during navigation" classname="specs/07-critical-journey.spec.ts" time="3.704">
<failure message="07-critical-journey.spec.ts:214:7 Network error handling during navigation" type="FAILURE">
<![CDATA[  [firefox] › specs/07-critical-journey.spec.ts:214:7 › Critical User Journey: Complete Workflow › Network error handling during navigation 

    Error: locator.isVisible: Error: strict mode violation: locator('text=Dashboard') resolved to 2 elements:
        1) <span>Dashboard</span> aka getByRole('link', { name: 'Dashboard' })
        2) <h1 class="text-lg font-semibold text-gray-900">Dashboard</h1> aka getByRole('heading', { name: 'Dashboard' })

    Call log:
        - checking visibility of locator('text=Dashboard')


       at pages/dashboard.page.ts:75

      73 |
      74 |   async isDashboardVisible(): Promise<boolean> {
    > 75 |     return await this.page.locator('text=Dashboard').isVisible()
         |                                                      ^
      76 |   }
      77 |
      78 |   // Stats
        at DashboardPage.isDashboardVisible (/Users/mariobustosjmz/Desktop/claude/my-saas-app/e2e/pages/dashboard.page.ts:75:54)
        at /Users/mariobustosjmz/Desktop/claude/my-saas-app/e2e/specs/07-critical-journey.spec.ts:224:45

    attachment #1: screenshot (image/png) ──────────────────────────────────────────────────────────
    ../test-results/specs-07-critical-journey--fad7c--handling-during-navigation-firefox/test-failed-1.png
    ────────────────────────────────────────────────────────────────────────────────────────────────

    attachment #2: video (video/webm) ──────────────────────────────────────────────────────────────
    ../test-results/specs-07-critical-journey--fad7c--handling-during-navigation-firefox/video.webm
    ────────────────────────────────────────────────────────────────────────────────────────────────

    Error Context: ../test-results/specs-07-critical-journey--fad7c--handling-during-navigation-firefox/error-context.md
]]>
</failure>
<system-out>
<![CDATA[
[[ATTACHMENT|specs-07-critical-journey--fad7c--handling-during-navigation-firefox/test-failed-1.png]]

[[ATTACHMENT|specs-07-critical-journey--fad7c--handling-during-navigation-firefox/video.webm]]

[[ATTACHMENT|specs-07-critical-journey--fad7c--handling-during-navigation-firefox/error-context.md]]
]]>
</system-out>
</testcase>
<testcase name="Critical User Journey: Complete Workflow › Mobile viewport - complete workflow" classname="specs/07-critical-journey.spec.ts" time="10.51">
<failure message="07-critical-journey.spec.ts:228:7 Mobile viewport - complete workflow" type="FAILURE">
<![CDATA[  [firefox] › specs/07-critical-journey.spec.ts:228:7 › Critical User Journey: Complete Workflow › Mobile viewport - complete workflow 

    TimeoutError: page.waitForURL: Timeout 5000ms exceeded.
    =========================== logs ===========================
    waiting for navigation to "**/dashboard/clients" until "load"
    ============================================================

       at pages/clients.page.ts:54

      52 |   async submitClientForm() {
      53 |     await this.page.locator('button[type="submit"]:has-text("Crear"), button[type="submit"]:has-text("Guardar")').click()
    > 54 |     await this.page.waitForURL('**/dashboard/clients', { timeout: 5000 })
         |                     ^
      55 |   }
      56 |
      57 |   async createClient(data: {
        at ClientsPage.submitClientForm (/Users/mariobustosjmz/Desktop/claude/my-saas-app/e2e/pages/clients.page.ts:54:21)
        at ClientsPage.createClient (/Users/mariobustosjmz/Desktop/claude/my-saas-app/e2e/pages/clients.page.ts:65:5)
        at /Users/mariobustosjmz/Desktop/claude/my-saas-app/e2e/specs/07-critical-journey.spec.ts:249:5

    attachment #1: screenshot (image/png) ──────────────────────────────────────────────────────────
    ../test-results/specs-07-critical-journey--c2b4d-iewport---complete-workflow-firefox/test-failed-1.png
    ────────────────────────────────────────────────────────────────────────────────────────────────

    attachment #2: video (video/webm) ──────────────────────────────────────────────────────────────
    ../test-results/specs-07-critical-journey--c2b4d-iewport---complete-workflow-firefox/video.webm
    ────────────────────────────────────────────────────────────────────────────────────────────────

    Error Context: ../test-results/specs-07-critical-journey--c2b4d-iewport---complete-workflow-firefox/error-context.md
]]>
</failure>
<system-out>
<![CDATA[
[[ATTACHMENT|specs-07-critical-journey--c2b4d-iewport---complete-workflow-firefox/test-failed-1.png]]

[[ATTACHMENT|specs-07-critical-journey--c2b4d-iewport---complete-workflow-firefox/video.webm]]

[[ATTACHMENT|specs-07-critical-journey--c2b4d-iewport---complete-workflow-firefox/error-context.md]]
]]>
</system-out>
</testcase>
</testsuite>
<testsuite name="specs/01-auth.spec.ts" timestamp="2026-02-15T05:52:32.997Z" hostname="webkit" tests="16" failures="3" skipped="0" time="42.67" errors="0">
<testcase name="Authentication Flow › User can navigate to login page" classname="specs/01-auth.spec.ts" time="2.417">
</testcase>
<testcase name="Authentication Flow › User can navigate to signup page" classname="specs/01-auth.spec.ts" time="2.427">
</testcase>
<testcase name="Authentication Flow › Login page has navigation to signup" classname="specs/01-auth.spec.ts" time="1.62">
</testcase>
<testcase name="Authentication Flow › Signup page has navigation to login" classname="specs/01-auth.spec.ts" time="1.78">
</testcase>
<testcase name="Authentication Flow › Login with valid credentials redirects to dashboard" classname="specs/01-auth.spec.ts" time="2.514">
<failure message="01-auth.spec.ts:40:7 Login with valid credentials redirects to dashboard" type="FAILURE">
<![CDATA[  [webkit] › specs/01-auth.spec.ts:40:7 › Authentication Flow › Login with valid credentials redirects to dashboard 

    Error: locator.isVisible: Error: strict mode violation: locator('text=Dashboard') resolved to 2 elements:
        1) <span>Dashboard</span> aka getByRole('link', { name: 'Dashboard' })
        2) <h1 class="text-lg font-semibold text-gray-900">Dashboard</h1> aka getByRole('heading', { name: 'Dashboard' })

    Call log:
        - checking visibility of locator('text=Dashboard')


       at pages/dashboard.page.ts:75

      73 |
      74 |   async isDashboardVisible(): Promise<boolean> {
    > 75 |     return await this.page.locator('text=Dashboard').isVisible()
         |                                                      ^
      76 |   }
      77 |
      78 |   // Stats
        at DashboardPage.isDashboardVisible (/Users/mariobustosjmz/Desktop/claude/my-saas-app/e2e/pages/dashboard.page.ts:75:54)
        at /Users/mariobustosjmz/Desktop/claude/my-saas-app/e2e/specs/01-auth.spec.ts:48:45

    attachment #1: screenshot (image/png) ──────────────────────────────────────────────────────────
    ../test-results/specs-01-auth-Authenticati-128d7-ials-redirects-to-dashboard-webkit/test-failed-1.png
    ────────────────────────────────────────────────────────────────────────────────────────────────

    attachment #2: video (video/webm) ──────────────────────────────────────────────────────────────
    ../test-results/specs-01-auth-Authenticati-128d7-ials-redirects-to-dashboard-webkit/video.webm
    ────────────────────────────────────────────────────────────────────────────────────────────────

    Error Context: ../test-results/specs-01-auth-Authenticati-128d7-ials-redirects-to-dashboard-webkit/error-context.md
]]>
</failure>
<system-out>
<![CDATA[
[[ATTACHMENT|specs-01-auth-Authenticati-128d7-ials-redirects-to-dashboard-webkit/test-failed-1.png]]

[[ATTACHMENT|specs-01-auth-Authenticati-128d7-ials-redirects-to-dashboard-webkit/video.webm]]

[[ATTACHMENT|specs-01-auth-Authenticati-128d7-ials-redirects-to-dashboard-webkit/error-context.md]]
]]>
</system-out>
</testcase>
<testcase name="Authentication Flow › Login page shows all required fields" classname="specs/01-auth.spec.ts" time="1.542">
</testcase>
<testcase name="Authentication Flow › Login with invalid email format shows validation" classname="specs/01-auth.spec.ts" time="1.511">
</testcase>
<testcase name="Authentication Flow › Forgot password page is accessible from login" classname="specs/01-auth.spec.ts" time="1.923">
</testcase>
<testcase name="Authentication Flow › User cannot access protected dashboard without login" classname="specs/01-auth.spec.ts" time="1.166">
</testcase>
<testcase name="Authentication Flow › Logout clears session and redirects to login" classname="specs/01-auth.spec.ts" time="12.899">
<failure message="01-auth.spec.ts:97:7 Logout clears session and redirects to login" type="FAILURE">
<![CDATA[  [webkit] › specs/01-auth.spec.ts:97:7 › Authentication Flow › Logout clears session and redirects to login 

    TimeoutError: locator.click: Timeout 10000ms exceeded.
    Call log:
      - waiting for locator('button:has-text("Cerrar sesión"), a:has-text("Logout")')


       at pages/dashboard.page.ts:56

      54 |
      55 |   async clickLogout() {
    > 56 |     await this.page.locator('button:has-text("Cerrar sesión"), a:has-text("Logout")').click()
         |                                                                                       ^
      57 |   }
      58 |
      59 |   async logout() {
        at DashboardPage.clickLogout (/Users/mariobustosjmz/Desktop/claude/my-saas-app/e2e/pages/dashboard.page.ts:56:87)
        at DashboardPage.logout (/Users/mariobustosjmz/Desktop/claude/my-saas-app/e2e/pages/dashboard.page.ts:61:16)
        at /Users/mariobustosjmz/Desktop/claude/my-saas-app/e2e/specs/01-auth.spec.ts:105:5

    attachment #1: screenshot (image/png) ──────────────────────────────────────────────────────────
    ../test-results/specs-01-auth-Authenticati-489fa-sion-and-redirects-to-login-webkit/test-failed-1.png
    ────────────────────────────────────────────────────────────────────────────────────────────────

    attachment #2: video (video/webm) ──────────────────────────────────────────────────────────────
    ../test-results/specs-01-auth-Authenticati-489fa-sion-and-redirects-to-login-webkit/video.webm
    ────────────────────────────────────────────────────────────────────────────────────────────────

    Error Context: ../test-results/specs-01-auth-Authenticati-489fa-sion-and-redirects-to-login-webkit/error-context.md
]]>
</failure>
<system-out>
<![CDATA[
[[ATTACHMENT|specs-01-auth-Authenticati-489fa-sion-and-redirects-to-login-webkit/test-failed-1.png]]

[[ATTACHMENT|specs-01-auth-Authenticati-489fa-sion-and-redirects-to-login-webkit/video.webm]]

[[ATTACHMENT|specs-01-auth-Authenticati-489fa-sion-and-redirects-to-login-webkit/error-context.md]]
]]>
</system-out>
</testcase>
<testcase name="Authentication Flow › Password field is masked for security" classname="specs/01-auth.spec.ts" time="1.851">
</testcase>
<testcase name="Authentication Flow › Signup form has all required fields" classname="specs/01-auth.spec.ts" time="1.732">
</testcase>
<testcase name="Authentication Flow › Signup form shows password minimum length requirement" classname="specs/01-auth.spec.ts" time="1.766">
</testcase>
<testcase name="Authentication Flow › Session persists across page reloads" classname="specs/01-auth.spec.ts" time="2.872">
<failure message="01-auth.spec.ts:147:7 Session persists across page reloads" type="FAILURE">
<![CDATA[  [webkit] › specs/01-auth.spec.ts:147:7 › Authentication Flow › Session persists across page reloads 

    Error: locator.isVisible: Error: strict mode violation: locator('text=Dashboard') resolved to 2 elements:
        1) <span>Dashboard</span> aka getByRole('link', { name: 'Dashboard' })
        2) <h1 class="text-lg font-semibold text-gray-900">Dashboard</h1> aka getByRole('heading', { name: 'Dashboard' })

    Call log:
        - checking visibility of locator('text=Dashboard')


       at pages/dashboard.page.ts:75

      73 |
      74 |   async isDashboardVisible(): Promise<boolean> {
    > 75 |     return await this.page.locator('text=Dashboard').isVisible()
         |                                                      ^
      76 |   }
      77 |
      78 |   // Stats
        at DashboardPage.isDashboardVisible (/Users/mariobustosjmz/Desktop/claude/my-saas-app/e2e/pages/dashboard.page.ts:75:54)
        at /Users/mariobustosjmz/Desktop/claude/my-saas-app/e2e/specs/01-auth.spec.ts:157:45

    attachment #1: screenshot (image/png) ──────────────────────────────────────────────────────────
    ../test-results/specs-01-auth-Authenticati-22f07-ersists-across-page-reloads-webkit/test-failed-1.png
    ────────────────────────────────────────────────────────────────────────────────────────────────

    attachment #2: video (video/webm) ──────────────────────────────────────────────────────────────
    ../test-results/specs-01-auth-Authenticati-22f07-ersists-across-page-reloads-webkit/video.webm
    ────────────────────────────────────────────────────────────────────────────────────────────────

    Error Context: ../test-results/specs-01-auth-Authenticati-22f07-ersists-across-page-reloads-webkit/error-context.md
]]>
</failure>
<system-out>
<![CDATA[
[[ATTACHMENT|specs-01-auth-Authenticati-22f07-ersists-across-page-reloads-webkit/test-failed-1.png]]

[[ATTACHMENT|specs-01-auth-Authenticati-22f07-ersists-across-page-reloads-webkit/video.webm]]

[[ATTACHMENT|specs-01-auth-Authenticati-22f07-ersists-across-page-reloads-webkit/error-context.md]]
]]>
</system-out>
</testcase>
<testcase name="Authentication Flow › User logged out cannot access protected routes" classname="specs/01-auth.spec.ts" time="3.23">
</testcase>
<testcase name="Authentication Flow › Login with incomplete form shows validation errors" classname="specs/01-auth.spec.ts" time="1.42">
</testcase>
</testsuite>
<testsuite name="specs/02-dashboard.spec.ts" timestamp="2026-02-15T05:52:32.997Z" hostname="webkit" tests="14" failures="5" skipped="0" time="63.557" errors="0">
<testcase name="Dashboard Navigation › Dashboard page loads with correct title" classname="specs/02-dashboard.spec.ts" time="3.531">
<failure message="02-dashboard.spec.ts:13:7 Dashboard page loads with correct title" type="FAILURE">
<![CDATA[  [webkit] › specs/02-dashboard.spec.ts:13:7 › Dashboard Navigation › Dashboard page loads with correct title 

    Error: expect(received).toContain(expected) // indexOf

    Expected substring: "Dashboard"
    Received string:    "Comienza a usar CotizaPro"

      16 |
      17 |     const title = await dashboardPage.getPageTitle()
    > 18 |     expect(title).toContain('Dashboard')
         |                   ^
      19 |   })
      20 |
      21 |   test('Dashboard displays welcome message', async ({ page }) => {
        at /Users/mariobustosjmz/Desktop/claude/my-saas-app/e2e/specs/02-dashboard.spec.ts:18:19

    attachment #1: screenshot (image/png) ──────────────────────────────────────────────────────────
    ../test-results/specs-02-dashboard-Dashboa-effb9-ge-loads-with-correct-title-webkit/test-failed-1.png
    ────────────────────────────────────────────────────────────────────────────────────────────────

    attachment #2: video (video/webm) ──────────────────────────────────────────────────────────────
    ../test-results/specs-02-dashboard-Dashboa-effb9-ge-loads-with-correct-title-webkit/video.webm
    ────────────────────────────────────────────────────────────────────────────────────────────────

    Error Context: ../test-results/specs-02-dashboard-Dashboa-effb9-ge-loads-with-correct-title-webkit/error-context.md
]]>
</failure>
<system-out>
<![CDATA[
[[ATTACHMENT|specs-02-dashboard-Dashboa-effb9-ge-loads-with-correct-title-webkit/test-failed-1.png]]

[[ATTACHMENT|specs-02-dashboard-Dashboa-effb9-ge-loads-with-correct-title-webkit/video.webm]]

[[ATTACHMENT|specs-02-dashboard-Dashboa-effb9-ge-loads-with-correct-title-webkit/error-context.md]]
]]>
</system-out>
</testcase>
<testcase name="Dashboard Navigation › Dashboard displays welcome message" classname="specs/02-dashboard.spec.ts" time="2.857">
<failure message="02-dashboard.spec.ts:21:7 Dashboard displays welcome message" type="FAILURE">
<![CDATA[  [webkit] › specs/02-dashboard.spec.ts:21:7 › Dashboard Navigation › Dashboard displays welcome message 

    Error: locator.textContent: Error: strict mode violation: locator('p.text-gray-600') resolved to 5 elements:
        1) <p class="text-lg text-gray-600">Test Owner</p> aka getByText('Test Owner')
        2) <p class="text-sm text-gray-600">Personaliza tu informacion y preferencias</p> aka getByText('Personaliza tu informacion y')
        3) <p class="text-sm text-gray-600">Gestiona tu base de clientes y contactos</p> aka getByText('Gestiona tu base de clientes')
        4) <p class="text-sm text-gray-600">Genera cotizaciones profesionales en minutos</p> aka getByText('Genera cotizaciones')
        5) <p class="text-sm text-gray-600">Configura recordatorios automaticos para tus clie…</p> aka getByText('Configura recordatorios')

    Call log:
      - waiting for locator('p.text-gray-600')


       at pages/base.page.ts:23

      21 |
      22 |   async getText(locator: Locator): Promise<string> {
    > 23 |     return await locator.textContent() || ''
         |                          ^
      24 |   }
      25 |
      26 |   async isVisible(locator: Locator): Promise<boolean> {
        at DashboardPage.getText (/Users/mariobustosjmz/Desktop/claude/my-saas-app/e2e/pages/base.page.ts:23:26)
        at DashboardPage.getPageSubtitle (/Users/mariobustosjmz/Desktop/claude/my-saas-app/e2e/pages/dashboard.page.ts:18:23)
        at /Users/mariobustosjmz/Desktop/claude/my-saas-app/e2e/specs/02-dashboard.spec.ts:25:42

    attachment #1: screenshot (image/png) ──────────────────────────────────────────────────────────
    ../test-results/specs-02-dashboard-Dashboa-256eb-rd-displays-welcome-message-webkit/test-failed-1.png
    ────────────────────────────────────────────────────────────────────────────────────────────────

    attachment #2: video (video/webm) ──────────────────────────────────────────────────────────────
    ../test-results/specs-02-dashboard-Dashboa-256eb-rd-displays-welcome-message-webkit/video.webm
    ────────────────────────────────────────────────────────────────────────────────────────────────

    Error Context: ../test-results/specs-02-dashboard-Dashboa-256eb-rd-displays-welcome-message-webkit/error-context.md
]]>
</failure>
<system-out>
<![CDATA[
[[ATTACHMENT|specs-02-dashboard-Dashboa-256eb-rd-displays-welcome-message-webkit/test-failed-1.png]]

[[ATTACHMENT|specs-02-dashboard-Dashboa-256eb-rd-displays-welcome-message-webkit/video.webm]]

[[ATTACHMENT|specs-02-dashboard-Dashboa-256eb-rd-displays-welcome-message-webkit/error-context.md]]
]]>
</system-out>
</testcase>
<testcase name="Dashboard Navigation › User can navigate to Clients section" classname="specs/02-dashboard.spec.ts" time="3.091">
<failure message="02-dashboard.spec.ts:29:7 User can navigate to Clients section" type="FAILURE">
<![CDATA[  [webkit] › specs/02-dashboard.spec.ts:29:7 › Dashboard Navigation › User can navigate to Clients section 

    Error: locator.isVisible: Error: strict mode violation: locator('text=Clientes') resolved to 6 elements:
        1) <span>Clientes</span> aka getByRole('link', { name: 'Clientes' })
        2) <h2 class="text-2xl font-bold text-gray-900">Clientes</h2> aka getByRole('heading', { name: 'Clientes', exact: true })
        3) <p class="text-gray-600">Gestiona tu cartera de clientes</p> aka getByText('Gestiona tu cartera de')
        4) <h3 class="tracking-tight text-sm font-medium">Total Clientes</h3> aka getByRole('heading', { name: 'Total Clientes' })
        5) <h3 class="text-2xl font-semibold leading-none tracking-tight">Lista de Clientes</h3> aka getByRole('heading', { name: 'Lista de Clientes' })
        6) <h3 class="mt-2 text-sm font-medium text-gray-900">No hay clientes</h3> aka getByRole('heading', { name: 'No hay clientes' })

    Call log:
        - checking visibility of locator('text=Clientes')


       at pages/dashboard.page.ts:67

      65 |   // Navigation verification
      66 |   async isClientsSectionVisible(): Promise<boolean> {
    > 67 |     return await this.page.locator('text=Clientes').isVisible()
         |                                                     ^
      68 |   }
      69 |
      70 |   async isQuotesSectionVisible(): Promise<boolean> {
        at DashboardPage.isClientsSectionVisible (/Users/mariobustosjmz/Desktop/claude/my-saas-app/e2e/pages/dashboard.page.ts:67:53)
        at /Users/mariobustosjmz/Desktop/claude/my-saas-app/e2e/specs/02-dashboard.spec.ts:36:43

    attachment #1: screenshot (image/png) ──────────────────────────────────────────────────────────
    ../test-results/specs-02-dashboard-Dashboa-125a6-navigate-to-Clients-section-webkit/test-failed-1.png
    ────────────────────────────────────────────────────────────────────────────────────────────────

    attachment #2: video (video/webm) ──────────────────────────────────────────────────────────────
    ../test-results/specs-02-dashboard-Dashboa-125a6-navigate-to-Clients-section-webkit/video.webm
    ────────────────────────────────────────────────────────────────────────────────────────────────

    Error Context: ../test-results/specs-02-dashboard-Dashboa-125a6-navigate-to-Clients-section-webkit/error-context.md
]]>
</failure>
<system-out>
<![CDATA[
[[ATTACHMENT|specs-02-dashboard-Dashboa-125a6-navigate-to-Clients-section-webkit/test-failed-1.png]]

[[ATTACHMENT|specs-02-dashboard-Dashboa-125a6-navigate-to-Clients-section-webkit/video.webm]]

[[ATTACHMENT|specs-02-dashboard-Dashboa-125a6-navigate-to-Clients-section-webkit/error-context.md]]
]]>
</system-out>
</testcase>
<testcase name="Dashboard Navigation › User can navigate to Quotes section" classname="specs/02-dashboard.spec.ts" time="3.449">
<failure message="02-dashboard.spec.ts:40:7 User can navigate to Quotes section" type="FAILURE">
<![CDATA[  [webkit] › specs/02-dashboard.spec.ts:40:7 › Dashboard Navigation › User can navigate to Quotes section 

    Error: locator.isVisible: Error: strict mode violation: locator('text=Cotizaciones') resolved to 5 elements:
        1) <span>Cotizaciones</span> aka getByRole('link', { name: 'Cotizaciones' })
        2) <h2 class="text-2xl font-bold text-gray-900">Cotizaciones</h2> aka getByRole('heading', { name: 'Cotizaciones', exact: true })
        3) <p class="text-gray-600">Gestiona tus cotizaciones y propuestas</p> aka getByText('Gestiona tus cotizaciones y')
        4) <h3 class="text-2xl font-semibold leading-none tracking-tight">Lista de Cotizaciones</h3> aka getByRole('heading', { name: 'Lista de Cotizaciones' })
        5) <h3 class="mt-2 text-sm font-medium text-gray-900">No hay cotizaciones</h3> aka getByRole('heading', { name: 'No hay cotizaciones' })

    Call log:
        - checking visibility of locator('text=Cotizaciones')


       at pages/dashboard.page.ts:71

      69 |
      70 |   async isQuotesSectionVisible(): Promise<boolean> {
    > 71 |     return await this.page.locator('text=Cotizaciones').isVisible()
         |                                                         ^
      72 |   }
      73 |
      74 |   async isDashboardVisible(): Promise<boolean> {
        at DashboardPage.isQuotesSectionVisible (/Users/mariobustosjmz/Desktop/claude/my-saas-app/e2e/pages/dashboard.page.ts:71:57)
        at /Users/mariobustosjmz/Desktop/claude/my-saas-app/e2e/specs/02-dashboard.spec.ts:47:43

    attachment #1: screenshot (image/png) ──────────────────────────────────────────────────────────
    ../test-results/specs-02-dashboard-Dashboa-014d0--navigate-to-Quotes-section-webkit/test-failed-1.png
    ────────────────────────────────────────────────────────────────────────────────────────────────

    attachment #2: video (video/webm) ──────────────────────────────────────────────────────────────
    ../test-results/specs-02-dashboard-Dashboa-014d0--navigate-to-Quotes-section-webkit/video.webm
    ────────────────────────────────────────────────────────────────────────────────────────────────

    Error Context: ../test-results/specs-02-dashboard-Dashboa-014d0--navigate-to-Quotes-section-webkit/error-context.md
]]>
</failure>
<system-out>
<![CDATA[
[[ATTACHMENT|specs-02-dashboard-Dashboa-014d0--navigate-to-Quotes-section-webkit/test-failed-1.png]]

[[ATTACHMENT|specs-02-dashboard-Dashboa-014d0--navigate-to-Quotes-section-webkit/video.webm]]

[[ATTACHMENT|specs-02-dashboard-Dashboa-014d0--navigate-to-Quotes-section-webkit/error-context.md]]
]]>
</system-out>
</testcase>
<testcase name="Dashboard Navigation › User can navigate to Team section" classname="specs/02-dashboard.spec.ts" time="3.882">
</testcase>
<testcase name="Dashboard Navigation › User can navigate to Reminders section" classname="specs/02-dashboard.spec.ts" time="3.707">
</testcase>
<testcase name="Dashboard Navigation › User can navigate to Settings section" classname="specs/02-dashboard.spec.ts" time="3.543">
</testcase>
<testcase name="Dashboard Navigation › Dashboard displays stats cards" classname="specs/02-dashboard.spec.ts" time="13.935">
<failure message="02-dashboard.spec.ts:75:7 Dashboard displays stats cards" type="FAILURE">
<![CDATA[  [webkit] › specs/02-dashboard.spec.ts:75:7 › Dashboard Navigation › Dashboard displays stats cards 

    TimeoutError: locator.textContent: Timeout 10000ms exceeded.
    Call log:
      - waiting for locator('text=Total Clientes').locator('..').locator('div.text-2xl')


       at pages/base.page.ts:23

      21 |
      22 |   async getText(locator: Locator): Promise<string> {
    > 23 |     return await locator.textContent() || ''
         |                          ^
      24 |   }
      25 |
      26 |   async isVisible(locator: Locator): Promise<boolean> {
        at DashboardPage.getText (/Users/mariobustosjmz/Desktop/claude/my-saas-app/e2e/pages/base.page.ts:23:26)
        at DashboardPage.getTotalClientsCount (/Users/mariobustosjmz/Desktop/claude/my-saas-app/e2e/pages/dashboard.page.ts:81:23)
        at /Users/mariobustosjmz/Desktop/claude/my-saas-app/e2e/specs/02-dashboard.spec.ts:79:46

    attachment #1: screenshot (image/png) ──────────────────────────────────────────────────────────
    ../test-results/specs-02-dashboard-Dashboa-9ce08-hboard-displays-stats-cards-webkit/test-failed-1.png
    ────────────────────────────────────────────────────────────────────────────────────────────────

    attachment #2: video (video/webm) ──────────────────────────────────────────────────────────────
    ../test-results/specs-02-dashboard-Dashboa-9ce08-hboard-displays-stats-cards-webkit/video.webm
    ────────────────────────────────────────────────────────────────────────────────────────────────

    Error Context: ../test-results/specs-02-dashboard-Dashboa-9ce08-hboard-displays-stats-cards-webkit/error-context.md
]]>
</failure>
<system-out>
<![CDATA[
[[ATTACHMENT|specs-02-dashboard-Dashboa-9ce08-hboard-displays-stats-cards-webkit/test-failed-1.png]]

[[ATTACHMENT|specs-02-dashboard-Dashboa-9ce08-hboard-displays-stats-cards-webkit/video.webm]]

[[ATTACHMENT|specs-02-dashboard-Dashboa-9ce08-hboard-displays-stats-cards-webkit/error-context.md]]
]]>
</system-out>
</testcase>
<testcase name="Dashboard Navigation › Sidebar navigation is visible" classname="specs/02-dashboard.spec.ts" time="3.147">
</testcase>
<testcase name="Dashboard Navigation › Main content area is visible" classname="specs/02-dashboard.spec.ts" time="3.379">
</testcase>
<testcase name="Dashboard Navigation › User info is displayed in header" classname="specs/02-dashboard.spec.ts" time="3.38">
</testcase>
<testcase name="Dashboard Navigation › Navigation links have correct href attributes" classname="specs/02-dashboard.spec.ts" time="5.063">
</testcase>
<testcase name="Dashboard Navigation › Logo links back to dashboard/home" classname="specs/02-dashboard.spec.ts" time="5.21">
</testcase>
<testcase name="Dashboard Navigation › Mobile responsive navigation (mobile viewport)" classname="specs/02-dashboard.spec.ts" time="5.383">
</testcase>
</testsuite>
<testsuite name="specs/03-clients.spec.ts" timestamp="2026-02-15T05:52:32.997Z" hostname="webkit" tests="22" failures="12" skipped="0" time="120.819" errors="0">
<testcase name="Client Management › Clients page loads successfully" classname="specs/03-clients.spec.ts" time="4.533">
<failure message="03-clients.spec.ts:14:7 Clients page loads successfully" type="FAILURE">
<![CDATA[  [webkit] › specs/03-clients.spec.ts:14:7 › Client Management › Clients page loads successfully ───

    Error: locator.isVisible: Error: strict mode violation: locator('a[href="/dashboard/clients/new"]') resolved to 2 elements:
        1) <a href="/dashboard/clients/new">…</a> aka getByRole('link', { name: 'Nuevo Cliente' }).first()
        2) <a href="/dashboard/clients/new">…</a> aka getByRole('link', { name: 'Nuevo Cliente' }).nth(1)

    Call log:
        - checking visibility of locator('a[href="/dashboard/clients/new"]')


       at pages/clients.page.ts:122

      120 |
      121 |   async isNewClientButtonVisible(): Promise<boolean> {
    > 122 |     return await this.page.locator('a[href="/dashboard/clients/new"]').isVisible()
          |                                                                        ^
      123 |   }
      124 |
      125 |   async getEmptyStateText(): Promise<string> {
        at ClientsPage.isNewClientButtonVisible (/Users/mariobustosjmz/Desktop/claude/my-saas-app/e2e/pages/clients.page.ts:122:72)
        at /Users/mariobustosjmz/Desktop/claude/my-saas-app/e2e/specs/03-clients.spec.ts:19:41

    attachment #1: screenshot (image/png) ──────────────────────────────────────────────────────────
    ../test-results/specs-03-clients-Client-Ma-68c93-nts-page-loads-successfully-webkit/test-failed-1.png
    ────────────────────────────────────────────────────────────────────────────────────────────────

    attachment #2: video (video/webm) ──────────────────────────────────────────────────────────────
    ../test-results/specs-03-clients-Client-Ma-68c93-nts-page-loads-successfully-webkit/video.webm
    ────────────────────────────────────────────────────────────────────────────────────────────────

    Error Context: ../test-results/specs-03-clients-Client-Ma-68c93-nts-page-loads-successfully-webkit/error-context.md
]]>
</failure>
<system-out>
<![CDATA[
[[ATTACHMENT|specs-03-clients-Client-Ma-68c93-nts-page-loads-successfully-webkit/test-failed-1.png]]

[[ATTACHMENT|specs-03-clients-Client-Ma-68c93-nts-page-loads-successfully-webkit/video.webm]]

[[ATTACHMENT|specs-03-clients-Client-Ma-68c93-nts-page-loads-successfully-webkit/error-context.md]]
]]>
</system-out>
</testcase>
<testcase name="Client Management › New Client button navigates to form" classname="specs/03-clients.spec.ts" time="4.592">
<failure message="03-clients.spec.ts:23:7 New Client button navigates to form" type="FAILURE">
<![CDATA[  [webkit] › specs/03-clients.spec.ts:23:7 › Client Management › New Client button navigates to form 

    Error: locator.click: Error: strict mode violation: locator('a[href="/dashboard/clients/new"]') resolved to 2 elements:
        1) <a href="/dashboard/clients/new">…</a> aka getByRole('link', { name: 'Nuevo Cliente' }).first()
        2) <a href="/dashboard/clients/new">…</a> aka getByRole('link', { name: 'Nuevo Cliente' }).nth(1)

    Call log:
      - waiting for locator('a[href="/dashboard/clients/new"]')


      25 |     await clientsPage.goto()
      26 |
    > 27 |     await page.locator('a[href="/dashboard/clients/new"]').click()
         |                                                            ^
      28 |     expect(page.url()).toContain('/dashboard/clients/new')
      29 |   })
      30 |
        at /Users/mariobustosjmz/Desktop/claude/my-saas-app/e2e/specs/03-clients.spec.ts:27:60

    attachment #1: screenshot (image/png) ──────────────────────────────────────────────────────────
    ../test-results/specs-03-clients-Client-Ma-0f4ef-nt-button-navigates-to-form-webkit/test-failed-1.png
    ────────────────────────────────────────────────────────────────────────────────────────────────

    attachment #2: video (video/webm) ──────────────────────────────────────────────────────────────
    ../test-results/specs-03-clients-Client-Ma-0f4ef-nt-button-navigates-to-form-webkit/video.webm
    ────────────────────────────────────────────────────────────────────────────────────────────────

    Error Context: ../test-results/specs-03-clients-Client-Ma-0f4ef-nt-button-navigates-to-form-webkit/error-context.md
]]>
</failure>
<system-out>
<![CDATA[
[[ATTACHMENT|specs-03-clients-Client-Ma-0f4ef-nt-button-navigates-to-form-webkit/test-failed-1.png]]

[[ATTACHMENT|specs-03-clients-Client-Ma-0f4ef-nt-button-navigates-to-form-webkit/video.webm]]

[[ATTACHMENT|specs-03-clients-Client-Ma-0f4ef-nt-button-navigates-to-form-webkit/error-context.md]]
]]>
</system-out>
</testcase>
<testcase name="Client Management › Create client with all fields" classname="specs/03-clients.spec.ts" time="8.177">
<failure message="03-clients.spec.ts:31:7 Create client with all fields" type="FAILURE">
<![CDATA[  [webkit] › specs/03-clients.spec.ts:31:7 › Client Management › Create client with all fields ─────

    TimeoutError: page.waitForURL: Timeout 5000ms exceeded.
    =========================== logs ===========================
    waiting for navigation to "**/dashboard/clients" until "load"
    ============================================================

       at pages/clients.page.ts:54

      52 |   async submitClientForm() {
      53 |     await this.page.locator('button[type="submit"]:has-text("Crear"), button[type="submit"]:has-text("Guardar")').click()
    > 54 |     await this.page.waitForURL('**/dashboard/clients', { timeout: 5000 })
         |                     ^
      55 |   }
      56 |
      57 |   async createClient(data: {
        at ClientsPage.submitClientForm (/Users/mariobustosjmz/Desktop/claude/my-saas-app/e2e/pages/clients.page.ts:54:21)
        at ClientsPage.createClient (/Users/mariobustosjmz/Desktop/claude/my-saas-app/e2e/pages/clients.page.ts:65:5)
        at /Users/mariobustosjmz/Desktop/claude/my-saas-app/e2e/specs/03-clients.spec.ts:33:5

    attachment #1: screenshot (image/png) ──────────────────────────────────────────────────────────
    ../test-results/specs-03-clients-Client-Ma-ee166-eate-client-with-all-fields-webkit/test-failed-1.png
    ────────────────────────────────────────────────────────────────────────────────────────────────

    attachment #2: video (video/webm) ──────────────────────────────────────────────────────────────
    ../test-results/specs-03-clients-Client-Ma-ee166-eate-client-with-all-fields-webkit/video.webm
    ────────────────────────────────────────────────────────────────────────────────────────────────

    Error Context: ../test-results/specs-03-clients-Client-Ma-ee166-eate-client-with-all-fields-webkit/error-context.md
]]>
</failure>
<system-out>
<![CDATA[
[[ATTACHMENT|specs-03-clients-Client-Ma-ee166-eate-client-with-all-fields-webkit/test-failed-1.png]]

[[ATTACHMENT|specs-03-clients-Client-Ma-ee166-eate-client-with-all-fields-webkit/video.webm]]

[[ATTACHMENT|specs-03-clients-Client-Ma-ee166-eate-client-with-all-fields-webkit/error-context.md]]
]]>
</system-out>
</testcase>
<testcase name="Client Management › Create client with minimal fields" classname="specs/03-clients.spec.ts" time="8.102">
<failure message="03-clients.spec.ts:39:7 Create client with minimal fields" type="FAILURE">
<![CDATA[  [webkit] › specs/03-clients.spec.ts:39:7 › Client Management › Create client with minimal fields ─

    TimeoutError: page.waitForURL: Timeout 5000ms exceeded.
    =========================== logs ===========================
    waiting for navigation to "**/dashboard/clients" until "load"
    ============================================================

       at pages/clients.page.ts:54

      52 |   async submitClientForm() {
      53 |     await this.page.locator('button[type="submit"]:has-text("Crear"), button[type="submit"]:has-text("Guardar")').click()
    > 54 |     await this.page.waitForURL('**/dashboard/clients', { timeout: 5000 })
         |                     ^
      55 |   }
      56 |
      57 |   async createClient(data: {
        at ClientsPage.submitClientForm (/Users/mariobustosjmz/Desktop/claude/my-saas-app/e2e/pages/clients.page.ts:54:21)
        at ClientsPage.createClient (/Users/mariobustosjmz/Desktop/claude/my-saas-app/e2e/pages/clients.page.ts:65:5)
        at /Users/mariobustosjmz/Desktop/claude/my-saas-app/e2e/specs/03-clients.spec.ts:45:5

    attachment #1: screenshot (image/png) ──────────────────────────────────────────────────────────
    ../test-results/specs-03-clients-Client-Ma-74339--client-with-minimal-fields-webkit/test-failed-1.png
    ────────────────────────────────────────────────────────────────────────────────────────────────

    attachment #2: video (video/webm) ──────────────────────────────────────────────────────────────
    ../test-results/specs-03-clients-Client-Ma-74339--client-with-minimal-fields-webkit/video.webm
    ────────────────────────────────────────────────────────────────────────────────────────────────

    Error Context: ../test-results/specs-03-clients-Client-Ma-74339--client-with-minimal-fields-webkit/error-context.md
]]>
</failure>
<system-out>
<![CDATA[
[[ATTACHMENT|specs-03-clients-Client-Ma-74339--client-with-minimal-fields-webkit/test-failed-1.png]]

[[ATTACHMENT|specs-03-clients-Client-Ma-74339--client-with-minimal-fields-webkit/video.webm]]

[[ATTACHMENT|specs-03-clients-Client-Ma-74339--client-with-minimal-fields-webkit/error-context.md]]
]]>
</system-out>
</testcase>
<testcase name="Client Management › Client list displays correctly" classname="specs/03-clients.spec.ts" time="2.856">
</testcase>
<testcase name="Client Management › Empty state shown when no clients" classname="specs/03-clients.spec.ts" time="3.117">
</testcase>
<testcase name="Client Management › Total clients count updates after creating client" classname="specs/03-clients.spec.ts" time="13.418">
<failure message="03-clients.spec.ts:72:7 Total clients count updates after creating client" type="FAILURE">
<![CDATA[  [webkit] › specs/03-clients.spec.ts:72:7 › Client Management › Total clients count updates after creating client 

    TimeoutError: locator.textContent: Timeout 10000ms exceeded.
    Call log:
      - waiting for locator('text=Total Clientes').locator('..').locator('div.text-2xl')


       at pages/base.page.ts:23

      21 |
      22 |   async getText(locator: Locator): Promise<string> {
    > 23 |     return await locator.textContent() || ''
         |                          ^
      24 |   }
      25 |
      26 |   async isVisible(locator: Locator): Promise<boolean> {
        at ClientsPage.getText (/Users/mariobustosjmz/Desktop/claude/my-saas-app/e2e/pages/base.page.ts:23:26)
        at ClientsPage.getTotalClientCount (/Users/mariobustosjmz/Desktop/claude/my-saas-app/e2e/pages/clients.page.ts:75:29)
        at /Users/mariobustosjmz/Desktop/claude/my-saas-app/e2e/specs/03-clients.spec.ts:76:43

    attachment #1: screenshot (image/png) ──────────────────────────────────────────────────────────
    ../test-results/specs-03-clients-Client-Ma-9398d-dates-after-creating-client-webkit/test-failed-1.png
    ────────────────────────────────────────────────────────────────────────────────────────────────

    attachment #2: video (video/webm) ──────────────────────────────────────────────────────────────
    ../test-results/specs-03-clients-Client-Ma-9398d-dates-after-creating-client-webkit/video.webm
    ────────────────────────────────────────────────────────────────────────────────────────────────

    Error Context: ../test-results/specs-03-clients-Client-Ma-9398d-dates-after-creating-client-webkit/error-context.md
]]>
</failure>
<system-out>
<![CDATA[
[[ATTACHMENT|specs-03-clients-Client-Ma-9398d-dates-after-creating-client-webkit/test-failed-1.png]]

[[ATTACHMENT|specs-03-clients-Client-Ma-9398d-dates-after-creating-client-webkit/video.webm]]

[[ATTACHMENT|specs-03-clients-Client-Ma-9398d-dates-after-creating-client-webkit/error-context.md]]
]]>
</system-out>
</testcase>
<testcase name="Client Management › Client form has required name field" classname="specs/03-clients.spec.ts" time="2.423">
</testcase>
<testcase name="Client Management › Client email is validated" classname="specs/03-clients.spec.ts" time="2.529">
</testcase>
<testcase name="Client Management › Client phone format is validated" classname="specs/03-clients.spec.ts" time="2.938">
</testcase>
<testcase name="Client Management › Click on client row navigates to details" classname="specs/03-clients.spec.ts" time="2.646">
</testcase>
<testcase name="Client Management › Client table displays all columns" classname="specs/03-clients.spec.ts" time="3.348">
</testcase>
<testcase name="Client Management › Multiple clients can be created" classname="specs/03-clients.spec.ts" time="7.747">
<failure message="03-clients.spec.ts:148:7 Multiple clients can be created" type="FAILURE">
<![CDATA[  [webkit] › specs/03-clients.spec.ts:148:7 › Client Management › Multiple clients can be created ──

    TimeoutError: page.waitForURL: Timeout 5000ms exceeded.
    =========================== logs ===========================
    waiting for navigation to "**/dashboard/clients" until "load"
    ============================================================

       at pages/clients.page.ts:54

      52 |   async submitClientForm() {
      53 |     await this.page.locator('button[type="submit"]:has-text("Crear"), button[type="submit"]:has-text("Guardar")').click()
    > 54 |     await this.page.waitForURL('**/dashboard/clients', { timeout: 5000 })
         |                     ^
      55 |   }
      56 |
      57 |   async createClient(data: {
        at ClientsPage.submitClientForm (/Users/mariobustosjmz/Desktop/claude/my-saas-app/e2e/pages/clients.page.ts:54:21)
        at ClientsPage.createClient (/Users/mariobustosjmz/Desktop/claude/my-saas-app/e2e/pages/clients.page.ts:65:5)
        at /Users/mariobustosjmz/Desktop/claude/my-saas-app/e2e/specs/03-clients.spec.ts:161:5

    attachment #1: screenshot (image/png) ──────────────────────────────────────────────────────────
    ../test-results/specs-03-clients-Client-Ma-3ee75-iple-clients-can-be-created-webkit/test-failed-1.png
    ────────────────────────────────────────────────────────────────────────────────────────────────

    attachment #2: video (video/webm) ──────────────────────────────────────────────────────────────
    ../test-results/specs-03-clients-Client-Ma-3ee75-iple-clients-can-be-created-webkit/video.webm
    ────────────────────────────────────────────────────────────────────────────────────────────────

    Error Context: ../test-results/specs-03-clients-Client-Ma-3ee75-iple-clients-can-be-created-webkit/error-context.md
]]>
</failure>
<system-out>
<![CDATA[
[[ATTACHMENT|specs-03-clients-Client-Ma-3ee75-iple-clients-can-be-created-webkit/test-failed-1.png]]

[[ATTACHMENT|specs-03-clients-Client-Ma-3ee75-iple-clients-can-be-created-webkit/video.webm]]

[[ATTACHMENT|specs-03-clients-Client-Ma-3ee75-iple-clients-can-be-created-webkit/error-context.md]]
]]>
</system-out>
</testcase>
<testcase name="Client Management › Client form submission shows loading state" classname="specs/03-clients.spec.ts" time="8.139">
<failure message="03-clients.spec.ts:171:7 Client form submission shows loading state" type="FAILURE">
<![CDATA[  [webkit] › specs/03-clients.spec.ts:171:7 › Client Management › Client form submission shows loading state 

    TimeoutError: page.waitForURL: Timeout 5000ms exceeded.
    =========================== logs ===========================
    waiting for navigation to "**/dashboard/clients" until "load"
    ============================================================

       at pages/clients.page.ts:54

      52 |   async submitClientForm() {
      53 |     await this.page.locator('button[type="submit"]:has-text("Crear"), button[type="submit"]:has-text("Guardar")').click()
    > 54 |     await this.page.waitForURL('**/dashboard/clients', { timeout: 5000 })
         |                     ^
      55 |   }
      56 |
      57 |   async createClient(data: {
        at ClientsPage.submitClientForm (/Users/mariobustosjmz/Desktop/claude/my-saas-app/e2e/pages/clients.page.ts:54:21)
        at /Users/mariobustosjmz/Desktop/claude/my-saas-app/e2e/specs/03-clients.spec.ts:182:5

    attachment #1: screenshot (image/png) ──────────────────────────────────────────────────────────
    ../test-results/specs-03-clients-Client-Ma-637ed-mission-shows-loading-state-webkit/test-failed-1.png
    ────────────────────────────────────────────────────────────────────────────────────────────────

    attachment #2: video (video/webm) ──────────────────────────────────────────────────────────────
    ../test-results/specs-03-clients-Client-Ma-637ed-mission-shows-loading-state-webkit/video.webm
    ────────────────────────────────────────────────────────────────────────────────────────────────

    Error Context: ../test-results/specs-03-clients-Client-Ma-637ed-mission-shows-loading-state-webkit/error-context.md
]]>
</failure>
<system-out>
<![CDATA[
[[ATTACHMENT|specs-03-clients-Client-Ma-637ed-mission-shows-loading-state-webkit/test-failed-1.png]]

[[ATTACHMENT|specs-03-clients-Client-Ma-637ed-mission-shows-loading-state-webkit/video.webm]]

[[ATTACHMENT|specs-03-clients-Client-Ma-637ed-mission-shows-loading-state-webkit/error-context.md]]
]]>
</system-out>
</testcase>
<testcase name="Client Management › Client table has proper accessibility labels" classname="specs/03-clients.spec.ts" time="2.967">
<failure message="03-clients.spec.ts:187:7 Client table has proper accessibility labels" type="FAILURE">
<![CDATA[  [webkit] › specs/03-clients.spec.ts:187:7 › Client Management › Client table has proper accessibility labels 

    Error: expect(received).toBeTruthy()

    Received: false

      190 |
      191 |     const table = page.locator('table')
    > 192 |     expect(await table.isVisible()).toBeTruthy()
          |                                     ^
      193 |
      194 |     const thead = page.locator('thead')
      195 |     expect(await thead.isVisible()).toBeTruthy()
        at /Users/mariobustosjmz/Desktop/claude/my-saas-app/e2e/specs/03-clients.spec.ts:192:37

    attachment #1: screenshot (image/png) ──────────────────────────────────────────────────────────
    ../test-results/specs-03-clients-Client-Ma-cda64-proper-accessibility-labels-webkit/test-failed-1.png
    ────────────────────────────────────────────────────────────────────────────────────────────────

    attachment #2: video (video/webm) ──────────────────────────────────────────────────────────────
    ../test-results/specs-03-clients-Client-Ma-cda64-proper-accessibility-labels-webkit/video.webm
    ────────────────────────────────────────────────────────────────────────────────────────────────

    Error Context: ../test-results/specs-03-clients-Client-Ma-cda64-proper-accessibility-labels-webkit/error-context.md
]]>
</failure>
<system-out>
<![CDATA[
[[ATTACHMENT|specs-03-clients-Client-Ma-cda64-proper-accessibility-labels-webkit/test-failed-1.png]]

[[ATTACHMENT|specs-03-clients-Client-Ma-cda64-proper-accessibility-labels-webkit/video.webm]]

[[ATTACHMENT|specs-03-clients-Client-Ma-cda64-proper-accessibility-labels-webkit/error-context.md]]
]]>
</system-out>
</testcase>
<testcase name="Client Management › Update client information" classname="specs/03-clients.spec.ts" time="8.026">
<failure message="03-clients.spec.ts:201:7 Update client information" type="FAILURE">
<![CDATA[  [webkit] › specs/03-clients.spec.ts:201:7 › Client Management › Update client information ────────

    TimeoutError: page.waitForURL: Timeout 5000ms exceeded.
    =========================== logs ===========================
    waiting for navigation to "**/dashboard/clients" until "load"
    ============================================================

       at pages/clients.page.ts:54

      52 |   async submitClientForm() {
      53 |     await this.page.locator('button[type="submit"]:has-text("Crear"), button[type="submit"]:has-text("Guardar")').click()
    > 54 |     await this.page.waitForURL('**/dashboard/clients', { timeout: 5000 })
         |                     ^
      55 |   }
      56 |
      57 |   async createClient(data: {
        at ClientsPage.submitClientForm (/Users/mariobustosjmz/Desktop/claude/my-saas-app/e2e/pages/clients.page.ts:54:21)
        at ClientsPage.createClient (/Users/mariobustosjmz/Desktop/claude/my-saas-app/e2e/pages/clients.page.ts:65:5)
        at /Users/mariobustosjmz/Desktop/claude/my-saas-app/e2e/specs/03-clients.spec.ts:210:5

    attachment #1: screenshot (image/png) ──────────────────────────────────────────────────────────
    ../test-results/specs-03-clients-Client-Management-Update-client-information-webkit/test-failed-1.png
    ────────────────────────────────────────────────────────────────────────────────────────────────

    attachment #2: video (video/webm) ──────────────────────────────────────────────────────────────
    ../test-results/specs-03-clients-Client-Management-Update-client-information-webkit/video.webm
    ────────────────────────────────────────────────────────────────────────────────────────────────

    Error Context: ../test-results/specs-03-clients-Client-Management-Update-client-information-webkit/error-context.md
]]>
</failure>
<system-out>
<![CDATA[
[[ATTACHMENT|specs-03-clients-Client-Management-Update-client-information-webkit/test-failed-1.png]]

[[ATTACHMENT|specs-03-clients-Client-Management-Update-client-information-webkit/video.webm]]

[[ATTACHMENT|specs-03-clients-Client-Management-Update-client-information-webkit/error-context.md]]
]]>
</system-out>
</testcase>
<testcase name="Client Management › Delete client with confirmation" classname="specs/03-clients.spec.ts" time="7.201">
<failure message="03-clients.spec.ts:221:7 Delete client with confirmation" type="FAILURE">
<![CDATA[  [webkit] › specs/03-clients.spec.ts:221:7 › Client Management › Delete client with confirmation ──

    TimeoutError: page.waitForURL: Timeout 5000ms exceeded.
    =========================== logs ===========================
    waiting for navigation to "**/dashboard/clients" until "load"
    ============================================================

       at pages/clients.page.ts:54

      52 |   async submitClientForm() {
      53 |     await this.page.locator('button[type="submit"]:has-text("Crear"), button[type="submit"]:has-text("Guardar")').click()
    > 54 |     await this.page.waitForURL('**/dashboard/clients', { timeout: 5000 })
         |                     ^
      55 |   }
      56 |
      57 |   async createClient(data: {
        at ClientsPage.submitClientForm (/Users/mariobustosjmz/Desktop/claude/my-saas-app/e2e/pages/clients.page.ts:54:21)
        at ClientsPage.createClient (/Users/mariobustosjmz/Desktop/claude/my-saas-app/e2e/pages/clients.page.ts:65:5)
        at /Users/mariobustosjmz/Desktop/claude/my-saas-app/e2e/specs/03-clients.spec.ts:229:5

    attachment #1: screenshot (image/png) ──────────────────────────────────────────────────────────
    ../test-results/specs-03-clients-Client-Ma-f83c9-te-client-with-confirmation-webkit/test-failed-1.png
    ────────────────────────────────────────────────────────────────────────────────────────────────

    attachment #2: video (video/webm) ──────────────────────────────────────────────────────────────
    ../test-results/specs-03-clients-Client-Ma-f83c9-te-client-with-confirmation-webkit/video.webm
    ────────────────────────────────────────────────────────────────────────────────────────────────

    Error Context: ../test-results/specs-03-clients-Client-Ma-f83c9-te-client-with-confirmation-webkit/error-context.md
]]>
</failure>
<system-out>
<![CDATA[
[[ATTACHMENT|specs-03-clients-Client-Ma-f83c9-te-client-with-confirmation-webkit/test-failed-1.png]]

[[ATTACHMENT|specs-03-clients-Client-Ma-f83c9-te-client-with-confirmation-webkit/video.webm]]

[[ATTACHMENT|specs-03-clients-Client-Ma-f83c9-te-client-with-confirmation-webkit/error-context.md]]
]]>
</system-out>
</testcase>
<testcase name="Client Management › Search/filter clients by name" classname="specs/03-clients.spec.ts" time="2.322">
</testcase>
<testcase name="Client Management › Clear search filter shows all clients" classname="specs/03-clients.spec.ts" time="4.014">
</testcase>
<testcase name="Client Management › Client pagination works (if applicable)" classname="specs/03-clients.spec.ts" time="4.012">
</testcase>
<testcase name="Client Management › Client with tags displays correctly" classname="specs/03-clients.spec.ts" time="8.521">
<failure message="03-clients.spec.ts:296:7 Client with tags displays correctly" type="FAILURE">
<![CDATA[  [webkit] › specs/03-clients.spec.ts:296:7 › Client Management › Client with tags displays correctly 

    TimeoutError: page.waitForURL: Timeout 5000ms exceeded.
    =========================== logs ===========================
    waiting for navigation to "**/dashboard/clients" until "load"
    ============================================================

       at pages/clients.page.ts:54

      52 |   async submitClientForm() {
      53 |     await this.page.locator('button[type="submit"]:has-text("Crear"), button[type="submit"]:has-text("Guardar")').click()
    > 54 |     await this.page.waitForURL('**/dashboard/clients', { timeout: 5000 })
         |                     ^
      55 |   }
      56 |
      57 |   async createClient(data: {
        at ClientsPage.submitClientForm (/Users/mariobustosjmz/Desktop/claude/my-saas-app/e2e/pages/clients.page.ts:54:21)
        at ClientsPage.createClient (/Users/mariobustosjmz/Desktop/claude/my-saas-app/e2e/pages/clients.page.ts:65:5)
        at /Users/mariobustosjmz/Desktop/claude/my-saas-app/e2e/specs/03-clients.spec.ts:305:5

    attachment #1: screenshot (image/png) ──────────────────────────────────────────────────────────
    ../test-results/specs-03-clients-Client-Ma-325a8-ith-tags-displays-correctly-webkit/test-failed-1.png
    ────────────────────────────────────────────────────────────────────────────────────────────────

    attachment #2: video (video/webm) ──────────────────────────────────────────────────────────────
    ../test-results/specs-03-clients-Client-Ma-325a8-ith-tags-displays-correctly-webkit/video.webm
    ────────────────────────────────────────────────────────────────────────────────────────────────

    Error Context: ../test-results/specs-03-clients-Client-Ma-325a8-ith-tags-displays-correctly-webkit/error-context.md
]]>
</failure>
<system-out>
<![CDATA[
[[ATTACHMENT|specs-03-clients-Client-Ma-325a8-ith-tags-displays-correctly-webkit/test-failed-1.png]]

[[ATTACHMENT|specs-03-clients-Client-Ma-325a8-ith-tags-displays-correctly-webkit/video.webm]]

[[ATTACHMENT|specs-03-clients-Client-Ma-325a8-ith-tags-displays-correctly-webkit/error-context.md]]
]]>
</system-out>
</testcase>
<testcase name="Client Management › Client address is displayed in list" classname="specs/03-clients.spec.ts" time="9.191">
<failure message="03-clients.spec.ts:311:7 Client address is displayed in list" type="FAILURE">
<![CDATA[  [webkit] › specs/03-clients.spec.ts:311:7 › Client Management › Client address is displayed in list 

    TimeoutError: page.waitForURL: Timeout 5000ms exceeded.
    =========================== logs ===========================
    waiting for navigation to "**/dashboard/clients" until "load"
    ============================================================

       at pages/clients.page.ts:54

      52 |   async submitClientForm() {
      53 |     await this.page.locator('button[type="submit"]:has-text("Crear"), button[type="submit"]:has-text("Guardar")').click()
    > 54 |     await this.page.waitForURL('**/dashboard/clients', { timeout: 5000 })
         |                     ^
      55 |   }
      56 |
      57 |   async createClient(data: {
        at ClientsPage.submitClientForm (/Users/mariobustosjmz/Desktop/claude/my-saas-app/e2e/pages/clients.page.ts:54:21)
        at ClientsPage.createClient (/Users/mariobustosjmz/Desktop/claude/my-saas-app/e2e/pages/clients.page.ts:65:5)
        at /Users/mariobustosjmz/Desktop/claude/my-saas-app/e2e/specs/03-clients.spec.ts:320:5

    attachment #1: screenshot (image/png) ──────────────────────────────────────────────────────────
    ../test-results/specs-03-clients-Client-Ma-c2f57-ddress-is-displayed-in-list-webkit/test-failed-1.png
    ────────────────────────────────────────────────────────────────────────────────────────────────

    attachment #2: video (video/webm) ──────────────────────────────────────────────────────────────
    ../test-results/specs-03-clients-Client-Ma-c2f57-ddress-is-displayed-in-list-webkit/video.webm
    ────────────────────────────────────────────────────────────────────────────────────────────────

    Error Context: ../test-results/specs-03-clients-Client-Ma-c2f57-ddress-is-displayed-in-list-webkit/error-context.md
]]>
</failure>
<system-out>
<![CDATA[
[[ATTACHMENT|specs-03-clients-Client-Ma-c2f57-ddress-is-displayed-in-list-webkit/test-failed-1.png]]

[[ATTACHMENT|specs-03-clients-Client-Ma-c2f57-ddress-is-displayed-in-list-webkit/video.webm]]

[[ATTACHMENT|specs-03-clients-Client-Ma-c2f57-ddress-is-displayed-in-list-webkit/error-context.md]]
]]>
</system-out>
</testcase>
</testsuite>
<testsuite name="specs/04-quotes.spec.ts" timestamp="2026-02-15T05:52:32.997Z" hostname="webkit" tests="24" failures="24" skipped="0" time="208.647" errors="0">
<testcase name="Quote Management › Quotes page loads successfully" classname="specs/04-quotes.spec.ts" time="8.68">
<failure message="04-quotes.spec.ts:24:7 Quotes page loads successfully" type="FAILURE">
<![CDATA[  [webkit] › specs/04-quotes.spec.ts:24:7 › Quote Management › Quotes page loads successfully ──────

    TimeoutError: page.waitForURL: Timeout 5000ms exceeded.
    =========================== logs ===========================
    waiting for navigation to "**/dashboard/clients" until "load"
    ============================================================

       at pages/clients.page.ts:54

      52 |   async submitClientForm() {
      53 |     await this.page.locator('button[type="submit"]:has-text("Crear"), button[type="submit"]:has-text("Guardar")').click()
    > 54 |     await this.page.waitForURL('**/dashboard/clients', { timeout: 5000 })
         |                     ^
      55 |   }
      56 |
      57 |   async createClient(data: {
        at ClientsPage.submitClientForm (/Users/mariobustosjmz/Desktop/claude/my-saas-app/e2e/pages/clients.page.ts:54:21)
        at ClientsPage.createClient (/Users/mariobustosjmz/Desktop/claude/my-saas-app/e2e/pages/clients.page.ts:65:5)
        at /Users/mariobustosjmz/Desktop/claude/my-saas-app/e2e/specs/04-quotes.spec.ts:18:5

    attachment #1: screenshot (image/png) ──────────────────────────────────────────────────────────
    ../test-results/specs-04-quotes-Quote-Mana-6445a-tes-page-loads-successfully-webkit/test-failed-1.png
    ────────────────────────────────────────────────────────────────────────────────────────────────

    attachment #2: video (video/webm) ──────────────────────────────────────────────────────────────
    ../test-results/specs-04-quotes-Quote-Mana-6445a-tes-page-loads-successfully-webkit/video.webm
    ────────────────────────────────────────────────────────────────────────────────────────────────

    Error Context: ../test-results/specs-04-quotes-Quote-Mana-6445a-tes-page-loads-successfully-webkit/error-context.md
]]>
</failure>
<system-out>
<![CDATA[
[[ATTACHMENT|specs-04-quotes-Quote-Mana-6445a-tes-page-loads-successfully-webkit/test-failed-1.png]]

[[ATTACHMENT|specs-04-quotes-Quote-Mana-6445a-tes-page-loads-successfully-webkit/video.webm]]

[[ATTACHMENT|specs-04-quotes-Quote-Mana-6445a-tes-page-loads-successfully-webkit/error-context.md]]
]]>
</system-out>
</testcase>
<testcase name="Quote Management › New Quote button navigates to form" classname="specs/04-quotes.spec.ts" time="8.756">
<failure message="04-quotes.spec.ts:33:7 New Quote button navigates to form" type="FAILURE">
<![CDATA[  [webkit] › specs/04-quotes.spec.ts:33:7 › Quote Management › New Quote button navigates to form ──

    TimeoutError: page.waitForURL: Timeout 5000ms exceeded.
    =========================== logs ===========================
    waiting for navigation to "**/dashboard/clients" until "load"
    ============================================================

       at pages/clients.page.ts:54

      52 |   async submitClientForm() {
      53 |     await this.page.locator('button[type="submit"]:has-text("Crear"), button[type="submit"]:has-text("Guardar")').click()
    > 54 |     await this.page.waitForURL('**/dashboard/clients', { timeout: 5000 })
         |                     ^
      55 |   }
      56 |
      57 |   async createClient(data: {
        at ClientsPage.submitClientForm (/Users/mariobustosjmz/Desktop/claude/my-saas-app/e2e/pages/clients.page.ts:54:21)
        at ClientsPage.createClient (/Users/mariobustosjmz/Desktop/claude/my-saas-app/e2e/pages/clients.page.ts:65:5)
        at /Users/mariobustosjmz/Desktop/claude/my-saas-app/e2e/specs/04-quotes.spec.ts:18:5

    attachment #1: screenshot (image/png) ──────────────────────────────────────────────────────────
    ../test-results/specs-04-quotes-Quote-Mana-6d618-te-button-navigates-to-form-webkit/test-failed-1.png
    ────────────────────────────────────────────────────────────────────────────────────────────────

    attachment #2: video (video/webm) ──────────────────────────────────────────────────────────────
    ../test-results/specs-04-quotes-Quote-Mana-6d618-te-button-navigates-to-form-webkit/video.webm
    ────────────────────────────────────────────────────────────────────────────────────────────────

    Error Context: ../test-results/specs-04-quotes-Quote-Mana-6d618-te-button-navigates-to-form-webkit/error-context.md
]]>
</failure>
<system-out>
<![CDATA[
[[ATTACHMENT|specs-04-quotes-Quote-Mana-6d618-te-button-navigates-to-form-webkit/test-failed-1.png]]

[[ATTACHMENT|specs-04-quotes-Quote-Mana-6d618-te-button-navigates-to-form-webkit/video.webm]]

[[ATTACHMENT|specs-04-quotes-Quote-Mana-6d618-te-button-navigates-to-form-webkit/error-context.md]]
]]>
</system-out>
</testcase>
<testcase name="Quote Management › Quote form loads with required fields" classname="specs/04-quotes.spec.ts" time="8.802">
<failure message="04-quotes.spec.ts:41:7 Quote form loads with required fields" type="FAILURE">
<![CDATA[  [webkit] › specs/04-quotes.spec.ts:41:7 › Quote Management › Quote form loads with required fields 

    TimeoutError: page.waitForURL: Timeout 5000ms exceeded.
    =========================== logs ===========================
    waiting for navigation to "**/dashboard/clients" until "load"
    ============================================================

       at pages/clients.page.ts:54

      52 |   async submitClientForm() {
      53 |     await this.page.locator('button[type="submit"]:has-text("Crear"), button[type="submit"]:has-text("Guardar")').click()
    > 54 |     await this.page.waitForURL('**/dashboard/clients', { timeout: 5000 })
         |                     ^
      55 |   }
      56 |
      57 |   async createClient(data: {
        at ClientsPage.submitClientForm (/Users/mariobustosjmz/Desktop/claude/my-saas-app/e2e/pages/clients.page.ts:54:21)
        at ClientsPage.createClient (/Users/mariobustosjmz/Desktop/claude/my-saas-app/e2e/pages/clients.page.ts:65:5)
        at /Users/mariobustosjmz/Desktop/claude/my-saas-app/e2e/specs/04-quotes.spec.ts:18:5

    attachment #1: screenshot (image/png) ──────────────────────────────────────────────────────────
    ../test-results/specs-04-quotes-Quote-Mana-690c2--loads-with-required-fields-webkit/test-failed-1.png
    ────────────────────────────────────────────────────────────────────────────────────────────────

    attachment #2: video (video/webm) ──────────────────────────────────────────────────────────────
    ../test-results/specs-04-quotes-Quote-Mana-690c2--loads-with-required-fields-webkit/video.webm
    ────────────────────────────────────────────────────────────────────────────────────────────────

    Error Context: ../test-results/specs-04-quotes-Quote-Mana-690c2--loads-with-required-fields-webkit/error-context.md
]]>
</failure>
<system-out>
<![CDATA[
[[ATTACHMENT|specs-04-quotes-Quote-Mana-690c2--loads-with-required-fields-webkit/test-failed-1.png]]

[[ATTACHMENT|specs-04-quotes-Quote-Mana-690c2--loads-with-required-fields-webkit/video.webm]]

[[ATTACHMENT|specs-04-quotes-Quote-Mana-690c2--loads-with-required-fields-webkit/error-context.md]]
]]>
</system-out>
</testcase>
<testcase name="Quote Management › Can add service to quote" classname="specs/04-quotes.spec.ts" time="8.842">
<failure message="04-quotes.spec.ts:49:7 Can add service to quote" type="FAILURE">
<![CDATA[  [webkit] › specs/04-quotes.spec.ts:49:7 › Quote Management › Can add service to quote ────────────

    TimeoutError: page.waitForURL: Timeout 5000ms exceeded.
    =========================== logs ===========================
    waiting for navigation to "**/dashboard/clients" until "load"
    ============================================================

       at pages/clients.page.ts:54

      52 |   async submitClientForm() {
      53 |     await this.page.locator('button[type="submit"]:has-text("Crear"), button[type="submit"]:has-text("Guardar")').click()
    > 54 |     await this.page.waitForURL('**/dashboard/clients', { timeout: 5000 })
         |                     ^
      55 |   }
      56 |
      57 |   async createClient(data: {
        at ClientsPage.submitClientForm (/Users/mariobustosjmz/Desktop/claude/my-saas-app/e2e/pages/clients.page.ts:54:21)
        at ClientsPage.createClient (/Users/mariobustosjmz/Desktop/claude/my-saas-app/e2e/pages/clients.page.ts:65:5)
        at /Users/mariobustosjmz/Desktop/claude/my-saas-app/e2e/specs/04-quotes.spec.ts:18:5

    attachment #1: screenshot (image/png) ──────────────────────────────────────────────────────────
    ../test-results/specs-04-quotes-Quote-Management-Can-add-service-to-quote-webkit/test-failed-1.png
    ────────────────────────────────────────────────────────────────────────────────────────────────

    attachment #2: video (video/webm) ──────────────────────────────────────────────────────────────
    ../test-results/specs-04-quotes-Quote-Management-Can-add-service-to-quote-webkit/video.webm
    ────────────────────────────────────────────────────────────────────────────────────────────────

    Error Context: ../test-results/specs-04-quotes-Quote-Management-Can-add-service-to-quote-webkit/error-context.md
]]>
</failure>
<system-out>
<![CDATA[
[[ATTACHMENT|specs-04-quotes-Quote-Management-Can-add-service-to-quote-webkit/test-failed-1.png]]

[[ATTACHMENT|specs-04-quotes-Quote-Management-Can-add-service-to-quote-webkit/video.webm]]

[[ATTACHMENT|specs-04-quotes-Quote-Management-Can-add-service-to-quote-webkit/error-context.md]]
]]>
</system-out>
</testcase>
<testcase name="Quote Management › Quote list displays correctly" classname="specs/04-quotes.spec.ts" time="8.318">
<failure message="04-quotes.spec.ts:63:7 Quote list displays correctly" type="FAILURE">
<![CDATA[  [webkit] › specs/04-quotes.spec.ts:63:7 › Quote Management › Quote list displays correctly ───────

    TimeoutError: page.waitForURL: Timeout 5000ms exceeded.
    =========================== logs ===========================
    waiting for navigation to "**/dashboard/clients" until "load"
    ============================================================

       at pages/clients.page.ts:54

      52 |   async submitClientForm() {
      53 |     await this.page.locator('button[type="submit"]:has-text("Crear"), button[type="submit"]:has-text("Guardar")').click()
    > 54 |     await this.page.waitForURL('**/dashboard/clients', { timeout: 5000 })
         |                     ^
      55 |   }
      56 |
      57 |   async createClient(data: {
        at ClientsPage.submitClientForm (/Users/mariobustosjmz/Desktop/claude/my-saas-app/e2e/pages/clients.page.ts:54:21)
        at ClientsPage.createClient (/Users/mariobustosjmz/Desktop/claude/my-saas-app/e2e/pages/clients.page.ts:65:5)
        at /Users/mariobustosjmz/Desktop/claude/my-saas-app/e2e/specs/04-quotes.spec.ts:18:5

    attachment #1: screenshot (image/png) ──────────────────────────────────────────────────────────
    ../test-results/specs-04-quotes-Quote-Mana-f08d5-ote-list-displays-correctly-webkit/test-failed-1.png
    ────────────────────────────────────────────────────────────────────────────────────────────────

    attachment #2: video (video/webm) ──────────────────────────────────────────────────────────────
    ../test-results/specs-04-quotes-Quote-Mana-f08d5-ote-list-displays-correctly-webkit/video.webm
    ────────────────────────────────────────────────────────────────────────────────────────────────

    Error Context: ../test-results/specs-04-quotes-Quote-Mana-f08d5-ote-list-displays-correctly-webkit/error-context.md
]]>
</failure>
<system-out>
<![CDATA[
[[ATTACHMENT|specs-04-quotes-Quote-Mana-f08d5-ote-list-displays-correctly-webkit/test-failed-1.png]]

[[ATTACHMENT|specs-04-quotes-Quote-Mana-f08d5-ote-list-displays-correctly-webkit/video.webm]]

[[ATTACHMENT|specs-04-quotes-Quote-Mana-f08d5-ote-list-displays-correctly-webkit/error-context.md]]
]]>
</system-out>
</testcase>
<testcase name="Quote Management › Quote status badges display correctly" classname="specs/04-quotes.spec.ts" time="8.734">
<failure message="04-quotes.spec.ts:72:7 Quote status badges display correctly" type="FAILURE">
<![CDATA[  [webkit] › specs/04-quotes.spec.ts:72:7 › Quote Management › Quote status badges display correctly 

    TimeoutError: page.waitForURL: Timeout 5000ms exceeded.
    =========================== logs ===========================
    waiting for navigation to "**/dashboard/clients" until "load"
    ============================================================

       at pages/clients.page.ts:54

      52 |   async submitClientForm() {
      53 |     await this.page.locator('button[type="submit"]:has-text("Crear"), button[type="submit"]:has-text("Guardar")').click()
    > 54 |     await this.page.waitForURL('**/dashboard/clients', { timeout: 5000 })
         |                     ^
      55 |   }
      56 |
      57 |   async createClient(data: {
        at ClientsPage.submitClientForm (/Users/mariobustosjmz/Desktop/claude/my-saas-app/e2e/pages/clients.page.ts:54:21)
        at ClientsPage.createClient (/Users/mariobustosjmz/Desktop/claude/my-saas-app/e2e/pages/clients.page.ts:65:5)
        at /Users/mariobustosjmz/Desktop/claude/my-saas-app/e2e/specs/04-quotes.spec.ts:18:5

    attachment #1: screenshot (image/png) ──────────────────────────────────────────────────────────
    ../test-results/specs-04-quotes-Quote-Mana-7a350-us-badges-display-correctly-webkit/test-failed-1.png
    ────────────────────────────────────────────────────────────────────────────────────────────────

    attachment #2: video (video/webm) ──────────────────────────────────────────────────────────────
    ../test-results/specs-04-quotes-Quote-Mana-7a350-us-badges-display-correctly-webkit/video.webm
    ────────────────────────────────────────────────────────────────────────────────────────────────

    Error Context: ../test-results/specs-04-quotes-Quote-Mana-7a350-us-badges-display-correctly-webkit/error-context.md
]]>
</failure>
<system-out>
<![CDATA[
[[ATTACHMENT|specs-04-quotes-Quote-Mana-7a350-us-badges-display-correctly-webkit/test-failed-1.png]]

[[ATTACHMENT|specs-04-quotes-Quote-Mana-7a350-us-badges-display-correctly-webkit/video.webm]]

[[ATTACHMENT|specs-04-quotes-Quote-Mana-7a350-us-badges-display-correctly-webkit/error-context.md]]
]]>
</system-out>
</testcase>
<testcase name="Quote Management › Quote table displays all required columns" classname="specs/04-quotes.spec.ts" time="9.028">
<failure message="04-quotes.spec.ts:87:7 Quote table displays all required columns" type="FAILURE">
<![CDATA[  [webkit] › specs/04-quotes.spec.ts:87:7 › Quote Management › Quote table displays all required columns 

    TimeoutError: page.waitForURL: Timeout 5000ms exceeded.
    =========================== logs ===========================
    waiting for navigation to "**/dashboard/clients" until "load"
    ============================================================

       at pages/clients.page.ts:54

      52 |   async submitClientForm() {
      53 |     await this.page.locator('button[type="submit"]:has-text("Crear"), button[type="submit"]:has-text("Guardar")').click()
    > 54 |     await this.page.waitForURL('**/dashboard/clients', { timeout: 5000 })
         |                     ^
      55 |   }
      56 |
      57 |   async createClient(data: {
        at ClientsPage.submitClientForm (/Users/mariobustosjmz/Desktop/claude/my-saas-app/e2e/pages/clients.page.ts:54:21)
        at ClientsPage.createClient (/Users/mariobustosjmz/Desktop/claude/my-saas-app/e2e/pages/clients.page.ts:65:5)
        at /Users/mariobustosjmz/Desktop/claude/my-saas-app/e2e/specs/04-quotes.spec.ts:18:5

    attachment #1: screenshot (image/png) ──────────────────────────────────────────────────────────
    ../test-results/specs-04-quotes-Quote-Mana-b97fd-splays-all-required-columns-webkit/test-failed-1.png
    ────────────────────────────────────────────────────────────────────────────────────────────────

    attachment #2: video (video/webm) ──────────────────────────────────────────────────────────────
    ../test-results/specs-04-quotes-Quote-Mana-b97fd-splays-all-required-columns-webkit/video.webm
    ────────────────────────────────────────────────────────────────────────────────────────────────

    Error Context: ../test-results/specs-04-quotes-Quote-Mana-b97fd-splays-all-required-columns-webkit/error-context.md
]]>
</failure>
<system-out>
<![CDATA[
[[ATTACHMENT|specs-04-quotes-Quote-Mana-b97fd-splays-all-required-columns-webkit/test-failed-1.png]]

[[ATTACHMENT|specs-04-quotes-Quote-Mana-b97fd-splays-all-required-columns-webkit/video.webm]]

[[ATTACHMENT|specs-04-quotes-Quote-Mana-b97fd-splays-all-required-columns-webkit/error-context.md]]
]]>
</system-out>
</testcase>
<testcase name="Quote Management › Empty state shown when no quotes" classname="specs/04-quotes.spec.ts" time="9.918">
<failure message="04-quotes.spec.ts:100:7 Empty state shown when no quotes" type="FAILURE">
<![CDATA[  [webkit] › specs/04-quotes.spec.ts:100:7 › Quote Management › Empty state shown when no quotes ───

    TimeoutError: page.waitForURL: Timeout 5000ms exceeded.
    =========================== logs ===========================
    waiting for navigation to "**/dashboard/clients" until "load"
    ============================================================

       at pages/clients.page.ts:54

      52 |   async submitClientForm() {
      53 |     await this.page.locator('button[type="submit"]:has-text("Crear"), button[type="submit"]:has-text("Guardar")').click()
    > 54 |     await this.page.waitForURL('**/dashboard/clients', { timeout: 5000 })
         |                     ^
      55 |   }
      56 |
      57 |   async createClient(data: {
        at ClientsPage.submitClientForm (/Users/mariobustosjmz/Desktop/claude/my-saas-app/e2e/pages/clients.page.ts:54:21)
        at ClientsPage.createClient (/Users/mariobustosjmz/Desktop/claude/my-saas-app/e2e/pages/clients.page.ts:65:5)
        at /Users/mariobustosjmz/Desktop/claude/my-saas-app/e2e/specs/04-quotes.spec.ts:18:5

    attachment #1: screenshot (image/png) ──────────────────────────────────────────────────────────
    ../test-results/specs-04-quotes-Quote-Mana-21ad5--state-shown-when-no-quotes-webkit/test-failed-1.png
    ────────────────────────────────────────────────────────────────────────────────────────────────

    attachment #2: video (video/webm) ──────────────────────────────────────────────────────────────
    ../test-results/specs-04-quotes-Quote-Mana-21ad5--state-shown-when-no-quotes-webkit/video.webm
    ────────────────────────────────────────────────────────────────────────────────────────────────

    Error Context: ../test-results/specs-04-quotes-Quote-Mana-21ad5--state-shown-when-no-quotes-webkit/error-context.md
]]>
</failure>
<system-out>
<![CDATA[
[[ATTACHMENT|specs-04-quotes-Quote-Mana-21ad5--state-shown-when-no-quotes-webkit/test-failed-1.png]]

[[ATTACHMENT|specs-04-quotes-Quote-Mana-21ad5--state-shown-when-no-quotes-webkit/video.webm]]

[[ATTACHMENT|specs-04-quotes-Quote-Mana-21ad5--state-shown-when-no-quotes-webkit/error-context.md]]
]]>
</system-out>
</testcase>
<testcase name="Quote Management › Quote form has client selection" classname="specs/04-quotes.spec.ts" time="9.944">
<failure message="04-quotes.spec.ts:110:7 Quote form has client selection" type="FAILURE">
<![CDATA[  [webkit] › specs/04-quotes.spec.ts:110:7 › Quote Management › Quote form has client selection ────

    TimeoutError: page.waitForURL: Timeout 5000ms exceeded.
    =========================== logs ===========================
    waiting for navigation to "**/dashboard/clients" until "load"
    ============================================================

       at pages/clients.page.ts:54

      52 |   async submitClientForm() {
      53 |     await this.page.locator('button[type="submit"]:has-text("Crear"), button[type="submit"]:has-text("Guardar")').click()
    > 54 |     await this.page.waitForURL('**/dashboard/clients', { timeout: 5000 })
         |                     ^
      55 |   }
      56 |
      57 |   async createClient(data: {
        at ClientsPage.submitClientForm (/Users/mariobustosjmz/Desktop/claude/my-saas-app/e2e/pages/clients.page.ts:54:21)
        at ClientsPage.createClient (/Users/mariobustosjmz/Desktop/claude/my-saas-app/e2e/pages/clients.page.ts:65:5)
        at /Users/mariobustosjmz/Desktop/claude/my-saas-app/e2e/specs/04-quotes.spec.ts:18:5

    attachment #1: screenshot (image/png) ──────────────────────────────────────────────────────────
    ../test-results/specs-04-quotes-Quote-Mana-10c71-e-form-has-client-selection-webkit/test-failed-1.png
    ────────────────────────────────────────────────────────────────────────────────────────────────

    attachment #2: video (video/webm) ──────────────────────────────────────────────────────────────
    ../test-results/specs-04-quotes-Quote-Mana-10c71-e-form-has-client-selection-webkit/video.webm
    ────────────────────────────────────────────────────────────────────────────────────────────────

    Error Context: ../test-results/specs-04-quotes-Quote-Mana-10c71-e-form-has-client-selection-webkit/error-context.md
]]>
</failure>
<system-out>
<![CDATA[
[[ATTACHMENT|specs-04-quotes-Quote-Mana-10c71-e-form-has-client-selection-webkit/test-failed-1.png]]

[[ATTACHMENT|specs-04-quotes-Quote-Mana-10c71-e-form-has-client-selection-webkit/video.webm]]

[[ATTACHMENT|specs-04-quotes-Quote-Mana-10c71-e-form-has-client-selection-webkit/error-context.md]]
]]>
</system-out>
</testcase>
<testcase name="Quote Management › Service quantity defaults to 1" classname="specs/04-quotes.spec.ts" time="9.978">
<failure message="04-quotes.spec.ts:118:7 Service quantity defaults to 1" type="FAILURE">
<![CDATA[  [webkit] › specs/04-quotes.spec.ts:118:7 › Quote Management › Service quantity defaults to 1 ─────

    TimeoutError: page.waitForURL: Timeout 5000ms exceeded.
    =========================== logs ===========================
    waiting for navigation to "**/dashboard/clients" until "load"
    ============================================================

       at pages/clients.page.ts:54

      52 |   async submitClientForm() {
      53 |     await this.page.locator('button[type="submit"]:has-text("Crear"), button[type="submit"]:has-text("Guardar")').click()
    > 54 |     await this.page.waitForURL('**/dashboard/clients', { timeout: 5000 })
         |                     ^
      55 |   }
      56 |
      57 |   async createClient(data: {
        at ClientsPage.submitClientForm (/Users/mariobustosjmz/Desktop/claude/my-saas-app/e2e/pages/clients.page.ts:54:21)
        at ClientsPage.createClient (/Users/mariobustosjmz/Desktop/claude/my-saas-app/e2e/pages/clients.page.ts:65:5)
        at /Users/mariobustosjmz/Desktop/claude/my-saas-app/e2e/specs/04-quotes.spec.ts:18:5

    attachment #1: screenshot (image/png) ──────────────────────────────────────────────────────────
    ../test-results/specs-04-quotes-Quote-Mana-c833b-vice-quantity-defaults-to-1-webkit/test-failed-1.png
    ────────────────────────────────────────────────────────────────────────────────────────────────

    attachment #2: video (video/webm) ──────────────────────────────────────────────────────────────
    ../test-results/specs-04-quotes-Quote-Mana-c833b-vice-quantity-defaults-to-1-webkit/video.webm
    ────────────────────────────────────────────────────────────────────────────────────────────────

    Error Context: ../test-results/specs-04-quotes-Quote-Mana-c833b-vice-quantity-defaults-to-1-webkit/error-context.md
]]>
</failure>
<system-out>
<![CDATA[
[[ATTACHMENT|specs-04-quotes-Quote-Mana-c833b-vice-quantity-defaults-to-1-webkit/test-failed-1.png]]

[[ATTACHMENT|specs-04-quotes-Quote-Mana-c833b-vice-quantity-defaults-to-1-webkit/video.webm]]

[[ATTACHMENT|specs-04-quotes-Quote-Mana-c833b-vice-quantity-defaults-to-1-webkit/error-context.md]]
]]>
</system-out>
</testcase>
<testcase name="Quote Management › Multiple services can be added to quote" classname="specs/04-quotes.spec.ts" time="7.553">
<failure message="04-quotes.spec.ts:135:7 Multiple services can be added to quote" type="FAILURE">
<![CDATA[  [webkit] › specs/04-quotes.spec.ts:135:7 › Quote Management › Multiple services can be added to quote 

    TimeoutError: page.waitForURL: Timeout 5000ms exceeded.
    =========================== logs ===========================
    waiting for navigation to "**/dashboard/clients" until "load"
    ============================================================

       at pages/clients.page.ts:54

      52 |   async submitClientForm() {
      53 |     await this.page.locator('button[type="submit"]:has-text("Crear"), button[type="submit"]:has-text("Guardar")').click()
    > 54 |     await this.page.waitForURL('**/dashboard/clients', { timeout: 5000 })
         |                     ^
      55 |   }
      56 |
      57 |   async createClient(data: {
        at ClientsPage.submitClientForm (/Users/mariobustosjmz/Desktop/claude/my-saas-app/e2e/pages/clients.page.ts:54:21)
        at ClientsPage.createClient (/Users/mariobustosjmz/Desktop/claude/my-saas-app/e2e/pages/clients.page.ts:65:5)
        at /Users/mariobustosjmz/Desktop/claude/my-saas-app/e2e/specs/04-quotes.spec.ts:18:5

    attachment #1: screenshot (image/png) ──────────────────────────────────────────────────────────
    ../test-results/specs-04-quotes-Quote-Mana-4142f-vices-can-be-added-to-quote-webkit/test-failed-1.png
    ────────────────────────────────────────────────────────────────────────────────────────────────

    attachment #2: video (video/webm) ──────────────────────────────────────────────────────────────
    ../test-results/specs-04-quotes-Quote-Mana-4142f-vices-can-be-added-to-quote-webkit/video.webm
    ────────────────────────────────────────────────────────────────────────────────────────────────

    Error Context: ../test-results/specs-04-quotes-Quote-Mana-4142f-vices-can-be-added-to-quote-webkit/error-context.md
]]>
</failure>
<system-out>
<![CDATA[
[[ATTACHMENT|specs-04-quotes-Quote-Mana-4142f-vices-can-be-added-to-quote-webkit/test-failed-1.png]]

[[ATTACHMENT|specs-04-quotes-Quote-Mana-4142f-vices-can-be-added-to-quote-webkit/video.webm]]

[[ATTACHMENT|specs-04-quotes-Quote-Mana-4142f-vices-can-be-added-to-quote-webkit/error-context.md]]
]]>
</system-out>
</testcase>
<testcase name="Quote Management › Quote form validates numeric price input" classname="specs/04-quotes.spec.ts" time="7.917">
<failure message="04-quotes.spec.ts:150:7 Quote form validates numeric price input" type="FAILURE">
<![CDATA[  [webkit] › specs/04-quotes.spec.ts:150:7 › Quote Management › Quote form validates numeric price input 

    TimeoutError: page.waitForURL: Timeout 5000ms exceeded.
    =========================== logs ===========================
    waiting for navigation to "**/dashboard/clients" until "load"
    ============================================================

       at pages/clients.page.ts:54

      52 |   async submitClientForm() {
      53 |     await this.page.locator('button[type="submit"]:has-text("Crear"), button[type="submit"]:has-text("Guardar")').click()
    > 54 |     await this.page.waitForURL('**/dashboard/clients', { timeout: 5000 })
         |                     ^
      55 |   }
      56 |
      57 |   async createClient(data: {
        at ClientsPage.submitClientForm (/Users/mariobustosjmz/Desktop/claude/my-saas-app/e2e/pages/clients.page.ts:54:21)
        at ClientsPage.createClient (/Users/mariobustosjmz/Desktop/claude/my-saas-app/e2e/pages/clients.page.ts:65:5)
        at /Users/mariobustosjmz/Desktop/claude/my-saas-app/e2e/specs/04-quotes.spec.ts:18:5

    attachment #1: screenshot (image/png) ──────────────────────────────────────────────────────────
    ../test-results/specs-04-quotes-Quote-Mana-46fdb-lidates-numeric-price-input-webkit/test-failed-1.png
    ────────────────────────────────────────────────────────────────────────────────────────────────

    attachment #2: video (video/webm) ──────────────────────────────────────────────────────────────
    ../test-results/specs-04-quotes-Quote-Mana-46fdb-lidates-numeric-price-input-webkit/video.webm
    ────────────────────────────────────────────────────────────────────────────────────────────────

    Error Context: ../test-results/specs-04-quotes-Quote-Mana-46fdb-lidates-numeric-price-input-webkit/error-context.md
]]>
</failure>
<system-out>
<![CDATA[
[[ATTACHMENT|specs-04-quotes-Quote-Mana-46fdb-lidates-numeric-price-input-webkit/test-failed-1.png]]

[[ATTACHMENT|specs-04-quotes-Quote-Mana-46fdb-lidates-numeric-price-input-webkit/video.webm]]

[[ATTACHMENT|specs-04-quotes-Quote-Mana-46fdb-lidates-numeric-price-input-webkit/error-context.md]]
]]>
</system-out>
</testcase>
<testcase name="Quote Management › Quote form can be cancelled" classname="specs/04-quotes.spec.ts" time="8.747">
<failure message="04-quotes.spec.ts:165:7 Quote form can be cancelled" type="FAILURE">
<![CDATA[  [webkit] › specs/04-quotes.spec.ts:165:7 › Quote Management › Quote form can be cancelled ────────

    TimeoutError: page.waitForURL: Timeout 5000ms exceeded.
    =========================== logs ===========================
    waiting for navigation to "**/dashboard/clients" until "load"
    ============================================================

       at pages/clients.page.ts:54

      52 |   async submitClientForm() {
      53 |     await this.page.locator('button[type="submit"]:has-text("Crear"), button[type="submit"]:has-text("Guardar")').click()
    > 54 |     await this.page.waitForURL('**/dashboard/clients', { timeout: 5000 })
         |                     ^
      55 |   }
      56 |
      57 |   async createClient(data: {
        at ClientsPage.submitClientForm (/Users/mariobustosjmz/Desktop/claude/my-saas-app/e2e/pages/clients.page.ts:54:21)
        at ClientsPage.createClient (/Users/mariobustosjmz/Desktop/claude/my-saas-app/e2e/pages/clients.page.ts:65:5)
        at /Users/mariobustosjmz/Desktop/claude/my-saas-app/e2e/specs/04-quotes.spec.ts:18:5

    attachment #1: screenshot (image/png) ──────────────────────────────────────────────────────────
    ../test-results/specs-04-quotes-Quote-Management-Quote-form-can-be-cancelled-webkit/test-failed-1.png
    ────────────────────────────────────────────────────────────────────────────────────────────────

    attachment #2: video (video/webm) ──────────────────────────────────────────────────────────────
    ../test-results/specs-04-quotes-Quote-Management-Quote-form-can-be-cancelled-webkit/video.webm
    ────────────────────────────────────────────────────────────────────────────────────────────────

    Error Context: ../test-results/specs-04-quotes-Quote-Management-Quote-form-can-be-cancelled-webkit/error-context.md
]]>
</failure>
<system-out>
<![CDATA[
[[ATTACHMENT|specs-04-quotes-Quote-Management-Quote-form-can-be-cancelled-webkit/test-failed-1.png]]

[[ATTACHMENT|specs-04-quotes-Quote-Management-Quote-form-can-be-cancelled-webkit/video.webm]]

[[ATTACHMENT|specs-04-quotes-Quote-Management-Quote-form-can-be-cancelled-webkit/error-context.md]]
]]>
</system-out>
</testcase>
<testcase name="Quote Management › Quote total calculation includes all services" classname="specs/04-quotes.spec.ts" time="9.204">
<failure message="04-quotes.spec.ts:176:7 Quote total calculation includes all services" type="FAILURE">
<![CDATA[  [webkit] › specs/04-quotes.spec.ts:176:7 › Quote Management › Quote total calculation includes all services 

    TimeoutError: page.waitForURL: Timeout 5000ms exceeded.
    =========================== logs ===========================
    waiting for navigation to "**/dashboard/clients" until "load"
    ============================================================

       at pages/clients.page.ts:54

      52 |   async submitClientForm() {
      53 |     await this.page.locator('button[type="submit"]:has-text("Crear"), button[type="submit"]:has-text("Guardar")').click()
    > 54 |     await this.page.waitForURL('**/dashboard/clients', { timeout: 5000 })
         |                     ^
      55 |   }
      56 |
      57 |   async createClient(data: {
        at ClientsPage.submitClientForm (/Users/mariobustosjmz/Desktop/claude/my-saas-app/e2e/pages/clients.page.ts:54:21)
        at ClientsPage.createClient (/Users/mariobustosjmz/Desktop/claude/my-saas-app/e2e/pages/clients.page.ts:65:5)
        at /Users/mariobustosjmz/Desktop/claude/my-saas-app/e2e/specs/04-quotes.spec.ts:18:5

    attachment #1: screenshot (image/png) ──────────────────────────────────────────────────────────
    ../test-results/specs-04-quotes-Quote-Mana-7b15a-ation-includes-all-services-webkit/test-failed-1.png
    ────────────────────────────────────────────────────────────────────────────────────────────────

    attachment #2: video (video/webm) ──────────────────────────────────────────────────────────────
    ../test-results/specs-04-quotes-Quote-Mana-7b15a-ation-includes-all-services-webkit/video.webm
    ────────────────────────────────────────────────────────────────────────────────────────────────

    Error Context: ../test-results/specs-04-quotes-Quote-Mana-7b15a-ation-includes-all-services-webkit/error-context.md
]]>
</failure>
<system-out>
<![CDATA[
[[ATTACHMENT|specs-04-quotes-Quote-Mana-7b15a-ation-includes-all-services-webkit/test-failed-1.png]]

[[ATTACHMENT|specs-04-quotes-Quote-Mana-7b15a-ation-includes-all-services-webkit/video.webm]]

[[ATTACHMENT|specs-04-quotes-Quote-Mana-7b15a-ation-includes-all-services-webkit/error-context.md]]
]]>
</system-out>
</testcase>
<testcase name="Quote Management › Quote accessibility - proper form structure" classname="specs/04-quotes.spec.ts" time="9.229">
<failure message="04-quotes.spec.ts:192:7 Quote accessibility - proper form structure" type="FAILURE">
<![CDATA[  [webkit] › specs/04-quotes.spec.ts:192:7 › Quote Management › Quote accessibility - proper form structure 

    TimeoutError: page.waitForURL: Timeout 5000ms exceeded.
    =========================== logs ===========================
    waiting for navigation to "**/dashboard/clients" until "load"
    ============================================================

       at pages/clients.page.ts:54

      52 |   async submitClientForm() {
      53 |     await this.page.locator('button[type="submit"]:has-text("Crear"), button[type="submit"]:has-text("Guardar")').click()
    > 54 |     await this.page.waitForURL('**/dashboard/clients', { timeout: 5000 })
         |                     ^
      55 |   }
      56 |
      57 |   async createClient(data: {
        at ClientsPage.submitClientForm (/Users/mariobustosjmz/Desktop/claude/my-saas-app/e2e/pages/clients.page.ts:54:21)
        at ClientsPage.createClient (/Users/mariobustosjmz/Desktop/claude/my-saas-app/e2e/pages/clients.page.ts:65:5)
        at /Users/mariobustosjmz/Desktop/claude/my-saas-app/e2e/specs/04-quotes.spec.ts:18:5

    attachment #1: screenshot (image/png) ──────────────────────────────────────────────────────────
    ../test-results/specs-04-quotes-Quote-Mana-c0e99-ity---proper-form-structure-webkit/test-failed-1.png
    ────────────────────────────────────────────────────────────────────────────────────────────────

    attachment #2: video (video/webm) ──────────────────────────────────────────────────────────────
    ../test-results/specs-04-quotes-Quote-Mana-c0e99-ity---proper-form-structure-webkit/video.webm
    ────────────────────────────────────────────────────────────────────────────────────────────────

    Error Context: ../test-results/specs-04-quotes-Quote-Mana-c0e99-ity---proper-form-structure-webkit/error-context.md
]]>
</failure>
<system-out>
<![CDATA[
[[ATTACHMENT|specs-04-quotes-Quote-Mana-c0e99-ity---proper-form-structure-webkit/test-failed-1.png]]

[[ATTACHMENT|specs-04-quotes-Quote-Mana-c0e99-ity---proper-form-structure-webkit/video.webm]]

[[ATTACHMENT|specs-04-quotes-Quote-Mana-c0e99-ity---proper-form-structure-webkit/error-context.md]]
]]>
</system-out>
</testcase>
<testcase name="Quote Management › Quote list shows client information" classname="specs/04-quotes.spec.ts" time="9.244">
<failure message="04-quotes.spec.ts:203:7 Quote list shows client information" type="FAILURE">
<![CDATA[  [webkit] › specs/04-quotes.spec.ts:203:7 › Quote Management › Quote list shows client information 

    TimeoutError: page.waitForURL: Timeout 5000ms exceeded.
    =========================== logs ===========================
    waiting for navigation to "**/dashboard/clients" until "load"
    ============================================================

       at pages/clients.page.ts:54

      52 |   async submitClientForm() {
      53 |     await this.page.locator('button[type="submit"]:has-text("Crear"), button[type="submit"]:has-text("Guardar")').click()
    > 54 |     await this.page.waitForURL('**/dashboard/clients', { timeout: 5000 })
         |                     ^
      55 |   }
      56 |
      57 |   async createClient(data: {
        at ClientsPage.submitClientForm (/Users/mariobustosjmz/Desktop/claude/my-saas-app/e2e/pages/clients.page.ts:54:21)
        at ClientsPage.createClient (/Users/mariobustosjmz/Desktop/claude/my-saas-app/e2e/pages/clients.page.ts:65:5)
        at /Users/mariobustosjmz/Desktop/claude/my-saas-app/e2e/specs/04-quotes.spec.ts:18:5

    attachment #1: screenshot (image/png) ──────────────────────────────────────────────────────────
    ../test-results/specs-04-quotes-Quote-Mana-af383-st-shows-client-information-webkit/test-failed-1.png
    ────────────────────────────────────────────────────────────────────────────────────────────────

    attachment #2: video (video/webm) ──────────────────────────────────────────────────────────────
    ../test-results/specs-04-quotes-Quote-Mana-af383-st-shows-client-information-webkit/video.webm
    ────────────────────────────────────────────────────────────────────────────────────────────────

    Error Context: ../test-results/specs-04-quotes-Quote-Mana-af383-st-shows-client-information-webkit/error-context.md
]]>
</failure>
<system-out>
<![CDATA[
[[ATTACHMENT|specs-04-quotes-Quote-Mana-af383-st-shows-client-information-webkit/test-failed-1.png]]

[[ATTACHMENT|specs-04-quotes-Quote-Mana-af383-st-shows-client-information-webkit/video.webm]]

[[ATTACHMENT|specs-04-quotes-Quote-Mana-af383-st-shows-client-information-webkit/error-context.md]]
]]>
</system-out>
</testcase>
<testcase name="Quote Management › Save quote with line items" classname="specs/04-quotes.spec.ts" time="7.928">
<failure message="04-quotes.spec.ts:224:7 Save quote with line items" type="FAILURE">
<![CDATA[  [webkit] › specs/04-quotes.spec.ts:224:7 › Quote Management › Save quote with line items ─────────

    TimeoutError: page.waitForURL: Timeout 5000ms exceeded.
    =========================== logs ===========================
    waiting for navigation to "**/dashboard/clients" until "load"
    ============================================================

       at pages/clients.page.ts:54

      52 |   async submitClientForm() {
      53 |     await this.page.locator('button[type="submit"]:has-text("Crear"), button[type="submit"]:has-text("Guardar")').click()
    > 54 |     await this.page.waitForURL('**/dashboard/clients', { timeout: 5000 })
         |                     ^
      55 |   }
      56 |
      57 |   async createClient(data: {
        at ClientsPage.submitClientForm (/Users/mariobustosjmz/Desktop/claude/my-saas-app/e2e/pages/clients.page.ts:54:21)
        at ClientsPage.createClient (/Users/mariobustosjmz/Desktop/claude/my-saas-app/e2e/pages/clients.page.ts:65:5)
        at /Users/mariobustosjmz/Desktop/claude/my-saas-app/e2e/specs/04-quotes.spec.ts:18:5

    attachment #1: screenshot (image/png) ──────────────────────────────────────────────────────────
    ../test-results/specs-04-quotes-Quote-Management-Save-quote-with-line-items-webkit/test-failed-1.png
    ────────────────────────────────────────────────────────────────────────────────────────────────

    attachment #2: video (video/webm) ──────────────────────────────────────────────────────────────
    ../test-results/specs-04-quotes-Quote-Management-Save-quote-with-line-items-webkit/video.webm
    ────────────────────────────────────────────────────────────────────────────────────────────────

    Error Context: ../test-results/specs-04-quotes-Quote-Management-Save-quote-with-line-items-webkit/error-context.md
]]>
</failure>
<system-out>
<![CDATA[
[[ATTACHMENT|specs-04-quotes-Quote-Management-Save-quote-with-line-items-webkit/test-failed-1.png]]

[[ATTACHMENT|specs-04-quotes-Quote-Management-Save-quote-with-line-items-webkit/video.webm]]

[[ATTACHMENT|specs-04-quotes-Quote-Management-Save-quote-with-line-items-webkit/error-context.md]]
]]>
</system-out>
</testcase>
<testcase name="Quote Management › View quote details" classname="specs/04-quotes.spec.ts" time="7.371">
<failure message="04-quotes.spec.ts:261:7 View quote details" type="FAILURE">
<![CDATA[  [webkit] › specs/04-quotes.spec.ts:261:7 › Quote Management › View quote details ─────────────────

    TimeoutError: page.waitForURL: Timeout 5000ms exceeded.
    =========================== logs ===========================
    waiting for navigation to "**/dashboard/clients" until "load"
    ============================================================

       at pages/clients.page.ts:54

      52 |   async submitClientForm() {
      53 |     await this.page.locator('button[type="submit"]:has-text("Crear"), button[type="submit"]:has-text("Guardar")').click()
    > 54 |     await this.page.waitForURL('**/dashboard/clients', { timeout: 5000 })
         |                     ^
      55 |   }
      56 |
      57 |   async createClient(data: {
        at ClientsPage.submitClientForm (/Users/mariobustosjmz/Desktop/claude/my-saas-app/e2e/pages/clients.page.ts:54:21)
        at ClientsPage.createClient (/Users/mariobustosjmz/Desktop/claude/my-saas-app/e2e/pages/clients.page.ts:65:5)
        at /Users/mariobustosjmz/Desktop/claude/my-saas-app/e2e/specs/04-quotes.spec.ts:18:5

    attachment #1: screenshot (image/png) ──────────────────────────────────────────────────────────
    ../test-results/specs-04-quotes-Quote-Management-View-quote-details-webkit/test-failed-1.png
    ────────────────────────────────────────────────────────────────────────────────────────────────

    attachment #2: video (video/webm) ──────────────────────────────────────────────────────────────
    ../test-results/specs-04-quotes-Quote-Management-View-quote-details-webkit/video.webm
    ────────────────────────────────────────────────────────────────────────────────────────────────

    Error Context: ../test-results/specs-04-quotes-Quote-Management-View-quote-details-webkit/error-context.md
]]>
</failure>
<system-out>
<![CDATA[
[[ATTACHMENT|specs-04-quotes-Quote-Management-View-quote-details-webkit/test-failed-1.png]]

[[ATTACHMENT|specs-04-quotes-Quote-Management-View-quote-details-webkit/video.webm]]

[[ATTACHMENT|specs-04-quotes-Quote-Management-View-quote-details-webkit/error-context.md]]
]]>
</system-out>
</testcase>
<testcase name="Quote Management › Filter quotes by status" classname="specs/04-quotes.spec.ts" time="7.613">
<failure message="04-quotes.spec.ts:276:7 Filter quotes by status" type="FAILURE">
<![CDATA[  [webkit] › specs/04-quotes.spec.ts:276:7 › Quote Management › Filter quotes by status ────────────

    TimeoutError: page.waitForURL: Timeout 5000ms exceeded.
    =========================== logs ===========================
    waiting for navigation to "**/dashboard/clients" until "load"
    ============================================================

       at pages/clients.page.ts:54

      52 |   async submitClientForm() {
      53 |     await this.page.locator('button[type="submit"]:has-text("Crear"), button[type="submit"]:has-text("Guardar")').click()
    > 54 |     await this.page.waitForURL('**/dashboard/clients', { timeout: 5000 })
         |                     ^
      55 |   }
      56 |
      57 |   async createClient(data: {
        at ClientsPage.submitClientForm (/Users/mariobustosjmz/Desktop/claude/my-saas-app/e2e/pages/clients.page.ts:54:21)
        at ClientsPage.createClient (/Users/mariobustosjmz/Desktop/claude/my-saas-app/e2e/pages/clients.page.ts:65:5)
        at /Users/mariobustosjmz/Desktop/claude/my-saas-app/e2e/specs/04-quotes.spec.ts:18:5

    attachment #1: screenshot (image/png) ──────────────────────────────────────────────────────────
    ../test-results/specs-04-quotes-Quote-Management-Filter-quotes-by-status-webkit/test-failed-1.png
    ────────────────────────────────────────────────────────────────────────────────────────────────

    attachment #2: video (video/webm) ──────────────────────────────────────────────────────────────
    ../test-results/specs-04-quotes-Quote-Management-Filter-quotes-by-status-webkit/video.webm
    ────────────────────────────────────────────────────────────────────────────────────────────────

    Error Context: ../test-results/specs-04-quotes-Quote-Management-Filter-quotes-by-status-webkit/error-context.md
]]>
</failure>
<system-out>
<![CDATA[
[[ATTACHMENT|specs-04-quotes-Quote-Management-Filter-quotes-by-status-webkit/test-failed-1.png]]

[[ATTACHMENT|specs-04-quotes-Quote-Management-Filter-quotes-by-status-webkit/video.webm]]

[[ATTACHMENT|specs-04-quotes-Quote-Management-Filter-quotes-by-status-webkit/error-context.md]]
]]>
</system-out>
</testcase>
<testcase name="Quote Management › Quote list pagination" classname="specs/04-quotes.spec.ts" time="9.05">
<failure message="04-quotes.spec.ts:296:7 Quote list pagination" type="FAILURE">
<![CDATA[  [webkit] › specs/04-quotes.spec.ts:296:7 › Quote Management › Quote list pagination ──────────────

    TimeoutError: page.waitForURL: Timeout 5000ms exceeded.
    =========================== logs ===========================
    waiting for navigation to "**/dashboard/clients" until "load"
    ============================================================

       at pages/clients.page.ts:54

      52 |   async submitClientForm() {
      53 |     await this.page.locator('button[type="submit"]:has-text("Crear"), button[type="submit"]:has-text("Guardar")').click()
    > 54 |     await this.page.waitForURL('**/dashboard/clients', { timeout: 5000 })
         |                     ^
      55 |   }
      56 |
      57 |   async createClient(data: {
        at ClientsPage.submitClientForm (/Users/mariobustosjmz/Desktop/claude/my-saas-app/e2e/pages/clients.page.ts:54:21)
        at ClientsPage.createClient (/Users/mariobustosjmz/Desktop/claude/my-saas-app/e2e/pages/clients.page.ts:65:5)
        at /Users/mariobustosjmz/Desktop/claude/my-saas-app/e2e/specs/04-quotes.spec.ts:18:5

    attachment #1: screenshot (image/png) ──────────────────────────────────────────────────────────
    ../test-results/specs-04-quotes-Quote-Management-Quote-list-pagination-webkit/test-failed-1.png
    ────────────────────────────────────────────────────────────────────────────────────────────────

    attachment #2: video (video/webm) ──────────────────────────────────────────────────────────────
    ../test-results/specs-04-quotes-Quote-Management-Quote-list-pagination-webkit/video.webm
    ────────────────────────────────────────────────────────────────────────────────────────────────

    Error Context: ../test-results/specs-04-quotes-Quote-Management-Quote-list-pagination-webkit/error-context.md
]]>
</failure>
<system-out>
<![CDATA[
[[ATTACHMENT|specs-04-quotes-Quote-Management-Quote-list-pagination-webkit/test-failed-1.png]]

[[ATTACHMENT|specs-04-quotes-Quote-Management-Quote-list-pagination-webkit/video.webm]]

[[ATTACHMENT|specs-04-quotes-Quote-Management-Quote-list-pagination-webkit/error-context.md]]
]]>
</system-out>
</testcase>
<testcase name="Quote Management › Delete quote from details page" classname="specs/04-quotes.spec.ts" time="8.942">
<failure message="04-quotes.spec.ts:307:7 Delete quote from details page" type="FAILURE">
<![CDATA[  [webkit] › specs/04-quotes.spec.ts:307:7 › Quote Management › Delete quote from details page ─────

    TimeoutError: page.waitForURL: Timeout 5000ms exceeded.
    =========================== logs ===========================
    waiting for navigation to "**/dashboard/clients" until "load"
    ============================================================

       at pages/clients.page.ts:54

      52 |   async submitClientForm() {
      53 |     await this.page.locator('button[type="submit"]:has-text("Crear"), button[type="submit"]:has-text("Guardar")').click()
    > 54 |     await this.page.waitForURL('**/dashboard/clients', { timeout: 5000 })
         |                     ^
      55 |   }
      56 |
      57 |   async createClient(data: {
        at ClientsPage.submitClientForm (/Users/mariobustosjmz/Desktop/claude/my-saas-app/e2e/pages/clients.page.ts:54:21)
        at ClientsPage.createClient (/Users/mariobustosjmz/Desktop/claude/my-saas-app/e2e/pages/clients.page.ts:65:5)
        at /Users/mariobustosjmz/Desktop/claude/my-saas-app/e2e/specs/04-quotes.spec.ts:18:5

    attachment #1: screenshot (image/png) ──────────────────────────────────────────────────────────
    ../test-results/specs-04-quotes-Quote-Mana-25a15-ete-quote-from-details-page-webkit/test-failed-1.png
    ────────────────────────────────────────────────────────────────────────────────────────────────

    attachment #2: video (video/webm) ──────────────────────────────────────────────────────────────
    ../test-results/specs-04-quotes-Quote-Mana-25a15-ete-quote-from-details-page-webkit/video.webm
    ────────────────────────────────────────────────────────────────────────────────────────────────

    Error Context: ../test-results/specs-04-quotes-Quote-Mana-25a15-ete-quote-from-details-page-webkit/error-context.md
]]>
</failure>
<system-out>
<![CDATA[
[[ATTACHMENT|specs-04-quotes-Quote-Mana-25a15-ete-quote-from-details-page-webkit/test-failed-1.png]]

[[ATTACHMENT|specs-04-quotes-Quote-Mana-25a15-ete-quote-from-details-page-webkit/video.webm]]

[[ATTACHMENT|specs-04-quotes-Quote-Mana-25a15-ete-quote-from-details-page-webkit/error-context.md]]
]]>
</system-out>
</testcase>
<testcase name="Quote Management › Quote total recalculates when service quantity changes" classname="specs/04-quotes.spec.ts" time="9.002">
<failure message="04-quotes.spec.ts:333:7 Quote total recalculates when service quantity changes" type="FAILURE">
<![CDATA[  [webkit] › specs/04-quotes.spec.ts:333:7 › Quote Management › Quote total recalculates when service quantity changes 

    TimeoutError: page.waitForURL: Timeout 5000ms exceeded.
    =========================== logs ===========================
    waiting for navigation to "**/dashboard/clients" until "load"
    ============================================================

       at pages/clients.page.ts:54

      52 |   async submitClientForm() {
      53 |     await this.page.locator('button[type="submit"]:has-text("Crear"), button[type="submit"]:has-text("Guardar")').click()
    > 54 |     await this.page.waitForURL('**/dashboard/clients', { timeout: 5000 })
         |                     ^
      55 |   }
      56 |
      57 |   async createClient(data: {
        at ClientsPage.submitClientForm (/Users/mariobustosjmz/Desktop/claude/my-saas-app/e2e/pages/clients.page.ts:54:21)
        at ClientsPage.createClient (/Users/mariobustosjmz/Desktop/claude/my-saas-app/e2e/pages/clients.page.ts:65:5)
        at /Users/mariobustosjmz/Desktop/claude/my-saas-app/e2e/specs/04-quotes.spec.ts:18:5

    attachment #1: screenshot (image/png) ──────────────────────────────────────────────────────────
    ../test-results/specs-04-quotes-Quote-Mana-b3fd1-en-service-quantity-changes-webkit/test-failed-1.png
    ────────────────────────────────────────────────────────────────────────────────────────────────

    attachment #2: video (video/webm) ──────────────────────────────────────────────────────────────
    ../test-results/specs-04-quotes-Quote-Mana-b3fd1-en-service-quantity-changes-webkit/video.webm
    ────────────────────────────────────────────────────────────────────────────────────────────────

    Error Context: ../test-results/specs-04-quotes-Quote-Mana-b3fd1-en-service-quantity-changes-webkit/error-context.md
]]>
</failure>
<system-out>
<![CDATA[
[[ATTACHMENT|specs-04-quotes-Quote-Mana-b3fd1-en-service-quantity-changes-webkit/test-failed-1.png]]

[[ATTACHMENT|specs-04-quotes-Quote-Mana-b3fd1-en-service-quantity-changes-webkit/video.webm]]

[[ATTACHMENT|specs-04-quotes-Quote-Mana-b3fd1-en-service-quantity-changes-webkit/error-context.md]]
]]>
</system-out>
</testcase>
<testcase name="Quote Management › Service can be removed from quote" classname="specs/04-quotes.spec.ts" time="8.068">
<failure message="04-quotes.spec.ts:355:7 Service can be removed from quote" type="FAILURE">
<![CDATA[  [webkit] › specs/04-quotes.spec.ts:355:7 › Quote Management › Service can be removed from quote ──

    TimeoutError: page.waitForURL: Timeout 5000ms exceeded.
    =========================== logs ===========================
    waiting for navigation to "**/dashboard/clients" until "load"
    ============================================================

       at pages/clients.page.ts:54

      52 |   async submitClientForm() {
      53 |     await this.page.locator('button[type="submit"]:has-text("Crear"), button[type="submit"]:has-text("Guardar")').click()
    > 54 |     await this.page.waitForURL('**/dashboard/clients', { timeout: 5000 })
         |                     ^
      55 |   }
      56 |
      57 |   async createClient(data: {
        at ClientsPage.submitClientForm (/Users/mariobustosjmz/Desktop/claude/my-saas-app/e2e/pages/clients.page.ts:54:21)
        at ClientsPage.createClient (/Users/mariobustosjmz/Desktop/claude/my-saas-app/e2e/pages/clients.page.ts:65:5)
        at /Users/mariobustosjmz/Desktop/claude/my-saas-app/e2e/specs/04-quotes.spec.ts:18:5

    attachment #1: screenshot (image/png) ──────────────────────────────────────────────────────────
    ../test-results/specs-04-quotes-Quote-Mana-50a0f-e-can-be-removed-from-quote-webkit/test-failed-1.png
    ────────────────────────────────────────────────────────────────────────────────────────────────

    attachment #2: video (video/webm) ──────────────────────────────────────────────────────────────
    ../test-results/specs-04-quotes-Quote-Mana-50a0f-e-can-be-removed-from-quote-webkit/video.webm
    ────────────────────────────────────────────────────────────────────────────────────────────────

    Error Context: ../test-results/specs-04-quotes-Quote-Mana-50a0f-e-can-be-removed-from-quote-webkit/error-context.md
]]>
</failure>
<system-out>
<![CDATA[
[[ATTACHMENT|specs-04-quotes-Quote-Mana-50a0f-e-can-be-removed-from-quote-webkit/test-failed-1.png]]

[[ATTACHMENT|specs-04-quotes-Quote-Mana-50a0f-e-can-be-removed-from-quote-webkit/video.webm]]

[[ATTACHMENT|specs-04-quotes-Quote-Mana-50a0f-e-can-be-removed-from-quote-webkit/error-context.md]]
]]>
</system-out>
</testcase>
<testcase name="Quote Management › Quote creation requires client selection" classname="specs/04-quotes.spec.ts" time="7.779">
<failure message="04-quotes.spec.ts:372:7 Quote creation requires client selection" type="FAILURE">
<![CDATA[  [webkit] › specs/04-quotes.spec.ts:372:7 › Quote Management › Quote creation requires client selection 

    TimeoutError: page.waitForURL: Timeout 5000ms exceeded.
    =========================== logs ===========================
    waiting for navigation to "**/dashboard/clients" until "load"
    ============================================================

       at pages/clients.page.ts:54

      52 |   async submitClientForm() {
      53 |     await this.page.locator('button[type="submit"]:has-text("Crear"), button[type="submit"]:has-text("Guardar")').click()
    > 54 |     await this.page.waitForURL('**/dashboard/clients', { timeout: 5000 })
         |                     ^
      55 |   }
      56 |
      57 |   async createClient(data: {
        at ClientsPage.submitClientForm (/Users/mariobustosjmz/Desktop/claude/my-saas-app/e2e/pages/clients.page.ts:54:21)
        at ClientsPage.createClient (/Users/mariobustosjmz/Desktop/claude/my-saas-app/e2e/pages/clients.page.ts:65:5)
        at /Users/mariobustosjmz/Desktop/claude/my-saas-app/e2e/specs/04-quotes.spec.ts:18:5

    attachment #1: screenshot (image/png) ──────────────────────────────────────────────────────────
    ../test-results/specs-04-quotes-Quote-Mana-60f27-n-requires-client-selection-webkit/test-failed-1.png
    ────────────────────────────────────────────────────────────────────────────────────────────────

    attachment #2: video (video/webm) ──────────────────────────────────────────────────────────────
    ../test-results/specs-04-quotes-Quote-Mana-60f27-n-requires-client-selection-webkit/video.webm
    ────────────────────────────────────────────────────────────────────────────────────────────────

    Error Context: ../test-results/specs-04-quotes-Quote-Mana-60f27-n-requires-client-selection-webkit/error-context.md
]]>
</failure>
<system-out>
<![CDATA[
[[ATTACHMENT|specs-04-quotes-Quote-Mana-60f27-n-requires-client-selection-webkit/test-failed-1.png]]

[[ATTACHMENT|specs-04-quotes-Quote-Mana-60f27-n-requires-client-selection-webkit/video.webm]]

[[ATTACHMENT|specs-04-quotes-Quote-Mana-60f27-n-requires-client-selection-webkit/error-context.md]]
]]>
</system-out>
</testcase>
</testsuite>
<testsuite name="specs/05-team.spec.ts" timestamp="2026-02-15T05:52:32.997Z" hostname="webkit" tests="19" failures="8" skipped="0" time="100.198" errors="0">
<testcase name="Team Management › Team page loads successfully" classname="specs/05-team.spec.ts" time="2.578">
</testcase>
<testcase name="Team Management › Invite member button is visible" classname="specs/05-team.spec.ts" time="4.313">
<failure message="05-team.spec.ts:21:7 Invite member button is visible" type="FAILURE">
<![CDATA[  [webkit] › specs/05-team.spec.ts:21:7 › Team Management › Invite member button is visible ────────

    Error: locator.isVisible: Error: strict mode violation: locator('a[href="/dashboard/team/invite"], button:has-text("Invitar")') resolved to 2 elements:
        1) <a href="/dashboard/team/invite">…</a> aka getByRole('link', { name: 'Invitar Miembro' })
        2) <button data-slot="button" data-size="default" data-variant="default" class="inline-flex items-center justify-center gap-2 whitespace-nowrap rounded-md text-sm font-medium transition-all disabled:pointer-events-none disabled:opacity-50 [&_svg]:pointer-events-none [&_svg:not([class*='size-'])]:size-4 shrink-0 [&_svg]:shrink-0 outline-none focus-visible:border-ring focus-visible:ring-ring/50 focus-visible:ring-[3px] aria-invalid:ring-destructive/20 dark:aria-invalid:ring-destructive/40 aria-invalid:bord…>…</button> aka getByRole('button', { name: 'Invitar Miembro' })

    Call log:
        - checking visibility of locator('a[href="/dashboard/team/invite"], button:has-text("Invitar")')


      24 |
      25 |     const inviteButton = page.locator('a[href="/dashboard/team/invite"], button:has-text("Invitar")')
    > 26 |     expect(await inviteButton.isVisible()).toBeTruthy()
         |                               ^
      27 |   })
      28 |
      29 |   test('Invite team member form displays', async ({ page }) => {
        at /Users/mariobustosjmz/Desktop/claude/my-saas-app/e2e/specs/05-team.spec.ts:26:31

    attachment #1: screenshot (image/png) ──────────────────────────────────────────────────────────
    ../test-results/specs-05-team-Team-Managem-ac104-te-member-button-is-visible-webkit/test-failed-1.png
    ────────────────────────────────────────────────────────────────────────────────────────────────

    attachment #2: video (video/webm) ──────────────────────────────────────────────────────────────
    ../test-results/specs-05-team-Team-Managem-ac104-te-member-button-is-visible-webkit/video.webm
    ────────────────────────────────────────────────────────────────────────────────────────────────

    Error Context: ../test-results/specs-05-team-Team-Managem-ac104-te-member-button-is-visible-webkit/error-context.md
]]>
</failure>
<system-out>
<![CDATA[
[[ATTACHMENT|specs-05-team-Team-Managem-ac104-te-member-button-is-visible-webkit/test-failed-1.png]]

[[ATTACHMENT|specs-05-team-Team-Managem-ac104-te-member-button-is-visible-webkit/video.webm]]

[[ATTACHMENT|specs-05-team-Team-Managem-ac104-te-member-button-is-visible-webkit/error-context.md]]
]]>
</system-out>
</testcase>
<testcase name="Team Management › Invite team member form displays" classname="specs/05-team.spec.ts" time="4.107">
<failure message="05-team.spec.ts:29:7 Invite team member form displays" type="FAILURE">
<![CDATA[  [webkit] › specs/05-team.spec.ts:29:7 › Team Management › Invite team member form displays ───────

    Error: expect(received).toBeTruthy()

    Received: false

      32 |
      33 |     const emailInput = page.locator('input[name="email"]')
    > 34 |     expect(await emailInput.isVisible()).toBeTruthy()
         |                                          ^
      35 |   })
      36 |
      37 |   test('Invite form has email field', async ({ page }) => {
        at /Users/mariobustosjmz/Desktop/claude/my-saas-app/e2e/specs/05-team.spec.ts:34:42

    attachment #1: screenshot (image/png) ──────────────────────────────────────────────────────────
    ../test-results/specs-05-team-Team-Managem-9ff2a-e-team-member-form-displays-webkit/test-failed-1.png
    ────────────────────────────────────────────────────────────────────────────────────────────────

    attachment #2: video (video/webm) ──────────────────────────────────────────────────────────────
    ../test-results/specs-05-team-Team-Managem-9ff2a-e-team-member-form-displays-webkit/video.webm
    ────────────────────────────────────────────────────────────────────────────────────────────────

    Error Context: ../test-results/specs-05-team-Team-Managem-9ff2a-e-team-member-form-displays-webkit/error-context.md
]]>
</failure>
<system-out>
<![CDATA[
[[ATTACHMENT|specs-05-team-Team-Managem-9ff2a-e-team-member-form-displays-webkit/test-failed-1.png]]

[[ATTACHMENT|specs-05-team-Team-Managem-9ff2a-e-team-member-form-displays-webkit/video.webm]]

[[ATTACHMENT|specs-05-team-Team-Managem-9ff2a-e-team-member-form-displays-webkit/error-context.md]]
]]>
</system-out>
</testcase>
<testcase name="Team Management › Invite form has email field" classname="specs/05-team.spec.ts" time="14.459">
<failure message="05-team.spec.ts:37:7 Invite form has email field" type="FAILURE">
<![CDATA[  [webkit] › specs/05-team.spec.ts:37:7 › Team Management › Invite form has email field ────────────

    TimeoutError: locator.getAttribute: Timeout 10000ms exceeded.
    Call log:
      - waiting for locator('input[name="email"]')


      40 |
      41 |     const emailInput = page.locator('input[name="email"]')
    > 42 |     const type = await emailInput.getAttribute('type')
         |                                   ^
      43 |     expect(type).toBe('email')
      44 |   })
      45 |
        at /Users/mariobustosjmz/Desktop/claude/my-saas-app/e2e/specs/05-team.spec.ts:42:35

    attachment #1: screenshot (image/png) ──────────────────────────────────────────────────────────
    ../test-results/specs-05-team-Team-Management-Invite-form-has-email-field-webkit/test-failed-1.png
    ────────────────────────────────────────────────────────────────────────────────────────────────

    attachment #2: video (video/webm) ──────────────────────────────────────────────────────────────
    ../test-results/specs-05-team-Team-Management-Invite-form-has-email-field-webkit/video.webm
    ────────────────────────────────────────────────────────────────────────────────────────────────

    Error Context: ../test-results/specs-05-team-Team-Management-Invite-form-has-email-field-webkit/error-context.md
]]>
</failure>
<system-out>
<![CDATA[
[[ATTACHMENT|specs-05-team-Team-Management-Invite-form-has-email-field-webkit/test-failed-1.png]]

[[ATTACHMENT|specs-05-team-Team-Management-Invite-form-has-email-field-webkit/video.webm]]

[[ATTACHMENT|specs-05-team-Team-Management-Invite-form-has-email-field-webkit/error-context.md]]
]]>
</system-out>
</testcase>
<testcase name="Team Management › Invite form has role selection" classname="specs/05-team.spec.ts" time="3.485">
</testcase>
<testcase name="Team Management › Team members list displays" classname="specs/05-team.spec.ts" time="3.962">
</testcase>
<testcase name="Team Management › Owner user is listed in team members" classname="specs/05-team.spec.ts" time="4.539">
<failure message="05-team.spec.ts:69:7 Owner user is listed in team members" type="FAILURE">
<![CDATA[  [webkit] › specs/05-team.spec.ts:69:7 › Team Management › Owner user is listed in team members ───

    Error: locator.isVisible: Error: strict mode violation: locator('text=owner@example.com') resolved to 2 elements:
        1) <p class="text-sm font-medium text-gray-900 truncate">owner@example.com</p> aka getByRole('paragraph').filter({ hasText: 'owner@example.com' })
        2) <td class="py-3 px-4 text-gray-600">owner@example.com</td> aka getByRole('cell', { name: 'owner@example.com' })

    Call log:
        - checking visibility of locator('text=owner@example.com')


      72 |
      73 |     const ownerEmail = page.locator(`text=${testUsers.owner.email}`)
    > 74 |     expect(await ownerEmail.isVisible()).toBeTruthy()
         |                             ^
      75 |   })
      76 |
      77 |   test('Team members table has required columns', async ({ page }) => {
        at /Users/mariobustosjmz/Desktop/claude/my-saas-app/e2e/specs/05-team.spec.ts:74:29

    attachment #1: screenshot (image/png) ──────────────────────────────────────────────────────────
    ../test-results/specs-05-team-Team-Managem-4f239-r-is-listed-in-team-members-webkit/test-failed-1.png
    ────────────────────────────────────────────────────────────────────────────────────────────────

    attachment #2: video (video/webm) ──────────────────────────────────────────────────────────────
    ../test-results/specs-05-team-Team-Managem-4f239-r-is-listed-in-team-members-webkit/video.webm
    ────────────────────────────────────────────────────────────────────────────────────────────────

    Error Context: ../test-results/specs-05-team-Team-Managem-4f239-r-is-listed-in-team-members-webkit/error-context.md
]]>
</failure>
<system-out>
<![CDATA[
[[ATTACHMENT|specs-05-team-Team-Managem-4f239-r-is-listed-in-team-members-webkit/test-failed-1.png]]

[[ATTACHMENT|specs-05-team-Team-Managem-4f239-r-is-listed-in-team-members-webkit/video.webm]]

[[ATTACHMENT|specs-05-team-Team-Managem-4f239-r-is-listed-in-team-members-webkit/error-context.md]]
]]>
</system-out>
</testcase>
<testcase name="Team Management › Team members table has required columns" classname="specs/05-team.spec.ts" time="2.839">
</testcase>
<testcase name="Team Management › Team member count is displayed" classname="specs/05-team.spec.ts" time="3.857">
</testcase>
<testcase name="Team Management › Invite form validates email format" classname="specs/05-team.spec.ts" time="13.972">
<failure message="05-team.spec.ts:100:7 Invite form validates email format" type="FAILURE">
<![CDATA[  [webkit] › specs/05-team.spec.ts:100:7 › Team Management › Invite form validates email format ────

    TimeoutError: locator.fill: Timeout 10000ms exceeded.
    Call log:
      - waiting for locator('input[name="email"]')


      103 |
      104 |     const emailInput = page.locator('input[name="email"]')
    > 105 |     await emailInput.fill('invalid-email')
          |                      ^
      106 |     await emailInput.blur()
      107 |
      108 |     const isInvalid = await emailInput.evaluate((input: HTMLInputElement) => !input.validity.valid)
        at /Users/mariobustosjmz/Desktop/claude/my-saas-app/e2e/specs/05-team.spec.ts:105:22

    attachment #1: screenshot (image/png) ──────────────────────────────────────────────────────────
    ../test-results/specs-05-team-Team-Managem-8018b-form-validates-email-format-webkit/test-failed-1.png
    ────────────────────────────────────────────────────────────────────────────────────────────────

    attachment #2: video (video/webm) ──────────────────────────────────────────────────────────────
    ../test-results/specs-05-team-Team-Managem-8018b-form-validates-email-format-webkit/video.webm
    ────────────────────────────────────────────────────────────────────────────────────────────────

    Error Context: ../test-results/specs-05-team-Team-Managem-8018b-form-validates-email-format-webkit/error-context.md
]]>
</failure>
<system-out>
<![CDATA[
[[ATTACHMENT|specs-05-team-Team-Managem-8018b-form-validates-email-format-webkit/test-failed-1.png]]

[[ATTACHMENT|specs-05-team-Team-Managem-8018b-form-validates-email-format-webkit/video.webm]]

[[ATTACHMENT|specs-05-team-Team-Managem-8018b-form-validates-email-format-webkit/error-context.md]]
]]>
</system-out>
</testcase>
<testcase name="Team Management › Invite form submit button is visible" classname="specs/05-team.spec.ts" time="3.047">
<failure message="05-team.spec.ts:112:7 Invite form submit button is visible" type="FAILURE">
<![CDATA[  [webkit] › specs/05-team.spec.ts:112:7 › Team Management › Invite form submit button is visible ──

    Error: expect(received).toBeTruthy()

    Received: false

      115 |
      116 |     const submitButton = page.locator('button[type="submit"]:has-text("Invitar"), button[type="submit"]:has-text("Send")')
    > 117 |     expect(await submitButton.isVisible()).toBeTruthy()
          |                                            ^
      118 |   })
      119 |
      120 |   test('Can navigate back from invite form', async ({ page }) => {
        at /Users/mariobustosjmz/Desktop/claude/my-saas-app/e2e/specs/05-team.spec.ts:117:44

    attachment #1: screenshot (image/png) ──────────────────────────────────────────────────────────
    ../test-results/specs-05-team-Team-Managem-f446c-rm-submit-button-is-visible-webkit/test-failed-1.png
    ────────────────────────────────────────────────────────────────────────────────────────────────

    attachment #2: video (video/webm) ──────────────────────────────────────────────────────────────
    ../test-results/specs-05-team-Team-Managem-f446c-rm-submit-button-is-visible-webkit/video.webm
    ────────────────────────────────────────────────────────────────────────────────────────────────

    Error Context: ../test-results/specs-05-team-Team-Managem-f446c-rm-submit-button-is-visible-webkit/error-context.md
]]>
</failure>
<system-out>
<![CDATA[
[[ATTACHMENT|specs-05-team-Team-Managem-f446c-rm-submit-button-is-visible-webkit/test-failed-1.png]]

[[ATTACHMENT|specs-05-team-Team-Managem-f446c-rm-submit-button-is-visible-webkit/video.webm]]

[[ATTACHMENT|specs-05-team-Team-Managem-f446c-rm-submit-button-is-visible-webkit/error-context.md]]
]]>
</system-out>
</testcase>
<testcase name="Team Management › Can navigate back from invite form" classname="specs/05-team.spec.ts" time="5.345">
</testcase>
<testcase name="Team Management › Invitation page is accessible with token" classname="specs/05-team.spec.ts" time="4.154">
</testcase>
<testcase name="Team Management › Team page shows no members message when empty" classname="specs/05-team.spec.ts" time="4.256">
</testcase>
<testcase name="Team Management › Edit member button is visible for team members" classname="specs/05-team.spec.ts" time="3.791">
</testcase>
<testcase name="Team Management › Remove member button exists" classname="specs/05-team.spec.ts" time="2.528">
</testcase>
<testcase name="Team Management › Invite form can be cancelled" classname="specs/05-team.spec.ts" time="2.703">
<failure message="05-team.spec.ts:174:7 Invite form can be cancelled" type="FAILURE">
<![CDATA[  [webkit] › specs/05-team.spec.ts:174:7 › Team Management › Invite form can be cancelled ──────────

    Error: locator.isVisible: Error: strict mode violation: locator('a:has-text("Cancelar"), a:has-text("Cancel"), button:has-text("Cancelar")') resolved to 2 elements:
        1) <a href="/dashboard/team">…</a> aka getByRole('link', { name: 'Cancelar' })
        2) <button type="button" data-slot="button" data-size="default" data-variant="outline" class="inline-flex items-center justify-center gap-2 whitespace-nowrap rounded-md text-sm font-medium transition-all disabled:pointer-events-none disabled:opacity-50 [&_svg]:pointer-events-none [&_svg:not([class*='size-'])]:size-4 shrink-0 [&_svg]:shrink-0 outline-none focus-visible:border-ring focus-visible:ring-ring/50 focus-visible:ring-[3px] aria-invalid:ring-destructive/20 dark:aria-invalid:ring-destructive/40 ari…>Cancelar</button> aka getByRole('button', { name: 'Cancelar' })

    Call log:
        - checking visibility of locator('a:has-text("Cancelar"), a:has-text("Cancel"), button:has-text("Cancelar")')


      177 |
      178 |     const cancelButton = page.locator('a:has-text("Cancelar"), a:has-text("Cancel"), button:has-text("Cancelar")')
    > 179 |     if (await cancelButton.isVisible()) {
          |                            ^
      180 |       await cancelButton.click()
      181 |     }
      182 |   })
        at /Users/mariobustosjmz/Desktop/claude/my-saas-app/e2e/specs/05-team.spec.ts:179:28

    attachment #1: screenshot (image/png) ──────────────────────────────────────────────────────────
    ../test-results/specs-05-team-Team-Management-Invite-form-can-be-cancelled-webkit/test-failed-1.png
    ────────────────────────────────────────────────────────────────────────────────────────────────

    attachment #2: video (video/webm) ──────────────────────────────────────────────────────────────
    ../test-results/specs-05-team-Team-Management-Invite-form-can-be-cancelled-webkit/video.webm
    ────────────────────────────────────────────────────────────────────────────────────────────────

    Error Context: ../test-results/specs-05-team-Team-Management-Invite-form-can-be-cancelled-webkit/error-context.md
]]>
</failure>
<system-out>
<![CDATA[
[[ATTACHMENT|specs-05-team-Team-Management-Invite-form-can-be-cancelled-webkit/test-failed-1.png]]

[[ATTACHMENT|specs-05-team-Team-Management-Invite-form-can-be-cancelled-webkit/video.webm]]

[[ATTACHMENT|specs-05-team-Team-Management-Invite-form-can-be-cancelled-webkit/error-context.md]]
]]>
</system-out>
</testcase>
<testcase name="Team Management › Team page accessibility - proper table structure" classname="specs/05-team.spec.ts" time="3.016">
</testcase>
<testcase name="Team Management › Invite member email is required field" classname="specs/05-team.spec.ts" time="13.247">
<failure message="05-team.spec.ts:198:7 Invite member email is required field" type="FAILURE">
<![CDATA[  [webkit] › specs/05-team.spec.ts:198:7 › Team Management › Invite member email is required field ─

    TimeoutError: locator.getAttribute: Timeout 10000ms exceeded.
    Call log:
      - waiting for locator('input[name="email"]')


      201 |
      202 |     const emailInput = page.locator('input[name="email"]')
    > 203 |     const isRequired = await emailInput.getAttribute('required')
          |                                         ^
      204 |     expect(isRequired).toBeDefined()
      205 |   })
      206 | })
        at /Users/mariobustosjmz/Desktop/claude/my-saas-app/e2e/specs/05-team.spec.ts:203:41

    attachment #1: screenshot (image/png) ──────────────────────────────────────────────────────────
    ../test-results/specs-05-team-Team-Managem-7d59a-ber-email-is-required-field-webkit/test-failed-1.png
    ────────────────────────────────────────────────────────────────────────────────────────────────

    attachment #2: video (video/webm) ──────────────────────────────────────────────────────────────
    ../test-results/specs-05-team-Team-Managem-7d59a-ber-email-is-required-field-webkit/video.webm
    ────────────────────────────────────────────────────────────────────────────────────────────────

    Error Context: ../test-results/specs-05-team-Team-Managem-7d59a-ber-email-is-required-field-webkit/error-context.md
]]>
</failure>
<system-out>
<![CDATA[
[[ATTACHMENT|specs-05-team-Team-Managem-7d59a-ber-email-is-required-field-webkit/test-failed-1.png]]

[[ATTACHMENT|specs-05-team-Team-Managem-7d59a-ber-email-is-required-field-webkit/video.webm]]

[[ATTACHMENT|specs-05-team-Team-Managem-7d59a-ber-email-is-required-field-webkit/error-context.md]]
]]>
</system-out>
</testcase>
</testsuite>
<testsuite name="specs/06-reminders.spec.ts" timestamp="2026-02-15T05:52:32.997Z" hostname="webkit" tests="28" failures="12" skipped="0" time="137.859" errors="0">
<testcase name="Reminders Management › Reminders page loads successfully" classname="specs/06-reminders.spec.ts" time="2.781">
</testcase>
<testcase name="Reminders Management › New Reminder button navigates to form" classname="specs/06-reminders.spec.ts" time="3.415">
<failure message="06-reminders.spec.ts:21:7 New Reminder button navigates to form" type="FAILURE">
<![CDATA[  [webkit] › specs/06-reminders.spec.ts:21:7 › Reminders Management › New Reminder button navigates to form 

    Error: locator.isVisible: Error: strict mode violation: locator('a[href="/dashboard/reminders/new"], button:has-text("Nuevo")') resolved to 4 elements:
        1) <a href="/dashboard/reminders/new">…</a> aka getByRole('link', { name: 'Nuevo Recordatorio' }).first()
        2) <button data-slot="button" data-size="default" data-variant="default" class="justify-center gap-2 whitespace-nowrap rounded-md text-sm font-medium transition-all disabled:pointer-events-none disabled:opacity-50 [&_svg]:pointer-events-none [&_svg:not([class*='size-'])]:size-4 shrink-0 [&_svg]:shrink-0 outline-none focus-visible:border-ring focus-visible:ring-ring/50 focus-visible:ring-[3px] aria-invalid:ring-destructive/20 dark:aria-invalid:ring-destructive/40 aria-invalid:border-destructive bg-primary…>…</button> aka getByRole('button', { name: 'Nuevo Recordatorio' }).first()
        3) <a href="/dashboard/reminders/new">…</a> aka getByRole('link', { name: 'Nuevo Recordatorio' }).nth(1)
        4) <button data-slot="button" data-size="default" data-variant="default" class="inline-flex items-center justify-center gap-2 whitespace-nowrap rounded-md text-sm font-medium transition-all disabled:pointer-events-none disabled:opacity-50 [&_svg]:pointer-events-none [&_svg:not([class*='size-'])]:size-4 shrink-0 [&_svg]:shrink-0 outline-none focus-visible:border-ring focus-visible:ring-ring/50 focus-visible:ring-[3px] aria-invalid:ring-destructive/20 dark:aria-invalid:ring-destructive/40 aria-invalid:bord…>…</button> aka getByRole('button', { name: 'Nuevo Recordatorio' }).nth(1)

    Call log:
        - checking visibility of locator('a[href="/dashboard/reminders/new"], button:has-text("Nuevo")')


      24 |
      25 |     const newButton = page.locator('a[href="/dashboard/reminders/new"], button:has-text("Nuevo")')
    > 26 |     if (await newButton.isVisible()) {
         |                         ^
      27 |       await newButton.click()
      28 |       expect(page.url()).toContain('/dashboard/reminders/new')
      29 |     }
        at /Users/mariobustosjmz/Desktop/claude/my-saas-app/e2e/specs/06-reminders.spec.ts:26:25

    attachment #1: screenshot (image/png) ──────────────────────────────────────────────────────────
    ../test-results/specs-06-reminders-Reminde-9d343-er-button-navigates-to-form-webkit/test-failed-1.png
    ────────────────────────────────────────────────────────────────────────────────────────────────

    attachment #2: video (video/webm) ──────────────────────────────────────────────────────────────
    ../test-results/specs-06-reminders-Reminde-9d343-er-button-navigates-to-form-webkit/video.webm
    ────────────────────────────────────────────────────────────────────────────────────────────────

    Error Context: ../test-results/specs-06-reminders-Reminde-9d343-er-button-navigates-to-form-webkit/error-context.md
]]>
</failure>
<system-out>
<![CDATA[
[[ATTACHMENT|specs-06-reminders-Reminde-9d343-er-button-navigates-to-form-webkit/test-failed-1.png]]

[[ATTACHMENT|specs-06-reminders-Reminde-9d343-er-button-navigates-to-form-webkit/video.webm]]

[[ATTACHMENT|specs-06-reminders-Reminde-9d343-er-button-navigates-to-form-webkit/error-context.md]]
]]>
</system-out>
</testcase>
<testcase name="Reminders Management › Reminder form has title field" classname="specs/06-reminders.spec.ts" time="2.696">
</testcase>
<testcase name="Reminders Management › Reminder form has description field" classname="specs/06-reminders.spec.ts" time="2.994">
</testcase>
<testcase name="Reminders Management › Reminder form has due date field" classname="specs/06-reminders.spec.ts" time="2.948">
</testcase>
<testcase name="Reminders Management › Create reminder with all fields" classname="specs/06-reminders.spec.ts" time="13.354">
<failure message="06-reminders.spec.ts:60:7 Create reminder with all fields" type="FAILURE">
<![CDATA[  [webkit] › specs/06-reminders.spec.ts:60:7 › Reminders Management › Create reminder with all fields 

    TimeoutError: locator.fill: Timeout 10000ms exceeded.
    Call log:
      - waiting for locator('textarea[name="description"]')


       at pages/reminders.page.ts:34

      32 |     if (data.description) {
      33 |       const descInput = this.page.locator('textarea[name="description"]')
    > 34 |       await descInput.fill(data.description)
         |                       ^
      35 |     }
      36 |
      37 |     if (data.dueDate) {
        at RemindersPage.fillReminderForm (/Users/mariobustosjmz/Desktop/claude/my-saas-app/e2e/pages/reminders.page.ts:34:23)
        at RemindersPage.createReminder (/Users/mariobustosjmz/Desktop/claude/my-saas-app/e2e/pages/reminders.page.ts:68:5)
        at /Users/mariobustosjmz/Desktop/claude/my-saas-app/e2e/specs/06-reminders.spec.ts:62:5

    attachment #1: screenshot (image/png) ──────────────────────────────────────────────────────────
    ../test-results/specs-06-reminders-Reminde-d07f7-te-reminder-with-all-fields-webkit/test-failed-1.png
    ────────────────────────────────────────────────────────────────────────────────────────────────

    attachment #2: video (video/webm) ──────────────────────────────────────────────────────────────
    ../test-results/specs-06-reminders-Reminde-d07f7-te-reminder-with-all-fields-webkit/video.webm
    ────────────────────────────────────────────────────────────────────────────────────────────────

    Error Context: ../test-results/specs-06-reminders-Reminde-d07f7-te-reminder-with-all-fields-webkit/error-context.md
]]>
</failure>
<system-out>
<![CDATA[
[[ATTACHMENT|specs-06-reminders-Reminde-d07f7-te-reminder-with-all-fields-webkit/test-failed-1.png]]

[[ATTACHMENT|specs-06-reminders-Reminde-d07f7-te-reminder-with-all-fields-webkit/video.webm]]

[[ATTACHMENT|specs-06-reminders-Reminde-d07f7-te-reminder-with-all-fields-webkit/error-context.md]]
]]>
</system-out>
</testcase>
<testcase name="Reminders Management › Create reminder with title only" classname="specs/06-reminders.spec.ts" time="8.742">
<failure message="06-reminders.spec.ts:68:7 Create reminder with title only" type="FAILURE">
<![CDATA[  [webkit] › specs/06-reminders.spec.ts:68:7 › Reminders Management › Create reminder with title only 

    TimeoutError: page.waitForURL: Timeout 5000ms exceeded.
    =========================== logs ===========================
    waiting for navigation to "**/dashboard/reminders" until "load"
    ============================================================

       at pages/reminders.page.ts:59

      57 |   async submitReminderForm() {
      58 |     await this.page.locator('button[type="submit"]:has-text("Crear"), button[type="submit"]:has-text("Guardar")').click()
    > 59 |     await this.page.waitForURL('**/dashboard/reminders', { timeout: 5000 })
         |                     ^
      60 |   }
      61 |
      62 |   async createReminder(data: {
        at RemindersPage.submitReminderForm (/Users/mariobustosjmz/Desktop/claude/my-saas-app/e2e/pages/reminders.page.ts:59:21)
        at RemindersPage.createReminder (/Users/mariobustosjmz/Desktop/claude/my-saas-app/e2e/pages/reminders.page.ts:69:5)
        at /Users/mariobustosjmz/Desktop/claude/my-saas-app/e2e/specs/06-reminders.spec.ts:72:5

    attachment #1: screenshot (image/png) ──────────────────────────────────────────────────────────
    ../test-results/specs-06-reminders-Reminde-7e81f-te-reminder-with-title-only-webkit/test-failed-1.png
    ────────────────────────────────────────────────────────────────────────────────────────────────

    attachment #2: video (video/webm) ──────────────────────────────────────────────────────────────
    ../test-results/specs-06-reminders-Reminde-7e81f-te-reminder-with-title-only-webkit/video.webm
    ────────────────────────────────────────────────────────────────────────────────────────────────

    Error Context: ../test-results/specs-06-reminders-Reminde-7e81f-te-reminder-with-title-only-webkit/error-context.md
]]>
</failure>
<system-out>
<![CDATA[
[[ATTACHMENT|specs-06-reminders-Reminde-7e81f-te-reminder-with-title-only-webkit/test-failed-1.png]]

[[ATTACHMENT|specs-06-reminders-Reminde-7e81f-te-reminder-with-title-only-webkit/video.webm]]

[[ATTACHMENT|specs-06-reminders-Reminde-7e81f-te-reminder-with-title-only-webkit/error-context.md]]
]]>
</system-out>
</testcase>
<testcase name="Reminders Management › Reminders list displays correctly" classname="specs/06-reminders.spec.ts" time="3.511">
</testcase>
<testcase name="Reminders Management › Empty state shown when no reminders" classname="specs/06-reminders.spec.ts" time="3.396">
</testcase>
<testcase name="Reminders Management › Reminder table has required columns" classname="specs/06-reminders.spec.ts" time="3.328">
</testcase>
<testcase name="Reminders Management › Reminder title is required" classname="specs/06-reminders.spec.ts" time="2.361">
</testcase>
<testcase name="Reminders Management › Reminder form submit button is visible" classname="specs/06-reminders.spec.ts" time="2.215">
</testcase>
<testcase name="Reminders Management › Click on reminder row navigates to details" classname="specs/06-reminders.spec.ts" time="2.255">
</testcase>
<testcase name="Reminders Management › Reminder details page shows title" classname="specs/06-reminders.spec.ts" time="7.662">
<failure message="06-reminders.spec.ts:139:7 Reminder details page shows title" type="FAILURE">
<![CDATA[  [webkit] › specs/06-reminders.spec.ts:139:7 › Reminders Management › Reminder details page shows title 

    TimeoutError: page.waitForURL: Timeout 5000ms exceeded.
    =========================== logs ===========================
    waiting for navigation to "**/dashboard/reminders" until "load"
    ============================================================

       at pages/reminders.page.ts:59

      57 |   async submitReminderForm() {
      58 |     await this.page.locator('button[type="submit"]:has-text("Crear"), button[type="submit"]:has-text("Guardar")').click()
    > 59 |     await this.page.waitForURL('**/dashboard/reminders', { timeout: 5000 })
         |                     ^
      60 |   }
      61 |
      62 |   async createReminder(data: {
        at RemindersPage.submitReminderForm (/Users/mariobustosjmz/Desktop/claude/my-saas-app/e2e/pages/reminders.page.ts:59:21)
        at RemindersPage.createReminder (/Users/mariobustosjmz/Desktop/claude/my-saas-app/e2e/pages/reminders.page.ts:69:5)
        at /Users/mariobustosjmz/Desktop/claude/my-saas-app/e2e/specs/06-reminders.spec.ts:143:5

    attachment #1: screenshot (image/png) ──────────────────────────────────────────────────────────
    ../test-results/specs-06-reminders-Reminde-4e54c-er-details-page-shows-title-webkit/test-failed-1.png
    ────────────────────────────────────────────────────────────────────────────────────────────────

    attachment #2: video (video/webm) ──────────────────────────────────────────────────────────────
    ../test-results/specs-06-reminders-Reminde-4e54c-er-details-page-shows-title-webkit/video.webm
    ────────────────────────────────────────────────────────────────────────────────────────────────

    Error Context: ../test-results/specs-06-reminders-Reminde-4e54c-er-details-page-shows-title-webkit/error-context.md
]]>
</failure>
<system-out>
<![CDATA[
[[ATTACHMENT|specs-06-reminders-Reminde-4e54c-er-details-page-shows-title-webkit/test-failed-1.png]]

[[ATTACHMENT|specs-06-reminders-Reminde-4e54c-er-details-page-shows-title-webkit/video.webm]]

[[ATTACHMENT|specs-06-reminders-Reminde-4e54c-er-details-page-shows-title-webkit/error-context.md]]
]]>
</system-out>
</testcase>
<testcase name="Reminders Management › Reminder status is displayed" classname="specs/06-reminders.spec.ts" time="3.166">
</testcase>
<testcase name="Reminders Management › Multiple reminders can be created" classname="specs/06-reminders.spec.ts" time="8.228">
<failure message="06-reminders.spec.ts:166:7 Multiple reminders can be created" type="FAILURE">
<![CDATA[  [webkit] › specs/06-reminders.spec.ts:166:7 › Reminders Management › Multiple reminders can be created 

    TimeoutError: page.waitForURL: Timeout 5000ms exceeded.
    =========================== logs ===========================
    waiting for navigation to "**/dashboard/reminders" until "load"
    ============================================================

       at pages/reminders.page.ts:59

      57 |   async submitReminderForm() {
      58 |     await this.page.locator('button[type="submit"]:has-text("Crear"), button[type="submit"]:has-text("Guardar")').click()
    > 59 |     await this.page.waitForURL('**/dashboard/reminders', { timeout: 5000 })
         |                     ^
      60 |   }
      61 |
      62 |   async createReminder(data: {
        at RemindersPage.submitReminderForm (/Users/mariobustosjmz/Desktop/claude/my-saas-app/e2e/pages/reminders.page.ts:59:21)
        at RemindersPage.createReminder (/Users/mariobustosjmz/Desktop/claude/my-saas-app/e2e/pages/reminders.page.ts:69:5)
        at /Users/mariobustosjmz/Desktop/claude/my-saas-app/e2e/specs/06-reminders.spec.ts:177:5

    attachment #1: screenshot (image/png) ──────────────────────────────────────────────────────────
    ../test-results/specs-06-reminders-Reminde-705ed-le-reminders-can-be-created-webkit/test-failed-1.png
    ────────────────────────────────────────────────────────────────────────────────────────────────

    attachment #2: video (video/webm) ──────────────────────────────────────────────────────────────
    ../test-results/specs-06-reminders-Reminde-705ed-le-reminders-can-be-created-webkit/video.webm
    ────────────────────────────────────────────────────────────────────────────────────────────────

    Error Context: ../test-results/specs-06-reminders-Reminde-705ed-le-reminders-can-be-created-webkit/error-context.md
]]>
</failure>
<system-out>
<![CDATA[
[[ATTACHMENT|specs-06-reminders-Reminde-705ed-le-reminders-can-be-created-webkit/test-failed-1.png]]

[[ATTACHMENT|specs-06-reminders-Reminde-705ed-le-reminders-can-be-created-webkit/video.webm]]

[[ATTACHMENT|specs-06-reminders-Reminde-705ed-le-reminders-can-be-created-webkit/error-context.md]]
]]>
</system-out>
</testcase>
<testcase name="Reminders Management › Reminder form can be cancelled" classname="specs/06-reminders.spec.ts" time="3.08">
<failure message="06-reminders.spec.ts:187:7 Reminder form can be cancelled" type="FAILURE">
<![CDATA[  [webkit] › specs/06-reminders.spec.ts:187:7 › Reminders Management › Reminder form can be cancelled 

    Error: locator.isVisible: Error: strict mode violation: locator('a:has-text("Cancelar"), a:has-text("Cancel"), button:has-text("Cancelar")') resolved to 2 elements:
        1) <a href="/dashboard/reminders">…</a> aka getByRole('link', { name: 'Cancelar' })
        2) <button type="button" data-slot="button" data-size="default" data-variant="outline" class="inline-flex items-center justify-center gap-2 whitespace-nowrap rounded-md text-sm font-medium transition-all disabled:pointer-events-none disabled:opacity-50 [&_svg]:pointer-events-none [&_svg:not([class*='size-'])]:size-4 shrink-0 [&_svg]:shrink-0 outline-none focus-visible:border-ring focus-visible:ring-ring/50 focus-visible:ring-[3px] aria-invalid:ring-destructive/20 dark:aria-invalid:ring-destructive/40 ari…>Cancelar</button> aka getByRole('button', { name: 'Cancelar' })

    Call log:
        - checking visibility of locator('a:has-text("Cancelar"), a:has-text("Cancel"), button:has-text("Cancelar")')


      190 |
      191 |     const cancelButton = page.locator('a:has-text("Cancelar"), a:has-text("Cancel"), button:has-text("Cancelar")')
    > 192 |     if (await cancelButton.isVisible()) {
          |                            ^
      193 |       await cancelButton.click()
      194 |       await page.waitForURL('**/dashboard/reminders')
      195 |     }
        at /Users/mariobustosjmz/Desktop/claude/my-saas-app/e2e/specs/06-reminders.spec.ts:192:28

    attachment #1: screenshot (image/png) ──────────────────────────────────────────────────────────
    ../test-results/specs-06-reminders-Reminde-9be4b-inder-form-can-be-cancelled-webkit/test-failed-1.png
    ────────────────────────────────────────────────────────────────────────────────────────────────

    attachment #2: video (video/webm) ──────────────────────────────────────────────────────────────
    ../test-results/specs-06-reminders-Reminde-9be4b-inder-form-can-be-cancelled-webkit/video.webm
    ────────────────────────────────────────────────────────────────────────────────────────────────

    Error Context: ../test-results/specs-06-reminders-Reminde-9be4b-inder-form-can-be-cancelled-webkit/error-context.md
]]>
</failure>
<system-out>
<![CDATA[
[[ATTACHMENT|specs-06-reminders-Reminde-9be4b-inder-form-can-be-cancelled-webkit/test-failed-1.png]]

[[ATTACHMENT|specs-06-reminders-Reminde-9be4b-inder-form-can-be-cancelled-webkit/video.webm]]

[[ATTACHMENT|specs-06-reminders-Reminde-9be4b-inder-form-can-be-cancelled-webkit/error-context.md]]
]]>
</system-out>
</testcase>
<testcase name="Reminders Management › Reminder due date is formatted correctly" classname="specs/06-reminders.spec.ts" time="7.838">
<failure message="06-reminders.spec.ts:198:7 Reminder due date is formatted correctly" type="FAILURE">
<![CDATA[  [webkit] › specs/06-reminders.spec.ts:198:7 › Reminders Management › Reminder due date is formatted correctly 

    TimeoutError: page.waitForURL: Timeout 5000ms exceeded.
    =========================== logs ===========================
    waiting for navigation to "**/dashboard/reminders" until "load"
    ============================================================

       at pages/reminders.page.ts:59

      57 |   async submitReminderForm() {
      58 |     await this.page.locator('button[type="submit"]:has-text("Crear"), button[type="submit"]:has-text("Guardar")').click()
    > 59 |     await this.page.waitForURL('**/dashboard/reminders', { timeout: 5000 })
         |                     ^
      60 |   }
      61 |
      62 |   async createReminder(data: {
        at RemindersPage.submitReminderForm (/Users/mariobustosjmz/Desktop/claude/my-saas-app/e2e/pages/reminders.page.ts:59:21)
        at RemindersPage.createReminder (/Users/mariobustosjmz/Desktop/claude/my-saas-app/e2e/pages/reminders.page.ts:69:5)
        at /Users/mariobustosjmz/Desktop/claude/my-saas-app/e2e/specs/06-reminders.spec.ts:202:5

    attachment #1: screenshot (image/png) ──────────────────────────────────────────────────────────
    ../test-results/specs-06-reminders-Reminde-8e6d3-date-is-formatted-correctly-webkit/test-failed-1.png
    ────────────────────────────────────────────────────────────────────────────────────────────────

    attachment #2: video (video/webm) ──────────────────────────────────────────────────────────────
    ../test-results/specs-06-reminders-Reminde-8e6d3-date-is-formatted-correctly-webkit/video.webm
    ────────────────────────────────────────────────────────────────────────────────────────────────

    Error Context: ../test-results/specs-06-reminders-Reminde-8e6d3-date-is-formatted-correctly-webkit/error-context.md
]]>
</failure>
<system-out>
<![CDATA[
[[ATTACHMENT|specs-06-reminders-Reminde-8e6d3-date-is-formatted-correctly-webkit/test-failed-1.png]]

[[ATTACHMENT|specs-06-reminders-Reminde-8e6d3-date-is-formatted-correctly-webkit/video.webm]]

[[ATTACHMENT|specs-06-reminders-Reminde-8e6d3-date-is-formatted-correctly-webkit/error-context.md]]
]]>
</system-out>
</testcase>
<testcase name="Reminders Management › Reminders accessibility - proper table structure" classname="specs/06-reminders.spec.ts" time="2.35">
</testcase>
<testcase name="Reminders Management › Reminder form has proper form structure" classname="specs/06-reminders.spec.ts" time="2.538">
</testcase>
<testcase name="Reminders Management › Mark reminder as completed" classname="specs/06-reminders.spec.ts" time="7.411">
<failure message="06-reminders.spec.ts:236:7 Mark reminder as completed" type="FAILURE">
<![CDATA[  [webkit] › specs/06-reminders.spec.ts:236:7 › Reminders Management › Mark reminder as completed ──

    TimeoutError: page.waitForURL: Timeout 5000ms exceeded.
    =========================== logs ===========================
    waiting for navigation to "**/dashboard/reminders" until "load"
    ============================================================

       at pages/reminders.page.ts:59

      57 |   async submitReminderForm() {
      58 |     await this.page.locator('button[type="submit"]:has-text("Crear"), button[type="submit"]:has-text("Guardar")').click()
    > 59 |     await this.page.waitForURL('**/dashboard/reminders', { timeout: 5000 })
         |                     ^
      60 |   }
      61 |
      62 |   async createReminder(data: {
        at RemindersPage.submitReminderForm (/Users/mariobustosjmz/Desktop/claude/my-saas-app/e2e/pages/reminders.page.ts:59:21)
        at RemindersPage.createReminder (/Users/mariobustosjmz/Desktop/claude/my-saas-app/e2e/pages/reminders.page.ts:69:5)
        at /Users/mariobustosjmz/Desktop/claude/my-saas-app/e2e/specs/06-reminders.spec.ts:240:5

    attachment #1: screenshot (image/png) ──────────────────────────────────────────────────────────
    ../test-results/specs-06-reminders-Reminde-c0af1--Mark-reminder-as-completed-webkit/test-failed-1.png
    ────────────────────────────────────────────────────────────────────────────────────────────────

    attachment #2: video (video/webm) ──────────────────────────────────────────────────────────────
    ../test-results/specs-06-reminders-Reminde-c0af1--Mark-reminder-as-completed-webkit/video.webm
    ────────────────────────────────────────────────────────────────────────────────────────────────

    Error Context: ../test-results/specs-06-reminders-Reminde-c0af1--Mark-reminder-as-completed-webkit/error-context.md
]]>
</failure>
<system-out>
<![CDATA[
[[ATTACHMENT|specs-06-reminders-Reminde-c0af1--Mark-reminder-as-completed-webkit/test-failed-1.png]]

[[ATTACHMENT|specs-06-reminders-Reminde-c0af1--Mark-reminder-as-completed-webkit/video.webm]]

[[ATTACHMENT|specs-06-reminders-Reminde-c0af1--Mark-reminder-as-completed-webkit/error-context.md]]
]]>
</system-out>
</testcase>
<testcase name="Reminders Management › Delete reminder from details" classname="specs/06-reminders.spec.ts" time="8.297">
<failure message="06-reminders.spec.ts:256:7 Delete reminder from details" type="FAILURE">
<![CDATA[  [webkit] › specs/06-reminders.spec.ts:256:7 › Reminders Management › Delete reminder from details 

    TimeoutError: page.waitForURL: Timeout 5000ms exceeded.
    =========================== logs ===========================
    waiting for navigation to "**/dashboard/reminders" until "load"
    ============================================================

       at pages/reminders.page.ts:59

      57 |   async submitReminderForm() {
      58 |     await this.page.locator('button[type="submit"]:has-text("Crear"), button[type="submit"]:has-text("Guardar")').click()
    > 59 |     await this.page.waitForURL('**/dashboard/reminders', { timeout: 5000 })
         |                     ^
      60 |   }
      61 |
      62 |   async createReminder(data: {
        at RemindersPage.submitReminderForm (/Users/mariobustosjmz/Desktop/claude/my-saas-app/e2e/pages/reminders.page.ts:59:21)
        at RemindersPage.createReminder (/Users/mariobustosjmz/Desktop/claude/my-saas-app/e2e/pages/reminders.page.ts:69:5)
        at /Users/mariobustosjmz/Desktop/claude/my-saas-app/e2e/specs/06-reminders.spec.ts:260:5

    attachment #1: screenshot (image/png) ──────────────────────────────────────────────────────────
    ../test-results/specs-06-reminders-Reminde-b9489-elete-reminder-from-details-webkit/test-failed-1.png
    ────────────────────────────────────────────────────────────────────────────────────────────────

    attachment #2: video (video/webm) ──────────────────────────────────────────────────────────────
    ../test-results/specs-06-reminders-Reminde-b9489-elete-reminder-from-details-webkit/video.webm
    ────────────────────────────────────────────────────────────────────────────────────────────────

    Error Context: ../test-results/specs-06-reminders-Reminde-b9489-elete-reminder-from-details-webkit/error-context.md
]]>
</failure>
<system-out>
<![CDATA[
[[ATTACHMENT|specs-06-reminders-Reminde-b9489-elete-reminder-from-details-webkit/test-failed-1.png]]

[[ATTACHMENT|specs-06-reminders-Reminde-b9489-elete-reminder-from-details-webkit/video.webm]]

[[ATTACHMENT|specs-06-reminders-Reminde-b9489-elete-reminder-from-details-webkit/error-context.md]]
]]>
</system-out>
</testcase>
<testcase name="Reminders Management › Edit reminder" classname="specs/06-reminders.spec.ts" time="8.531">
<failure message="06-reminders.spec.ts:282:7 Edit reminder" type="FAILURE">
<![CDATA[  [webkit] › specs/06-reminders.spec.ts:282:7 › Reminders Management › Edit reminder ───────────────

    TimeoutError: page.waitForURL: Timeout 5000ms exceeded.
    =========================== logs ===========================
    waiting for navigation to "**/dashboard/reminders" until "load"
    ============================================================

       at pages/reminders.page.ts:59

      57 |   async submitReminderForm() {
      58 |     await this.page.locator('button[type="submit"]:has-text("Crear"), button[type="submit"]:has-text("Guardar")').click()
    > 59 |     await this.page.waitForURL('**/dashboard/reminders', { timeout: 5000 })
         |                     ^
      60 |   }
      61 |
      62 |   async createReminder(data: {
        at RemindersPage.submitReminderForm (/Users/mariobustosjmz/Desktop/claude/my-saas-app/e2e/pages/reminders.page.ts:59:21)
        at RemindersPage.createReminder (/Users/mariobustosjmz/Desktop/claude/my-saas-app/e2e/pages/reminders.page.ts:69:5)
        at /Users/mariobustosjmz/Desktop/claude/my-saas-app/e2e/specs/06-reminders.spec.ts:286:5

    attachment #1: screenshot (image/png) ──────────────────────────────────────────────────────────
    ../test-results/specs-06-reminders-Reminders-Management-Edit-reminder-webkit/test-failed-1.png
    ────────────────────────────────────────────────────────────────────────────────────────────────

    attachment #2: video (video/webm) ──────────────────────────────────────────────────────────────
    ../test-results/specs-06-reminders-Reminders-Management-Edit-reminder-webkit/video.webm
    ────────────────────────────────────────────────────────────────────────────────────────────────

    Error Context: ../test-results/specs-06-reminders-Reminders-Management-Edit-reminder-webkit/error-context.md
]]>
</failure>
<system-out>
<![CDATA[
[[ATTACHMENT|specs-06-reminders-Reminders-Management-Edit-reminder-webkit/test-failed-1.png]]

[[ATTACHMENT|specs-06-reminders-Reminders-Management-Edit-reminder-webkit/video.webm]]

[[ATTACHMENT|specs-06-reminders-Reminders-Management-Edit-reminder-webkit/error-context.md]]
]]>
</system-out>
</testcase>
<testcase name="Reminders Management › Snooze reminder" classname="specs/06-reminders.spec.ts" time="8.531">
<failure message="06-reminders.spec.ts:312:7 Snooze reminder" type="FAILURE">
<![CDATA[  [webkit] › specs/06-reminders.spec.ts:312:7 › Reminders Management › Snooze reminder ─────────────

    TimeoutError: page.waitForURL: Timeout 5000ms exceeded.
    =========================== logs ===========================
    waiting for navigation to "**/dashboard/reminders" until "load"
    ============================================================

       at pages/reminders.page.ts:59

      57 |   async submitReminderForm() {
      58 |     await this.page.locator('button[type="submit"]:has-text("Crear"), button[type="submit"]:has-text("Guardar")').click()
    > 59 |     await this.page.waitForURL('**/dashboard/reminders', { timeout: 5000 })
         |                     ^
      60 |   }
      61 |
      62 |   async createReminder(data: {
        at RemindersPage.submitReminderForm (/Users/mariobustosjmz/Desktop/claude/my-saas-app/e2e/pages/reminders.page.ts:59:21)
        at RemindersPage.createReminder (/Users/mariobustosjmz/Desktop/claude/my-saas-app/e2e/pages/reminders.page.ts:69:5)
        at /Users/mariobustosjmz/Desktop/claude/my-saas-app/e2e/specs/06-reminders.spec.ts:316:5

    attachment #1: screenshot (image/png) ──────────────────────────────────────────────────────────
    ../test-results/specs-06-reminders-Reminders-Management-Snooze-reminder-webkit/test-failed-1.png
    ────────────────────────────────────────────────────────────────────────────────────────────────

    attachment #2: video (video/webm) ──────────────────────────────────────────────────────────────
    ../test-results/specs-06-reminders-Reminders-Management-Snooze-reminder-webkit/video.webm
    ────────────────────────────────────────────────────────────────────────────────────────────────

    Error Context: ../test-results/specs-06-reminders-Reminders-Management-Snooze-reminder-webkit/error-context.md
]]>
</failure>
<system-out>
<![CDATA[
[[ATTACHMENT|specs-06-reminders-Reminders-Management-Snooze-reminder-webkit/test-failed-1.png]]

[[ATTACHMENT|specs-06-reminders-Reminders-Management-Snooze-reminder-webkit/video.webm]]

[[ATTACHMENT|specs-06-reminders-Reminders-Management-Snooze-reminder-webkit/error-context.md]]
]]>
</system-out>
</testcase>
<testcase name="Reminders Management › Filter reminders by status" classname="specs/06-reminders.spec.ts" time="2.741">
</testcase>
<testcase name="Reminders Management › Reminders due today are highlighted" classname="specs/06-reminders.spec.ts" time="7.796">
<failure message="06-reminders.spec.ts:353:7 Reminders due today are highlighted" type="FAILURE">
<![CDATA[  [webkit] › specs/06-reminders.spec.ts:353:7 › Reminders Management › Reminders due today are highlighted 

    TimeoutError: page.waitForURL: Timeout 5000ms exceeded.
    =========================== logs ===========================
    waiting for navigation to "**/dashboard/reminders" until "load"
    ============================================================

       at pages/reminders.page.ts:59

      57 |   async submitReminderForm() {
      58 |     await this.page.locator('button[type="submit"]:has-text("Crear"), button[type="submit"]:has-text("Guardar")').click()
    > 59 |     await this.page.waitForURL('**/dashboard/reminders', { timeout: 5000 })
         |                     ^
      60 |   }
      61 |
      62 |   async createReminder(data: {
        at RemindersPage.submitReminderForm (/Users/mariobustosjmz/Desktop/claude/my-saas-app/e2e/pages/reminders.page.ts:59:21)
        at RemindersPage.createReminder (/Users/mariobustosjmz/Desktop/claude/my-saas-app/e2e/pages/reminders.page.ts:69:5)
        at /Users/mariobustosjmz/Desktop/claude/my-saas-app/e2e/specs/06-reminders.spec.ts:359:5

    attachment #1: screenshot (image/png) ──────────────────────────────────────────────────────────
    ../test-results/specs-06-reminders-Reminde-62e17-s-due-today-are-highlighted-webkit/test-failed-1.png
    ────────────────────────────────────────────────────────────────────────────────────────────────

    attachment #2: video (video/webm) ──────────────────────────────────────────────────────────────
    ../test-results/specs-06-reminders-Reminde-62e17-s-due-today-are-highlighted-webkit/video.webm
    ────────────────────────────────────────────────────────────────────────────────────────────────

    Error Context: ../test-results/specs-06-reminders-Reminde-62e17-s-due-today-are-highlighted-webkit/error-context.md
]]>
</failure>
<system-out>
<![CDATA[
[[ATTACHMENT|specs-06-reminders-Reminde-62e17-s-due-today-are-highlighted-webkit/test-failed-1.png]]

[[ATTACHMENT|specs-06-reminders-Reminde-62e17-s-due-today-are-highlighted-webkit/video.webm]]

[[ATTACHMENT|specs-06-reminders-Reminde-62e17-s-due-today-are-highlighted-webkit/error-context.md]]
]]>
</system-out>
</testcase>
<testcase name="Reminders Management › Reminder pagination works" classname="specs/06-reminders.spec.ts" time="1.997">
</testcase>
<testcase name="Reminders Management › Search reminders by title" classname="specs/06-reminders.spec.ts" time="3.697">
</testcase>
</testsuite>
<testsuite name="specs/07-critical-journey.spec.ts" timestamp="2026-02-15T05:52:32.997Z" hostname="webkit" tests="11" failures="8" skipped="0" time="77.554" errors="0">
<testcase name="Critical User Journey: Complete Workflow › User logs in and navigates complete application flow" classname="specs/07-critical-journey.spec.ts" time="2.456">
<failure message="07-critical-journey.spec.ts:10:7 User logs in and navigates complete application flow" type="FAILURE">
<![CDATA[  [webkit] › specs/07-critical-journey.spec.ts:10:7 › Critical User Journey: Complete Workflow › User logs in and navigates complete application flow 

    Error: locator.isVisible: Error: strict mode violation: locator('text=Dashboard') resolved to 2 elements:
        1) <span>Dashboard</span> aka getByRole('link', { name: 'Dashboard' })
        2) <h1 class="text-lg font-semibold text-gray-900">Dashboard</h1> aka getByRole('heading', { name: 'Dashboard' })

    Call log:
        - checking visibility of locator('text=Dashboard')


       at pages/dashboard.page.ts:75

      73 |
      74 |   async isDashboardVisible(): Promise<boolean> {
    > 75 |     return await this.page.locator('text=Dashboard').isVisible()
         |                                                      ^
      76 |   }
      77 |
      78 |   // Stats
        at DashboardPage.isDashboardVisible (/Users/mariobustosjmz/Desktop/claude/my-saas-app/e2e/pages/dashboard.page.ts:75:54)
        at /Users/mariobustosjmz/Desktop/claude/my-saas-app/e2e/specs/07-critical-journey.spec.ts:22:32

    attachment #1: screenshot (image/png) ──────────────────────────────────────────────────────────
    ../test-results/specs-07-critical-journey--9b0f8-s-complete-application-flow-webkit/test-failed-1.png
    ────────────────────────────────────────────────────────────────────────────────────────────────

    attachment #2: video (video/webm) ──────────────────────────────────────────────────────────────
    ../test-results/specs-07-critical-journey--9b0f8-s-complete-application-flow-webkit/video.webm
    ────────────────────────────────────────────────────────────────────────────────────────────────

    Error Context: ../test-results/specs-07-critical-journey--9b0f8-s-complete-application-flow-webkit/error-context.md
]]>
</failure>
<system-out>
<![CDATA[
[[ATTACHMENT|specs-07-critical-journey--9b0f8-s-complete-application-flow-webkit/test-failed-1.png]]

[[ATTACHMENT|specs-07-critical-journey--9b0f8-s-complete-application-flow-webkit/video.webm]]

[[ATTACHMENT|specs-07-critical-journey--9b0f8-s-complete-application-flow-webkit/error-context.md]]
]]>
</system-out>
</testcase>
<testcase name="Critical User Journey: Complete Workflow › User can create client and see it in list" classname="specs/07-critical-journey.spec.ts" time="13.881">
<failure message="07-critical-journey.spec.ts:58:7 User can create client and see it in list" type="FAILURE">
<![CDATA[  [webkit] › specs/07-critical-journey.spec.ts:58:7 › Critical User Journey: Complete Workflow › User can create client and see it in list 

    TimeoutError: locator.textContent: Timeout 10000ms exceeded.
    Call log:
      - waiting for locator('text=Total Clientes').locator('..').locator('div.text-2xl')


       at pages/base.page.ts:23

      21 |
      22 |   async getText(locator: Locator): Promise<string> {
    > 23 |     return await locator.textContent() || ''
         |                          ^
      24 |   }
      25 |
      26 |   async isVisible(locator: Locator): Promise<boolean> {
        at DashboardPage.getText (/Users/mariobustosjmz/Desktop/claude/my-saas-app/e2e/pages/base.page.ts:23:26)
        at DashboardPage.getTotalClientsCount (/Users/mariobustosjmz/Desktop/claude/my-saas-app/e2e/pages/dashboard.page.ts:81:23)
        at /Users/mariobustosjmz/Desktop/claude/my-saas-app/e2e/specs/07-critical-journey.spec.ts:69:46

    attachment #1: screenshot (image/png) ──────────────────────────────────────────────────────────
    ../test-results/specs-07-critical-journey--269b5-e-client-and-see-it-in-list-webkit/test-failed-1.png
    ────────────────────────────────────────────────────────────────────────────────────────────────

    attachment #2: video (video/webm) ──────────────────────────────────────────────────────────────
    ../test-results/specs-07-critical-journey--269b5-e-client-and-see-it-in-list-webkit/video.webm
    ────────────────────────────────────────────────────────────────────────────────────────────────

    Error Context: ../test-results/specs-07-critical-journey--269b5-e-client-and-see-it-in-list-webkit/error-context.md
]]>
</failure>
<system-out>
<![CDATA[
[[ATTACHMENT|specs-07-critical-journey--269b5-e-client-and-see-it-in-list-webkit/test-failed-1.png]]

[[ATTACHMENT|specs-07-critical-journey--269b5-e-client-and-see-it-in-list-webkit/video.webm]]

[[ATTACHMENT|specs-07-critical-journey--269b5-e-client-and-see-it-in-list-webkit/error-context.md]]
]]>
</system-out>
</testcase>
<testcase name="Critical User Journey: Complete Workflow › User can access all main dashboard sections" classname="specs/07-critical-journey.spec.ts" time="9.986">
</testcase>
<testcase name="Critical User Journey: Complete Workflow › User session persists across page navigation" classname="specs/07-critical-journey.spec.ts" time="7.301">
<failure message="07-critical-journey.spec.ts:114:7 User session persists across page navigation" type="FAILURE">
<![CDATA[  [webkit] › specs/07-critical-journey.spec.ts:114:7 › Critical User Journey: Complete Workflow › User session persists across page navigation 

    Error: expect(received).toBeTruthy()

    Received: false

      132 |     // Should still be logged in
      133 |     const loggedIn = await dashboardPage.isLoggedIn()
    > 134 |     expect(loggedIn).toBeTruthy()
          |                      ^
      135 |   })
      136 |
      137 |   test('User cannot access protected routes without authentication', async ({ page }) => {
        at /Users/mariobustosjmz/Desktop/claude/my-saas-app/e2e/specs/07-critical-journey.spec.ts:134:22

    attachment #1: screenshot (image/png) ──────────────────────────────────────────────────────────
    ../test-results/specs-07-critical-journey--35ee2-ists-across-page-navigation-webkit/test-failed-1.png
    ────────────────────────────────────────────────────────────────────────────────────────────────

    attachment #2: video (video/webm) ──────────────────────────────────────────────────────────────
    ../test-results/specs-07-critical-journey--35ee2-ists-across-page-navigation-webkit/video.webm
    ────────────────────────────────────────────────────────────────────────────────────────────────

    Error Context: ../test-results/specs-07-critical-journey--35ee2-ists-across-page-navigation-webkit/error-context.md
]]>
</failure>
<system-out>
<![CDATA[
[[ATTACHMENT|specs-07-critical-journey--35ee2-ists-across-page-navigation-webkit/test-failed-1.png]]

[[ATTACHMENT|specs-07-critical-journey--35ee2-ists-across-page-navigation-webkit/video.webm]]

[[ATTACHMENT|specs-07-critical-journey--35ee2-ists-across-page-navigation-webkit/error-context.md]]
]]>
</system-out>
</testcase>
<testcase name="Critical User Journey: Complete Workflow › User cannot access protected routes without authentication" classname="specs/07-critical-journey.spec.ts" time="1.89">
</testcase>
<testcase name="Critical User Journey: Complete Workflow › User can logout and login again" classname="specs/07-critical-journey.spec.ts" time="13.258">
<failure message="07-critical-journey.spec.ts:146:7 User can logout and login again" type="FAILURE">
<![CDATA[  [webkit] › specs/07-critical-journey.spec.ts:146:7 › Critical User Journey: Complete Workflow › User can logout and login again 

    TimeoutError: locator.click: Timeout 10000ms exceeded.
    Call log:
      - waiting for locator('button:has-text("Cerrar sesión"), a:has-text("Logout")')


       at pages/dashboard.page.ts:56

      54 |
      55 |   async clickLogout() {
    > 56 |     await this.page.locator('button:has-text("Cerrar sesión"), a:has-text("Logout")').click()
         |                                                                                       ^
      57 |   }
      58 |
      59 |   async logout() {
        at DashboardPage.clickLogout (/Users/mariobustosjmz/Desktop/claude/my-saas-app/e2e/pages/dashboard.page.ts:56:87)
        at DashboardPage.logout (/Users/mariobustosjmz/Desktop/claude/my-saas-app/e2e/pages/dashboard.page.ts:61:16)
        at /Users/mariobustosjmz/Desktop/claude/my-saas-app/e2e/specs/07-critical-journey.spec.ts:156:5

    attachment #1: screenshot (image/png) ──────────────────────────────────────────────────────────
    ../test-results/specs-07-critical-journey--e5f41--can-logout-and-login-again-webkit/test-failed-1.png
    ────────────────────────────────────────────────────────────────────────────────────────────────

    attachment #2: video (video/webm) ──────────────────────────────────────────────────────────────
    ../test-results/specs-07-critical-journey--e5f41--can-logout-and-login-again-webkit/video.webm
    ────────────────────────────────────────────────────────────────────────────────────────────────

    Error Context: ../test-results/specs-07-critical-journey--e5f41--can-logout-and-login-again-webkit/error-context.md
]]>
</failure>
<system-out>
<![CDATA[
[[ATTACHMENT|specs-07-critical-journey--e5f41--can-logout-and-login-again-webkit/test-failed-1.png]]

[[ATTACHMENT|specs-07-critical-journey--e5f41--can-logout-and-login-again-webkit/video.webm]]

[[ATTACHMENT|specs-07-critical-journey--e5f41--can-logout-and-login-again-webkit/error-context.md]]
]]>
</system-out>
</testcase>
<testcase name="Critical User Journey: Complete Workflow › Page refresh maintains session" classname="specs/07-critical-journey.spec.ts" time="3.403">
<failure message="07-critical-journey.spec.ts:164:7 Page refresh maintains session" type="FAILURE">
<![CDATA[  [webkit] › specs/07-critical-journey.spec.ts:164:7 › Critical User Journey: Complete Workflow › Page refresh maintains session 

    Error: locator.isVisible: Error: strict mode violation: locator('text=Dashboard') resolved to 2 elements:
        1) <span>Dashboard</span> aka getByRole('link', { name: 'Dashboard' })
        2) <h1 class="text-lg font-semibold text-gray-900">Dashboard</h1> aka getByRole('heading', { name: 'Dashboard' })

    Call log:
        - checking visibility of locator('text=Dashboard')


       at pages/dashboard.page.ts:75

      73 |
      74 |   async isDashboardVisible(): Promise<boolean> {
    > 75 |     return await this.page.locator('text=Dashboard').isVisible()
         |                                                      ^
      76 |   }
      77 |
      78 |   // Stats
        at DashboardPage.isDashboardVisible (/Users/mariobustosjmz/Desktop/claude/my-saas-app/e2e/pages/dashboard.page.ts:75:54)
        at /Users/mariobustosjmz/Desktop/claude/my-saas-app/e2e/specs/07-critical-journey.spec.ts:179:45

    attachment #1: screenshot (image/png) ──────────────────────────────────────────────────────────
    ../test-results/specs-07-critical-journey--71efa-e-refresh-maintains-session-webkit/test-failed-1.png
    ────────────────────────────────────────────────────────────────────────────────────────────────

    attachment #2: video (video/webm) ──────────────────────────────────────────────────────────────
    ../test-results/specs-07-critical-journey--71efa-e-refresh-maintains-session-webkit/video.webm
    ────────────────────────────────────────────────────────────────────────────────────────────────

    Error Context: ../test-results/specs-07-critical-journey--71efa-e-refresh-maintains-session-webkit/error-context.md
]]>
</failure>
<system-out>
<![CDATA[
[[ATTACHMENT|specs-07-critical-journey--71efa-e-refresh-maintains-session-webkit/test-failed-1.png]]

[[ATTACHMENT|specs-07-critical-journey--71efa-e-refresh-maintains-session-webkit/video.webm]]

[[ATTACHMENT|specs-07-critical-journey--71efa-e-refresh-maintains-session-webkit/error-context.md]]
]]>
</system-out>
</testcase>
<testcase name="Critical User Journey: Complete Workflow › User data is displayed correctly after login" classname="specs/07-critical-journey.spec.ts" time="2.374">
</testcase>
<testcase name="Critical User Journey: Complete Workflow › Dashboard stats are visible and contain data" classname="specs/07-critical-journey.spec.ts" time="12.468">
<failure message="07-critical-journey.spec.ts:199:7 Dashboard stats are visible and contain data" type="FAILURE">
<![CDATA[  [webkit] › specs/07-critical-journey.spec.ts:199:7 › Critical User Journey: Complete Workflow › Dashboard stats are visible and contain data 

    TimeoutError: locator.textContent: Timeout 10000ms exceeded.
    Call log:
      - waiting for locator('text=Total Clientes').locator('..').locator('div.text-2xl')


       at pages/base.page.ts:23

      21 |
      22 |   async getText(locator: Locator): Promise<string> {
    > 23 |     return await locator.textContent() || ''
         |                          ^
      24 |   }
      25 |
      26 |   async isVisible(locator: Locator): Promise<boolean> {
        at DashboardPage.getText (/Users/mariobustosjmz/Desktop/claude/my-saas-app/e2e/pages/base.page.ts:23:26)
        at DashboardPage.getTotalClientsCount (/Users/mariobustosjmz/Desktop/claude/my-saas-app/e2e/pages/dashboard.page.ts:81:23)
        at /Users/mariobustosjmz/Desktop/claude/my-saas-app/e2e/specs/07-critical-journey.spec.ts:209:46

    attachment #1: screenshot (image/png) ──────────────────────────────────────────────────────────
    ../test-results/specs-07-critical-journey--7a467-re-visible-and-contain-data-webkit/test-failed-1.png
    ────────────────────────────────────────────────────────────────────────────────────────────────

    attachment #2: video (video/webm) ──────────────────────────────────────────────────────────────
    ../test-results/specs-07-critical-journey--7a467-re-visible-and-contain-data-webkit/video.webm
    ────────────────────────────────────────────────────────────────────────────────────────────────

    Error Context: ../test-results/specs-07-critical-journey--7a467-re-visible-and-contain-data-webkit/error-context.md
]]>
</failure>
<system-out>
<![CDATA[
[[ATTACHMENT|specs-07-critical-journey--7a467-re-visible-and-contain-data-webkit/test-failed-1.png]]

[[ATTACHMENT|specs-07-critical-journey--7a467-re-visible-and-contain-data-webkit/video.webm]]

[[ATTACHMENT|specs-07-critical-journey--7a467-re-visible-and-contain-data-webkit/error-context.md]]
]]>
</system-out>
</testcase>
<testcase name="Critical User Journey: Complete Workflow › Network error handling during navigation" classname="specs/07-critical-journey.spec.ts" time="2.721">
<failure message="07-critical-journey.spec.ts:214:7 Network error handling during navigation" type="FAILURE">
<![CDATA[  [webkit] › specs/07-critical-journey.spec.ts:214:7 › Critical User Journey: Complete Workflow › Network error handling during navigation 

    Error: locator.isVisible: Error: strict mode violation: locator('text=Dashboard') resolved to 2 elements:
        1) <span>Dashboard</span> aka getByRole('link', { name: 'Dashboard' })
        2) <h1 class="text-lg font-semibold text-gray-900">Dashboard</h1> aka getByRole('heading', { name: 'Dashboard' })

    Call log:
        - checking visibility of locator('text=Dashboard')


       at pages/dashboard.page.ts:75

      73 |
      74 |   async isDashboardVisible(): Promise<boolean> {
    > 75 |     return await this.page.locator('text=Dashboard').isVisible()
         |                                                      ^
      76 |   }
      77 |
      78 |   // Stats
        at DashboardPage.isDashboardVisible (/Users/mariobustosjmz/Desktop/claude/my-saas-app/e2e/pages/dashboard.page.ts:75:54)
        at /Users/mariobustosjmz/Desktop/claude/my-saas-app/e2e/specs/07-critical-journey.spec.ts:224:45

    attachment #1: screenshot (image/png) ──────────────────────────────────────────────────────────
    ../test-results/specs-07-critical-journey--fad7c--handling-during-navigation-webkit/test-failed-1.png
    ────────────────────────────────────────────────────────────────────────────────────────────────

    attachment #2: video (video/webm) ──────────────────────────────────────────────────────────────
    ../test-results/specs-07-critical-journey--fad7c--handling-during-navigation-webkit/video.webm
    ────────────────────────────────────────────────────────────────────────────────────────────────

    Error Context: ../test-results/specs-07-critical-journey--fad7c--handling-during-navigation-webkit/error-context.md
]]>
</failure>
<system-out>
<![CDATA[
[[ATTACHMENT|specs-07-critical-journey--fad7c--handling-during-navigation-webkit/test-failed-1.png]]

[[ATTACHMENT|specs-07-critical-journey--fad7c--handling-during-navigation-webkit/video.webm]]

[[ATTACHMENT|specs-07-critical-journey--fad7c--handling-during-navigation-webkit/error-context.md]]
]]>
</system-out>
</testcase>
<testcase name="Critical User Journey: Complete Workflow › Mobile viewport - complete workflow" classname="specs/07-critical-journey.spec.ts" time="7.816">
<failure message="07-critical-journey.spec.ts:228:7 Mobile viewport - complete workflow" type="FAILURE">
<![CDATA[  [webkit] › specs/07-critical-journey.spec.ts:228:7 › Critical User Journey: Complete Workflow › Mobile viewport - complete workflow 

    TimeoutError: page.waitForURL: Timeout 5000ms exceeded.
    =========================== logs ===========================
    waiting for navigation to "**/dashboard/clients" until "load"
    ============================================================

       at pages/clients.page.ts:54

      52 |   async submitClientForm() {
      53 |     await this.page.locator('button[type="submit"]:has-text("Crear"), button[type="submit"]:has-text("Guardar")').click()
    > 54 |     await this.page.waitForURL('**/dashboard/clients', { timeout: 5000 })
         |                     ^
      55 |   }
      56 |
      57 |   async createClient(data: {
        at ClientsPage.submitClientForm (/Users/mariobustosjmz/Desktop/claude/my-saas-app/e2e/pages/clients.page.ts:54:21)
        at ClientsPage.createClient (/Users/mariobustosjmz/Desktop/claude/my-saas-app/e2e/pages/clients.page.ts:65:5)
        at /Users/mariobustosjmz/Desktop/claude/my-saas-app/e2e/specs/07-critical-journey.spec.ts:249:5

    attachment #1: screenshot (image/png) ──────────────────────────────────────────────────────────
    ../test-results/specs-07-critical-journey--c2b4d-iewport---complete-workflow-webkit/test-failed-1.png
    ────────────────────────────────────────────────────────────────────────────────────────────────

    attachment #2: video (video/webm) ──────────────────────────────────────────────────────────────
    ../test-results/specs-07-critical-journey--c2b4d-iewport---complete-workflow-webkit/video.webm
    ────────────────────────────────────────────────────────────────────────────────────────────────

    Error Context: ../test-results/specs-07-critical-journey--c2b4d-iewport---complete-workflow-webkit/error-context.md
]]>
</failure>
<system-out>
<![CDATA[
[[ATTACHMENT|specs-07-critical-journey--c2b4d-iewport---complete-workflow-webkit/test-failed-1.png]]

[[ATTACHMENT|specs-07-critical-journey--c2b4d-iewport---complete-workflow-webkit/video.webm]]

[[ATTACHMENT|specs-07-critical-journey--c2b4d-iewport---complete-workflow-webkit/error-context.md]]
]]>
</system-out>
</testcase>
</testsuite>
</testsuites>